2022-10-17T18:57:56.2881650Z Requested labels: ubuntu-latest
2022-10-17T18:57:56.2881692Z Job defined at: AlphaSteam/julia-vscode-microprint-test/.github/workflows/main.yml@refs/heads/master
2022-10-17T18:57:56.2881708Z Waiting for a runner to pick up this job...
2022-10-17T18:57:56.6183930Z Job is waiting for a hosted runner to come online.
2022-10-17T18:57:59.5222662Z Job is about to start running on the hosted runner: GitHub Actions 7 (hosted)
2022-10-17T18:58:01.3704736Z Current runner version: '2.298.2'
2022-10-17T18:58:01.3732256Z ##[group]Operating System
2022-10-17T18:58:01.3732851Z Ubuntu
2022-10-17T18:58:01.3733154Z 20.04.5
2022-10-17T18:58:01.3733383Z LTS
2022-10-17T18:58:01.3733778Z ##[endgroup]
2022-10-17T18:58:01.3734095Z ##[group]Runner Image
2022-10-17T18:58:01.3734398Z Image: ubuntu-20.04
2022-10-17T18:58:01.3734731Z Version: 20221002.2
2022-10-17T18:58:01.3735266Z Included Software: https://github.com/actions/runner-images/blob/ubuntu20/20221002.2/images/linux/Ubuntu2004-Readme.md
2022-10-17T18:58:01.3736000Z Image Release: https://github.com/actions/runner-images/releases/tag/ubuntu20%2F20221002.2
2022-10-17T18:58:01.3736466Z ##[endgroup]
2022-10-17T18:58:01.3736834Z ##[group]Runner Image Provisioner
2022-10-17T18:58:01.3737185Z 2.0.78.1
2022-10-17T18:58:01.3737476Z ##[endgroup]
2022-10-17T18:58:01.3738569Z ##[group]GITHUB_TOKEN Permissions
2022-10-17T18:58:01.3739198Z Actions: write
2022-10-17T18:58:01.3739515Z Checks: write
2022-10-17T18:58:01.3740022Z Contents: write
2022-10-17T18:58:01.3740412Z Deployments: write
2022-10-17T18:58:01.3740739Z Discussions: write
2022-10-17T18:58:01.3741032Z Issues: write
2022-10-17T18:58:01.3741384Z Metadata: read
2022-10-17T18:58:01.3741649Z Packages: write
2022-10-17T18:58:01.3741974Z Pages: write
2022-10-17T18:58:01.3742291Z PullRequests: write
2022-10-17T18:58:01.3742595Z RepositoryProjects: write
2022-10-17T18:58:01.3742987Z SecurityEvents: write
2022-10-17T18:58:01.3743322Z Statuses: write
2022-10-17T18:58:01.3743588Z ##[endgroup]
2022-10-17T18:58:01.3747425Z Secret source: Actions
2022-10-17T18:58:01.3748471Z Prepare workflow directory
2022-10-17T18:58:01.4929458Z Prepare all required actions
2022-10-17T18:58:01.5148784Z Getting action download info
2022-10-17T18:58:01.8196085Z Download action repository 'actions/checkout@v2' (SHA:e2f20e631ae6d7dd3b768f56a5d2af784dd54791)
2022-10-17T18:58:02.2233240Z Download action repository 'julia-actions/setup-julia@v1' (SHA:e802804276a3d8bda6eeb8ec5c3a250216f9687b)
2022-10-17T18:58:02.7427186Z ##[group]Run actions/checkout@v2
2022-10-17T18:58:02.7427723Z with:
2022-10-17T18:58:02.7427933Z   submodules: true
2022-10-17T18:58:02.7428218Z   repository: AlphaSteam/julia-vscode-microprint-test
2022-10-17T18:58:02.7428731Z   token: ***
2022-10-17T18:58:02.7429062Z   ssh-strict: true
2022-10-17T18:58:02.7429291Z   persist-credentials: true
2022-10-17T18:58:02.7429523Z   clean: true
2022-10-17T18:58:02.7429734Z   fetch-depth: 1
2022-10-17T18:58:02.7429948Z   lfs: false
2022-10-17T18:58:02.7430174Z   set-safe-directory: true
2022-10-17T18:58:02.7430409Z env:
2022-10-17T18:58:02.7430614Z   NODE_VERSION: 16
2022-10-17T18:58:02.7430825Z ##[endgroup]
2022-10-17T18:58:03.1200082Z Syncing repository: AlphaSteam/julia-vscode-microprint-test
2022-10-17T18:58:03.1202075Z ##[group]Getting Git version info
2022-10-17T18:58:03.1202757Z Working directory is '/home/runner/work/julia-vscode-microprint-test/julia-vscode-microprint-test'
2022-10-17T18:58:03.1203482Z [command]/usr/bin/git version
2022-10-17T18:58:03.1435053Z git version 2.37.3
2022-10-17T18:58:03.1441827Z ##[endgroup]
2022-10-17T18:58:03.1476490Z Temporarily overriding HOME='/home/runner/work/_temp/7e0828a9-e5b2-490c-8976-8fa281275e01' before making global git config changes
2022-10-17T18:58:03.1477134Z Adding repository directory to the temporary git global config as a safe directory
2022-10-17T18:58:03.1477953Z [command]/usr/bin/git config --global --add safe.directory /home/runner/work/julia-vscode-microprint-test/julia-vscode-microprint-test
2022-10-17T18:58:03.1523675Z Deleting the contents of '/home/runner/work/julia-vscode-microprint-test/julia-vscode-microprint-test'
2022-10-17T18:58:03.1527806Z ##[group]Initializing the repository
2022-10-17T18:58:03.1533223Z [command]/usr/bin/git init /home/runner/work/julia-vscode-microprint-test/julia-vscode-microprint-test
2022-10-17T18:58:03.1621035Z hint: Using 'master' as the name for the initial branch. This default branch name
2022-10-17T18:58:03.1622537Z hint: is subject to change. To configure the initial branch name to use in all
2022-10-17T18:58:03.1624361Z hint: of your new repositories, which will suppress this warning, call:
2022-10-17T18:58:03.1625161Z hint: 
2022-10-17T18:58:03.1626981Z hint: 	git config --global init.defaultBranch <name>
2022-10-17T18:58:03.1627945Z hint: 
2022-10-17T18:58:03.1629520Z hint: Names commonly chosen instead of 'master' are 'main', 'trunk' and
2022-10-17T18:58:03.1630507Z hint: 'development'. The just-created branch can be renamed via this command:
2022-10-17T18:58:03.1631780Z hint: 
2022-10-17T18:58:03.1632462Z hint: 	git branch -m <name>
2022-10-17T18:58:03.1635220Z Initialized empty Git repository in /home/runner/work/julia-vscode-microprint-test/julia-vscode-microprint-test/.git/
2022-10-17T18:58:03.1645172Z [command]/usr/bin/git remote add origin https://github.com/AlphaSteam/julia-vscode-microprint-test
2022-10-17T18:58:03.1696313Z ##[endgroup]
2022-10-17T18:58:03.1697458Z ##[group]Disabling automatic garbage collection
2022-10-17T18:58:03.1698871Z [command]/usr/bin/git config --local gc.auto 0
2022-10-17T18:58:03.1727804Z ##[endgroup]
2022-10-17T18:58:03.1728850Z ##[group]Setting up auth
2022-10-17T18:58:03.1738496Z [command]/usr/bin/git config --local --name-only --get-regexp core\.sshCommand
2022-10-17T18:58:03.1775045Z [command]/usr/bin/git submodule foreach --recursive git config --local --name-only --get-regexp 'core\.sshCommand' && git config --local --unset-all 'core.sshCommand' || :
2022-10-17T18:58:03.2229376Z [command]/usr/bin/git config --local --name-only --get-regexp http\.https\:\/\/github\.com\/\.extraheader
2022-10-17T18:58:03.2266774Z [command]/usr/bin/git submodule foreach --recursive git config --local --name-only --get-regexp 'http\.https\:\/\/github\.com\/\.extraheader' && git config --local --unset-all 'http.https://github.com/.extraheader' || :
2022-10-17T18:58:03.2556580Z [command]/usr/bin/git config --local http.https://github.com/.extraheader AUTHORIZATION: basic ***
2022-10-17T18:58:03.2600906Z ##[endgroup]
2022-10-17T18:58:03.2602584Z ##[group]Fetching the repository
2022-10-17T18:58:03.2611942Z [command]/usr/bin/git -c protocol.version=2 fetch --no-tags --prune --progress --no-recurse-submodules --depth=1 origin +47b98dda6322fe95424bd6daf0fa0c1ead253d2d:refs/remotes/origin/master
2022-10-17T18:58:03.4931154Z remote: Enumerating objects: 362, done.        
2022-10-17T18:58:03.4931946Z remote: Counting objects:   0% (1/362)        
2022-10-17T18:58:03.4932588Z remote: Counting objects:   1% (4/362)        
2022-10-17T18:58:03.4933177Z remote: Counting objects:   2% (8/362)        
2022-10-17T18:58:03.4933768Z remote: Counting objects:   3% (11/362)        
2022-10-17T18:58:03.4934346Z remote: Counting objects:   4% (15/362)        
2022-10-17T18:58:03.4934932Z remote: Counting objects:   5% (19/362)        
2022-10-17T18:58:03.4935734Z remote: Counting objects:   6% (22/362)        
2022-10-17T18:58:03.4940037Z remote: Counting objects:   7% (26/362)        
2022-10-17T18:58:03.4940752Z remote: Counting objects:   8% (29/362)        
2022-10-17T18:58:03.4941398Z remote: Counting objects:   9% (33/362)        
2022-10-17T18:58:03.4942084Z remote: Counting objects:  10% (37/362)        
2022-10-17T18:58:03.4942679Z remote: Counting objects:  11% (40/362)        
2022-10-17T18:58:03.4943186Z remote: Counting objects:  12% (44/362)        
2022-10-17T18:58:03.4944057Z remote: Counting objects:  13% (48/362)        
2022-10-17T18:58:03.4944793Z remote: Counting objects:  14% (51/362)        
2022-10-17T18:58:03.4945358Z remote: Counting objects:  15% (55/362)        
2022-10-17T18:58:03.4946422Z remote: Counting objects:  16% (58/362)        
2022-10-17T18:58:03.4948056Z remote: Counting objects:  17% (62/362)        
2022-10-17T18:58:03.4948867Z remote: Counting objects:  18% (66/362)        
2022-10-17T18:58:03.4949668Z remote: Counting objects:  19% (69/362)        
2022-10-17T18:58:03.4950735Z remote: Counting objects:  20% (73/362)        
2022-10-17T18:58:03.4951267Z remote: Counting objects:  21% (77/362)        
2022-10-17T18:58:03.4952010Z remote: Counting objects:  22% (80/362)        
2022-10-17T18:58:03.4953077Z remote: Counting objects:  23% (84/362)        
2022-10-17T18:58:03.4953717Z remote: Counting objects:  24% (87/362)        
2022-10-17T18:58:03.4954342Z remote: Counting objects:  25% (91/362)        
2022-10-17T18:58:03.4954958Z remote: Counting objects:  26% (95/362)        
2022-10-17T18:58:03.4955758Z remote: Counting objects:  27% (98/362)        
2022-10-17T18:58:03.4956392Z remote: Counting objects:  28% (102/362)        
2022-10-17T18:58:03.4957115Z remote: Counting objects:  29% (105/362)        
2022-10-17T18:58:03.4957772Z remote: Counting objects:  30% (109/362)        
2022-10-17T18:58:03.4958362Z remote: Counting objects:  31% (113/362)        
2022-10-17T18:58:03.4958971Z remote: Counting objects:  32% (116/362)        
2022-10-17T18:58:03.4959572Z remote: Counting objects:  33% (120/362)        
2022-10-17T18:58:03.4960266Z remote: Counting objects:  34% (124/362)        
2022-10-17T18:58:03.4960827Z remote: Counting objects:  35% (127/362)        
2022-10-17T18:58:03.4961417Z remote: Counting objects:  36% (131/362)        
2022-10-17T18:58:03.4961987Z remote: Counting objects:  37% (134/362)        
2022-10-17T18:58:03.4962533Z remote: Counting objects:  38% (138/362)        
2022-10-17T18:58:03.4963242Z remote: Counting objects:  39% (142/362)        
2022-10-17T18:58:03.4963745Z remote: Counting objects:  40% (145/362)        
2022-10-17T18:58:03.4964680Z remote: Counting objects:  41% (149/362)        
2022-10-17T18:58:03.4965077Z remote: Counting objects:  42% (153/362)        
2022-10-17T18:58:03.4965618Z remote: Counting objects:  43% (156/362)        
2022-10-17T18:58:03.4966343Z remote: Counting objects:  44% (160/362)        
2022-10-17T18:58:03.4966976Z remote: Counting objects:  45% (163/362)        
2022-10-17T18:58:03.4967643Z remote: Counting objects:  46% (167/362)        
2022-10-17T18:58:03.4968213Z remote: Counting objects:  47% (171/362)        
2022-10-17T18:58:03.4969080Z remote: Counting objects:  48% (174/362)        
2022-10-17T18:58:03.4969666Z remote: Counting objects:  49% (178/362)        
2022-10-17T18:58:03.4970231Z remote: Counting objects:  50% (181/362)        
2022-10-17T18:58:03.4970798Z remote: Counting objects:  51% (185/362)        
2022-10-17T18:58:03.4971369Z remote: Counting objects:  52% (189/362)        
2022-10-17T18:58:03.4971941Z remote: Counting objects:  53% (192/362)        
2022-10-17T18:58:03.4972492Z remote: Counting objects:  54% (196/362)        
2022-10-17T18:58:03.4973055Z remote: Counting objects:  55% (200/362)        
2022-10-17T18:58:03.4973616Z remote: Counting objects:  56% (203/362)        
2022-10-17T18:58:03.4974168Z remote: Counting objects:  57% (207/362)        
2022-10-17T18:58:03.4974736Z remote: Counting objects:  58% (210/362)        
2022-10-17T18:58:03.4975302Z remote: Counting objects:  59% (214/362)        
2022-10-17T18:58:03.4975866Z remote: Counting objects:  60% (218/362)        
2022-10-17T18:58:03.4976424Z remote: Counting objects:  61% (221/362)        
2022-10-17T18:58:03.4977001Z remote: Counting objects:  62% (225/362)        
2022-10-17T18:58:03.4977563Z remote: Counting objects:  63% (229/362)        
2022-10-17T18:58:03.4978127Z remote: Counting objects:  64% (232/362)        
2022-10-17T18:58:03.4978676Z remote: Counting objects:  65% (236/362)        
2022-10-17T18:58:03.4979245Z remote: Counting objects:  66% (239/362)        
2022-10-17T18:58:03.4979811Z remote: Counting objects:  67% (243/362)        
2022-10-17T18:58:03.4980372Z remote: Counting objects:  68% (247/362)        
2022-10-17T18:58:03.4980921Z remote: Counting objects:  69% (250/362)        
2022-10-17T18:58:03.4981496Z remote: Counting objects:  70% (254/362)        
2022-10-17T18:58:03.4982062Z remote: Counting objects:  71% (258/362)        
2022-10-17T18:58:03.4983036Z remote: Counting objects:  72% (261/362)        
2022-10-17T18:58:03.4983549Z remote: Counting objects:  73% (265/362)        
2022-10-17T18:58:03.4984112Z remote: Counting objects:  74% (268/362)        
2022-10-17T18:58:03.4984903Z remote: Counting objects:  75% (272/362)        
2022-10-17T18:58:03.4985483Z remote: Counting objects:  76% (276/362)        
2022-10-17T18:58:03.4986053Z remote: Counting objects:  77% (279/362)        
2022-10-17T18:58:03.4986607Z remote: Counting objects:  78% (283/362)        
2022-10-17T18:58:03.4987175Z remote: Counting objects:  79% (286/362)        
2022-10-17T18:58:03.4987913Z remote: Counting objects:  80% (290/362)        
2022-10-17T18:58:03.4988509Z remote: Counting objects:  81% (294/362)        
2022-10-17T18:58:03.4989035Z remote: Counting objects:  82% (297/362)        
2022-10-17T18:58:03.4989684Z remote: Counting objects:  83% (301/362)        
2022-10-17T18:58:03.4990249Z remote: Counting objects:  84% (305/362)        
2022-10-17T18:58:03.4991292Z remote: Counting objects:  85% (308/362)        
2022-10-17T18:58:03.4991744Z remote: Counting objects:  86% (312/362)        
2022-10-17T18:58:03.4992591Z remote: Counting objects:  87% (315/362)        
2022-10-17T18:58:03.4993645Z remote: Counting objects:  88% (319/362)        
2022-10-17T18:58:03.4994631Z remote: Counting objects:  89% (323/362)        
2022-10-17T18:58:03.4995548Z remote: Counting objects:  90% (326/362)        
2022-10-17T18:58:03.4996388Z remote: Counting objects:  91% (330/362)        
2022-10-17T18:58:03.4997466Z remote: Counting objects:  92% (334/362)        
2022-10-17T18:58:03.4998208Z remote: Counting objects:  93% (337/362)        
2022-10-17T18:58:03.4998985Z remote: Counting objects:  94% (341/362)        
2022-10-17T18:58:03.4999746Z remote: Counting objects:  95% (344/362)        
2022-10-17T18:58:03.5000494Z remote: Counting objects:  96% (348/362)        
2022-10-17T18:58:03.5001585Z remote: Counting objects:  97% (352/362)        
2022-10-17T18:58:03.5002210Z remote: Counting objects:  98% (355/362)        
2022-10-17T18:58:03.5002901Z remote: Counting objects:  99% (359/362)        
2022-10-17T18:58:03.5003960Z remote: Counting objects: 100% (362/362)        
2022-10-17T18:58:03.5005856Z remote: Counting objects: 100% (362/362), done.        
2022-10-17T18:58:03.5007407Z remote: Compressing objects:   0% (1/305)        
2022-10-17T18:58:03.5009661Z remote: Compressing objects:   1% (4/305)        
2022-10-17T18:58:03.5010118Z remote: Compressing objects:   2% (7/305)        
2022-10-17T18:58:03.5011122Z remote: Compressing objects:   3% (10/305)        
2022-10-17T18:58:03.5043069Z remote: Compressing objects:   4% (13/305)        
2022-10-17T18:58:03.5049847Z remote: Compressing objects:   5% (16/305)        
2022-10-17T18:58:03.5059002Z remote: Compressing objects:   6% (19/305)        
2022-10-17T18:58:03.5062718Z remote: Compressing objects:   7% (22/305)        
2022-10-17T18:58:03.5063469Z remote: Compressing objects:   8% (25/305)        
2022-10-17T18:58:03.5202096Z remote: Compressing objects:   9% (28/305)        
2022-10-17T18:58:03.5203170Z remote: Compressing objects:  10% (31/305)        
2022-10-17T18:58:03.5204013Z remote: Compressing objects:  11% (34/305)        
2022-10-17T18:58:03.5205478Z remote: Compressing objects:  12% (37/305)        
2022-10-17T18:58:03.5205972Z remote: Compressing objects:  13% (40/305)        
2022-10-17T18:58:03.5212558Z remote: Compressing objects:  14% (43/305)        
2022-10-17T18:58:03.5221378Z remote: Compressing objects:  15% (46/305)        
2022-10-17T18:58:03.5249550Z remote: Compressing objects:  16% (49/305)        
2022-10-17T18:58:03.5261357Z remote: Compressing objects:  17% (52/305)        
2022-10-17T18:58:03.5262517Z remote: Compressing objects:  18% (55/305)        
2022-10-17T18:58:03.5263061Z remote: Compressing objects:  19% (58/305)        
2022-10-17T18:58:03.5321110Z remote: Compressing objects:  20% (61/305)        
2022-10-17T18:58:03.5328613Z remote: Compressing objects:  21% (65/305)        
2022-10-17T18:58:03.5335861Z remote: Compressing objects:  22% (68/305)        
2022-10-17T18:58:03.6239815Z remote: Compressing objects:  23% (71/305)        
2022-10-17T18:58:03.6803056Z remote: Compressing objects:  24% (74/305)        
2022-10-17T18:58:03.6805863Z remote: Compressing objects:  25% (77/305)        
2022-10-17T18:58:03.6807756Z remote: Compressing objects:  26% (80/305)        
2022-10-17T18:58:03.6808707Z remote: Compressing objects:  27% (83/305)        
2022-10-17T18:58:03.6811347Z remote: Compressing objects:  28% (86/305)        
2022-10-17T18:58:03.6818159Z remote: Compressing objects:  29% (89/305)        
2022-10-17T18:58:03.6819097Z remote: Compressing objects:  30% (92/305)        
2022-10-17T18:58:03.6822437Z remote: Compressing objects:  31% (95/305)        
2022-10-17T18:58:03.6824107Z remote: Compressing objects:  32% (98/305)        
2022-10-17T18:58:03.6825628Z remote: Compressing objects:  33% (101/305)        
2022-10-17T18:58:03.6825945Z remote: Compressing objects:  34% (104/305)        
2022-10-17T18:58:03.6913403Z remote: Compressing objects:  35% (107/305)        
2022-10-17T18:58:03.6921773Z remote: Compressing objects:  36% (110/305)        
2022-10-17T18:58:03.6922563Z remote: Compressing objects:  37% (113/305)        
2022-10-17T18:58:03.6938155Z remote: Compressing objects:  38% (116/305)        
2022-10-17T18:58:03.6939152Z remote: Compressing objects:  39% (119/305)        
2022-10-17T18:58:03.6939907Z remote: Compressing objects:  40% (122/305)        
2022-10-17T18:58:03.6950878Z remote: Compressing objects:  41% (126/305)        
2022-10-17T18:58:03.6951619Z remote: Compressing objects:  42% (129/305)        
2022-10-17T18:58:03.6952282Z remote: Compressing objects:  43% (132/305)        
2022-10-17T18:58:03.6953055Z remote: Compressing objects:  44% (135/305)        
2022-10-17T18:58:03.6964654Z remote: Compressing objects:  45% (138/305)        
2022-10-17T18:58:03.6965634Z remote: Compressing objects:  46% (141/305)        
2022-10-17T18:58:03.6966273Z remote: Compressing objects:  47% (144/305)        
2022-10-17T18:58:03.6988835Z remote: Compressing objects:  48% (147/305)        
2022-10-17T18:58:03.6999618Z remote: Compressing objects:  49% (150/305)        
2022-10-17T18:58:03.7000608Z remote: Compressing objects:  50% (153/305)        
2022-10-17T18:58:03.7023037Z remote: Compressing objects:  51% (156/305)        
2022-10-17T18:58:03.7023553Z remote: Compressing objects:  52% (159/305)        
2022-10-17T18:58:03.7023963Z remote: Compressing objects:  53% (162/305)        
2022-10-17T18:58:03.7024522Z remote: Compressing objects:  54% (165/305)        
2022-10-17T18:58:03.7025609Z remote: Compressing objects:  55% (168/305)        
2022-10-17T18:58:03.7049360Z remote: Compressing objects:  56% (171/305)        
2022-10-17T18:58:03.7049966Z remote: Compressing objects:  57% (174/305)        
2022-10-17T18:58:03.7050748Z remote: Compressing objects:  58% (177/305)        
2022-10-17T18:58:03.7051490Z remote: Compressing objects:  59% (180/305)        
2022-10-17T18:58:03.7052097Z remote: Compressing objects:  60% (183/305)        
2022-10-17T18:58:03.7053117Z remote: Compressing objects:  61% (187/305)        
2022-10-17T18:58:03.7053919Z remote: Compressing objects:  62% (190/305)        
2022-10-17T18:58:03.7065211Z remote: Compressing objects:  63% (193/305)        
2022-10-17T18:58:03.7070274Z remote: Compressing objects:  64% (196/305)        
2022-10-17T18:58:03.7070753Z remote: Compressing objects:  65% (199/305)        
2022-10-17T18:58:03.7083517Z remote: Compressing objects:  66% (202/305)        
2022-10-17T18:58:03.7084243Z remote: Compressing objects:  67% (205/305)        
2022-10-17T18:58:03.7085231Z remote: Compressing objects:  68% (208/305)        
2022-10-17T18:58:03.7085916Z remote: Compressing objects:  69% (211/305)        
2022-10-17T18:58:03.7086944Z remote: Compressing objects:  70% (214/305)        
2022-10-17T18:58:03.7087786Z remote: Compressing objects:  71% (217/305)        
2022-10-17T18:58:03.7088613Z remote: Compressing objects:  72% (220/305)        
2022-10-17T18:58:03.7089425Z remote: Compressing objects:  73% (223/305)        
2022-10-17T18:58:03.7090209Z remote: Compressing objects:  74% (226/305)        
2022-10-17T18:58:03.7091181Z remote: Compressing objects:  75% (229/305)        
2022-10-17T18:58:03.7091862Z remote: Compressing objects:  76% (232/305)        
2022-10-17T18:58:03.7092690Z remote: Compressing objects:  77% (235/305)        
2022-10-17T18:58:03.7093513Z remote: Compressing objects:  78% (238/305)        
2022-10-17T18:58:03.7094334Z remote: Compressing objects:  79% (241/305)        
2022-10-17T18:58:03.7095142Z remote: Compressing objects:  80% (244/305)        
2022-10-17T18:58:03.7096072Z remote: Compressing objects:  81% (248/305)        
2022-10-17T18:58:03.7097030Z remote: Compressing objects:  82% (251/305)        
2022-10-17T18:58:03.7097929Z remote: Compressing objects:  83% (254/305)        
2022-10-17T18:58:03.7098788Z remote: Compressing objects:  84% (257/305)        
2022-10-17T18:58:03.7099918Z remote: Compressing objects:  85% (260/305)        
2022-10-17T18:58:03.7100741Z remote: Compressing objects:  86% (263/305)        
2022-10-17T18:58:03.7101643Z remote: Compressing objects:  87% (266/305)        
2022-10-17T18:58:03.7102370Z remote: Compressing objects:  88% (269/305)        
2022-10-17T18:58:03.7103269Z remote: Compressing objects:  89% (272/305)        
2022-10-17T18:58:03.7104149Z remote: Compressing objects:  90% (275/305)        
2022-10-17T18:58:03.7104910Z remote: Compressing objects:  91% (278/305)        
2022-10-17T18:58:03.7105551Z remote: Compressing objects:  92% (281/305)        
2022-10-17T18:58:03.7106393Z remote: Compressing objects:  93% (284/305)        
2022-10-17T18:58:03.7107259Z remote: Compressing objects:  94% (287/305)        
2022-10-17T18:58:03.7108188Z remote: Compressing objects:  95% (290/305)        
2022-10-17T18:58:03.7109054Z remote: Compressing objects:  96% (293/305)        
2022-10-17T18:58:03.7109925Z remote: Compressing objects:  97% (296/305)        
2022-10-17T18:58:03.7110537Z remote: Compressing objects:  98% (299/305)        
2022-10-17T18:58:03.7111312Z remote: Compressing objects:  99% (302/305)        
2022-10-17T18:58:03.7112283Z remote: Compressing objects: 100% (305/305)        
2022-10-17T18:58:03.7112791Z remote: Compressing objects: 100% (305/305), done.        
2022-10-17T18:58:03.7171156Z Receiving objects:   0% (1/362)
2022-10-17T18:58:03.7171732Z Receiving objects:   1% (4/362)
2022-10-17T18:58:03.7172974Z Receiving objects:   2% (8/362)
2022-10-17T18:58:03.7173530Z Receiving objects:   3% (11/362)
2022-10-17T18:58:03.7183141Z Receiving objects:   4% (15/362)
2022-10-17T18:58:03.7183727Z Receiving objects:   5% (19/362)
2022-10-17T18:58:03.7187426Z Receiving objects:   6% (22/362)
2022-10-17T18:58:03.7188387Z Receiving objects:   7% (26/362)
2022-10-17T18:58:03.7241033Z Receiving objects:   8% (29/362)
2022-10-17T18:58:03.7301628Z Receiving objects:   9% (33/362)
2022-10-17T18:58:03.7748375Z Receiving objects:  10% (37/362)
2022-10-17T18:58:03.7763856Z Receiving objects:  11% (40/362)
2022-10-17T18:58:03.7766671Z Receiving objects:  12% (44/362)
2022-10-17T18:58:03.7812406Z Receiving objects:  13% (48/362)
2022-10-17T18:58:03.7958713Z Receiving objects:  14% (51/362)
2022-10-17T18:58:03.7984493Z Receiving objects:  15% (55/362)
2022-10-17T18:58:03.8064269Z Receiving objects:  16% (58/362)
2022-10-17T18:58:03.8152889Z Receiving objects:  17% (62/362)
2022-10-17T18:58:03.8261172Z Receiving objects:  18% (66/362)
2022-10-17T18:58:03.8338981Z Receiving objects:  19% (69/362)
2022-10-17T18:58:03.8427029Z Receiving objects:  20% (73/362)
2022-10-17T18:58:03.8484430Z Receiving objects:  21% (77/362)
2022-10-17T18:58:03.8538636Z Receiving objects:  22% (80/362)
2022-10-17T18:58:03.8589595Z Receiving objects:  23% (84/362)
2022-10-17T18:58:03.8618133Z Receiving objects:  24% (87/362)
2022-10-17T18:58:03.8653100Z Receiving objects:  25% (91/362)
2022-10-17T18:58:03.8669466Z Receiving objects:  26% (95/362)
2022-10-17T18:58:03.8701029Z Receiving objects:  27% (98/362)
2022-10-17T18:58:03.8708653Z Receiving objects:  28% (102/362)
2022-10-17T18:58:03.8732038Z Receiving objects:  29% (105/362)
2022-10-17T18:58:03.8751312Z Receiving objects:  30% (109/362)
2022-10-17T18:58:03.9366682Z Receiving objects:  31% (113/362)
2022-10-17T18:58:03.9367735Z Receiving objects:  32% (116/362)
2022-10-17T18:58:03.9485163Z Receiving objects:  33% (120/362)
2022-10-17T18:58:03.9553281Z Receiving objects:  34% (124/362)
2022-10-17T18:58:03.9652194Z Receiving objects:  35% (127/362)
2022-10-17T18:58:03.9695150Z Receiving objects:  36% (131/362)
2022-10-17T18:58:03.9710665Z Receiving objects:  37% (134/362)
2022-10-17T18:58:03.9908945Z Receiving objects:  38% (138/362)
2022-10-17T18:58:03.9972140Z Receiving objects:  39% (142/362)
2022-10-17T18:58:03.9983126Z Receiving objects:  40% (145/362)
2022-10-17T18:58:03.9988960Z Receiving objects:  41% (149/362)
2022-10-17T18:58:03.9994405Z Receiving objects:  42% (153/362)
2022-10-17T18:58:03.9999824Z Receiving objects:  43% (156/362)
2022-10-17T18:58:04.0003877Z Receiving objects:  44% (160/362)
2022-10-17T18:58:04.0009012Z Receiving objects:  45% (163/362)
2022-10-17T18:58:04.0012692Z Receiving objects:  46% (167/362)
2022-10-17T18:58:04.0017751Z Receiving objects:  47% (171/362)
2022-10-17T18:58:04.0024943Z Receiving objects:  48% (174/362)
2022-10-17T18:58:04.0031176Z Receiving objects:  49% (178/362)
2022-10-17T18:58:04.0035946Z Receiving objects:  50% (181/362)
2022-10-17T18:58:04.0039552Z Receiving objects:  51% (185/362)
2022-10-17T18:58:04.0042953Z Receiving objects:  52% (189/362)
2022-10-17T18:58:04.0048693Z Receiving objects:  53% (192/362)
2022-10-17T18:58:04.0052765Z Receiving objects:  54% (196/362)
2022-10-17T18:58:04.0057450Z Receiving objects:  55% (200/362)
2022-10-17T18:58:04.0061158Z Receiving objects:  56% (203/362)
2022-10-17T18:58:04.0064691Z Receiving objects:  57% (207/362)
2022-10-17T18:58:04.0068299Z Receiving objects:  58% (210/362)
2022-10-17T18:58:04.0073043Z Receiving objects:  59% (214/362)
2022-10-17T18:58:04.0077517Z Receiving objects:  60% (218/362)
2022-10-17T18:58:04.0082294Z Receiving objects:  61% (221/362)
2022-10-17T18:58:04.0089020Z Receiving objects:  62% (225/362)
2022-10-17T18:58:04.0094762Z Receiving objects:  63% (229/362)
2022-10-17T18:58:04.0100684Z Receiving objects:  64% (232/362)
2022-10-17T18:58:04.0106623Z Receiving objects:  65% (236/362)
2022-10-17T18:58:04.0110393Z Receiving objects:  66% (239/362)
2022-10-17T18:58:04.0115514Z Receiving objects:  67% (243/362)
2022-10-17T18:58:04.0119266Z Receiving objects:  68% (247/362)
2022-10-17T18:58:04.0124615Z Receiving objects:  69% (250/362)
2022-10-17T18:58:04.0128355Z Receiving objects:  70% (254/362)
2022-10-17T18:58:04.0132068Z Receiving objects:  71% (258/362)
2022-10-17T18:58:04.0135816Z Receiving objects:  72% (261/362)
2022-10-17T18:58:04.0139162Z Receiving objects:  73% (265/362)
2022-10-17T18:58:04.0142431Z Receiving objects:  74% (268/362)
2022-10-17T18:58:04.0145681Z Receiving objects:  75% (272/362)
2022-10-17T18:58:04.0149985Z Receiving objects:  76% (276/362)
2022-10-17T18:58:04.0153235Z Receiving objects:  77% (279/362)
2022-10-17T18:58:04.0156330Z Receiving objects:  78% (283/362)
2022-10-17T18:58:04.0159421Z Receiving objects:  79% (286/362)
2022-10-17T18:58:04.0162656Z Receiving objects:  80% (290/362)
2022-10-17T18:58:04.0166519Z Receiving objects:  81% (294/362)
2022-10-17T18:58:04.0170053Z Receiving objects:  82% (297/362)
2022-10-17T18:58:04.0173759Z Receiving objects:  83% (301/362)
2022-10-17T18:58:04.0178651Z Receiving objects:  84% (305/362)
2022-10-17T18:58:04.0185415Z Receiving objects:  85% (308/362)
2022-10-17T18:58:04.0192648Z Receiving objects:  86% (312/362)
2022-10-17T18:58:04.0197011Z Receiving objects:  87% (315/362)
2022-10-17T18:58:04.0203111Z Receiving objects:  88% (319/362)
2022-10-17T18:58:04.0204141Z remote: Total 362 (delta 53), reused 233 (delta 29), pack-reused 0        
2022-10-17T18:58:04.0221299Z Receiving objects:  89% (323/362)
2022-10-17T18:58:04.0228627Z Receiving objects:  90% (326/362)
2022-10-17T18:58:04.0233324Z Receiving objects:  91% (330/362)
2022-10-17T18:58:04.0235490Z Receiving objects:  92% (334/362)
2022-10-17T18:58:04.0237633Z Receiving objects:  93% (337/362)
2022-10-17T18:58:04.0240985Z Receiving objects:  94% (341/362)
2022-10-17T18:58:04.0244762Z Receiving objects:  95% (344/362)
2022-10-17T18:58:04.0250064Z Receiving objects:  96% (348/362)
2022-10-17T18:58:04.0253396Z Receiving objects:  97% (352/362)
2022-10-17T18:58:04.0259466Z Receiving objects:  98% (355/362)
2022-10-17T18:58:04.0262286Z Receiving objects:  99% (359/362)
2022-10-17T18:58:04.0264233Z Receiving objects: 100% (362/362)
2022-10-17T18:58:04.0264753Z Receiving objects: 100% (362/362), 3.54 MiB | 11.40 MiB/s, done.
2022-10-17T18:58:04.0270377Z Resolving deltas:   0% (0/53)
2022-10-17T18:58:04.0286676Z Resolving deltas:   1% (1/53)
2022-10-17T18:58:04.0293438Z Resolving deltas:   3% (2/53)
2022-10-17T18:58:04.0294077Z Resolving deltas:   5% (3/53)
2022-10-17T18:58:04.0305571Z Resolving deltas:   7% (4/53)
2022-10-17T18:58:04.0313058Z Resolving deltas:   9% (5/53)
2022-10-17T18:58:04.0342593Z Resolving deltas:  11% (6/53)
2022-10-17T18:58:04.0346454Z Resolving deltas:  13% (7/53)
2022-10-17T18:58:04.0346883Z Resolving deltas:  15% (8/53)
2022-10-17T18:58:04.0348228Z Resolving deltas:  16% (9/53)
2022-10-17T18:58:04.0358890Z Resolving deltas:  18% (10/53)
2022-10-17T18:58:04.0359468Z Resolving deltas:  20% (11/53)
2022-10-17T18:58:04.0359865Z Resolving deltas:  22% (12/53)
2022-10-17T18:58:04.0360583Z Resolving deltas:  24% (13/53)
2022-10-17T18:58:04.0361013Z Resolving deltas:  26% (14/53)
2022-10-17T18:58:04.0361711Z Resolving deltas:  28% (15/53)
2022-10-17T18:58:04.0362167Z Resolving deltas:  30% (16/53)
2022-10-17T18:58:04.0362594Z Resolving deltas:  32% (17/53)
2022-10-17T18:58:04.0363260Z Resolving deltas:  33% (18/53)
2022-10-17T18:58:04.0363636Z Resolving deltas:  35% (19/53)
2022-10-17T18:58:04.0364388Z Resolving deltas:  37% (20/53)
2022-10-17T18:58:04.0364892Z Resolving deltas:  39% (21/53)
2022-10-17T18:58:04.0365338Z Resolving deltas:  41% (22/53)
2022-10-17T18:58:04.0366032Z Resolving deltas:  43% (23/53)
2022-10-17T18:58:04.0366478Z Resolving deltas:  45% (24/53)
2022-10-17T18:58:04.0367111Z Resolving deltas:  47% (25/53)
2022-10-17T18:58:04.0367563Z Resolving deltas:  49% (26/53)
2022-10-17T18:58:04.0368407Z Resolving deltas:  50% (27/53)
2022-10-17T18:58:04.0368885Z Resolving deltas:  52% (28/53)
2022-10-17T18:58:04.0369607Z Resolving deltas:  54% (29/53)
2022-10-17T18:58:04.0370086Z Resolving deltas:  56% (30/53)
2022-10-17T18:58:04.0370848Z Resolving deltas:  58% (31/53)
2022-10-17T18:58:04.0371380Z Resolving deltas:  60% (32/53)
2022-10-17T18:58:04.0372046Z Resolving deltas:  62% (33/53)
2022-10-17T18:58:04.0372663Z Resolving deltas:  64% (34/53)
2022-10-17T18:58:04.0373152Z Resolving deltas:  66% (35/53)
2022-10-17T18:58:04.0373818Z Resolving deltas:  67% (36/53)
2022-10-17T18:58:04.0374203Z Resolving deltas:  69% (37/53)
2022-10-17T18:58:04.0374935Z Resolving deltas:  71% (38/53)
2022-10-17T18:58:04.0375727Z Resolving deltas:  73% (39/53)
2022-10-17T18:58:04.0376272Z Resolving deltas:  75% (40/53)
2022-10-17T18:58:04.0376652Z Resolving deltas:  77% (41/53)
2022-10-17T18:58:04.0377385Z Resolving deltas:  79% (42/53)
2022-10-17T18:58:04.0377896Z Resolving deltas:  81% (43/53)
2022-10-17T18:58:04.0378339Z Resolving deltas:  83% (44/53)
2022-10-17T18:58:04.0379044Z Resolving deltas:  84% (45/53)
2022-10-17T18:58:04.0379501Z Resolving deltas:  86% (46/53)
2022-10-17T18:58:04.0380258Z Resolving deltas:  88% (47/53)
2022-10-17T18:58:04.0383546Z Resolving deltas:  90% (48/53)
2022-10-17T18:58:04.0384292Z Resolving deltas:  92% (49/53)
2022-10-17T18:58:04.0385136Z Resolving deltas:  94% (50/53)
2022-10-17T18:58:04.0385712Z Resolving deltas:  96% (51/53)
2022-10-17T18:58:04.0389901Z Resolving deltas:  98% (52/53)
2022-10-17T18:58:04.0393987Z Resolving deltas: 100% (53/53)
2022-10-17T18:58:04.0394677Z Resolving deltas: 100% (53/53), done.
2022-10-17T18:58:04.0591038Z From https://github.com/AlphaSteam/julia-vscode-microprint-test
2022-10-17T18:58:04.0592113Z  * [new ref]         47b98dda6322fe95424bd6daf0fa0c1ead253d2d -> origin/master
2022-10-17T18:58:04.0629316Z ##[endgroup]
2022-10-17T18:58:04.0630438Z ##[group]Determining the checkout info
2022-10-17T18:58:04.0632055Z ##[endgroup]
2022-10-17T18:58:04.0633082Z ##[group]Checking out the ref
2022-10-17T18:58:04.0634330Z [command]/usr/bin/git checkout --progress --force -B master refs/remotes/origin/master
2022-10-17T18:58:04.1504107Z Reset branch 'master'
2022-10-17T18:58:04.1505280Z branch 'master' set up to track 'origin/master'.
2022-10-17T18:58:04.1507135Z ##[endgroup]
2022-10-17T18:58:04.1508545Z ##[group]Setting up auth for fetching submodules
2022-10-17T18:58:04.1509965Z [command]/usr/bin/git config --global http.https://github.com/.extraheader AUTHORIZATION: basic ***
2022-10-17T18:58:04.1546940Z [command]/usr/bin/git config --global --unset-all url.https://github.com/.insteadOf
2022-10-17T18:58:04.1582401Z [command]/usr/bin/git config --global --add url.https://github.com/.insteadOf git@github.com:
2022-10-17T18:58:04.1619402Z [command]/usr/bin/git config --global --add url.https://github.com/.insteadOf org-30818940@github.com:
2022-10-17T18:58:04.1651294Z ##[endgroup]
2022-10-17T18:58:04.1652586Z ##[group]Fetching submodules
2022-10-17T18:58:04.1655959Z [command]/usr/bin/git submodule sync
2022-10-17T18:58:04.1965996Z [command]/usr/bin/git -c protocol.version=2 submodule update --init --force --depth=1
2022-10-17T18:58:04.2224683Z Submodule 'libs/jl-profile' (https://github.com/pfitzseb/jl-profile.js.git) registered for path 'libs/jl-profile'
2022-10-17T18:58:04.2232162Z Submodule 'scripts/packages-old/JuliaInterpreter' (https://github.com/JuliaDebug/JuliaInterpreter.jl.git) registered for path 'scripts/packages-old/JuliaInterpreter'
2022-10-17T18:58:04.2240846Z Submodule 'scripts/packages/CSTParser' (https://github.com/julia-vscode/CSTParser.jl.git) registered for path 'scripts/packages/CSTParser'
2022-10-17T18:58:04.2248342Z Submodule 'scripts/packages/CodeTracking' (https://github.com/timholy/CodeTracking.jl.git) registered for path 'scripts/packages/CodeTracking'
2022-10-17T18:58:04.2253616Z Submodule 'scripts/packages/CommonMark' (https://github.com/MichaelHatherly/CommonMark.jl.git) registered for path 'scripts/packages/CommonMark'
2022-10-17T18:58:04.2261150Z Submodule 'scripts/packages/Compat' (https://github.com/JuliaLang/Compat.jl.git) registered for path 'scripts/packages/Compat'
2022-10-17T18:58:04.2269734Z Submodule 'scripts/packages/CoverageTools' (https://github.com/JuliaCI/CoverageTools.jl.git) registered for path 'scripts/packages/CoverageTools'
2022-10-17T18:58:04.2276411Z Submodule 'scripts/packages/Crayons' (https://github.com/KristofferC/Crayons.jl.git) registered for path 'scripts/packages/Crayons'
2022-10-17T18:58:04.2288149Z Submodule 'scripts/packages/DataStructures' (https://github.com/JuliaCollections/DataStructures.jl.git) registered for path 'scripts/packages/DataStructures'
2022-10-17T18:58:04.2299609Z Submodule 'scripts/packages/DebugAdapter' (https://github.com/julia-vscode/DebugAdapter.jl.git) registered for path 'scripts/packages/DebugAdapter'
2022-10-17T18:58:04.2310451Z Submodule 'scripts/packages/FilePathsBase' (https://github.com/rofinn/FilePathsBase.jl.git) registered for path 'scripts/packages/FilePathsBase'
2022-10-17T18:58:04.2322397Z Submodule 'scripts/packages/IJuliaCore' (https://github.com/JuliaLang/IJuliaCore.jl.git) registered for path 'scripts/packages/IJuliaCore'
2022-10-17T18:58:04.2338244Z Submodule 'scripts/packages/JSON' (https://github.com/JuliaIO/JSON.jl.git) registered for path 'scripts/packages/JSON'
2022-10-17T18:58:04.2351511Z Submodule 'scripts/packages/JSONRPC' (https://github.com/julia-vscode/JSONRPC.jl.git) registered for path 'scripts/packages/JSONRPC'
2022-10-17T18:58:04.2364973Z Submodule 'scripts/packages/JuliaFormatter' (https://github.com/domluna/JuliaFormatter.jl.git) registered for path 'scripts/packages/JuliaFormatter'
2022-10-17T18:58:04.2378472Z Submodule 'scripts/packages/JuliaInterpreter' (https://github.com/JuliaDebug/JuliaInterpreter.jl.git) registered for path 'scripts/packages/JuliaInterpreter'
2022-10-17T18:58:04.2389592Z Submodule 'scripts/packages/LanguageServer' (https://github.com/julia-vscode/LanguageServer.jl.git) registered for path 'scripts/packages/LanguageServer'
2022-10-17T18:58:04.2400726Z Submodule 'scripts/packages/LoweredCodeUtils' (https://github.com/JuliaDebug/LoweredCodeUtils.jl.git) registered for path 'scripts/packages/LoweredCodeUtils'
2022-10-17T18:58:04.2411632Z Submodule 'scripts/packages/OrderedCollections' (https://github.com/JuliaCollections/OrderedCollections.jl.git) registered for path 'scripts/packages/OrderedCollections'
2022-10-17T18:58:04.2422652Z Submodule 'scripts/packages/PackageCompiler' (https://github.com/JuliaLang/PackageCompiler.jl.git) registered for path 'scripts/packages/PackageCompiler'
2022-10-17T18:58:04.2434527Z Submodule 'scripts/packages/Revise' (https://github.com/timholy/Revise.jl) registered for path 'scripts/packages/Revise'
2022-10-17T18:58:04.2444938Z Submodule 'scripts/packages/StaticLint' (https://github.com/julia-vscode/StaticLint.jl) registered for path 'scripts/packages/StaticLint'
2022-10-17T18:58:04.2455918Z Submodule 'scripts/packages/SymbolServer' (https://github.com/julia-vscode/SymbolServer.jl.git) registered for path 'scripts/packages/SymbolServer'
2022-10-17T18:58:04.2492951Z Submodule 'scripts/packages/TestEnv' (https://github.com/davidanthoff/TestEnv.jl) registered for path 'scripts/packages/TestEnv'
2022-10-17T18:58:04.2504712Z Submodule 'scripts/packages/TestItemDetection' (https://github.com/julia-vscode/TestItemDetection.jl) registered for path 'scripts/packages/TestItemDetection'
2022-10-17T18:58:04.2527405Z Submodule 'scripts/packages/Tokenize' (https://github.com/JuliaLang/Tokenize.jl.git) registered for path 'scripts/packages/Tokenize'
2022-10-17T18:58:04.2543911Z Submodule 'scripts/packages/URIParser' (https://github.com/JuliaWeb/URIParser.jl.git) registered for path 'scripts/packages/URIParser'
2022-10-17T18:58:04.2555618Z Submodule 'scripts/packages/URIs' (https://github.com/JuliaWeb/URIs.jl.git) registered for path 'scripts/packages/URIs'
2022-10-17T18:58:04.2594812Z Cloning into '/home/runner/work/julia-vscode-microprint-test/julia-vscode-microprint-test/libs/jl-profile'...
2022-10-17T18:58:04.6368015Z Cloning into '/home/runner/work/julia-vscode-microprint-test/julia-vscode-microprint-test/scripts/packages-old/JuliaInterpreter'...
2022-10-17T18:58:04.9752785Z Cloning into '/home/runner/work/julia-vscode-microprint-test/julia-vscode-microprint-test/scripts/packages/CSTParser'...
2022-10-17T18:58:05.3021561Z Cloning into '/home/runner/work/julia-vscode-microprint-test/julia-vscode-microprint-test/scripts/packages/CodeTracking'...
2022-10-17T18:58:05.5756433Z Cloning into '/home/runner/work/julia-vscode-microprint-test/julia-vscode-microprint-test/scripts/packages/CommonMark'...
2022-10-17T18:58:05.9001416Z Cloning into '/home/runner/work/julia-vscode-microprint-test/julia-vscode-microprint-test/scripts/packages/Compat'...
2022-10-17T18:58:06.2342516Z Cloning into '/home/runner/work/julia-vscode-microprint-test/julia-vscode-microprint-test/scripts/packages/CoverageTools'...
2022-10-17T18:58:06.5518690Z Cloning into '/home/runner/work/julia-vscode-microprint-test/julia-vscode-microprint-test/scripts/packages/Crayons'...
2022-10-17T18:58:07.8605306Z Cloning into '/home/runner/work/julia-vscode-microprint-test/julia-vscode-microprint-test/scripts/packages/DataStructures'...
2022-10-17T18:58:08.2227290Z Cloning into '/home/runner/work/julia-vscode-microprint-test/julia-vscode-microprint-test/scripts/packages/DebugAdapter'...
2022-10-17T18:58:08.5156781Z Cloning into '/home/runner/work/julia-vscode-microprint-test/julia-vscode-microprint-test/scripts/packages/FilePathsBase'...
2022-10-17T18:58:08.8021937Z Cloning into '/home/runner/work/julia-vscode-microprint-test/julia-vscode-microprint-test/scripts/packages/IJuliaCore'...
2022-10-17T18:58:09.0774067Z Cloning into '/home/runner/work/julia-vscode-microprint-test/julia-vscode-microprint-test/scripts/packages/JSON'...
2022-10-17T18:58:09.3843864Z Cloning into '/home/runner/work/julia-vscode-microprint-test/julia-vscode-microprint-test/scripts/packages/JSONRPC'...
2022-10-17T18:58:09.6582575Z Cloning into '/home/runner/work/julia-vscode-microprint-test/julia-vscode-microprint-test/scripts/packages/JuliaFormatter'...
2022-10-17T18:58:09.9989964Z Cloning into '/home/runner/work/julia-vscode-microprint-test/julia-vscode-microprint-test/scripts/packages/JuliaInterpreter'...
2022-10-17T18:58:10.3418330Z Cloning into '/home/runner/work/julia-vscode-microprint-test/julia-vscode-microprint-test/scripts/packages/LanguageServer'...
2022-10-17T18:58:10.6763979Z Cloning into '/home/runner/work/julia-vscode-microprint-test/julia-vscode-microprint-test/scripts/packages/LoweredCodeUtils'...
2022-10-17T18:58:10.9887691Z Cloning into '/home/runner/work/julia-vscode-microprint-test/julia-vscode-microprint-test/scripts/packages/OrderedCollections'...
2022-10-17T18:58:11.2714388Z Cloning into '/home/runner/work/julia-vscode-microprint-test/julia-vscode-microprint-test/scripts/packages/PackageCompiler'...
2022-10-17T18:58:11.5874362Z Cloning into '/home/runner/work/julia-vscode-microprint-test/julia-vscode-microprint-test/scripts/packages/Revise'...
2022-10-17T18:58:11.9203050Z Cloning into '/home/runner/work/julia-vscode-microprint-test/julia-vscode-microprint-test/scripts/packages/StaticLint'...
2022-10-17T18:58:12.2595707Z Cloning into '/home/runner/work/julia-vscode-microprint-test/julia-vscode-microprint-test/scripts/packages/SymbolServer'...
2022-10-17T18:58:12.5615815Z Cloning into '/home/runner/work/julia-vscode-microprint-test/julia-vscode-microprint-test/scripts/packages/TestEnv'...
2022-10-17T18:58:12.8213469Z Cloning into '/home/runner/work/julia-vscode-microprint-test/julia-vscode-microprint-test/scripts/packages/TestItemDetection'...
2022-10-17T18:58:13.0872254Z Cloning into '/home/runner/work/julia-vscode-microprint-test/julia-vscode-microprint-test/scripts/packages/Tokenize'...
2022-10-17T18:58:13.3911132Z Cloning into '/home/runner/work/julia-vscode-microprint-test/julia-vscode-microprint-test/scripts/packages/URIParser'...
2022-10-17T18:58:13.6546203Z Cloning into '/home/runner/work/julia-vscode-microprint-test/julia-vscode-microprint-test/scripts/packages/URIs'...
2022-10-17T18:58:14.5552539Z From https://github.com/pfitzseb/jl-profile.js
2022-10-17T18:58:14.5553581Z  * branch            44fe7c33bc23a8e4cdb3b67674994fe2564245bf -> FETCH_HEAD
2022-10-17T18:58:14.5621612Z Submodule path 'libs/jl-profile': checked out '44fe7c33bc23a8e4cdb3b67674994fe2564245bf'
2022-10-17T18:58:15.2341817Z From https://github.com/JuliaDebug/JuliaInterpreter.jl
2022-10-17T18:58:15.2342906Z  * branch            398721d10be2edf40883a11b98e210ccda5393e3 -> FETCH_HEAD
2022-10-17T18:58:15.2446842Z Submodule path 'scripts/packages-old/JuliaInterpreter': checked out '398721d10be2edf40883a11b98e210ccda5393e3'
2022-10-17T18:58:15.8764076Z From https://github.com/julia-vscode/CSTParser.jl
2022-10-17T18:58:15.8764857Z  * branch            b5cb953e12d8c5c8191e1fcb6aef80ecab7f6a06 -> FETCH_HEAD
2022-10-17T18:58:15.8854731Z Submodule path 'scripts/packages/CSTParser': checked out 'b5cb953e12d8c5c8191e1fcb6aef80ecab7f6a06'
2022-10-17T18:58:15.8935922Z Submodule path 'scripts/packages/CodeTracking': checked out '426fc0e5af69ca410f3a1b77458db5fc5d68e864'
2022-10-17T18:58:16.4410283Z From https://github.com/MichaelHatherly/CommonMark.jl
2022-10-17T18:58:16.4411491Z  * branch            287e39ae128e80a6647d2d9762bf22040adffea1 -> FETCH_HEAD
2022-10-17T18:58:16.4574357Z Submodule path 'scripts/packages/CommonMark': checked out '287e39ae128e80a6647d2d9762bf22040adffea1'
2022-10-17T18:58:17.1595809Z From https://github.com/JuliaLang/Compat.jl
2022-10-17T18:58:17.1597020Z  * branch            3ae185fa45a3091b387b67b6fd8f58f761854238 -> FETCH_HEAD
2022-10-17T18:58:17.1672254Z Submodule path 'scripts/packages/Compat': checked out '3ae185fa45a3091b387b67b6fd8f58f761854238'
2022-10-17T18:58:17.1782983Z Submodule path 'scripts/packages/CoverageTools': checked out '9d8fba371f4c65a7e9ca3bdaae753a52bcb22218'
2022-10-17T18:58:17.8294101Z From https://github.com/KristofferC/Crayons.jl
2022-10-17T18:58:17.8310025Z  * branch            4cf50b8e5e1a250a5b3466937fa0421c78bafdf4 -> FETCH_HEAD
2022-10-17T18:58:17.8373363Z Submodule path 'scripts/packages/Crayons': checked out '4cf50b8e5e1a250a5b3466937fa0421c78bafdf4'
2022-10-17T18:58:18.5173859Z From https://github.com/JuliaCollections/DataStructures.jl
2022-10-17T18:58:18.5174623Z  * branch            d0dd2a012ebd07ff31193b21130109baa50cfe2b -> FETCH_HEAD
2022-10-17T18:58:18.5336261Z Submodule path 'scripts/packages/DataStructures': checked out 'd0dd2a012ebd07ff31193b21130109baa50cfe2b'
2022-10-17T18:58:19.1210793Z From https://github.com/julia-vscode/DebugAdapter.jl
2022-10-17T18:58:19.1214276Z  * branch            b0991c1664d948d9bbb1ab2cac56606511981df5 -> FETCH_HEAD
2022-10-17T18:58:19.1278860Z Submodule path 'scripts/packages/DebugAdapter': checked out 'b0991c1664d948d9bbb1ab2cac56606511981df5'
2022-10-17T18:58:19.1376649Z Submodule path 'scripts/packages/FilePathsBase': checked out '336666220f9ddd7a15a7f059925a359d51c6cead'
2022-10-17T18:58:19.1456257Z Submodule path 'scripts/packages/IJuliaCore': checked out 'c3e48ef9ee9a34d9be6abe1fe9033317638950ba'
2022-10-17T18:58:19.8421205Z From https://github.com/JuliaIO/JSON.jl
2022-10-17T18:58:19.8425650Z  * branch            4b3913d58f04cc5bb2f8d23c6ef82e0fbed20525 -> FETCH_HEAD
2022-10-17T18:58:19.8517462Z Submodule path 'scripts/packages/JSON': checked out '4b3913d58f04cc5bb2f8d23c6ef82e0fbed20525'
2022-10-17T18:58:20.4478185Z From https://github.com/julia-vscode/JSONRPC.jl
2022-10-17T18:58:20.4479301Z  * branch            982acfdb112b7198a025edcf3930c6a6a27913e1 -> FETCH_HEAD
2022-10-17T18:58:20.4548106Z Submodule path 'scripts/packages/JSONRPC': checked out '982acfdb112b7198a025edcf3930c6a6a27913e1'
2022-10-17T18:58:21.0368423Z From https://github.com/domluna/JuliaFormatter.jl
2022-10-17T18:58:21.0369146Z  * branch            6c0f94468eaef63405fbcbb11943314a164262d6 -> FETCH_HEAD
2022-10-17T18:58:21.0539396Z Submodule path 'scripts/packages/JuliaFormatter': checked out '6c0f94468eaef63405fbcbb11943314a164262d6'
2022-10-17T18:58:21.7057489Z From https://github.com/JuliaDebug/JuliaInterpreter.jl
2022-10-17T18:58:21.7058834Z  * branch            a840f1ad085e7606bb3a7cdc705d863f3c49ab92 -> FETCH_HEAD
2022-10-17T18:58:21.7180241Z Submodule path 'scripts/packages/JuliaInterpreter': checked out 'a840f1ad085e7606bb3a7cdc705d863f3c49ab92'
2022-10-17T18:58:22.3536540Z From https://github.com/julia-vscode/LanguageServer.jl
2022-10-17T18:58:22.3537496Z  * branch            fe1ae60fdf795218b82dba4ba35028adab0bd348 -> FETCH_HEAD
2022-10-17T18:58:22.3643578Z Submodule path 'scripts/packages/LanguageServer': checked out 'fe1ae60fdf795218b82dba4ba35028adab0bd348'
2022-10-17T18:58:22.3732920Z Submodule path 'scripts/packages/LoweredCodeUtils': checked out 'b71c05b0d28cb5b3ad0301b816e0a1c4e531ea0d'
2022-10-17T18:58:22.9939957Z From https://github.com/JuliaCollections/OrderedCollections.jl
2022-10-17T18:58:22.9940898Z  * branch            adb9415570faeba7e8c6d800cd743de06104e97e -> FETCH_HEAD
2022-10-17T18:58:23.0018646Z Submodule path 'scripts/packages/OrderedCollections': checked out 'adb9415570faeba7e8c6d800cd743de06104e97e'
2022-10-17T18:58:23.6479140Z From https://github.com/JuliaLang/PackageCompiler.jl
2022-10-17T18:58:23.6480412Z  * branch            78f4d52026c4895fa08c8ee0d61905a6914ea8c3 -> FETCH_HEAD
2022-10-17T18:58:23.6578532Z Submodule path 'scripts/packages/PackageCompiler': checked out '78f4d52026c4895fa08c8ee0d61905a6914ea8c3'
2022-10-17T18:58:24.1787791Z From https://github.com/timholy/Revise.jl
2022-10-17T18:58:24.1789061Z  * branch            ca3b5cffd26325e3a3fd69932f5dc827ff156a3b -> FETCH_HEAD
2022-10-17T18:58:24.1906595Z Submodule path 'scripts/packages/Revise': checked out 'ca3b5cffd26325e3a3fd69932f5dc827ff156a3b'
2022-10-17T18:58:24.7593069Z From https://github.com/julia-vscode/StaticLint.jl
2022-10-17T18:58:24.7594108Z  * branch            6235a532ff6b51a33ef56955286b7d0602912fd6 -> FETCH_HEAD
2022-10-17T18:58:24.7676940Z Submodule path 'scripts/packages/StaticLint': checked out '6235a532ff6b51a33ef56955286b7d0602912fd6'
2022-10-17T18:58:25.3814305Z From https://github.com/julia-vscode/SymbolServer.jl
2022-10-17T18:58:25.3815560Z  * branch            99500d621b17cca5a46232808e8ad388370d2ae8 -> FETCH_HEAD
2022-10-17T18:58:25.3907212Z Submodule path 'scripts/packages/SymbolServer': checked out '99500d621b17cca5a46232808e8ad388370d2ae8'
2022-10-17T18:58:25.9070791Z From https://github.com/davidanthoff/TestEnv.jl
2022-10-17T18:58:25.9071984Z  * branch            14dd0d9a3df31dcd29bb6434dd9b287fe4a2803b -> FETCH_HEAD
2022-10-17T18:58:25.9158424Z Submodule path 'scripts/packages/TestEnv': checked out '14dd0d9a3df31dcd29bb6434dd9b287fe4a2803b'
2022-10-17T18:58:26.6610524Z From https://github.com/julia-vscode/TestItemDetection.jl
2022-10-17T18:58:26.6611071Z  * branch            d9db8c5707c5e7a6e167e0e583eb06261ef5408b -> FETCH_HEAD
2022-10-17T18:58:26.6678955Z Submodule path 'scripts/packages/TestItemDetection': checked out 'd9db8c5707c5e7a6e167e0e583eb06261ef5408b'
2022-10-17T18:58:27.2574804Z From https://github.com/JuliaLang/Tokenize.jl
2022-10-17T18:58:27.2575963Z  * branch            49b112248e846040c13f28e223493f90cc717fa5 -> FETCH_HEAD
2022-10-17T18:58:27.2665526Z Submodule path 'scripts/packages/Tokenize': checked out '49b112248e846040c13f28e223493f90cc717fa5'
2022-10-17T18:58:27.9169884Z From https://github.com/JuliaWeb/URIParser.jl
2022-10-17T18:58:27.9171019Z  * branch            1d3532dfe5330f567a8eb64a37a37b1b8c536628 -> FETCH_HEAD
2022-10-17T18:58:27.9236010Z Submodule path 'scripts/packages/URIParser': checked out '1d3532dfe5330f567a8eb64a37a37b1b8c536628'
2022-10-17T18:58:28.5651660Z From https://github.com/JuliaWeb/URIs.jl
2022-10-17T18:58:28.5653060Z  * branch            0ce3d89b81dadaae52b104353843ef67ceecd176 -> FETCH_HEAD
2022-10-17T18:58:28.5734608Z Submodule path 'scripts/packages/URIs': checked out '0ce3d89b81dadaae52b104353843ef67ceecd176'
2022-10-17T18:58:28.5747158Z [command]/usr/bin/git submodule foreach git config --local gc.auto 0
2022-10-17T18:58:28.6003467Z Entering 'libs/jl-profile'
2022-10-17T18:58:28.6029752Z Entering 'scripts/packages-old/JuliaInterpreter'
2022-10-17T18:58:28.6056038Z Entering 'scripts/packages/CSTParser'
2022-10-17T18:58:28.6085035Z Entering 'scripts/packages/CodeTracking'
2022-10-17T18:58:28.6112200Z Entering 'scripts/packages/CommonMark'
2022-10-17T18:58:28.6140052Z Entering 'scripts/packages/Compat'
2022-10-17T18:58:28.6166187Z Entering 'scripts/packages/CoverageTools'
2022-10-17T18:58:28.6194243Z Entering 'scripts/packages/Crayons'
2022-10-17T18:58:28.6221018Z Entering 'scripts/packages/DataStructures'
2022-10-17T18:58:28.6247845Z Entering 'scripts/packages/DebugAdapter'
2022-10-17T18:58:28.6274322Z Entering 'scripts/packages/FilePathsBase'
2022-10-17T18:58:28.6302539Z Entering 'scripts/packages/IJuliaCore'
2022-10-17T18:58:28.6329398Z Entering 'scripts/packages/JSON'
2022-10-17T18:58:28.6357903Z Entering 'scripts/packages/JSONRPC'
2022-10-17T18:58:28.6385030Z Entering 'scripts/packages/JuliaFormatter'
2022-10-17T18:58:28.6412517Z Entering 'scripts/packages/JuliaInterpreter'
2022-10-17T18:58:28.6439704Z Entering 'scripts/packages/LanguageServer'
2022-10-17T18:58:28.6467438Z Entering 'scripts/packages/LoweredCodeUtils'
2022-10-17T18:58:28.6497033Z Entering 'scripts/packages/OrderedCollections'
2022-10-17T18:58:28.6524488Z Entering 'scripts/packages/PackageCompiler'
2022-10-17T18:58:28.6551748Z Entering 'scripts/packages/Revise'
2022-10-17T18:58:28.6578563Z Entering 'scripts/packages/StaticLint'
2022-10-17T18:58:28.6607068Z Entering 'scripts/packages/SymbolServer'
2022-10-17T18:58:28.6634147Z Entering 'scripts/packages/TestEnv'
2022-10-17T18:58:28.6661297Z Entering 'scripts/packages/TestItemDetection'
2022-10-17T18:58:28.6706853Z Entering 'scripts/packages/Tokenize'
2022-10-17T18:58:28.6735753Z Entering 'scripts/packages/URIParser'
2022-10-17T18:58:28.6763450Z Entering 'scripts/packages/URIs'
2022-10-17T18:58:28.6818122Z ##[endgroup]
2022-10-17T18:58:28.6818843Z ##[group]Persisting credentials for submodules
2022-10-17T18:58:28.6819875Z [command]/usr/bin/git submodule foreach --recursive git config --local --name-only --get-regexp 'url\.https\:\/\/github\.com\/\.insteadOf' && git config --local --unset-all 'url.https://github.com/.insteadOf' || :
2022-10-17T18:58:28.7054987Z Entering 'libs/jl-profile'
2022-10-17T18:58:28.7101199Z Entering 'scripts/packages-old/JuliaInterpreter'
2022-10-17T18:58:28.7142794Z Entering 'scripts/packages/CSTParser'
2022-10-17T18:58:28.7189359Z Entering 'scripts/packages/CodeTracking'
2022-10-17T18:58:28.7233649Z Entering 'scripts/packages/CommonMark'
2022-10-17T18:58:28.7278849Z Entering 'scripts/packages/Compat'
2022-10-17T18:58:28.7320190Z Entering 'scripts/packages/CoverageTools'
2022-10-17T18:58:28.7362998Z Entering 'scripts/packages/Crayons'
2022-10-17T18:58:28.7404302Z Entering 'scripts/packages/DataStructures'
2022-10-17T18:58:28.7446132Z Entering 'scripts/packages/DebugAdapter'
2022-10-17T18:58:28.7492640Z Entering 'scripts/packages/FilePathsBase'
2022-10-17T18:58:28.7534110Z Entering 'scripts/packages/IJuliaCore'
2022-10-17T18:58:28.7574088Z Entering 'scripts/packages/JSON'
2022-10-17T18:58:28.7615287Z Entering 'scripts/packages/JSONRPC'
2022-10-17T18:58:28.7655623Z Entering 'scripts/packages/JuliaFormatter'
2022-10-17T18:58:28.7710799Z Entering 'scripts/packages/JuliaInterpreter'
2022-10-17T18:58:28.7753016Z Entering 'scripts/packages/LanguageServer'
2022-10-17T18:58:28.7795170Z Entering 'scripts/packages/LoweredCodeUtils'
2022-10-17T18:58:28.7836412Z Entering 'scripts/packages/OrderedCollections'
2022-10-17T18:58:28.7878922Z Entering 'scripts/packages/PackageCompiler'
2022-10-17T18:58:28.7923125Z Entering 'scripts/packages/Revise'
2022-10-17T18:58:28.7965464Z Entering 'scripts/packages/StaticLint'
2022-10-17T18:58:28.8007057Z Entering 'scripts/packages/SymbolServer'
2022-10-17T18:58:28.8049484Z Entering 'scripts/packages/TestEnv'
2022-10-17T18:58:28.8095541Z Entering 'scripts/packages/TestItemDetection'
2022-10-17T18:58:28.8139253Z Entering 'scripts/packages/Tokenize'
2022-10-17T18:58:28.8182166Z Entering 'scripts/packages/URIParser'
2022-10-17T18:58:28.8224129Z Entering 'scripts/packages/URIs'
2022-10-17T18:58:28.8286090Z [command]/usr/bin/git submodule foreach git config --local 'http.https://github.com/.extraheader' 'AUTHORIZATION: basic ***' && git config --local --show-origin --name-only --get-regexp remote.origin.url
2022-10-17T18:58:28.8572328Z Entering 'libs/jl-profile'
2022-10-17T18:58:28.8612731Z file:/home/runner/work/julia-vscode-microprint-test/julia-vscode-microprint-test/.git/modules/libs/jl-profile/config	remote.origin.url
2022-10-17T18:58:28.8617407Z Entering 'scripts/packages-old/JuliaInterpreter'
2022-10-17T18:58:28.8659328Z file:/home/runner/work/julia-vscode-microprint-test/julia-vscode-microprint-test/.git/modules/scripts/packages-old/JuliaInterpreter/config	remote.origin.url
2022-10-17T18:58:28.8663027Z Entering 'scripts/packages/CSTParser'
2022-10-17T18:58:28.8713668Z file:/home/runner/work/julia-vscode-microprint-test/julia-vscode-microprint-test/.git/modules/scripts/packages/CSTParser/config	remote.origin.url
2022-10-17T18:58:28.8717948Z Entering 'scripts/packages/CodeTracking'
2022-10-17T18:58:28.8758314Z file:/home/runner/work/julia-vscode-microprint-test/julia-vscode-microprint-test/.git/modules/scripts/packages/CodeTracking/config	remote.origin.url
2022-10-17T18:58:28.8761994Z Entering 'scripts/packages/CommonMark'
2022-10-17T18:58:28.8807636Z file:/home/runner/work/julia-vscode-microprint-test/julia-vscode-microprint-test/.git/modules/scripts/packages/CommonMark/config	remote.origin.url
2022-10-17T18:58:28.8812504Z Entering 'scripts/packages/Compat'
2022-10-17T18:58:28.8849894Z file:/home/runner/work/julia-vscode-microprint-test/julia-vscode-microprint-test/.git/modules/scripts/packages/Compat/config	remote.origin.url
2022-10-17T18:58:28.8853333Z Entering 'scripts/packages/CoverageTools'
2022-10-17T18:58:28.8891526Z file:/home/runner/work/julia-vscode-microprint-test/julia-vscode-microprint-test/.git/modules/scripts/packages/CoverageTools/config	remote.origin.url
2022-10-17T18:58:28.8897016Z Entering 'scripts/packages/Crayons'
2022-10-17T18:58:28.8934143Z file:/home/runner/work/julia-vscode-microprint-test/julia-vscode-microprint-test/.git/modules/scripts/packages/Crayons/config	remote.origin.url
2022-10-17T18:58:28.8937954Z Entering 'scripts/packages/DataStructures'
2022-10-17T18:58:28.8976523Z file:/home/runner/work/julia-vscode-microprint-test/julia-vscode-microprint-test/.git/modules/scripts/packages/DataStructures/config	remote.origin.url
2022-10-17T18:58:28.8980681Z Entering 'scripts/packages/DebugAdapter'
2022-10-17T18:58:28.9018334Z file:/home/runner/work/julia-vscode-microprint-test/julia-vscode-microprint-test/.git/modules/scripts/packages/DebugAdapter/config	remote.origin.url
2022-10-17T18:58:28.9023295Z Entering 'scripts/packages/FilePathsBase'
2022-10-17T18:58:28.9061816Z file:/home/runner/work/julia-vscode-microprint-test/julia-vscode-microprint-test/.git/modules/scripts/packages/FilePathsBase/config	remote.origin.url
2022-10-17T18:58:28.9066299Z Entering 'scripts/packages/IJuliaCore'
2022-10-17T18:58:28.9108400Z file:/home/runner/work/julia-vscode-microprint-test/julia-vscode-microprint-test/.git/modules/scripts/packages/IJuliaCore/config	remote.origin.url
2022-10-17T18:58:28.9113201Z Entering 'scripts/packages/JSON'
2022-10-17T18:58:28.9151198Z file:/home/runner/work/julia-vscode-microprint-test/julia-vscode-microprint-test/.git/modules/scripts/packages/JSON/config	remote.origin.url
2022-10-17T18:58:28.9155739Z Entering 'scripts/packages/JSONRPC'
2022-10-17T18:58:28.9192807Z file:/home/runner/work/julia-vscode-microprint-test/julia-vscode-microprint-test/.git/modules/scripts/packages/JSONRPC/config	remote.origin.url
2022-10-17T18:58:28.9197420Z Entering 'scripts/packages/JuliaFormatter'
2022-10-17T18:58:28.9236698Z file:/home/runner/work/julia-vscode-microprint-test/julia-vscode-microprint-test/.git/modules/scripts/packages/JuliaFormatter/config	remote.origin.url
2022-10-17T18:58:28.9240062Z Entering 'scripts/packages/JuliaInterpreter'
2022-10-17T18:58:28.9279681Z file:/home/runner/work/julia-vscode-microprint-test/julia-vscode-microprint-test/.git/modules/scripts/packages/JuliaInterpreter/config	remote.origin.url
2022-10-17T18:58:28.9282704Z Entering 'scripts/packages/LanguageServer'
2022-10-17T18:58:28.9323635Z file:/home/runner/work/julia-vscode-microprint-test/julia-vscode-microprint-test/.git/modules/scripts/packages/LanguageServer/config	remote.origin.url
2022-10-17T18:58:28.9327077Z Entering 'scripts/packages/LoweredCodeUtils'
2022-10-17T18:58:28.9363625Z file:/home/runner/work/julia-vscode-microprint-test/julia-vscode-microprint-test/.git/modules/scripts/packages/LoweredCodeUtils/config	remote.origin.url
2022-10-17T18:58:28.9367301Z Entering 'scripts/packages/OrderedCollections'
2022-10-17T18:58:28.9406100Z file:/home/runner/work/julia-vscode-microprint-test/julia-vscode-microprint-test/.git/modules/scripts/packages/OrderedCollections/config	remote.origin.url
2022-10-17T18:58:28.9409401Z Entering 'scripts/packages/PackageCompiler'
2022-10-17T18:58:28.9447532Z file:/home/runner/work/julia-vscode-microprint-test/julia-vscode-microprint-test/.git/modules/scripts/packages/PackageCompiler/config	remote.origin.url
2022-10-17T18:58:28.9452022Z Entering 'scripts/packages/Revise'
2022-10-17T18:58:28.9486749Z file:/home/runner/work/julia-vscode-microprint-test/julia-vscode-microprint-test/.git/modules/scripts/packages/Revise/config	remote.origin.url
2022-10-17T18:58:28.9490701Z Entering 'scripts/packages/StaticLint'
2022-10-17T18:58:28.9528467Z file:/home/runner/work/julia-vscode-microprint-test/julia-vscode-microprint-test/.git/modules/scripts/packages/StaticLint/config	remote.origin.url
2022-10-17T18:58:28.9532605Z Entering 'scripts/packages/SymbolServer'
2022-10-17T18:58:28.9570307Z file:/home/runner/work/julia-vscode-microprint-test/julia-vscode-microprint-test/.git/modules/scripts/packages/SymbolServer/config	remote.origin.url
2022-10-17T18:58:28.9574834Z Entering 'scripts/packages/TestEnv'
2022-10-17T18:58:28.9613593Z file:/home/runner/work/julia-vscode-microprint-test/julia-vscode-microprint-test/.git/modules/scripts/packages/TestEnv/config	remote.origin.url
2022-10-17T18:58:28.9616849Z Entering 'scripts/packages/TestItemDetection'
2022-10-17T18:58:28.9654334Z file:/home/runner/work/julia-vscode-microprint-test/julia-vscode-microprint-test/.git/modules/scripts/packages/TestItemDetection/config	remote.origin.url
2022-10-17T18:58:28.9657970Z Entering 'scripts/packages/Tokenize'
2022-10-17T18:58:28.9694450Z file:/home/runner/work/julia-vscode-microprint-test/julia-vscode-microprint-test/.git/modules/scripts/packages/Tokenize/config	remote.origin.url
2022-10-17T18:58:28.9698998Z Entering 'scripts/packages/URIParser'
2022-10-17T18:58:28.9762812Z file:/home/runner/work/julia-vscode-microprint-test/julia-vscode-microprint-test/.git/modules/scripts/packages/URIParser/config	remote.origin.url
2022-10-17T18:58:28.9767849Z Entering 'scripts/packages/URIs'
2022-10-17T18:58:28.9840712Z file:/home/runner/work/julia-vscode-microprint-test/julia-vscode-microprint-test/.git/modules/scripts/packages/URIs/config	remote.origin.url
2022-10-17T18:58:29.0071497Z [command]/usr/bin/git submodule foreach git config --local --add 'url.https://github.com/.insteadOf' 'git@github.com:'
2022-10-17T18:58:29.0398215Z Entering 'libs/jl-profile'
2022-10-17T18:58:29.0424753Z Entering 'scripts/packages-old/JuliaInterpreter'
2022-10-17T18:58:29.0453812Z Entering 'scripts/packages/CSTParser'
2022-10-17T18:58:29.0483116Z Entering 'scripts/packages/CodeTracking'
2022-10-17T18:58:29.0516174Z Entering 'scripts/packages/CommonMark'
2022-10-17T18:58:29.0543089Z Entering 'scripts/packages/Compat'
2022-10-17T18:58:29.0569858Z Entering 'scripts/packages/CoverageTools'
2022-10-17T18:58:29.0597062Z Entering 'scripts/packages/Crayons'
2022-10-17T18:58:29.0625784Z Entering 'scripts/packages/DataStructures'
2022-10-17T18:58:29.0662630Z Entering 'scripts/packages/DebugAdapter'
2022-10-17T18:58:29.0694557Z Entering 'scripts/packages/FilePathsBase'
2022-10-17T18:58:29.0757794Z Entering 'scripts/packages/IJuliaCore'
2022-10-17T18:58:29.0786294Z Entering 'scripts/packages/JSON'
2022-10-17T18:58:29.0819756Z Entering 'scripts/packages/JSONRPC'
2022-10-17T18:58:29.0847573Z Entering 'scripts/packages/JuliaFormatter'
2022-10-17T18:58:29.0876184Z Entering 'scripts/packages/JuliaInterpreter'
2022-10-17T18:58:29.0904576Z Entering 'scripts/packages/LanguageServer'
2022-10-17T18:58:29.0933361Z Entering 'scripts/packages/LoweredCodeUtils'
2022-10-17T18:58:29.0960459Z Entering 'scripts/packages/OrderedCollections'
2022-10-17T18:58:29.0988463Z Entering 'scripts/packages/PackageCompiler'
2022-10-17T18:58:29.1015026Z Entering 'scripts/packages/Revise'
2022-10-17T18:58:29.1042971Z Entering 'scripts/packages/StaticLint'
2022-10-17T18:58:29.1069367Z Entering 'scripts/packages/SymbolServer'
2022-10-17T18:58:29.1096341Z Entering 'scripts/packages/TestEnv'
2022-10-17T18:58:29.1125209Z Entering 'scripts/packages/TestItemDetection'
2022-10-17T18:58:29.1153248Z Entering 'scripts/packages/Tokenize'
2022-10-17T18:58:29.1179593Z Entering 'scripts/packages/URIParser'
2022-10-17T18:58:29.1218568Z Entering 'scripts/packages/URIs'
2022-10-17T18:58:29.1268708Z [command]/usr/bin/git submodule foreach git config --local --add 'url.https://github.com/.insteadOf' 'org-30818940@github.com:'
2022-10-17T18:58:29.1618743Z Entering 'libs/jl-profile'
2022-10-17T18:58:29.1687859Z Entering 'scripts/packages-old/JuliaInterpreter'
2022-10-17T18:58:29.1751862Z Entering 'scripts/packages/CSTParser'
2022-10-17T18:58:29.1800215Z Entering 'scripts/packages/CodeTracking'
2022-10-17T18:58:29.1855541Z Entering 'scripts/packages/CommonMark'
2022-10-17T18:58:29.1885014Z Entering 'scripts/packages/Compat'
2022-10-17T18:58:29.1926830Z Entering 'scripts/packages/CoverageTools'
2022-10-17T18:58:29.1959549Z Entering 'scripts/packages/Crayons'
2022-10-17T18:58:29.2000519Z Entering 'scripts/packages/DataStructures'
2022-10-17T18:58:29.2039748Z Entering 'scripts/packages/DebugAdapter'
2022-10-17T18:58:29.2079476Z Entering 'scripts/packages/FilePathsBase'
2022-10-17T18:58:29.2115331Z Entering 'scripts/packages/IJuliaCore'
2022-10-17T18:58:29.2151879Z Entering 'scripts/packages/JSON'
2022-10-17T18:58:29.2180651Z Entering 'scripts/packages/JSONRPC'
2022-10-17T18:58:29.2219947Z Entering 'scripts/packages/JuliaFormatter'
2022-10-17T18:58:29.2270090Z Entering 'scripts/packages/JuliaInterpreter'
2022-10-17T18:58:29.2314229Z Entering 'scripts/packages/LanguageServer'
2022-10-17T18:58:29.2348841Z Entering 'scripts/packages/LoweredCodeUtils'
2022-10-17T18:58:29.2391707Z Entering 'scripts/packages/OrderedCollections'
2022-10-17T18:58:29.2424380Z Entering 'scripts/packages/PackageCompiler'
2022-10-17T18:58:29.2512924Z Entering 'scripts/packages/Revise'
2022-10-17T18:58:29.2575235Z Entering 'scripts/packages/StaticLint'
2022-10-17T18:58:29.2603821Z Entering 'scripts/packages/SymbolServer'
2022-10-17T18:58:29.2632324Z Entering 'scripts/packages/TestEnv'
2022-10-17T18:58:29.2660400Z Entering 'scripts/packages/TestItemDetection'
2022-10-17T18:58:29.2688626Z Entering 'scripts/packages/Tokenize'
2022-10-17T18:58:29.2722287Z Entering 'scripts/packages/URIParser'
2022-10-17T18:58:29.2766386Z Entering 'scripts/packages/URIs'
2022-10-17T18:58:29.2830368Z ##[endgroup]
2022-10-17T18:58:29.2898312Z [command]/usr/bin/git log -1 --format='%H'
2022-10-17T18:58:29.2933959Z '47b98dda6322fe95424bd6daf0fa0c1ead253d2d'
2022-10-17T18:58:29.3255146Z ##[group]Run julia-actions/setup-julia@v1
2022-10-17T18:58:29.3255413Z with:
2022-10-17T18:58:29.3255596Z   version: 1.8
2022-10-17T18:58:29.3255768Z   arch: X64
2022-10-17T18:58:29.3255971Z   show-versioninfo: false
2022-10-17T18:58:29.3256172Z env:
2022-10-17T18:58:29.3256337Z   NODE_VERSION: 16
2022-10-17T18:58:29.3256532Z ##[endgroup]
2022-10-17T18:58:31.4034255Z [command]tar xf /home/runner/work/_temp/e3c23bff-8c48-42fe-9518-06a1b0c840ec --strip-components=1 -C julia-x64-1.8.2-FsWMo0
2022-10-17T18:58:38.7370651Z [command]julia --version
2022-10-17T18:58:38.7413597Z (node:2907) [DEP0147] DeprecationWarning: In future versions of Node.js, fs.rmdir(path, { recursive: true }) will be removed. Use fs.rm(path, { recursive: true }) instead
2022-10-17T18:58:38.7414618Z (Use `node --trace-deprecation ...` to show where the warning was created)
2022-10-17T18:58:38.7536060Z julia version 1.8.2
2022-10-17T18:58:38.7785728Z ##[group]Run julia -e 'using InteractiveUtils; versioninfo()'
2022-10-17T18:58:38.7786200Z [36;1mjulia -e 'using InteractiveUtils; versioninfo()'[0m
2022-10-17T18:58:38.7786645Z [36;1mjulia --project=./scripts/environments/languageserver/v1.8 -e 'using Pkg; Pkg.resolve()'[0m
2022-10-17T18:58:38.7787143Z [36;1mjulia --project=./scripts/environments/languageserver/v1.8 -e 'using Pkg; Pkg.test("CSTParser", coverage=true)'[0m
2022-10-17T18:58:38.7787943Z [36;1mjulia --project=./scripts/environments/languageserver/v1.8 -e 'using Pkg; Pkg.test("JSONRPC", coverage=true)'[0m
2022-10-17T18:58:38.7788572Z [36;1mjulia --project=./scripts/environments/languageserver/v1.8 -e 'using Pkg; Pkg.test("LanguageServer", coverage=true)'[0m
2022-10-17T18:58:38.7789089Z [36;1mjulia --project=./scripts/environments/languageserver/v1.8 -e 'using Pkg; Pkg.test("StaticLint", coverage=true)'[0m
2022-10-17T18:58:38.7789633Z [36;1mjulia --project=./scripts/environments/languageserver/v1.8 -e 'using Pkg; Pkg.test("SymbolServer", coverage=true)'[0m
2022-10-17T18:58:38.7790156Z [36;1mjulia --project=./scripts/testenvironments/debugadapter/v1.8 -e 'using Pkg; Pkg.test("DebugAdapter", coverage=true)'[0m
2022-10-17T18:58:38.7790690Z [36;1mjulia --project=./scripts/testenvironments/vscodedebugger/v1.8 -e 'using Pkg; Pkg.test("VSCodeDebugger", coverage=true)'[0m
2022-10-17T18:58:38.7791216Z [36;1mjulia --project=./scripts/testenvironments/vscodeserver/v1.8 -e 'using Pkg; Pkg.test("VSCodeServer", coverage=true)'[0m
2022-10-17T18:58:38.7854650Z shell: /usr/bin/bash --noprofile --norc -e -o pipefail {0}
2022-10-17T18:58:38.7854924Z env:
2022-10-17T18:58:38.7855132Z   NODE_VERSION: 16
2022-10-17T18:58:38.7855356Z ##[endgroup]
2022-10-17T18:58:40.0055039Z Julia Version 1.8.2
2022-10-17T18:58:40.0055969Z Commit 36034abf260 (2022-09-29 15:21 UTC)
2022-10-17T18:58:40.0056737Z Platform Info:
2022-10-17T18:58:40.0120489Z   OS: Linux (x86_64-linux-gnu)
2022-10-17T18:58:40.0223372Z   CPU: 2 × Intel(R) Xeon(R) CPU E5-2673 v3 @ 2.40GHz
2022-10-17T18:58:40.0231523Z   WORD_SIZE: 64
2022-10-17T18:58:40.0232008Z   LIBM: libopenlibm
2022-10-17T18:58:40.0331826Z   LLVM: libLLVM-13.0.1 (ORCJIT, haswell)
2022-10-17T18:58:40.0332450Z   Threads: 1 on 2 virtual cores
2022-10-17T18:58:41.4089450Z   No Changes to `~/work/julia-vscode-microprint-test/julia-vscode-microprint-test/scripts/environments/languageserver/v1.8/Project.toml`
2022-10-17T18:58:41.4336281Z   No Changes to `~/work/julia-vscode-microprint-test/julia-vscode-microprint-test/scripts/environments/languageserver/v1.8/Manifest.toml`
2022-10-17T18:58:42.4503284Z   Installing known registries into `~/.julia`
2022-10-17T18:58:48.2389477Z      Testing CSTParser
2022-10-17T18:58:49.8659140Z       Status `/tmp/jl_JzLDGU/Project.toml`
2022-10-17T18:58:49.8830115Z   [00ebfdb7] CSTParser v3.3.7-DEV `~/work/julia-vscode-microprint-test/julia-vscode-microprint-test/scripts/packages/CSTParser`
2022-10-17T18:58:49.8830939Z   [0796e94c] Tokenize v0.5.24 `~/work/julia-vscode-microprint-test/julia-vscode-microprint-test/scripts/packages/Tokenize`
2022-10-17T18:58:49.8831315Z   [8dfed614] Test `@stdlib/Test`
2022-10-17T18:58:49.9007748Z       Status `/tmp/jl_JzLDGU/Manifest.toml`
2022-10-17T18:58:49.9036582Z   [00ebfdb7] CSTParser v3.3.7-DEV `~/work/julia-vscode-microprint-test/julia-vscode-microprint-test/scripts/packages/CSTParser`
2022-10-17T18:58:49.9037463Z   [0796e94c] Tokenize v0.5.24 `~/work/julia-vscode-microprint-test/julia-vscode-microprint-test/scripts/packages/Tokenize`
2022-10-17T18:58:49.9037890Z   [2a0f44e3] Base64 `@stdlib/Base64`
2022-10-17T18:58:49.9038211Z   [b77e0a4c] InteractiveUtils `@stdlib/InteractiveUtils`
2022-10-17T18:58:49.9039183Z   [56ddb016] Logging `@stdlib/Logging`
2022-10-17T18:58:49.9039460Z   [d6f4376e] Markdown `@stdlib/Markdown`
2022-10-17T18:58:49.9039733Z   [9a3f8284] Random `@stdlib/Random`
2022-10-17T18:58:49.9039995Z   [ea8e919c] SHA v0.7.0 `@stdlib/SHA`
2022-10-17T18:58:49.9040280Z   [9e88b42a] Serialization `@stdlib/Serialization`
2022-10-17T18:58:49.9040982Z   [8dfed614] Test `@stdlib/Test`
2022-10-17T18:58:50.3418781Z Precompiling project...
2022-10-17T18:58:52.0796406Z [32m  ✓ [39mTokenize
2022-10-17T18:58:55.2156172Z [32m  ✓ [39mCSTParser
2022-10-17T18:58:55.2301968Z   2 dependencies successfully precompiled in 5 seconds
2022-10-17T18:58:55.2302632Z      Testing Running tests...
2022-10-17T18:59:55.1488434Z [ Info: checking check_err_parse against ../docs/make.jl
2022-10-17T18:59:55.3477144Z [ Info: checking check_err_parse against ../src/CSTParser.jl
2022-10-17T18:59:56.6969586Z [ Info: checking check_err_parse against ../src/conversion.jl
2022-10-17T18:59:58.2075247Z [ Info: checking check_err_parse against ../src/display.jl
2022-10-17T18:59:58.2443622Z [ Info: checking check_err_parse against ../src/interface.jl
2022-10-17T18:59:59.5621243Z [ Info: checking check_err_parse against ../src/iterate.jl
2022-10-17T19:00:07.6186660Z [ Info: checking check_err_parse against ../src/lexer.jl
2022-10-17T19:00:08.1398908Z [ Info: checking check_err_parse against ../src/precompile.jl
2022-10-17T19:00:08.6064770Z [ Info: checking check_err_parse against ../src/recovery.jl
2022-10-17T19:00:08.6479304Z [ Info: checking check_err_parse against ../src/spec.jl
2022-10-17T19:00:10.5654476Z [ Info: checking check_err_parse against ../src/utils.jl
2022-10-17T19:00:15.4829790Z [ Info: checking check_err_parse against ../src/components/internals.jl
2022-10-17T19:00:18.2396260Z [ Info: checking check_err_parse against ../src/components/keywords.jl
2022-10-17T19:00:20.9083321Z [ Info: checking check_err_parse against ../src/components/lists.jl
2022-10-17T19:00:22.6300673Z [ Info: checking check_err_parse against ../src/components/operators.jl
2022-10-17T19:00:35.5743668Z [ Info: checking check_err_parse against ../src/components/strings.jl
2022-10-17T19:00:37.6311386Z [ Info: checking check_err_parse against ../test/check_base.jl
2022-10-17T19:00:37.9114761Z [ Info: checking check_err_parse against ../test/display.jl
2022-10-17T19:00:37.9121588Z [ Info: checking check_err_parse against ../test/errparse.jl
2022-10-17T19:00:38.1528083Z [ Info: checking check_err_parse against ../test/interface.jl
2022-10-17T19:00:38.3634281Z [ Info: checking check_err_parse against ../test/iterate.jl
2022-10-17T19:00:52.0634064Z [ Info: checking check_err_parse against ../test/parser.jl
2022-10-17T19:01:13.4314852Z [ Info: checking check_err_parse against ../test/runtests.jl
2022-10-17T19:01:13.4334234Z [ Info: checking check_err_parse against ../test/spec.jl
2022-10-17T19:01:14.8429301Z [ Info: checking check_reparse against ../docs/make.jl
2022-10-17T19:01:14.9683506Z [ Info: checking check_reparse against ../src/CSTParser.jl
2022-10-17T19:01:14.9905917Z [ Info: checking check_reparse against ../src/conversion.jl
2022-10-17T19:01:15.0730334Z [ Info: checking check_reparse against ../src/display.jl
2022-10-17T19:01:15.0757668Z [ Info: checking check_reparse against ../src/interface.jl
2022-10-17T19:01:15.0862756Z [ Info: checking check_reparse against ../src/iterate.jl
2022-10-17T19:01:15.1055645Z [ Info: checking check_reparse against ../src/lexer.jl
2022-10-17T19:01:15.1370974Z [ Info: checking check_reparse against ../src/precompile.jl
2022-10-17T19:01:15.1418564Z [ Info: checking check_reparse against ../src/recovery.jl
2022-10-17T19:01:15.1449294Z [ Info: checking check_reparse against ../src/spec.jl
2022-10-17T19:01:15.1900523Z [ Info: checking check_reparse against ../src/utils.jl
2022-10-17T19:01:15.2085218Z [ Info: checking check_reparse against ../src/components/internals.jl
2022-10-17T19:01:15.2446614Z [ Info: checking check_reparse against ../src/components/keywords.jl
2022-10-17T19:01:15.2702891Z [ Info: checking check_reparse against ../src/components/lists.jl
2022-10-17T19:01:15.2875352Z [ Info: checking check_reparse against ../src/components/operators.jl
2022-10-17T19:01:15.3236306Z [ Info: checking check_reparse against ../src/components/strings.jl
2022-10-17T19:01:15.3421615Z [ Info: checking check_reparse against ../test/check_base.jl
2022-10-17T19:01:15.3462621Z [ Info: checking check_reparse against ../test/display.jl
2022-10-17T19:01:15.3464574Z [ Info: checking check_reparse against ../test/errparse.jl
2022-10-17T19:01:15.4844193Z [ Info: checking check_reparse against ../test/interface.jl
2022-10-17T19:01:15.5026415Z [ Info: checking check_reparse against ../test/iterate.jl
2022-10-17T19:01:15.5471272Z [ Info: checking check_reparse against ../test/parser.jl
2022-10-17T19:01:15.6801304Z [ Info: checking check_reparse against ../test/runtests.jl
2022-10-17T19:01:15.6804826Z [ Info: checking check_reparse against ../test/spec.jl
2022-10-17T19:01:15.7588273Z Test Summary: |  Pass  Broken  Total     Time
2022-10-17T19:01:15.7809952Z CSTParser     | 87088       2  87090  2m19.8s
2022-10-17T19:01:15.8144491Z      Testing CSTParser tests passed 
2022-10-17T19:01:17.5948732Z      Testing JSONRPC
2022-10-17T19:01:19.3037954Z       Status `/tmp/jl_2XlMxW/Project.toml`
2022-10-17T19:01:19.3204414Z   [682c06a0] JSON v0.20.1 `~/work/julia-vscode-microprint-test/julia-vscode-microprint-test/scripts/packages/JSON`
2022-10-17T19:01:19.3205475Z   [b9b8584e] JSONRPC v1.3.5-DEV `~/work/julia-vscode-microprint-test/julia-vscode-microprint-test/scripts/packages/JSONRPC`
2022-10-17T19:01:19.3205940Z   [6462fe0b] Sockets `@stdlib/Sockets`
2022-10-17T19:01:19.3206254Z   [8dfed614] Test `@stdlib/Test`
2022-10-17T19:01:19.3206557Z   [cf7118a7] UUIDs `@stdlib/UUIDs`
2022-10-17T19:01:19.3367492Z       Status `/tmp/jl_2XlMxW/Manifest.toml`
2022-10-17T19:01:19.3410858Z   [682c06a0] JSON v0.20.1 `~/work/julia-vscode-microprint-test/julia-vscode-microprint-test/scripts/packages/JSON`
2022-10-17T19:01:19.3411814Z   [b9b8584e] JSONRPC v1.3.5-DEV `~/work/julia-vscode-microprint-test/julia-vscode-microprint-test/scripts/packages/JSONRPC`
2022-10-17T19:01:19.3412329Z   [2a0f44e3] Base64 `@stdlib/Base64`
2022-10-17T19:01:19.3412664Z   [ade2ca70] Dates `@stdlib/Dates`
2022-10-17T19:01:19.3413054Z   [b77e0a4c] InteractiveUtils `@stdlib/InteractiveUtils`
2022-10-17T19:01:19.3413942Z   [56ddb016] Logging `@stdlib/Logging`
2022-10-17T19:01:19.3414301Z   [d6f4376e] Markdown `@stdlib/Markdown`
2022-10-17T19:01:19.3414755Z   [a63ad114] Mmap `@stdlib/Mmap`
2022-10-17T19:01:19.3415283Z   [de0858da] Printf `@stdlib/Printf`
2022-10-17T19:01:19.3415611Z   [9a3f8284] Random `@stdlib/Random`
2022-10-17T19:01:19.3415928Z   [ea8e919c] SHA v0.7.0 `@stdlib/SHA`
2022-10-17T19:01:19.3416386Z   [9e88b42a] Serialization `@stdlib/Serialization`
2022-10-17T19:01:19.3416751Z   [6462fe0b] Sockets `@stdlib/Sockets`
2022-10-17T19:01:19.3417080Z   [8dfed614] Test `@stdlib/Test`
2022-10-17T19:01:19.3417396Z   [cf7118a7] UUIDs `@stdlib/UUIDs`
2022-10-17T19:01:19.3417763Z   [4ec0a83e] Unicode `@stdlib/Unicode`
2022-10-17T19:01:19.7870257Z Precompiling project...
2022-10-17T19:01:20.5031104Z [32m  ✓ [39mJSON
2022-10-17T19:01:20.8507031Z [32m  ✓ [39mJSONRPC
2022-10-17T19:01:20.8649094Z   2 dependencies successfully precompiled in 2 seconds
2022-10-17T19:01:20.8649832Z      Testing Running tests...
2022-10-17T19:01:25.5839411Z Test Summary: | Pass  Total  Time
2022-10-17T19:01:25.6037894Z JSONRPC       |   39     39  3.8s
2022-10-17T19:01:25.6132861Z      Testing JSONRPC tests passed 
2022-10-17T19:01:27.4405408Z      Testing LanguageServer
2022-10-17T19:01:29.7738375Z       Status `/tmp/jl_1Vc5Zm/Project.toml`
2022-10-17T19:01:29.8038517Z   [00ebfdb7] CSTParser v3.3.7-DEV `~/work/julia-vscode-microprint-test/julia-vscode-microprint-test/scripts/packages/CSTParser`
2022-10-17T19:01:29.8039791Z   [682c06a0] JSON v0.20.1 `~/work/julia-vscode-microprint-test/julia-vscode-microprint-test/scripts/packages/JSON`
2022-10-17T19:01:29.8040936Z   [b9b8584e] JSONRPC v1.3.5-DEV `~/work/julia-vscode-microprint-test/julia-vscode-microprint-test/scripts/packages/JSONRPC`
2022-10-17T19:01:29.8043952Z   [98e50ef6] JuliaFormatter v1.0.10 `~/work/julia-vscode-microprint-test/julia-vscode-microprint-test/scripts/packages/JuliaFormatter`
2022-10-17T19:01:29.8045272Z   [2b0e0bc5] LanguageServer v4.3.2-DEV `~/work/julia-vscode-microprint-test/julia-vscode-microprint-test/scripts/packages/LanguageServer`
2022-10-17T19:01:29.8046323Z   [b3cc710f] StaticLint v8.1.1-DEV `~/work/julia-vscode-microprint-test/julia-vscode-microprint-test/scripts/packages/StaticLint`
2022-10-17T19:01:29.8047253Z   [cf896787] SymbolServer v7.2.2-DEV `~/work/julia-vscode-microprint-test/julia-vscode-microprint-test/scripts/packages/SymbolServer`
2022-10-17T19:01:29.8048259Z   [76b0de8b] TestItemDetection v0.1.2-DEV `~/work/julia-vscode-microprint-test/julia-vscode-microprint-test/scripts/packages/TestItemDetection`
2022-10-17T19:01:29.8048831Z   [f8b46487] TestItemRunner v0.2.1
2022-10-17T19:01:29.8049515Z   [0796e94c] Tokenize v0.5.24 `~/work/julia-vscode-microprint-test/julia-vscode-microprint-test/scripts/packages/Tokenize`
2022-10-17T19:01:29.8050339Z   [5c2747f8] URIs v1.4.0 `~/work/julia-vscode-microprint-test/julia-vscode-microprint-test/scripts/packages/URIs`
2022-10-17T19:01:29.8050839Z   [76f85450] LibGit2 `@stdlib/LibGit2`
2022-10-17T19:01:29.8051215Z   [d6f4376e] Markdown `@stdlib/Markdown`
2022-10-17T19:01:29.8051585Z   [44cfe95a] Pkg v1.8.0 `@stdlib/Pkg`
2022-10-17T19:01:29.8051941Z   [3fa0cd96] REPL `@stdlib/REPL`
2022-10-17T19:01:29.8052353Z   [ea8e919c] SHA v0.7.0 `@stdlib/SHA`
2022-10-17T19:01:29.8052759Z   [9e88b42a] Serialization `@stdlib/Serialization`
2022-10-17T19:01:29.8053132Z   [6462fe0b] Sockets `@stdlib/Sockets`
2022-10-17T19:01:29.8053492Z   [8dfed614] Test `@stdlib/Test`
2022-10-17T19:01:29.8053847Z   [cf7118a7] UUIDs `@stdlib/UUIDs`
2022-10-17T19:01:29.8232208Z       Status `/tmp/jl_1Vc5Zm/Manifest.toml`
2022-10-17T19:01:29.8435043Z   [00ebfdb7] CSTParser v3.3.7-DEV `~/work/julia-vscode-microprint-test/julia-vscode-microprint-test/scripts/packages/CSTParser`
2022-10-17T19:01:29.8436269Z   [a80b9123] CommonMark v0.8.6 `~/work/julia-vscode-microprint-test/julia-vscode-microprint-test/scripts/packages/CommonMark`
2022-10-17T19:01:29.8437574Z   [34da2185] Compat v3.43.0 `~/work/julia-vscode-microprint-test/julia-vscode-microprint-test/scripts/packages/Compat`
2022-10-17T19:01:29.8439041Z   [a8cc5b0e] Crayons v4.0.4 `~/work/julia-vscode-microprint-test/julia-vscode-microprint-test/scripts/packages/Crayons`
2022-10-17T19:01:29.8440403Z   [864edb3b] DataStructures v0.18.13 `~/work/julia-vscode-microprint-test/julia-vscode-microprint-test/scripts/packages/DataStructures`
2022-10-17T19:01:29.8441446Z   [682c06a0] JSON v0.20.1 `~/work/julia-vscode-microprint-test/julia-vscode-microprint-test/scripts/packages/JSON`
2022-10-17T19:01:29.8442676Z   [b9b8584e] JSONRPC v1.3.5-DEV `~/work/julia-vscode-microprint-test/julia-vscode-microprint-test/scripts/packages/JSONRPC`
2022-10-17T19:01:29.8443762Z   [98e50ef6] JuliaFormatter v1.0.10 `~/work/julia-vscode-microprint-test/julia-vscode-microprint-test/scripts/packages/JuliaFormatter`
2022-10-17T19:01:29.8445144Z   [2b0e0bc5] LanguageServer v4.3.2-DEV `~/work/julia-vscode-microprint-test/julia-vscode-microprint-test/scripts/packages/LanguageServer`
2022-10-17T19:01:29.8446232Z   [bac558e1] OrderedCollections v1.4.1 `~/work/julia-vscode-microprint-test/julia-vscode-microprint-test/scripts/packages/OrderedCollections`
2022-10-17T19:01:29.8447547Z   [b3cc710f] StaticLint v8.1.1-DEV `~/work/julia-vscode-microprint-test/julia-vscode-microprint-test/scripts/packages/StaticLint`
2022-10-17T19:01:29.8448574Z   [cf896787] SymbolServer v7.2.2-DEV `~/work/julia-vscode-microprint-test/julia-vscode-microprint-test/scripts/packages/SymbolServer`
2022-10-17T19:01:29.8449910Z   [76b0de8b] TestItemDetection v0.1.2-DEV `~/work/julia-vscode-microprint-test/julia-vscode-microprint-test/scripts/packages/TestItemDetection`
2022-10-17T19:01:29.8450613Z   [f8b46487] TestItemRunner v0.2.1
2022-10-17T19:01:29.8451331Z   [1c621080] TestItems v0.1.0
2022-10-17T19:01:29.8452165Z   [0796e94c] Tokenize v0.5.24 `~/work/julia-vscode-microprint-test/julia-vscode-microprint-test/scripts/packages/Tokenize`
2022-10-17T19:01:29.8453370Z   [5c2747f8] URIs v1.4.0 `~/work/julia-vscode-microprint-test/julia-vscode-microprint-test/scripts/packages/URIs`
2022-10-17T19:01:29.8454980Z   [0dad84c5] ArgTools v1.1.1 `@stdlib/ArgTools`
2022-10-17T19:01:29.8455295Z   [56f22d72] Artifacts `@stdlib/Artifacts`
2022-10-17T19:01:29.8455569Z   [2a0f44e3] Base64 `@stdlib/Base64`
2022-10-17T19:01:29.8455818Z   [ade2ca70] Dates `@stdlib/Dates`
2022-10-17T19:01:29.8456119Z   [8bb1440f] DelimitedFiles `@stdlib/DelimitedFiles`
2022-10-17T19:01:29.8456436Z   [8ba89e20] Distributed `@stdlib/Distributed`
2022-10-17T19:01:29.8456740Z   [f43a241f] Downloads v1.6.0 `@stdlib/Downloads`
2022-10-17T19:01:29.8457035Z   [7b1f6079] FileWatching `@stdlib/FileWatching`
2022-10-17T19:01:29.8457368Z   [b77e0a4c] InteractiveUtils `@stdlib/InteractiveUtils`
2022-10-17T19:01:29.8457683Z   [b27032c2] LibCURL v0.6.3 `@stdlib/LibCURL`
2022-10-17T19:01:29.8457941Z   [76f85450] LibGit2 `@stdlib/LibGit2`
2022-10-17T19:01:29.8458199Z   [8f399da3] Libdl `@stdlib/Libdl`
2022-10-17T19:01:29.8458490Z   [37e2e46d] LinearAlgebra `@stdlib/LinearAlgebra`
2022-10-17T19:01:29.8458768Z   [56ddb016] Logging `@stdlib/Logging`
2022-10-17T19:01:29.8459051Z   [d6f4376e] Markdown `@stdlib/Markdown`
2022-10-17T19:01:29.8459321Z   [a63ad114] Mmap `@stdlib/Mmap`
2022-10-17T19:01:29.8459615Z   [ca575930] NetworkOptions v1.2.0 `@stdlib/NetworkOptions`
2022-10-17T19:01:29.8459920Z   [44cfe95a] Pkg v1.8.0 `@stdlib/Pkg`
2022-10-17T19:01:29.8460190Z   [de0858da] Printf `@stdlib/Printf`
2022-10-17T19:01:29.8460444Z   [3fa0cd96] REPL `@stdlib/REPL`
2022-10-17T19:01:29.8460702Z   [9a3f8284] Random `@stdlib/Random`
2022-10-17T19:01:29.8460960Z   [ea8e919c] SHA v0.7.0 `@stdlib/SHA`
2022-10-17T19:01:29.8461247Z   [9e88b42a] Serialization `@stdlib/Serialization`
2022-10-17T19:01:29.8461550Z   [1a1011a3] SharedArrays `@stdlib/SharedArrays`
2022-10-17T19:01:29.8461832Z   [6462fe0b] Sockets `@stdlib/Sockets`
2022-10-17T19:01:29.8462124Z   [2f01184e] SparseArrays `@stdlib/SparseArrays`
2022-10-17T19:01:29.8462411Z   [10745b16] Statistics `@stdlib/Statistics`
2022-10-17T19:01:29.8462685Z   [fa267f1f] TOML v1.0.0 `@stdlib/TOML`
2022-10-17T19:01:29.8463052Z   [a4e569a6] Tar v1.10.1 `@stdlib/Tar`
2022-10-17T19:01:29.8463297Z   [8dfed614] Test `@stdlib/Test`
2022-10-17T19:01:29.8463553Z   [cf7118a7] UUIDs `@stdlib/UUIDs`
2022-10-17T19:01:29.8463816Z   [4ec0a83e] Unicode `@stdlib/Unicode`
2022-10-17T19:01:29.8464179Z   [e66e0078] CompilerSupportLibraries_jll v0.5.2+0 `@stdlib/CompilerSupportLibraries_jll`
2022-10-17T19:01:29.8464573Z   [deac9b47] LibCURL_jll v7.84.0+0 `@stdlib/LibCURL_jll`
2022-10-17T19:01:29.8464887Z   [29816b5a] LibSSH2_jll v1.10.2+0 `@stdlib/LibSSH2_jll`
2022-10-17T19:01:29.8465186Z   [c8ffd9c3] MbedTLS_jll v2.28.0+0 `@stdlib/MbedTLS_jll`
2022-10-17T19:01:29.8465531Z   [14a3606d] MozillaCACerts_jll v2022.2.1 `@stdlib/MozillaCACerts_jll`
2022-10-17T19:01:29.8465872Z   [4536629a] OpenBLAS_jll v0.3.20+0 `@stdlib/OpenBLAS_jll`
2022-10-17T19:01:29.8466173Z   [83775a58] Zlib_jll v1.2.12+3 `@stdlib/Zlib_jll`
2022-10-17T19:01:29.8466506Z   [8e850b90] libblastrampoline_jll v5.1.1+0 `@stdlib/libblastrampoline_jll`
2022-10-17T19:01:29.8466879Z   [8e850ede] nghttp2_jll v1.48.0+0 `@stdlib/nghttp2_jll`
2022-10-17T19:01:29.8467191Z   [3f19e933] p7zip_jll v17.4.0+0 `@stdlib/p7zip_jll`
2022-10-17T19:01:30.4398586Z Precompiling project...
2022-10-17T19:01:31.2643776Z [32m  ✓ [39mURIs
2022-10-17T19:01:31.5580559Z [32m  ✓ [39m[90mCompat[39m
2022-10-17T19:01:31.7528701Z [32m  ✓ [39m[90mCompilerSupportLibraries_jll[39m
2022-10-17T19:01:32.4174335Z [32m  ✓ [39m[90mOrderedCollections[39m
2022-10-17T19:01:32.4560370Z [32m  ✓ [39m[90mCrayons[39m
2022-10-17T19:01:32.8619363Z [32m  ✓ [39m[90mMbedTLS_jll[39m
2022-10-17T19:01:32.8635652Z [32m  ✓ [39m[90mZlib_jll[39m
2022-10-17T19:01:33.2896439Z [32m  ✓ [39m[90mTestItems[39m
2022-10-17T19:01:33.6208366Z [32m  ✓ [39mTestItemDetection
2022-10-17T19:01:33.8349726Z [32m  ✓ [39m[90mOpenBLAS_jll[39m
2022-10-17T19:01:36.8172429Z [32m  ✓ [39m[90mCommonMark[39m
2022-10-17T19:01:36.8945784Z [32m  ✓ [39m[90mDataStructures[39m
2022-10-17T19:01:37.3098678Z [32m  ✓ [39m[90mLibSSH2_jll[39m
2022-10-17T19:01:37.6928635Z [32m  ✓ [39m[90mlibblastrampoline_jll[39m
2022-10-17T19:01:43.4355906Z [32m  ✓ [39mJuliaFormatter
2022-10-17T19:01:43.5672731Z [32m  ✓ [39mTestItemRunner
2022-10-17T19:01:44.4140708Z [32m  ✓ [39mSymbolServer
2022-10-17T19:01:46.1548608Z [32m  ✓ [39mStaticLint
2022-10-17T19:01:49.5944822Z [32m  ✓ [39mLanguageServer
2022-10-17T19:01:49.6088955Z   19 dependencies successfully precompiled in 20 seconds. 4 already precompiled.
2022-10-17T19:01:49.6089693Z      Testing Running tests...
2022-10-17T19:02:54.7844563Z [ Info: Self-parse test
2022-10-17T19:02:54.8078874Z [ Info: skipping brute-force tests on CI
2022-10-17T19:04:08.8456133Z ERROR: InvalidStateException: Channel is closed.
2022-10-17T19:04:08.8456856Z Stacktrace:
2022-10-17T19:04:08.8474800Z  [1] try_yieldto(undo::typeof(Base.ensure_rescheduled))
2022-10-17T19:04:08.8550654Z    @ Base ./task.jl:871
2022-10-17T19:04:08.8550886Z  [2] wait()
2022-10-17T19:04:08.8551070Z    @ Base ./task.jl:931
2022-10-17T19:04:08.8551400Z  [3] wait(c::Base.GenericCondition{ReentrantLock})
2022-10-17T19:04:08.8551668Z    @ Base ./condition.jl:124
2022-10-17T19:04:08.8551891Z  [4] take_buffered(c::Channel{Any})
2022-10-17T19:04:08.8552119Z    @ Base ./channels.jl:416
2022-10-17T19:04:08.8552339Z  [5] take!
2022-10-17T19:04:08.8552525Z    @ ./channels.jl:410 [inlined]
2022-10-17T19:04:08.8552739Z  [6] get_next_message
2022-10-17T19:04:08.8553560Z    @ ~/work/julia-vscode-microprint-test/julia-vscode-microprint-test/scripts/packages/JSONRPC/src/core.jl:202 [inlined]
2022-10-17T19:04:08.8553928Z  [7] macro expansion
2022-10-17T19:04:08.8554480Z    @ ~/work/julia-vscode-microprint-test/julia-vscode-microprint-test/scripts/packages/LanguageServer/src/languageserverinstance.jl:288 [inlined]
2022-10-17T19:04:08.8554992Z  [8] (::LanguageServer.var"#111#114"{LanguageServer.LanguageServerInstance})()
2022-10-17T19:04:08.8555314Z    @ LanguageServer ./task.jl:484
2022-10-17T19:04:08.8555538Z [ Info: Processing Pkg...
2022-10-17T19:04:08.8556166Z [ Info: Shutting down server instance.
2022-10-17T19:04:09.7938481Z Test Summary: | Pass  Broken  Total     Time
2022-10-17T19:04:09.8145566Z Package       |  400      10    410  2m11.6s
2022-10-17T19:04:09.8943236Z      Testing LanguageServer tests passed 
2022-10-17T19:04:11.9700596Z      Testing StaticLint
2022-10-17T19:04:13.8613647Z       Status `/tmp/jl_Gkm41s/Project.toml`
2022-10-17T19:04:13.8822808Z   [00ebfdb7] CSTParser v3.3.7-DEV `~/work/julia-vscode-microprint-test/julia-vscode-microprint-test/scripts/packages/CSTParser`
2022-10-17T19:04:13.8825868Z   [b3cc710f] StaticLint v8.1.1-DEV `~/work/julia-vscode-microprint-test/julia-vscode-microprint-test/scripts/packages/StaticLint`
2022-10-17T19:04:13.8829283Z   [cf896787] SymbolServer v7.2.2-DEV `~/work/julia-vscode-microprint-test/julia-vscode-microprint-test/scripts/packages/SymbolServer`
2022-10-17T19:04:13.8831952Z   [76f85450] LibGit2 `@stdlib/LibGit2`
2022-10-17T19:04:13.8834179Z   [44cfe95a] Pkg v1.8.0 `@stdlib/Pkg`
2022-10-17T19:04:13.8836199Z   [ea8e919c] SHA v0.7.0 `@stdlib/SHA`
2022-10-17T19:04:13.8838281Z   [9e88b42a] Serialization `@stdlib/Serialization`
2022-10-17T19:04:13.8840203Z   [8dfed614] Test `@stdlib/Test`
2022-10-17T19:04:13.9032580Z       Status `/tmp/jl_Gkm41s/Manifest.toml`
2022-10-17T19:04:13.9145437Z   [00ebfdb7] CSTParser v3.3.7-DEV `~/work/julia-vscode-microprint-test/julia-vscode-microprint-test/scripts/packages/CSTParser`
2022-10-17T19:04:13.9148923Z   [b3cc710f] StaticLint v8.1.1-DEV `~/work/julia-vscode-microprint-test/julia-vscode-microprint-test/scripts/packages/StaticLint`
2022-10-17T19:04:13.9151828Z   [cf896787] SymbolServer v7.2.2-DEV `~/work/julia-vscode-microprint-test/julia-vscode-microprint-test/scripts/packages/SymbolServer`
2022-10-17T19:04:13.9154562Z   [0796e94c] Tokenize v0.5.24 `~/work/julia-vscode-microprint-test/julia-vscode-microprint-test/scripts/packages/Tokenize`
2022-10-17T19:04:13.9156896Z   [0dad84c5] ArgTools v1.1.1 `@stdlib/ArgTools`
2022-10-17T19:04:13.9158861Z   [56f22d72] Artifacts `@stdlib/Artifacts`
2022-10-17T19:04:13.9177989Z   [2a0f44e3] Base64 `@stdlib/Base64`
2022-10-17T19:04:13.9178608Z   [ade2ca70] Dates `@stdlib/Dates`
2022-10-17T19:04:13.9179169Z   [f43a241f] Downloads v1.6.0 `@stdlib/Downloads`
2022-10-17T19:04:13.9179831Z   [7b1f6079] FileWatching `@stdlib/FileWatching`
2022-10-17T19:04:13.9180259Z   [b77e0a4c] InteractiveUtils `@stdlib/InteractiveUtils`
2022-10-17T19:04:13.9180667Z   [b27032c2] LibCURL v0.6.3 `@stdlib/LibCURL`
2022-10-17T19:04:13.9181017Z   [76f85450] LibGit2 `@stdlib/LibGit2`
2022-10-17T19:04:13.9181363Z   [8f399da3] Libdl `@stdlib/Libdl`
2022-10-17T19:04:13.9181714Z   [56ddb016] Logging `@stdlib/Logging`
2022-10-17T19:04:13.9182062Z   [d6f4376e] Markdown `@stdlib/Markdown`
2022-10-17T19:04:13.9183541Z   [ca575930] NetworkOptions v1.2.0 `@stdlib/NetworkOptions`
2022-10-17T19:04:13.9184027Z   [44cfe95a] Pkg v1.8.0 `@stdlib/Pkg`
2022-10-17T19:04:13.9184392Z   [de0858da] Printf `@stdlib/Printf`
2022-10-17T19:04:13.9184733Z   [3fa0cd96] REPL `@stdlib/REPL`
2022-10-17T19:04:13.9185102Z   [9a3f8284] Random `@stdlib/Random`
2022-10-17T19:04:13.9185702Z   [ea8e919c] SHA v0.7.0 `@stdlib/SHA`
2022-10-17T19:04:13.9186128Z   [9e88b42a] Serialization `@stdlib/Serialization`
2022-10-17T19:04:13.9186515Z   [6462fe0b] Sockets `@stdlib/Sockets`
2022-10-17T19:04:13.9186873Z   [fa267f1f] TOML v1.0.0 `@stdlib/TOML`
2022-10-17T19:04:13.9187226Z   [a4e569a6] Tar v1.10.1 `@stdlib/Tar`
2022-10-17T19:04:13.9187795Z   [8dfed614] Test `@stdlib/Test`
2022-10-17T19:04:13.9188302Z   [cf7118a7] UUIDs `@stdlib/UUIDs`
2022-10-17T19:04:13.9188765Z   [4ec0a83e] Unicode `@stdlib/Unicode`
2022-10-17T19:04:13.9189135Z   [deac9b47] LibCURL_jll v7.84.0+0 `@stdlib/LibCURL_jll`
2022-10-17T19:04:13.9189545Z   [29816b5a] LibSSH2_jll v1.10.2+0 `@stdlib/LibSSH2_jll`
2022-10-17T19:04:13.9189942Z   [c8ffd9c3] MbedTLS_jll v2.28.0+0 `@stdlib/MbedTLS_jll`
2022-10-17T19:04:13.9190377Z   [14a3606d] MozillaCACerts_jll v2022.2.1 `@stdlib/MozillaCACerts_jll`
2022-10-17T19:04:13.9190781Z   [83775a58] Zlib_jll v1.2.12+3 `@stdlib/Zlib_jll`
2022-10-17T19:04:13.9191451Z   [8e850ede] nghttp2_jll v1.48.0+0 `@stdlib/nghttp2_jll`
2022-10-17T19:04:13.9192124Z   [3f19e933] p7zip_jll v17.4.0+0 `@stdlib/p7zip_jll`
2022-10-17T19:04:14.4978992Z      Testing Running tests...
2022-10-17T19:04:38.1200104Z Test Summary: | Pass  Total   Time
2022-10-17T19:04:38.1432355Z StaticLint    |  342    342  21.0s
2022-10-17T19:04:38.1477332Z Test Summary:                             | Pass  Total  Time
2022-10-17T19:04:38.1478245Z add eval method to modules/toplevel scope |    2      2  0.0s
2022-10-17T19:04:38.3330218Z Test Summary: | Pass  Total  Time
2022-10-17T19:04:38.3331139Z reparse       |    3      3  0.2s
2022-10-17T19:04:38.3365581Z Test Summary:               | Pass  Total  Time
2022-10-17T19:04:38.3366155Z duplicate function argument |    1      1  0.0s
2022-10-17T19:04:38.3410434Z Test Summary:       | Pass  Total  Time
2022-10-17T19:04:38.3411018Z type alias bindings |    2      2  0.0s
2022-10-17T19:04:38.3439786Z Test Summary:                       | Pass  Total  Time
2022-10-17T19:04:38.3440401Z :call w/ :parameters traverse order |    1      1  0.0s
2022-10-17T19:04:38.3469825Z Test Summary:                    | Pass  Total  Time
2022-10-17T19:04:38.3470528Z handle shadow bindings on method |    1      1  0.0s
2022-10-17T19:04:38.3544523Z Test Summary:               | Pass  Total  Time
2022-10-17T19:04:38.3545096Z documented symbol resolving |    2      2  0.0s
2022-10-17T19:04:38.4751090Z Test Summary:   | Pass  Total  Time
2022-10-17T19:04:38.4751850Z unused bindings |    6      6  0.1s
2022-10-17T19:04:38.4814148Z Test Summary: | Pass  Total  Time
2022-10-17T19:04:38.4814876Z unwrap sig    |    4      4  0.0s
2022-10-17T19:04:38.4855958Z Test Summary:    | Pass  Total  Time
2022-10-17T19:04:38.4856541Z clear .type refs |    2      2  0.0s
2022-10-17T19:04:38.4898083Z Test Summary:    | Pass  Total  Time
2022-10-17T19:04:38.4898665Z clear .type refs |    2      2  0.0s
2022-10-17T19:04:38.5169392Z Test Summary:         | Pass  Total  Time
2022-10-17T19:04:38.5170455Z type inference by use |    6      6  0.0s
2022-10-17T19:04:38.5356001Z Test Summary:           | Pass  Total  Time
2022-10-17T19:04:38.5356713Z loop iterator inference |    8      8  0.0s
2022-10-17T19:04:38.5394331Z Test Summary:   | Pass  Total  Time
2022-10-17T19:04:38.5394919Z Vector{T} infer |    1      1  0.0s
2022-10-17T19:04:38.5436155Z Test Summary:          | Pass  Total  Time
2022-10-17T19:04:38.5436767Z where type param infer |    2      2  0.0s
2022-10-17T19:04:38.5501890Z Test Summary:          | Pass  Total  Time
2022-10-17T19:04:38.5502491Z where type param infer |    4      4  0.0s
2022-10-17T19:04:38.5651947Z Test Summary: | Pass  Total  Time
2022-10-17T19:04:38.5652583Z softscope     |   12     12  0.0s
2022-10-17T19:04:38.5762973Z Test Summary: | Pass  Total  Time
2022-10-17T19:04:38.5763527Z #1218         |    4      4  0.0s
2022-10-17T19:04:38.5923847Z Test Summary: | Pass  Total  Time
2022-10-17T19:04:38.5924448Z import as ... |    2      2  0.0s
2022-10-17T19:04:38.5953865Z Test Summary: | Pass  Total  Time
2022-10-17T19:04:38.5954433Z #1218         |    1      1  0.0s
2022-10-17T19:04:38.5996185Z Test Summary:             | Pass  Total  Time
2022-10-17T19:04:38.5996860Z macrocall bindings: #2187 |    1      1  0.0s
2022-10-17T19:04:38.6097358Z Test Summary:        | Pass  Total  Time
2022-10-17T19:04:38.6097950Z aliased import: #974 |    2      2  0.0s
2022-10-17T19:04:38.8225989Z Test Summary: | Pass  Total  Time
2022-10-17T19:04:38.8226842Z kwarg refs    |   12     12  0.0s
2022-10-17T19:04:38.9647617Z Test Summary:                | Pass  Total  Time
2022-10-17T19:04:38.9648326Z iteration over 1:length(...) |   15     15  0.1s
2022-10-17T19:04:38.9692025Z Test Summary:                    | Pass  Total  Time
2022-10-17T19:04:38.9692663Z assigned but not used with loops |    2      2  0.0s
2022-10-17T19:04:38.9897518Z      Testing StaticLint tests passed 
2022-10-17T19:04:40.7699492Z      Testing SymbolServer
2022-10-17T19:04:42.3264373Z       Status `/tmp/jl_KRg09P/Project.toml`
2022-10-17T19:04:42.3473269Z   [cf896787] SymbolServer v7.2.2-DEV `~/work/julia-vscode-microprint-test/julia-vscode-microprint-test/scripts/packages/SymbolServer`
2022-10-17T19:04:42.3474153Z   [b77e0a4c] InteractiveUtils `@stdlib/InteractiveUtils`
2022-10-17T19:04:42.3474593Z   [76f85450] LibGit2 `@stdlib/LibGit2`
2022-10-17T19:04:42.3474994Z   [d6f4376e] Markdown `@stdlib/Markdown`
2022-10-17T19:04:42.3475408Z   [44cfe95a] Pkg v1.8.0 `@stdlib/Pkg`
2022-10-17T19:04:42.3475911Z   [3fa0cd96] REPL `@stdlib/REPL`
2022-10-17T19:04:42.3476291Z   [ea8e919c] SHA v0.7.0 `@stdlib/SHA`
2022-10-17T19:04:42.3476692Z   [9e88b42a] Serialization `@stdlib/Serialization`
2022-10-17T19:04:42.3477098Z   [6462fe0b] Sockets `@stdlib/Sockets`
2022-10-17T19:04:42.3477455Z   [8dfed614] Test `@stdlib/Test`
2022-10-17T19:04:42.3477872Z   [cf7118a7] UUIDs `@stdlib/UUIDs`
2022-10-17T19:04:42.3653414Z       Status `/tmp/jl_KRg09P/Manifest.toml`
2022-10-17T19:04:42.3739218Z   [cf896787] SymbolServer v7.2.2-DEV `~/work/julia-vscode-microprint-test/julia-vscode-microprint-test/scripts/packages/SymbolServer`
2022-10-17T19:04:42.3740171Z   [0dad84c5] ArgTools v1.1.1 `@stdlib/ArgTools`
2022-10-17T19:04:42.3742718Z   [56f22d72] Artifacts `@stdlib/Artifacts`
2022-10-17T19:04:42.3745391Z   [2a0f44e3] Base64 `@stdlib/Base64`
2022-10-17T19:04:42.3747252Z   [ade2ca70] Dates `@stdlib/Dates`
2022-10-17T19:04:42.3747899Z   [f43a241f] Downloads v1.6.0 `@stdlib/Downloads`
2022-10-17T19:04:42.3748395Z   [7b1f6079] FileWatching `@stdlib/FileWatching`
2022-10-17T19:04:42.3749076Z   [b77e0a4c] InteractiveUtils `@stdlib/InteractiveUtils`
2022-10-17T19:04:42.3803664Z   [b27032c2] LibCURL v0.6.3 `@stdlib/LibCURL`
2022-10-17T19:04:42.3803960Z   [76f85450] LibGit2 `@stdlib/LibGit2`
2022-10-17T19:04:42.3804210Z   [8f399da3] Libdl `@stdlib/Libdl`
2022-10-17T19:04:42.3804472Z   [56ddb016] Logging `@stdlib/Logging`
2022-10-17T19:04:42.3804743Z   [d6f4376e] Markdown `@stdlib/Markdown`
2022-10-17T19:04:42.3805051Z   [ca575930] NetworkOptions v1.2.0 `@stdlib/NetworkOptions`
2022-10-17T19:04:42.3805762Z   [44cfe95a] Pkg v1.8.0 `@stdlib/Pkg`
2022-10-17T19:04:42.3806042Z   [de0858da] Printf `@stdlib/Printf`
2022-10-17T19:04:42.3806284Z   [3fa0cd96] REPL `@stdlib/REPL`
2022-10-17T19:04:42.3806534Z   [9a3f8284] Random `@stdlib/Random`
2022-10-17T19:04:42.3806783Z   [ea8e919c] SHA v0.7.0 `@stdlib/SHA`
2022-10-17T19:04:42.3807048Z   [9e88b42a] Serialization `@stdlib/Serialization`
2022-10-17T19:04:42.3807326Z   [6462fe0b] Sockets `@stdlib/Sockets`
2022-10-17T19:04:42.3807577Z   [fa267f1f] TOML v1.0.0 `@stdlib/TOML`
2022-10-17T19:04:42.3807825Z   [a4e569a6] Tar v1.10.1 `@stdlib/Tar`
2022-10-17T19:04:42.3808054Z   [8dfed614] Test `@stdlib/Test`
2022-10-17T19:04:42.3808294Z   [cf7118a7] UUIDs `@stdlib/UUIDs`
2022-10-17T19:04:42.3808774Z   [4ec0a83e] Unicode `@stdlib/Unicode`
2022-10-17T19:04:42.3809061Z   [deac9b47] LibCURL_jll v7.84.0+0 `@stdlib/LibCURL_jll`
2022-10-17T19:04:42.3809379Z   [29816b5a] LibSSH2_jll v1.10.2+0 `@stdlib/LibSSH2_jll`
2022-10-17T19:04:42.3809703Z   [c8ffd9c3] MbedTLS_jll v2.28.0+0 `@stdlib/MbedTLS_jll`
2022-10-17T19:04:42.3810034Z   [14a3606d] MozillaCACerts_jll v2022.2.1 `@stdlib/MozillaCACerts_jll`
2022-10-17T19:04:42.3810361Z   [83775a58] Zlib_jll v1.2.12+3 `@stdlib/Zlib_jll`
2022-10-17T19:04:42.3810671Z   [8e850ede] nghttp2_jll v1.48.0+0 `@stdlib/nghttp2_jll`
2022-10-17T19:04:42.3810974Z   [3f19e933] p7zip_jll v17.4.0+0 `@stdlib/p7zip_jll`
2022-10-17T19:04:43.0035507Z      Testing Running tests...
2022-10-17T19:04:54.0437914Z ┌ Warning: The active manifest file is an older format with no julia version entry. Dependencies may have been resolved with a different julia version.
2022-10-17T19:04:54.0439045Z └ @ /tmp/jl_HXl0Pq/Manifest.toml:0
2022-10-17T19:04:54.4648642Z    Installed IteratorInterfaceExtensions ─ v1.0.0
2022-10-17T19:04:55.0379399Z Precompiling project...
2022-10-17T19:04:55.3255922Z [32m  ✓ [39mIteratorInterfaceExtensions
2022-10-17T19:04:55.3394248Z   1 dependency successfully precompiled in 1 seconds
2022-10-17T19:04:55.3395768Z   [91m1[39m dependency errored. To see a full report either run `import Pkg; Pkg.precompile()` or load the package
2022-10-17T19:05:10.0696371Z ┌ Warning: TableTraits not stored on disc
2022-10-17T19:05:10.0697564Z └ @ SymbolServer ~/work/julia-vscode-microprint-test/julia-vscode-microprint-test/scripts/packages/SymbolServer/src/SymbolServer.jl:247
2022-10-17T19:05:10.1618161Z Test Summary: | Pass  Total   Time
2022-10-17T19:05:10.1848756Z SymbolServer  | 8054   8054  24.6s
2022-10-17T19:05:10.8485376Z Test Summary: | Pass  Total  Time
2022-10-17T19:05:10.8486395Z TypeofVararg  |   30     30  0.5s
2022-10-17T19:05:10.9528412Z Test Summary: | Pass  Total  Time
2022-10-17T19:05:10.9529124Z Pipe names    |    3      3  0.1s
2022-10-17T19:05:10.9563419Z Test Summary: | Pass  Total  Time
2022-10-17T19:05:10.9564066Z Intrinsics`   |    1      1  0.0s
2022-10-17T19:05:10.9711628Z      Testing SymbolServer tests passed 
2022-10-17T19:05:12.8307072Z      Testing DebugAdapter
2022-10-17T19:05:14.6051904Z       Status `/tmp/jl_RYN2hN/Project.toml`
2022-10-17T19:05:14.6233711Z   [17994d07] DebugAdapter v1.0.1-DEV `~/work/julia-vscode-microprint-test/julia-vscode-microprint-test/scripts/packages/DebugAdapter`
2022-10-17T19:05:14.6234840Z   [682c06a0] JSON v0.20.1 `~/work/julia-vscode-microprint-test/julia-vscode-microprint-test/scripts/packages/JSON`
2022-10-17T19:05:14.6236234Z   [b9b8584e] JSONRPC v1.3.5-DEV `~/work/julia-vscode-microprint-test/julia-vscode-microprint-test/scripts/packages/JSONRPC`
2022-10-17T19:05:14.6237380Z   [aa1ae85d] JuliaInterpreter v0.9.15 `~/work/julia-vscode-microprint-test/julia-vscode-microprint-test/scripts/packages/JuliaInterpreter`
2022-10-17T19:05:14.6286552Z   [2a0f44e3] Base64 `@stdlib/Base64`
2022-10-17T19:05:14.6286800Z   [6462fe0b] Sockets `@stdlib/Sockets`
2022-10-17T19:05:14.6287039Z   [8dfed614] Test `@stdlib/Test`
2022-10-17T19:05:14.6287275Z   [cf7118a7] UUIDs `@stdlib/UUIDs`
2022-10-17T19:05:14.6420589Z       Status `/tmp/jl_RYN2hN/Manifest.toml`
2022-10-17T19:05:14.6483873Z   [da1fd8a2] CodeTracking v1.1.0 `~/work/julia-vscode-microprint-test/julia-vscode-microprint-test/scripts/packages/CodeTracking`
2022-10-17T19:05:14.6484633Z   [17994d07] DebugAdapter v1.0.1-DEV `~/work/julia-vscode-microprint-test/julia-vscode-microprint-test/scripts/packages/DebugAdapter`
2022-10-17T19:05:14.6485280Z   [682c06a0] JSON v0.20.1 `~/work/julia-vscode-microprint-test/julia-vscode-microprint-test/scripts/packages/JSON`
2022-10-17T19:05:14.6485920Z   [b9b8584e] JSONRPC v1.3.5-DEV `~/work/julia-vscode-microprint-test/julia-vscode-microprint-test/scripts/packages/JSONRPC`
2022-10-17T19:05:14.6486596Z   [aa1ae85d] JuliaInterpreter v0.9.15 `~/work/julia-vscode-microprint-test/julia-vscode-microprint-test/scripts/packages/JuliaInterpreter`
2022-10-17T19:05:14.6486995Z   [2a0f44e3] Base64 `@stdlib/Base64`
2022-10-17T19:05:14.6487232Z   [ade2ca70] Dates `@stdlib/Dates`
2022-10-17T19:05:14.6487494Z   [b77e0a4c] InteractiveUtils `@stdlib/InteractiveUtils`
2022-10-17T19:05:14.6487771Z   [56ddb016] Logging `@stdlib/Logging`
2022-10-17T19:05:14.6488019Z   [d6f4376e] Markdown `@stdlib/Markdown`
2022-10-17T19:05:14.6488242Z   [a63ad114] Mmap `@stdlib/Mmap`
2022-10-17T19:05:14.6488476Z   [de0858da] Printf `@stdlib/Printf`
2022-10-17T19:05:14.6488833Z   [9a3f8284] Random `@stdlib/Random`
2022-10-17T19:05:14.6489065Z   [ea8e919c] SHA v0.7.0 `@stdlib/SHA`
2022-10-17T19:05:14.6489343Z   [9e88b42a] Serialization `@stdlib/Serialization`
2022-10-17T19:05:14.6489619Z   [6462fe0b] Sockets `@stdlib/Sockets`
2022-10-17T19:05:14.6489863Z   [8dfed614] Test `@stdlib/Test`
2022-10-17T19:05:14.6490091Z   [cf7118a7] UUIDs `@stdlib/UUIDs`
2022-10-17T19:05:14.6490342Z   [4ec0a83e] Unicode `@stdlib/Unicode`
2022-10-17T19:05:15.1769139Z Precompiling project...
2022-10-17T19:05:15.7517806Z [32m  ✓ [39m[90mCodeTracking[39m
2022-10-17T19:05:21.5632973Z [32m  ✓ [39mJuliaInterpreter
2022-10-17T19:05:23.0494056Z [32m  ✓ [39mDebugAdapter
2022-10-17T19:05:23.0651603Z   3 dependencies successfully precompiled in 8 seconds. 2 already precompiled.
2022-10-17T19:05:23.0653653Z      Testing Running tests...
2022-10-17T19:05:23.7822387Z Test Summary: |Time
2022-10-17T19:05:23.8030439Z DebugAdapter  | None  0.0s
2022-10-17T19:05:23.8114747Z      Testing DebugAdapter tests passed 
2022-10-17T19:05:25.5926352Z      Testing VSCodeDebugger
2022-10-17T19:05:27.0746576Z       Status `/tmp/jl_Sx4Tpf/Project.toml`
2022-10-17T19:05:27.0776037Z   [a80fdaa1] VSCodeDebugger v0.1.0 `~/work/julia-vscode-microprint-test/julia-vscode-microprint-test/scripts/packages/VSCodeDebugger`
2022-10-17T19:05:27.0776821Z   [2a0f44e3] Base64 `@stdlib/Base64`
2022-10-17T19:05:27.0777521Z   [ade2ca70] Dates `@stdlib/Dates`
2022-10-17T19:05:27.0777959Z   [b77e0a4c] InteractiveUtils `@stdlib/InteractiveUtils`
2022-10-17T19:05:27.0778372Z   [a63ad114] Mmap `@stdlib/Mmap`
2022-10-17T19:05:27.0778753Z   [3fa0cd96] REPL `@stdlib/REPL`
2022-10-17T19:05:27.0779245Z   [9a3f8284] Random `@stdlib/Random`
2022-10-17T19:05:27.0779691Z   [6462fe0b] Sockets `@stdlib/Sockets`
2022-10-17T19:05:27.0780171Z   [8dfed614] Test `@stdlib/Test`
2022-10-17T19:05:27.0780575Z   [cf7118a7] UUIDs `@stdlib/UUIDs`
2022-10-17T19:05:27.0780980Z   [4ec0a83e] Unicode `@stdlib/Unicode`
2022-10-17T19:05:27.0966534Z       Status `/tmp/jl_Sx4Tpf/Manifest.toml`
2022-10-17T19:05:27.1034767Z   [a80fdaa1] VSCodeDebugger v0.1.0 `~/work/julia-vscode-microprint-test/julia-vscode-microprint-test/scripts/packages/VSCodeDebugger`
2022-10-17T19:05:27.1035883Z   [2a0f44e3] Base64 `@stdlib/Base64`
2022-10-17T19:05:27.1037412Z   [ade2ca70] Dates `@stdlib/Dates`
2022-10-17T19:05:27.1037881Z   [b77e0a4c] InteractiveUtils `@stdlib/InteractiveUtils`
2022-10-17T19:05:27.1038339Z   [56ddb016] Logging `@stdlib/Logging`
2022-10-17T19:05:27.1038761Z   [d6f4376e] Markdown `@stdlib/Markdown`
2022-10-17T19:05:27.1039141Z   [a63ad114] Mmap `@stdlib/Mmap`
2022-10-17T19:05:27.1039747Z   [de0858da] Printf `@stdlib/Printf`
2022-10-17T19:05:27.1040184Z   [3fa0cd96] REPL `@stdlib/REPL`
2022-10-17T19:05:27.1040636Z   [9a3f8284] Random `@stdlib/Random`
2022-10-17T19:05:27.1041574Z   [ea8e919c] SHA v0.7.0 `@stdlib/SHA`
2022-10-17T19:05:27.1042184Z   [9e88b42a] Serialization `@stdlib/Serialization`
2022-10-17T19:05:27.1043287Z   [6462fe0b] Sockets `@stdlib/Sockets`
2022-10-17T19:05:27.1044099Z   [8dfed614] Test `@stdlib/Test`
2022-10-17T19:05:27.1044615Z   [cf7118a7] UUIDs `@stdlib/UUIDs`
2022-10-17T19:05:27.1045170Z   [4ec0a83e] Unicode `@stdlib/Unicode`
2022-10-17T19:05:27.6198437Z Precompiling project...
2022-10-17T19:05:35.4807179Z [32m  ✓ [39mVSCodeDebugger
2022-10-17T19:05:35.4957294Z   1 dependency successfully precompiled in 8 seconds
2022-10-17T19:05:35.4957861Z      Testing Running tests...
2022-10-17T19:05:35.9204654Z Test Summary:  |Time
2022-10-17T19:05:35.9410730Z VSCodeDebugger | None  0.0s
2022-10-17T19:05:35.9481100Z      Testing VSCodeDebugger tests passed 
2022-10-17T19:05:37.7027464Z      Testing VSCodeServer
2022-10-17T19:05:39.3346311Z       Status `/tmp/jl_Zr32dp/Project.toml`
2022-10-17T19:05:39.3390599Z   [9f5989ce] VSCodeServer v0.0.0 `~/work/julia-vscode-microprint-test/julia-vscode-microprint-test/scripts/packages/VSCodeServer`
2022-10-17T19:05:39.3391465Z   [2a0f44e3] Base64 `@stdlib/Base64`
2022-10-17T19:05:39.3441236Z   [ade2ca70] Dates `@stdlib/Dates`
2022-10-17T19:05:39.3441553Z   [b77e0a4c] InteractiveUtils `@stdlib/InteractiveUtils`
2022-10-17T19:05:39.3441845Z   [56ddb016] Logging `@stdlib/Logging`
2022-10-17T19:05:39.3442096Z   [d6f4376e] Markdown `@stdlib/Markdown`
2022-10-17T19:05:39.3442352Z   [a63ad114] Mmap `@stdlib/Mmap`
2022-10-17T19:05:39.3442602Z   [44cfe95a] Pkg v1.8.0 `@stdlib/Pkg`
2022-10-17T19:05:39.3442848Z   [de0858da] Printf `@stdlib/Printf`
2022-10-17T19:05:39.3443108Z   [9abbd945] Profile `@stdlib/Profile`
2022-10-17T19:05:39.3443364Z   [3fa0cd96] REPL `@stdlib/REPL`
2022-10-17T19:05:39.3443608Z   [9a3f8284] Random `@stdlib/Random`
2022-10-17T19:05:39.3443842Z   [6462fe0b] Sockets `@stdlib/Sockets`
2022-10-17T19:05:39.3444087Z   [8dfed614] Test `@stdlib/Test`
2022-10-17T19:05:39.3444685Z   [cf7118a7] UUIDs `@stdlib/UUIDs`
2022-10-17T19:05:39.3444923Z   [4ec0a83e] Unicode `@stdlib/Unicode`
2022-10-17T19:05:39.3565524Z       Status `/tmp/jl_Zr32dp/Manifest.toml`
2022-10-17T19:05:39.3666394Z   [9f5989ce] VSCodeServer v0.0.0 `~/work/julia-vscode-microprint-test/julia-vscode-microprint-test/scripts/packages/VSCodeServer`
2022-10-17T19:05:39.3666849Z   [0dad84c5] ArgTools v1.1.1 `@stdlib/ArgTools`
2022-10-17T19:05:39.3667125Z   [56f22d72] Artifacts `@stdlib/Artifacts`
2022-10-17T19:05:39.3667370Z   [2a0f44e3] Base64 `@stdlib/Base64`
2022-10-17T19:05:39.3667877Z   [ade2ca70] Dates `@stdlib/Dates`
2022-10-17T19:05:39.3668155Z   [f43a241f] Downloads v1.6.0 `@stdlib/Downloads`
2022-10-17T19:05:39.3668444Z   [7b1f6079] FileWatching `@stdlib/FileWatching`
2022-10-17T19:05:39.3668745Z   [b77e0a4c] InteractiveUtils `@stdlib/InteractiveUtils`
2022-10-17T19:05:39.3669043Z   [b27032c2] LibCURL v0.6.3 `@stdlib/LibCURL`
2022-10-17T19:05:39.3669409Z   [76f85450] LibGit2 `@stdlib/LibGit2`
2022-10-17T19:05:39.3669660Z   [8f399da3] Libdl `@stdlib/Libdl`
2022-10-17T19:05:39.3669919Z   [56ddb016] Logging `@stdlib/Logging`
2022-10-17T19:05:39.3670184Z   [d6f4376e] Markdown `@stdlib/Markdown`
2022-10-17T19:05:39.3670430Z   [a63ad114] Mmap `@stdlib/Mmap`
2022-10-17T19:05:39.3670728Z   [ca575930] NetworkOptions v1.2.0 `@stdlib/NetworkOptions`
2022-10-17T19:05:39.3671025Z   [44cfe95a] Pkg v1.8.0 `@stdlib/Pkg`
2022-10-17T19:05:39.3671275Z   [de0858da] Printf `@stdlib/Printf`
2022-10-17T19:05:39.3671541Z   [9abbd945] Profile `@stdlib/Profile`
2022-10-17T19:05:39.3671911Z   [3fa0cd96] REPL `@stdlib/REPL`
2022-10-17T19:05:39.3672141Z   [9a3f8284] Random `@stdlib/Random`
2022-10-17T19:05:39.3672383Z   [ea8e919c] SHA v0.7.0 `@stdlib/SHA`
2022-10-17T19:05:39.3672655Z   [9e88b42a] Serialization `@stdlib/Serialization`
2022-10-17T19:05:39.3672915Z   [6462fe0b] Sockets `@stdlib/Sockets`
2022-10-17T19:05:39.3673164Z   [fa267f1f] TOML v1.0.0 `@stdlib/TOML`
2022-10-17T19:05:39.3673410Z   [a4e569a6] Tar v1.10.1 `@stdlib/Tar`
2022-10-17T19:05:39.3673651Z   [8dfed614] Test `@stdlib/Test`
2022-10-17T19:05:39.3674214Z   [cf7118a7] UUIDs `@stdlib/UUIDs`
2022-10-17T19:05:39.3674465Z   [4ec0a83e] Unicode `@stdlib/Unicode`
2022-10-17T19:05:39.3674727Z   [deac9b47] LibCURL_jll v7.84.0+0 `@stdlib/LibCURL_jll`
2022-10-17T19:05:39.3674989Z   [29816b5a] LibSSH2_jll v1.10.2+0 `@stdlib/LibSSH2_jll`
2022-10-17T19:05:39.3675389Z   [c8ffd9c3] MbedTLS_jll v2.28.0+0 `@stdlib/MbedTLS_jll`
2022-10-17T19:05:39.3675713Z   [14a3606d] MozillaCACerts_jll v2022.2.1 `@stdlib/MozillaCACerts_jll`
2022-10-17T19:05:39.3676010Z   [83775a58] Zlib_jll v1.2.12+3 `@stdlib/Zlib_jll`
2022-10-17T19:05:39.3676296Z   [8e850ede] nghttp2_jll v1.48.0+0 `@stdlib/nghttp2_jll`
2022-10-17T19:05:39.3676589Z   [3f19e933] p7zip_jll v17.4.0+0 `@stdlib/p7zip_jll`
2022-10-17T19:05:39.8087583Z Precompiling project...
2022-10-17T19:05:49.6913976Z [32m  ✓ [39mVSCodeServer
2022-10-17T19:05:49.7078358Z   1 dependency successfully precompiled in 10 seconds. 3 already precompiled.
2022-10-17T19:05:49.7079052Z      Testing Running tests...
2022-10-17T19:05:50.1393304Z Test Summary: |Time
2022-10-17T19:05:50.1583658Z VSCodeServer  | None  0.0s
2022-10-17T19:05:50.1654341Z      Testing VSCodeServer tests passed 
2022-10-17T19:05:50.1846658Z Post job cleanup.
2022-10-17T19:05:50.3281997Z [command]/usr/bin/git version
2022-10-17T19:05:50.3336654Z git version 2.37.3
2022-10-17T19:05:50.3389465Z Temporarily overriding HOME='/home/runner/work/_temp/e1fe2b53-5463-4efa-af78-9d5883a5fa8d' before making global git config changes
2022-10-17T19:05:50.3390450Z Adding repository directory to the temporary git global config as a safe directory
2022-10-17T19:05:50.3395945Z [command]/usr/bin/git config --global --add safe.directory /home/runner/work/julia-vscode-microprint-test/julia-vscode-microprint-test
2022-10-17T19:05:50.3440125Z [command]/usr/bin/git config --local --name-only --get-regexp core\.sshCommand
2022-10-17T19:05:50.3481601Z [command]/usr/bin/git submodule foreach --recursive git config --local --name-only --get-regexp 'core\.sshCommand' && git config --local --unset-all 'core.sshCommand' || :
2022-10-17T19:05:50.3713758Z Entering 'libs/jl-profile'
2022-10-17T19:05:50.3757462Z Entering 'scripts/packages-old/JuliaInterpreter'
2022-10-17T19:05:50.3819001Z Entering 'scripts/packages/CSTParser'
2022-10-17T19:05:50.3833802Z Entering 'scripts/packages/CodeTracking'
2022-10-17T19:05:50.3900131Z Entering 'scripts/packages/CommonMark'
2022-10-17T19:05:50.3943583Z Entering 'scripts/packages/Compat'
2022-10-17T19:05:50.3984226Z Entering 'scripts/packages/CoverageTools'
2022-10-17T19:05:50.4024517Z Entering 'scripts/packages/Crayons'
2022-10-17T19:05:50.4068315Z Entering 'scripts/packages/DataStructures'
2022-10-17T19:05:50.4110943Z Entering 'scripts/packages/DebugAdapter'
2022-10-17T19:05:50.4149619Z Entering 'scripts/packages/FilePathsBase'
2022-10-17T19:05:50.4190795Z Entering 'scripts/packages/IJuliaCore'
2022-10-17T19:05:50.4232568Z Entering 'scripts/packages/JSON'
2022-10-17T19:05:50.4277754Z Entering 'scripts/packages/JSONRPC'
2022-10-17T19:05:50.4317271Z Entering 'scripts/packages/JuliaFormatter'
2022-10-17T19:05:50.4359346Z Entering 'scripts/packages/JuliaInterpreter'
2022-10-17T19:05:50.4400978Z Entering 'scripts/packages/LanguageServer'
2022-10-17T19:05:50.4440463Z Entering 'scripts/packages/LoweredCodeUtils'
2022-10-17T19:05:50.4482694Z Entering 'scripts/packages/OrderedCollections'
2022-10-17T19:05:50.4523033Z Entering 'scripts/packages/PackageCompiler'
2022-10-17T19:05:50.4564825Z Entering 'scripts/packages/Revise'
2022-10-17T19:05:50.4605069Z Entering 'scripts/packages/StaticLint'
2022-10-17T19:05:50.4644544Z Entering 'scripts/packages/SymbolServer'
2022-10-17T19:05:50.4686208Z Entering 'scripts/packages/TestEnv'
2022-10-17T19:05:50.4725805Z Entering 'scripts/packages/TestItemDetection'
2022-10-17T19:05:50.4764419Z Entering 'scripts/packages/Tokenize'
2022-10-17T19:05:50.4804242Z Entering 'scripts/packages/URIParser'
2022-10-17T19:05:50.4843119Z Entering 'scripts/packages/URIs'
2022-10-17T19:05:50.4925385Z [command]/usr/bin/git config --local --name-only --get-regexp http\.https\:\/\/github\.com\/\.extraheader
2022-10-17T19:05:50.4947456Z http.https://github.com/.extraheader
2022-10-17T19:05:50.4958963Z [command]/usr/bin/git config --local --unset-all http.https://github.com/.extraheader
2022-10-17T19:05:50.5003205Z [command]/usr/bin/git submodule foreach --recursive git config --local --name-only --get-regexp 'http\.https\:\/\/github\.com\/\.extraheader' && git config --local --unset-all 'http.https://github.com/.extraheader' || :
2022-10-17T19:05:50.5240252Z Entering 'libs/jl-profile'
2022-10-17T19:05:50.5260485Z http.https://github.com/.extraheader
2022-10-17T19:05:50.5298050Z Entering 'scripts/packages-old/JuliaInterpreter'
2022-10-17T19:05:50.5319309Z http.https://github.com/.extraheader
2022-10-17T19:05:50.5356007Z Entering 'scripts/packages/CSTParser'
2022-10-17T19:05:50.5377380Z http.https://github.com/.extraheader
2022-10-17T19:05:50.5414316Z Entering 'scripts/packages/CodeTracking'
2022-10-17T19:05:50.5434484Z http.https://github.com/.extraheader
2022-10-17T19:05:50.5473430Z Entering 'scripts/packages/CommonMark'
2022-10-17T19:05:50.5496419Z http.https://github.com/.extraheader
2022-10-17T19:05:50.5533509Z Entering 'scripts/packages/Compat'
2022-10-17T19:05:50.5553994Z http.https://github.com/.extraheader
2022-10-17T19:05:50.5591043Z Entering 'scripts/packages/CoverageTools'
2022-10-17T19:05:50.5611649Z http.https://github.com/.extraheader
2022-10-17T19:05:50.5651446Z Entering 'scripts/packages/Crayons'
2022-10-17T19:05:50.5677041Z http.https://github.com/.extraheader
2022-10-17T19:05:50.5715789Z Entering 'scripts/packages/DataStructures'
2022-10-17T19:05:50.5738019Z http.https://github.com/.extraheader
2022-10-17T19:05:50.5777059Z Entering 'scripts/packages/DebugAdapter'
2022-10-17T19:05:50.5799784Z http.https://github.com/.extraheader
2022-10-17T19:05:50.5839358Z Entering 'scripts/packages/FilePathsBase'
2022-10-17T19:05:50.5860430Z http.https://github.com/.extraheader
2022-10-17T19:05:50.5929171Z Entering 'scripts/packages/IJuliaCore'
2022-10-17T19:05:50.5953400Z http.https://github.com/.extraheader
2022-10-17T19:05:50.5992444Z Entering 'scripts/packages/JSON'
2022-10-17T19:05:50.6014672Z http.https://github.com/.extraheader
2022-10-17T19:05:50.6053811Z Entering 'scripts/packages/JSONRPC'
2022-10-17T19:05:50.6079534Z http.https://github.com/.extraheader
2022-10-17T19:05:50.6117977Z Entering 'scripts/packages/JuliaFormatter'
2022-10-17T19:05:50.6139822Z http.https://github.com/.extraheader
2022-10-17T19:05:50.6179024Z Entering 'scripts/packages/JuliaInterpreter'
2022-10-17T19:05:50.6200998Z http.https://github.com/.extraheader
2022-10-17T19:05:50.6270513Z Entering 'scripts/packages/LanguageServer'
2022-10-17T19:05:50.6299920Z http.https://github.com/.extraheader
2022-10-17T19:05:50.6335534Z Entering 'scripts/packages/LoweredCodeUtils'
2022-10-17T19:05:50.6369498Z http.https://github.com/.extraheader
2022-10-17T19:05:50.6399068Z Entering 'scripts/packages/OrderedCollections'
2022-10-17T19:05:50.6432545Z http.https://github.com/.extraheader
2022-10-17T19:05:50.6464870Z Entering 'scripts/packages/PackageCompiler'
2022-10-17T19:05:50.6487878Z http.https://github.com/.extraheader
2022-10-17T19:05:50.6542948Z Entering 'scripts/packages/Revise'
2022-10-17T19:05:50.6564981Z http.https://github.com/.extraheader
2022-10-17T19:05:50.6602932Z Entering 'scripts/packages/StaticLint'
2022-10-17T19:05:50.6624714Z http.https://github.com/.extraheader
2022-10-17T19:05:50.6673509Z Entering 'scripts/packages/SymbolServer'
2022-10-17T19:05:50.6687881Z http.https://github.com/.extraheader
2022-10-17T19:05:50.6770627Z Entering 'scripts/packages/TestEnv'
2022-10-17T19:05:50.6792386Z http.https://github.com/.extraheader
2022-10-17T19:05:50.6830885Z Entering 'scripts/packages/TestItemDetection'
2022-10-17T19:05:50.6852318Z http.https://github.com/.extraheader
2022-10-17T19:05:50.6892240Z Entering 'scripts/packages/Tokenize'
2022-10-17T19:05:50.6930386Z http.https://github.com/.extraheader
2022-10-17T19:05:50.6969469Z Entering 'scripts/packages/URIParser'
2022-10-17T19:05:50.6990311Z http.https://github.com/.extraheader
2022-10-17T19:05:50.7030634Z Entering 'scripts/packages/URIs'
2022-10-17T19:05:50.7052221Z http.https://github.com/.extraheader
2022-10-17T19:05:50.7360814Z Cleaning up orphan processes
