2022-12-12T11:05:43.8095420Z Requested labels: ubuntu-latest
2022-12-12T11:05:43.8095449Z Job defined at: AlphaSteam/julia-vscode-microprint-test/.github/workflows/main.yml@refs/heads/master
2022-12-12T11:05:43.8095467Z Waiting for a runner to pick up this job...
2022-12-12T11:05:46.5079127Z Job is waiting for a hosted runner to come online.
2022-12-12T11:05:48.4890489Z Job is about to start running on the hosted runner: GitHub Actions 8 (hosted)
2022-12-12T11:05:52.0309098Z Current runner version: '2.299.1'
2022-12-12T11:05:52.0335155Z ##[group]Operating System
2022-12-12T11:05:52.0335688Z Ubuntu
2022-12-12T11:05:52.0335922Z 22.04.1
2022-12-12T11:05:52.0336182Z LTS
2022-12-12T11:05:52.0336415Z ##[endgroup]
2022-12-12T11:05:52.0336752Z ##[group]Runner Image
2022-12-12T11:05:52.0337077Z Image: ubuntu-22.04
2022-12-12T11:05:52.0337388Z Version: 20221204.2
2022-12-12T11:05:52.0337827Z Included Software: https://github.com/actions/runner-images/blob/ubuntu22/20221204.2/images/linux/Ubuntu2204-Readme.md
2022-12-12T11:05:52.0338428Z Image Release: https://github.com/actions/runner-images/releases/tag/ubuntu22%2F20221204.2
2022-12-12T11:05:52.0338859Z ##[endgroup]
2022-12-12T11:05:52.0339147Z ##[group]Runner Image Provisioner
2022-12-12T11:05:52.0339455Z 2.0.91.1
2022-12-12T11:05:52.0339719Z ##[endgroup]
2022-12-12T11:05:52.0340604Z ##[group]GITHUB_TOKEN Permissions
2022-12-12T11:05:52.0341227Z Actions: write
2022-12-12T11:05:52.0341475Z Checks: write
2022-12-12T11:05:52.0341899Z Contents: write
2022-12-12T11:05:52.0342254Z Deployments: write
2022-12-12T11:05:52.0342553Z Discussions: write
2022-12-12T11:05:52.0342844Z Issues: write
2022-12-12T11:05:52.0343083Z Metadata: read
2022-12-12T11:05:52.0343398Z Packages: write
2022-12-12T11:05:52.0343701Z Pages: write
2022-12-12T11:05:52.0343951Z PullRequests: write
2022-12-12T11:05:52.0344280Z RepositoryProjects: write
2022-12-12T11:05:52.0344609Z SecurityEvents: write
2022-12-12T11:05:52.0344905Z Statuses: write
2022-12-12T11:05:52.0345188Z ##[endgroup]
2022-12-12T11:05:52.0348929Z Secret source: Actions
2022-12-12T11:05:52.0349333Z Prepare workflow directory
2022-12-12T11:05:52.1380943Z Prepare all required actions
2022-12-12T11:05:52.1566213Z Getting action download info
2022-12-12T11:05:52.3545876Z Download action repository 'actions/checkout@v2' (SHA:e2f20e631ae6d7dd3b768f56a5d2af784dd54791)
2022-12-12T11:05:52.8962426Z Download action repository 'julia-actions/setup-julia@v1' (SHA:b315a4d9881690c63d53fc0175b150a3776140bd)
2022-12-12T11:05:53.5444230Z ##[group]Run actions/checkout@v2
2022-12-12T11:05:53.5444725Z with:
2022-12-12T11:05:53.5444979Z   submodules: true
2022-12-12T11:05:53.5445384Z   repository: AlphaSteam/julia-vscode-microprint-test
2022-12-12T11:05:53.5446060Z   token: ***
2022-12-12T11:05:53.5446412Z   ssh-strict: true
2022-12-12T11:05:53.5446705Z   persist-credentials: true
2022-12-12T11:05:53.5447034Z   clean: true
2022-12-12T11:05:53.5447333Z   fetch-depth: 1
2022-12-12T11:05:53.5447581Z   lfs: false
2022-12-12T11:05:53.5447934Z   set-safe-directory: true
2022-12-12T11:05:53.5448245Z env:
2022-12-12T11:05:53.5448494Z   NODE_VERSION: 16
2022-12-12T11:05:53.5448791Z ##[endgroup]
2022-12-12T11:05:53.7768781Z Syncing repository: AlphaSteam/julia-vscode-microprint-test
2022-12-12T11:05:53.7770896Z ##[group]Getting Git version info
2022-12-12T11:05:53.7771606Z Working directory is '/home/runner/work/julia-vscode-microprint-test/julia-vscode-microprint-test'
2022-12-12T11:05:53.7772541Z [command]/usr/bin/git version
2022-12-12T11:05:53.7863075Z git version 2.38.1
2022-12-12T11:05:53.7885562Z ##[endgroup]
2022-12-12T11:05:53.7903395Z Temporarily overriding HOME='/home/runner/work/_temp/6c49d6fd-c2b4-4bd9-94ec-0b98d5e72822' before making global git config changes
2022-12-12T11:05:53.7904464Z Adding repository directory to the temporary git global config as a safe directory
2022-12-12T11:05:53.7910505Z [command]/usr/bin/git config --global --add safe.directory /home/runner/work/julia-vscode-microprint-test/julia-vscode-microprint-test
2022-12-12T11:05:53.7956733Z Deleting the contents of '/home/runner/work/julia-vscode-microprint-test/julia-vscode-microprint-test'
2022-12-12T11:05:53.7962895Z ##[group]Initializing the repository
2022-12-12T11:05:53.7967993Z [command]/usr/bin/git init /home/runner/work/julia-vscode-microprint-test/julia-vscode-microprint-test
2022-12-12T11:05:53.8023387Z hint: Using 'master' as the name for the initial branch. This default branch name
2022-12-12T11:05:53.8024422Z hint: is subject to change. To configure the initial branch name to use in all
2022-12-12T11:05:53.8025327Z hint: of your new repositories, which will suppress this warning, call:
2022-12-12T11:05:53.8026315Z hint: 
2022-12-12T11:05:53.8027044Z hint: 	git config --global init.defaultBranch <name>
2022-12-12T11:05:53.8027377Z hint: 
2022-12-12T11:05:53.8027829Z hint: Names commonly chosen instead of 'master' are 'main', 'trunk' and
2022-12-12T11:05:53.8028426Z hint: 'development'. The just-created branch can be renamed via this command:
2022-12-12T11:05:53.8028817Z hint: 
2022-12-12T11:05:53.8029155Z hint: 	git branch -m <name>
2022-12-12T11:05:53.8039720Z Initialized empty Git repository in /home/runner/work/julia-vscode-microprint-test/julia-vscode-microprint-test/.git/
2022-12-12T11:05:53.8051484Z [command]/usr/bin/git remote add origin https://github.com/AlphaSteam/julia-vscode-microprint-test
2022-12-12T11:05:53.8096735Z ##[endgroup]
2022-12-12T11:05:53.8097291Z ##[group]Disabling automatic garbage collection
2022-12-12T11:05:53.8104114Z [command]/usr/bin/git config --local gc.auto 0
2022-12-12T11:05:53.8132038Z ##[endgroup]
2022-12-12T11:05:53.8132893Z ##[group]Setting up auth
2022-12-12T11:05:53.8139373Z [command]/usr/bin/git config --local --name-only --get-regexp core\.sshCommand
2022-12-12T11:05:53.8170731Z [command]/usr/bin/git submodule foreach --recursive git config --local --name-only --get-regexp 'core\.sshCommand' && git config --local --unset-all 'core.sshCommand' || :
2022-12-12T11:05:53.8487338Z [command]/usr/bin/git config --local --name-only --get-regexp http\.https\:\/\/github\.com\/\.extraheader
2022-12-12T11:05:53.8511979Z [command]/usr/bin/git submodule foreach --recursive git config --local --name-only --get-regexp 'http\.https\:\/\/github\.com\/\.extraheader' && git config --local --unset-all 'http.https://github.com/.extraheader' || :
2022-12-12T11:05:53.8757486Z [command]/usr/bin/git config --local http.https://github.com/.extraheader AUTHORIZATION: basic ***
2022-12-12T11:05:53.8801540Z ##[endgroup]
2022-12-12T11:05:53.8802955Z ##[group]Fetching the repository
2022-12-12T11:05:53.8810268Z [command]/usr/bin/git -c protocol.version=2 fetch --no-tags --prune --progress --no-recurse-submodules --depth=1 origin +d600368978a7de1cfcc087dd9d372db332a0b649:refs/remotes/origin/master
2022-12-12T11:05:54.1768548Z remote: Enumerating objects: 364, done.        
2022-12-12T11:05:54.1769186Z remote: Counting objects:   0% (1/364)        
2022-12-12T11:05:54.1770491Z remote: Counting objects:   1% (4/364)        
2022-12-12T11:05:54.1771019Z remote: Counting objects:   2% (8/364)        
2022-12-12T11:05:54.1775375Z remote: Counting objects:   3% (11/364)        
2022-12-12T11:05:54.1776043Z remote: Counting objects:   4% (15/364)        
2022-12-12T11:05:54.1776498Z remote: Counting objects:   5% (19/364)        
2022-12-12T11:05:54.1777189Z remote: Counting objects:   6% (22/364)        
2022-12-12T11:05:54.1777721Z remote: Counting objects:   7% (26/364)        
2022-12-12T11:05:54.1778272Z remote: Counting objects:   8% (30/364)        
2022-12-12T11:05:54.1778680Z remote: Counting objects:   9% (33/364)        
2022-12-12T11:05:54.1779429Z remote: Counting objects:  10% (37/364)        
2022-12-12T11:05:54.1779988Z remote: Counting objects:  11% (41/364)        
2022-12-12T11:05:54.1780645Z remote: Counting objects:  12% (44/364)        
2022-12-12T11:05:54.1781057Z remote: Counting objects:  13% (48/364)        
2022-12-12T11:05:54.1781522Z remote: Counting objects:  14% (51/364)        
2022-12-12T11:05:54.1800685Z remote: Counting objects:  15% (55/364)        
2022-12-12T11:05:54.1801330Z remote: Counting objects:  16% (59/364)        
2022-12-12T11:05:54.1802609Z remote: Counting objects:  17% (62/364)        
2022-12-12T11:05:54.1803159Z remote: Counting objects:  18% (66/364)        
2022-12-12T11:05:54.1804288Z remote: Counting objects:  19% (70/364)        
2022-12-12T11:05:54.1804780Z remote: Counting objects:  20% (73/364)        
2022-12-12T11:05:54.1805674Z remote: Counting objects:  21% (77/364)        
2022-12-12T11:05:54.1806225Z remote: Counting objects:  22% (81/364)        
2022-12-12T11:05:54.1807411Z remote: Counting objects:  23% (84/364)        
2022-12-12T11:05:54.1807928Z remote: Counting objects:  24% (88/364)        
2022-12-12T11:05:54.1808884Z remote: Counting objects:  25% (91/364)        
2022-12-12T11:05:54.1809349Z remote: Counting objects:  26% (95/364)        
2022-12-12T11:05:54.1810279Z remote: Counting objects:  27% (99/364)        
2022-12-12T11:05:54.1810900Z remote: Counting objects:  28% (102/364)        
2022-12-12T11:05:54.1811828Z remote: Counting objects:  29% (106/364)        
2022-12-12T11:05:54.1812310Z remote: Counting objects:  30% (110/364)        
2022-12-12T11:05:54.1813221Z remote: Counting objects:  31% (113/364)        
2022-12-12T11:05:54.2013594Z remote: Counting objects:  32% (117/364)        
2022-12-12T11:05:54.2066330Z remote: Counting objects:  33% (121/364)        
2022-12-12T11:05:54.2066656Z remote: Counting objects:  34% (124/364)        
2022-12-12T11:05:54.2066926Z remote: Counting objects:  35% (128/364)        
2022-12-12T11:05:54.2067169Z remote: Counting objects:  36% (132/364)        
2022-12-12T11:05:54.2067412Z remote: Counting objects:  37% (135/364)        
2022-12-12T11:05:54.2067659Z remote: Counting objects:  38% (139/364)        
2022-12-12T11:05:54.2067889Z remote: Counting objects:  39% (142/364)        
2022-12-12T11:05:54.2068120Z remote: Counting objects:  40% (146/364)        
2022-12-12T11:05:54.2068361Z remote: Counting objects:  41% (150/364)        
2022-12-12T11:05:54.2068585Z remote: Counting objects:  42% (153/364)        
2022-12-12T11:05:54.2068814Z remote: Counting objects:  43% (157/364)        
2022-12-12T11:05:54.2069047Z remote: Counting objects:  44% (161/364)        
2022-12-12T11:05:54.2069269Z remote: Counting objects:  45% (164/364)        
2022-12-12T11:05:54.2069512Z remote: Counting objects:  46% (168/364)        
2022-12-12T11:05:54.2069742Z remote: Counting objects:  47% (172/364)        
2022-12-12T11:05:54.2070233Z remote: Counting objects:  48% (175/364)        
2022-12-12T11:05:54.2070469Z remote: Counting objects:  49% (179/364)        
2022-12-12T11:05:54.2070701Z remote: Counting objects:  50% (182/364)        
2022-12-12T11:05:54.2070938Z remote: Counting objects:  51% (186/364)        
2022-12-12T11:05:54.2071162Z remote: Counting objects:  52% (190/364)        
2022-12-12T11:05:54.2071394Z remote: Counting objects:  53% (193/364)        
2022-12-12T11:05:54.2071624Z remote: Counting objects:  54% (197/364)        
2022-12-12T11:05:54.2071850Z remote: Counting objects:  55% (201/364)        
2022-12-12T11:05:54.2072078Z remote: Counting objects:  56% (204/364)        
2022-12-12T11:05:54.2072320Z remote: Counting objects:  57% (208/364)        
2022-12-12T11:05:54.2072540Z remote: Counting objects:  58% (212/364)        
2022-12-12T11:05:54.2072771Z remote: Counting objects:  59% (215/364)        
2022-12-12T11:05:54.2073004Z remote: Counting objects:  60% (219/364)        
2022-12-12T11:05:54.2073238Z remote: Counting objects:  61% (223/364)        
2022-12-12T11:05:54.2073468Z remote: Counting objects:  62% (226/364)        
2022-12-12T11:05:54.2073705Z remote: Counting objects:  63% (230/364)        
2022-12-12T11:05:54.2073938Z remote: Counting objects:  64% (233/364)        
2022-12-12T11:05:54.2074163Z remote: Counting objects:  65% (237/364)        
2022-12-12T11:05:54.2074395Z remote: Counting objects:  66% (241/364)        
2022-12-12T11:05:54.2074636Z remote: Counting objects:  67% (244/364)        
2022-12-12T11:05:54.2075209Z remote: Counting objects:  68% (248/364)        
2022-12-12T11:05:54.2075438Z remote: Counting objects:  69% (252/364)        
2022-12-12T11:05:54.2075676Z remote: Counting objects:  70% (255/364)        
2022-12-12T11:05:54.2075910Z remote: Counting objects:  71% (259/364)        
2022-12-12T11:05:54.2076135Z remote: Counting objects:  72% (263/364)        
2022-12-12T11:05:54.2076373Z remote: Counting objects:  73% (266/364)        
2022-12-12T11:05:54.2076611Z remote: Counting objects:  74% (270/364)        
2022-12-12T11:05:54.2076938Z remote: Counting objects:  75% (273/364)        
2022-12-12T11:05:54.2077163Z remote: Counting objects:  76% (277/364)        
2022-12-12T11:05:54.2077393Z remote: Counting objects:  77% (281/364)        
2022-12-12T11:05:54.2077625Z remote: Counting objects:  78% (284/364)        
2022-12-12T11:05:54.2077851Z remote: Counting objects:  79% (288/364)        
2022-12-12T11:05:54.2078091Z remote: Counting objects:  80% (292/364)        
2022-12-12T11:05:54.2078325Z remote: Counting objects:  81% (295/364)        
2022-12-12T11:05:54.2078549Z remote: Counting objects:  82% (299/364)        
2022-12-12T11:05:54.2078780Z remote: Counting objects:  83% (303/364)        
2022-12-12T11:05:54.2079009Z remote: Counting objects:  84% (306/364)        
2022-12-12T11:05:54.2079234Z remote: Counting objects:  85% (310/364)        
2022-12-12T11:05:54.2079472Z remote: Counting objects:  86% (314/364)        
2022-12-12T11:05:54.2079704Z remote: Counting objects:  87% (317/364)        
2022-12-12T11:05:54.2079933Z remote: Counting objects:  88% (321/364)        
2022-12-12T11:05:54.2080162Z remote: Counting objects:  89% (324/364)        
2022-12-12T11:05:54.2080394Z remote: Counting objects:  90% (328/364)        
2022-12-12T11:05:54.2080628Z remote: Counting objects:  91% (332/364)        
2022-12-12T11:05:54.2080851Z remote: Counting objects:  92% (335/364)        
2022-12-12T11:05:54.2081076Z remote: Counting objects:  93% (339/364)        
2022-12-12T11:05:54.2081305Z remote: Counting objects:  94% (343/364)        
2022-12-12T11:05:54.2081526Z remote: Counting objects:  95% (346/364)        
2022-12-12T11:05:54.2081755Z remote: Counting objects:  96% (350/364)        
2022-12-12T11:05:54.2081985Z remote: Counting objects:  97% (354/364)        
2022-12-12T11:05:54.2082215Z remote: Counting objects:  98% (357/364)        
2022-12-12T11:05:54.2082434Z remote: Counting objects:  99% (361/364)        
2022-12-12T11:05:54.2082713Z remote: Counting objects: 100% (364/364)        
2022-12-12T11:05:54.2082968Z remote: Counting objects: 100% (364/364), done.        
2022-12-12T11:05:54.2278729Z remote: Compressing objects:   0% (1/306)        
2022-12-12T11:05:54.2280215Z remote: Compressing objects:   1% (4/306)        
2022-12-12T11:05:54.2280943Z remote: Compressing objects:   2% (7/306)        
2022-12-12T11:05:54.2281743Z remote: Compressing objects:   3% (10/306)        
2022-12-12T11:05:54.2282239Z remote: Compressing objects:   4% (13/306)        
2022-12-12T11:05:54.2282921Z remote: Compressing objects:   5% (16/306)        
2022-12-12T11:05:54.2283513Z remote: Compressing objects:   6% (19/306)        
2022-12-12T11:05:54.2284183Z remote: Compressing objects:   7% (22/306)        
2022-12-12T11:05:54.2284873Z remote: Compressing objects:   8% (25/306)        
2022-12-12T11:05:54.2285643Z remote: Compressing objects:   9% (28/306)        
2022-12-12T11:05:54.2286386Z remote: Compressing objects:  10% (31/306)        
2022-12-12T11:05:54.2286996Z remote: Compressing objects:  11% (34/306)        
2022-12-12T11:05:54.2287789Z remote: Compressing objects:  12% (37/306)        
2022-12-12T11:05:54.2288555Z remote: Compressing objects:  13% (40/306)        
2022-12-12T11:05:54.2289235Z remote: Compressing objects:  14% (43/306)        
2022-12-12T11:05:54.2290002Z remote: Compressing objects:  15% (46/306)        
2022-12-12T11:05:54.2290704Z remote: Compressing objects:  16% (49/306)        
2022-12-12T11:05:54.2291437Z remote: Compressing objects:  17% (53/306)        
2022-12-12T11:05:54.2292054Z remote: Compressing objects:  18% (56/306)        
2022-12-12T11:05:54.2292784Z remote: Compressing objects:  19% (59/306)        
2022-12-12T11:05:54.2293451Z remote: Compressing objects:  20% (62/306)        
2022-12-12T11:05:54.2294207Z remote: Compressing objects:  21% (65/306)        
2022-12-12T11:05:54.2294871Z remote: Compressing objects:  22% (68/306)        
2022-12-12T11:05:54.3234445Z remote: Compressing objects:  23% (71/306)        
2022-12-12T11:05:54.3796924Z remote: Compressing objects:  24% (74/306)        
2022-12-12T11:05:54.3797594Z remote: Compressing objects:  25% (77/306)        
2022-12-12T11:05:54.3807347Z remote: Compressing objects:  26% (80/306)        
2022-12-12T11:05:54.3807949Z remote: Compressing objects:  27% (83/306)        
2022-12-12T11:05:54.3810301Z remote: Compressing objects:  28% (86/306)        
2022-12-12T11:05:54.3811571Z remote: Compressing objects:  29% (89/306)        
2022-12-12T11:05:54.3818435Z remote: Compressing objects:  30% (92/306)        
2022-12-12T11:05:54.3820083Z remote: Compressing objects:  31% (95/306)        
2022-12-12T11:05:54.3820538Z remote: Compressing objects:  32% (98/306)        
2022-12-12T11:05:54.3822497Z remote: Compressing objects:  33% (101/306)        
2022-12-12T11:05:54.3826252Z remote: Compressing objects:  34% (105/306)        
2022-12-12T11:05:54.3910700Z remote: Compressing objects:  35% (108/306)        
2022-12-12T11:05:54.3911490Z remote: Compressing objects:  36% (111/306)        
2022-12-12T11:05:54.3911825Z remote: Compressing objects:  37% (114/306)        
2022-12-12T11:05:54.3912101Z remote: Compressing objects:  38% (117/306)        
2022-12-12T11:05:54.3912364Z remote: Compressing objects:  39% (120/306)        
2022-12-12T11:05:54.3912610Z remote: Compressing objects:  40% (123/306)        
2022-12-12T11:05:54.3915239Z remote: Compressing objects:  41% (126/306)        
2022-12-12T11:05:54.3919920Z remote: Compressing objects:  42% (129/306)        
2022-12-12T11:05:54.3921035Z remote: Compressing objects:  43% (132/306)        
2022-12-12T11:05:54.3932064Z remote: Compressing objects:  44% (135/306)        
2022-12-12T11:05:54.3935959Z remote: Compressing objects:  45% (138/306)        
2022-12-12T11:05:54.3943524Z remote: Compressing objects:  46% (141/306)        
2022-12-12T11:05:54.3944128Z remote: Compressing objects:  47% (144/306)        
2022-12-12T11:05:54.3974644Z remote: Compressing objects:  48% (147/306)        
2022-12-12T11:05:54.3975208Z remote: Compressing objects:  49% (150/306)        
2022-12-12T11:05:54.4083413Z remote: Compressing objects:  50% (153/306)        
2022-12-12T11:05:54.4084586Z remote: Compressing objects:  51% (157/306)        
2022-12-12T11:05:54.4084862Z remote: Compressing objects:  52% (160/306)        
2022-12-12T11:05:54.4106549Z remote: Compressing objects:  53% (163/306)        
2022-12-12T11:05:54.4106897Z remote: Compressing objects:  54% (166/306)        
2022-12-12T11:05:54.4107175Z remote: Compressing objects:  55% (169/306)        
2022-12-12T11:05:54.4107432Z remote: Compressing objects:  56% (172/306)        
2022-12-12T11:05:54.4107672Z remote: Compressing objects:  57% (175/306)        
2022-12-12T11:05:54.4107922Z remote: Compressing objects:  58% (178/306)        
2022-12-12T11:05:54.4108176Z remote: Compressing objects:  59% (181/306)        
2022-12-12T11:05:54.4108414Z remote: Compressing objects:  60% (184/306)        
2022-12-12T11:05:54.4108661Z remote: Compressing objects:  61% (187/306)        
2022-12-12T11:05:54.4109408Z remote: Compressing objects:  62% (190/306)        
2022-12-12T11:05:54.4109668Z remote: Compressing objects:  63% (193/306)        
2022-12-12T11:05:54.4109906Z remote: Compressing objects:  64% (196/306)        
2022-12-12T11:05:54.4110155Z remote: Compressing objects:  65% (199/306)        
2022-12-12T11:05:54.4110403Z remote: Compressing objects:  66% (202/306)        
2022-12-12T11:05:54.4110653Z remote: Compressing objects:  67% (206/306)        
2022-12-12T11:05:54.4110949Z remote: Compressing objects:  68% (209/306)        
2022-12-12T11:05:54.4111242Z remote: Compressing objects:  69% (212/306)        
2022-12-12T11:05:54.4111492Z remote: Compressing objects:  70% (215/306)        
2022-12-12T11:05:54.4111726Z remote: Compressing objects:  71% (218/306)        
2022-12-12T11:05:54.4112020Z remote: Compressing objects:  72% (221/306)        
2022-12-12T11:05:54.4112265Z remote: Compressing objects:  73% (224/306)        
2022-12-12T11:05:54.4112498Z remote: Compressing objects:  74% (227/306)        
2022-12-12T11:05:54.4112744Z remote: Compressing objects:  75% (230/306)        
2022-12-12T11:05:54.4113196Z remote: Compressing objects:  76% (233/306)        
2022-12-12T11:05:54.4113436Z remote: Compressing objects:  77% (236/306)        
2022-12-12T11:05:54.4113679Z remote: Compressing objects:  78% (239/306)        
2022-12-12T11:05:54.4113925Z remote: Compressing objects:  79% (242/306)        
2022-12-12T11:05:54.4114173Z remote: Compressing objects:  80% (245/306)        
2022-12-12T11:05:54.4114464Z remote: Compressing objects:  81% (248/306)        
2022-12-12T11:05:54.4114717Z remote: Compressing objects:  82% (251/306)        
2022-12-12T11:05:54.4115200Z remote: Compressing objects:  83% (254/306)        
2022-12-12T11:05:54.4115444Z remote: Compressing objects:  84% (258/306)        
2022-12-12T11:05:54.4115734Z remote: Compressing objects:  85% (261/306)        
2022-12-12T11:05:54.4115982Z remote: Compressing objects:  86% (264/306)        
2022-12-12T11:05:54.4116225Z remote: Compressing objects:  87% (267/306)        
2022-12-12T11:05:54.4116481Z remote: Compressing objects:  88% (270/306)        
2022-12-12T11:05:54.4116731Z remote: Compressing objects:  89% (273/306)        
2022-12-12T11:05:54.4116975Z remote: Compressing objects:  90% (276/306)        
2022-12-12T11:05:54.4117208Z remote: Compressing objects:  91% (279/306)        
2022-12-12T11:05:54.4117453Z remote: Compressing objects:  92% (282/306)        
2022-12-12T11:05:54.4117706Z remote: Compressing objects:  93% (285/306)        
2022-12-12T11:05:54.4117976Z remote: Compressing objects:  94% (288/306)        
2022-12-12T11:05:54.4118218Z remote: Compressing objects:  95% (291/306)        
2022-12-12T11:05:54.4118457Z remote: Compressing objects:  96% (294/306)        
2022-12-12T11:05:54.4118707Z remote: Compressing objects:  97% (297/306)        
2022-12-12T11:05:54.4118958Z remote: Compressing objects:  98% (300/306)        
2022-12-12T11:05:54.4119191Z remote: Compressing objects:  99% (303/306)        
2022-12-12T11:05:54.4119514Z remote: Compressing objects: 100% (306/306)        
2022-12-12T11:05:54.4119788Z remote: Compressing objects: 100% (306/306), done.        
2022-12-12T11:05:54.4154349Z Receiving objects:   0% (1/364)
2022-12-12T11:05:54.4155870Z Receiving objects:   1% (4/364)
2022-12-12T11:05:54.4159509Z Receiving objects:   2% (8/364)
2022-12-12T11:05:54.4161749Z Receiving objects:   3% (11/364)
2022-12-12T11:05:54.4197288Z Receiving objects:   4% (15/364)
2022-12-12T11:05:54.4199367Z Receiving objects:   5% (19/364)
2022-12-12T11:05:54.4226746Z Receiving objects:   6% (22/364)
2022-12-12T11:05:54.4229496Z Receiving objects:   7% (26/364)
2022-12-12T11:05:54.4398820Z Receiving objects:   8% (30/364)
2022-12-12T11:05:54.4490821Z Receiving objects:   9% (33/364)
2022-12-12T11:05:54.4992688Z Receiving objects:  10% (37/364)
2022-12-12T11:05:54.5076046Z Receiving objects:  11% (41/364)
2022-12-12T11:05:54.5084635Z Receiving objects:  12% (44/364)
2022-12-12T11:05:54.5105843Z Receiving objects:  13% (48/364)
2022-12-12T11:05:54.5127887Z Receiving objects:  14% (51/364)
2022-12-12T11:05:54.5215370Z Receiving objects:  15% (55/364)
2022-12-12T11:05:54.5234626Z Receiving objects:  16% (59/364)
2022-12-12T11:05:54.5265561Z Receiving objects:  17% (62/364)
2022-12-12T11:05:54.5347384Z Receiving objects:  18% (66/364)
2022-12-12T11:05:54.5371105Z Receiving objects:  19% (70/364)
2022-12-12T11:05:54.5397520Z Receiving objects:  20% (73/364)
2022-12-12T11:05:54.5432277Z Receiving objects:  21% (77/364)
2022-12-12T11:05:54.5505460Z Receiving objects:  22% (81/364)
2022-12-12T11:05:54.5527243Z Receiving objects:  23% (84/364)
2022-12-12T11:05:54.5547410Z Receiving objects:  24% (88/364)
2022-12-12T11:05:54.5565860Z Receiving objects:  25% (91/364)
2022-12-12T11:05:54.5579481Z Receiving objects:  26% (95/364)
2022-12-12T11:05:54.5586569Z Receiving objects:  27% (99/364)
2022-12-12T11:05:54.5596325Z Receiving objects:  28% (102/364)
2022-12-12T11:05:54.5604090Z Receiving objects:  29% (106/364)
2022-12-12T11:05:54.5618522Z Receiving objects:  30% (110/364)
2022-12-12T11:05:54.5871607Z Receiving objects:  31% (113/364)
2022-12-12T11:05:54.6362153Z Receiving objects:  32% (117/364)
2022-12-12T11:05:54.6428745Z Receiving objects:  33% (121/364)
2022-12-12T11:05:54.6571035Z Receiving objects:  34% (124/364)
2022-12-12T11:05:54.6606836Z Receiving objects:  35% (128/364)
2022-12-12T11:05:54.6714568Z Receiving objects:  36% (132/364)
2022-12-12T11:05:54.6721120Z Receiving objects:  37% (135/364)
2022-12-12T11:05:54.6875999Z Receiving objects:  38% (139/364)
2022-12-12T11:05:54.6985554Z Receiving objects:  39% (142/364)
2022-12-12T11:05:54.7039303Z Receiving objects:  40% (146/364)
2022-12-12T11:05:54.7043418Z Receiving objects:  41% (150/364)
2022-12-12T11:05:54.7048558Z Receiving objects:  42% (153/364)
2022-12-12T11:05:54.7050512Z Receiving objects:  43% (157/364)
2022-12-12T11:05:54.7052327Z Receiving objects:  44% (161/364)
2022-12-12T11:05:54.7053850Z Receiving objects:  45% (164/364)
2022-12-12T11:05:54.7055413Z Receiving objects:  46% (168/364)
2022-12-12T11:05:54.7056948Z Receiving objects:  47% (172/364)
2022-12-12T11:05:54.7060054Z Receiving objects:  48% (175/364)
2022-12-12T11:05:54.7062248Z Receiving objects:  49% (179/364)
2022-12-12T11:05:54.7064367Z Receiving objects:  50% (182/364)
2022-12-12T11:05:54.7066795Z Receiving objects:  51% (186/364)
2022-12-12T11:05:54.7067237Z Receiving objects:  52% (190/364)
2022-12-12T11:05:54.7069359Z Receiving objects:  53% (193/364)
2022-12-12T11:05:54.7071534Z Receiving objects:  54% (197/364)
2022-12-12T11:05:54.7073699Z Receiving objects:  55% (201/364)
2022-12-12T11:05:54.7076193Z Receiving objects:  56% (204/364)
2022-12-12T11:05:54.7079116Z Receiving objects:  57% (208/364)
2022-12-12T11:05:54.7081806Z Receiving objects:  58% (212/364)
2022-12-12T11:05:54.7084685Z Receiving objects:  59% (215/364)
2022-12-12T11:05:54.7088463Z Receiving objects:  60% (219/364)
2022-12-12T11:05:54.7091898Z Receiving objects:  61% (223/364)
2022-12-12T11:05:54.7097866Z Receiving objects:  62% (226/364)
2022-12-12T11:05:54.7102169Z Receiving objects:  63% (230/364)
2022-12-12T11:05:54.7107685Z Receiving objects:  64% (233/364)
2022-12-12T11:05:54.7113036Z Receiving objects:  65% (237/364)
2022-12-12T11:05:54.7115792Z Receiving objects:  66% (241/364)
2022-12-12T11:05:54.7119431Z Receiving objects:  67% (244/364)
2022-12-12T11:05:54.7123058Z Receiving objects:  68% (248/364)
2022-12-12T11:05:54.7126393Z Receiving objects:  69% (252/364)
2022-12-12T11:05:54.7130164Z Receiving objects:  70% (255/364)
2022-12-12T11:05:54.7133027Z Receiving objects:  71% (259/364)
2022-12-12T11:05:54.7135387Z Receiving objects:  72% (263/364)
2022-12-12T11:05:54.7137802Z Receiving objects:  73% (266/364)
2022-12-12T11:05:54.7140403Z Receiving objects:  74% (270/364)
2022-12-12T11:05:54.7143022Z Receiving objects:  75% (273/364)
2022-12-12T11:05:54.7145501Z Receiving objects:  76% (277/364)
2022-12-12T11:05:54.7148269Z Receiving objects:  77% (281/364)
2022-12-12T11:05:54.7150763Z Receiving objects:  78% (284/364)
2022-12-12T11:05:54.7153353Z Receiving objects:  79% (288/364)
2022-12-12T11:05:54.7156259Z Receiving objects:  80% (292/364)
2022-12-12T11:05:54.7158730Z Receiving objects:  81% (295/364)
2022-12-12T11:05:54.7161267Z Receiving objects:  82% (299/364)
2022-12-12T11:05:54.7163960Z Receiving objects:  83% (303/364)
2022-12-12T11:05:54.7168169Z Receiving objects:  84% (306/364)
2022-12-12T11:05:54.7174435Z Receiving objects:  85% (310/364)
2022-12-12T11:05:54.7180376Z Receiving objects:  86% (314/364)
2022-12-12T11:05:54.7185499Z Receiving objects:  87% (317/364)
2022-12-12T11:05:54.7186285Z remote: Total 364 (delta 51), reused 217 (delta 30), pack-reused 0        
2022-12-12T11:05:54.7194602Z Receiving objects:  88% (321/364)
2022-12-12T11:05:54.7199426Z Receiving objects:  89% (324/364)
2022-12-12T11:05:54.7203114Z Receiving objects:  90% (328/364)
2022-12-12T11:05:54.7212163Z Receiving objects:  91% (332/364)
2022-12-12T11:05:54.7213197Z Receiving objects:  92% (335/364)
2022-12-12T11:05:54.7213594Z Receiving objects:  93% (339/364)
2022-12-12T11:05:54.7214194Z Receiving objects:  94% (343/364)
2022-12-12T11:05:54.7214802Z Receiving objects:  95% (346/364)
2022-12-12T11:05:54.7215430Z Receiving objects:  96% (350/364)
2022-12-12T11:05:54.7215829Z Receiving objects:  97% (354/364)
2022-12-12T11:05:54.7220870Z Receiving objects:  98% (357/364)
2022-12-12T11:05:54.7221353Z Receiving objects:  99% (361/364)
2022-12-12T11:05:54.7222368Z Receiving objects: 100% (364/364)
2022-12-12T11:05:54.7222804Z Receiving objects: 100% (364/364), 3.55 MiB | 11.59 MiB/s, done.
2022-12-12T11:05:54.7225745Z Resolving deltas:   0% (0/51)
2022-12-12T11:05:54.7226224Z Resolving deltas:   1% (1/51)
2022-12-12T11:05:54.7238061Z Resolving deltas:   3% (2/51)
2022-12-12T11:05:54.7243392Z Resolving deltas:   5% (3/51)
2022-12-12T11:05:54.7246412Z Resolving deltas:   7% (4/51)
2022-12-12T11:05:54.7268482Z Resolving deltas:   9% (5/51)
2022-12-12T11:05:54.7270206Z Resolving deltas:  11% (6/51)
2022-12-12T11:05:54.7271999Z Resolving deltas:  13% (7/51)
2022-12-12T11:05:54.7274634Z Resolving deltas:  15% (8/51)
2022-12-12T11:05:54.7276381Z Resolving deltas:  17% (9/51)
2022-12-12T11:05:54.7278840Z Resolving deltas:  19% (10/51)
2022-12-12T11:05:54.7281508Z Resolving deltas:  21% (11/51)
2022-12-12T11:05:54.7284098Z Resolving deltas:  23% (12/51)
2022-12-12T11:05:54.7286856Z Resolving deltas:  25% (13/51)
2022-12-12T11:05:54.7289381Z Resolving deltas:  27% (14/51)
2022-12-12T11:05:54.7291778Z Resolving deltas:  29% (15/51)
2022-12-12T11:05:54.7295804Z Resolving deltas:  31% (16/51)
2022-12-12T11:05:54.7296276Z Resolving deltas:  33% (17/51)
2022-12-12T11:05:54.7296950Z Resolving deltas:  35% (18/51)
2022-12-12T11:05:54.7297331Z Resolving deltas:  37% (19/51)
2022-12-12T11:05:54.7297949Z Resolving deltas:  39% (20/51)
2022-12-12T11:05:54.7298345Z Resolving deltas:  41% (21/51)
2022-12-12T11:05:54.7298934Z Resolving deltas:  43% (22/51)
2022-12-12T11:05:54.7299325Z Resolving deltas:  45% (23/51)
2022-12-12T11:05:54.7303753Z Resolving deltas:  47% (24/51)
2022-12-12T11:05:54.7304527Z Resolving deltas:  49% (25/51)
2022-12-12T11:05:54.7304831Z Resolving deltas:  50% (26/51)
2022-12-12T11:05:54.7305380Z Resolving deltas:  52% (27/51)
2022-12-12T11:05:54.7305906Z Resolving deltas:  54% (28/51)
2022-12-12T11:05:54.7306302Z Resolving deltas:  56% (29/51)
2022-12-12T11:05:54.7307060Z Resolving deltas:  58% (30/51)
2022-12-12T11:05:54.7307422Z Resolving deltas:  60% (31/51)
2022-12-12T11:05:54.7308149Z Resolving deltas:  62% (32/51)
2022-12-12T11:05:54.7308493Z Resolving deltas:  64% (33/51)
2022-12-12T11:05:54.7309224Z Resolving deltas:  66% (34/51)
2022-12-12T11:05:54.7309574Z Resolving deltas:  68% (35/51)
2022-12-12T11:05:54.7310295Z Resolving deltas:  70% (36/51)
2022-12-12T11:05:54.7310653Z Resolving deltas:  72% (37/51)
2022-12-12T11:05:54.7311402Z Resolving deltas:  74% (38/51)
2022-12-12T11:05:54.7311796Z Resolving deltas:  76% (39/51)
2022-12-12T11:05:54.7312935Z Resolving deltas:  78% (40/51)
2022-12-12T11:05:54.7313299Z Resolving deltas:  80% (41/51)
2022-12-12T11:05:54.7313593Z Resolving deltas:  82% (42/51)
2022-12-12T11:05:54.7314416Z Resolving deltas:  84% (43/51)
2022-12-12T11:05:54.7314778Z Resolving deltas:  86% (44/51)
2022-12-12T11:05:54.7315977Z Resolving deltas:  88% (45/51)
2022-12-12T11:05:54.7316358Z Resolving deltas:  90% (46/51)
2022-12-12T11:05:54.7317258Z Resolving deltas:  92% (47/51)
2022-12-12T11:05:54.7322346Z Resolving deltas:  94% (48/51)
2022-12-12T11:05:54.7323548Z Resolving deltas:  96% (49/51)
2022-12-12T11:05:54.7324466Z Resolving deltas:  98% (50/51)
2022-12-12T11:05:54.7331971Z Resolving deltas: 100% (51/51)
2022-12-12T11:05:54.7332403Z Resolving deltas: 100% (51/51), done.
2022-12-12T11:05:54.7439463Z From https://github.com/AlphaSteam/julia-vscode-microprint-test
2022-12-12T11:05:54.7440226Z  * [new ref]         d600368978a7de1cfcc087dd9d372db332a0b649 -> origin/master
2022-12-12T11:05:54.7459944Z ##[endgroup]
2022-12-12T11:05:54.7460646Z ##[group]Determining the checkout info
2022-12-12T11:05:54.7461970Z ##[endgroup]
2022-12-12T11:05:54.7462540Z ##[group]Checking out the ref
2022-12-12T11:05:54.7466780Z [command]/usr/bin/git checkout --progress --force -B master refs/remotes/origin/master
2022-12-12T11:05:54.8216126Z Reset branch 'master'
2022-12-12T11:05:54.8217313Z branch 'master' set up to track 'origin/master'.
2022-12-12T11:05:54.8223168Z ##[endgroup]
2022-12-12T11:05:54.8223931Z ##[group]Setting up auth for fetching submodules
2022-12-12T11:05:54.8230179Z [command]/usr/bin/git config --global http.https://github.com/.extraheader AUTHORIZATION: basic ***
2022-12-12T11:05:54.8272198Z [command]/usr/bin/git config --global --unset-all url.https://github.com/.insteadOf
2022-12-12T11:05:54.8303874Z [command]/usr/bin/git config --global --add url.https://github.com/.insteadOf git@github.com:
2022-12-12T11:05:54.8336192Z [command]/usr/bin/git config --global --add url.https://github.com/.insteadOf org-30818940@github.com:
2022-12-12T11:05:54.8364140Z ##[endgroup]
2022-12-12T11:05:54.8364831Z ##[group]Fetching submodules
2022-12-12T11:05:54.8368587Z [command]/usr/bin/git submodule sync
2022-12-12T11:05:54.8593565Z [command]/usr/bin/git -c protocol.version=2 submodule update --init --force --depth=1
2022-12-12T11:05:54.8822614Z Submodule 'libs/jl-profile' (https://github.com/pfitzseb/jl-profile.js.git) registered for path 'libs/jl-profile'
2022-12-12T11:05:54.8831857Z Submodule 'scripts/packages-old/JuliaInterpreter' (https://github.com/JuliaDebug/JuliaInterpreter.jl.git) registered for path 'scripts/packages-old/JuliaInterpreter'
2022-12-12T11:05:54.8841282Z Submodule 'scripts/packages/CSTParser' (https://github.com/julia-vscode/CSTParser.jl.git) registered for path 'scripts/packages/CSTParser'
2022-12-12T11:05:54.8851556Z Submodule 'scripts/packages/CodeTracking' (https://github.com/timholy/CodeTracking.jl.git) registered for path 'scripts/packages/CodeTracking'
2022-12-12T11:05:54.8858069Z Submodule 'scripts/packages/CommonMark' (https://github.com/MichaelHatherly/CommonMark.jl.git) registered for path 'scripts/packages/CommonMark'
2022-12-12T11:05:54.8865277Z Submodule 'scripts/packages/Compat' (https://github.com/JuliaLang/Compat.jl.git) registered for path 'scripts/packages/Compat'
2022-12-12T11:05:54.8870466Z Submodule 'scripts/packages/CoverageTools' (https://github.com/JuliaCI/CoverageTools.jl.git) registered for path 'scripts/packages/CoverageTools'
2022-12-12T11:05:54.8877227Z Submodule 'scripts/packages/Crayons' (https://github.com/KristofferC/Crayons.jl.git) registered for path 'scripts/packages/Crayons'
2022-12-12T11:05:54.8882984Z Submodule 'scripts/packages/DataStructures' (https://github.com/JuliaCollections/DataStructures.jl.git) registered for path 'scripts/packages/DataStructures'
2022-12-12T11:05:54.8891656Z Submodule 'scripts/packages/DebugAdapter' (https://github.com/julia-vscode/DebugAdapter.jl.git) registered for path 'scripts/packages/DebugAdapter'
2022-12-12T11:05:54.8899324Z Submodule 'scripts/packages/FilePathsBase' (https://github.com/rofinn/FilePathsBase.jl.git) registered for path 'scripts/packages/FilePathsBase'
2022-12-12T11:05:54.8907845Z Submodule 'scripts/packages/IJuliaCore' (https://github.com/JuliaLang/IJuliaCore.jl.git) registered for path 'scripts/packages/IJuliaCore'
2022-12-12T11:05:54.8917476Z Submodule 'scripts/packages/JSON' (https://github.com/JuliaIO/JSON.jl.git) registered for path 'scripts/packages/JSON'
2022-12-12T11:05:54.8923842Z Submodule 'scripts/packages/JSONRPC' (https://github.com/julia-vscode/JSONRPC.jl.git) registered for path 'scripts/packages/JSONRPC'
2022-12-12T11:05:54.8932201Z Submodule 'scripts/packages/JuliaFormatter' (https://github.com/domluna/JuliaFormatter.jl.git) registered for path 'scripts/packages/JuliaFormatter'
2022-12-12T11:05:54.8939023Z Submodule 'scripts/packages/JuliaInterpreter' (https://github.com/JuliaDebug/JuliaInterpreter.jl.git) registered for path 'scripts/packages/JuliaInterpreter'
2022-12-12T11:05:54.8947937Z Submodule 'scripts/packages/LanguageServer' (https://github.com/julia-vscode/LanguageServer.jl.git) registered for path 'scripts/packages/LanguageServer'
2022-12-12T11:05:54.8958377Z Submodule 'scripts/packages/LoweredCodeUtils' (https://github.com/JuliaDebug/LoweredCodeUtils.jl.git) registered for path 'scripts/packages/LoweredCodeUtils'
2022-12-12T11:05:54.8966340Z Submodule 'scripts/packages/OrderedCollections' (https://github.com/JuliaCollections/OrderedCollections.jl.git) registered for path 'scripts/packages/OrderedCollections'
2022-12-12T11:05:54.8974094Z Submodule 'scripts/packages/PackageCompiler' (https://github.com/JuliaLang/PackageCompiler.jl.git) registered for path 'scripts/packages/PackageCompiler'
2022-12-12T11:05:54.8982578Z Submodule 'scripts/packages/Revise' (https://github.com/timholy/Revise.jl) registered for path 'scripts/packages/Revise'
2022-12-12T11:05:54.8989816Z Submodule 'scripts/packages/StaticLint' (https://github.com/julia-vscode/StaticLint.jl) registered for path 'scripts/packages/StaticLint'
2022-12-12T11:05:54.8997725Z Submodule 'scripts/packages/SymbolServer' (https://github.com/julia-vscode/SymbolServer.jl.git) registered for path 'scripts/packages/SymbolServer'
2022-12-12T11:05:54.9006883Z Submodule 'scripts/packages/TestEnv' (https://github.com/davidanthoff/TestEnv.jl) registered for path 'scripts/packages/TestEnv'
2022-12-12T11:05:54.9016678Z Submodule 'scripts/packages/TestItemDetection' (https://github.com/julia-vscode/TestItemDetection.jl) registered for path 'scripts/packages/TestItemDetection'
2022-12-12T11:05:54.9024310Z Submodule 'scripts/packages/Tokenize' (https://github.com/JuliaLang/Tokenize.jl.git) registered for path 'scripts/packages/Tokenize'
2022-12-12T11:05:54.9035914Z Submodule 'scripts/packages/URIParser' (https://github.com/JuliaWeb/URIParser.jl.git) registered for path 'scripts/packages/URIParser'
2022-12-12T11:05:54.9046531Z Submodule 'scripts/packages/URIs' (https://github.com/JuliaWeb/URIs.jl.git) registered for path 'scripts/packages/URIs'
2022-12-12T11:05:54.9236822Z Cloning into '/home/runner/work/julia-vscode-microprint-test/julia-vscode-microprint-test/libs/jl-profile'...
2022-12-12T11:05:55.3769721Z Cloning into '/home/runner/work/julia-vscode-microprint-test/julia-vscode-microprint-test/scripts/packages-old/JuliaInterpreter'...
2022-12-12T11:05:55.9603501Z Cloning into '/home/runner/work/julia-vscode-microprint-test/julia-vscode-microprint-test/scripts/packages/CSTParser'...
2022-12-12T11:05:56.4268469Z Cloning into '/home/runner/work/julia-vscode-microprint-test/julia-vscode-microprint-test/scripts/packages/CodeTracking'...
2022-12-12T11:05:56.8462287Z Cloning into '/home/runner/work/julia-vscode-microprint-test/julia-vscode-microprint-test/scripts/packages/CommonMark'...
2022-12-12T11:05:57.3257631Z Cloning into '/home/runner/work/julia-vscode-microprint-test/julia-vscode-microprint-test/scripts/packages/Compat'...
2022-12-12T11:05:57.7790489Z Cloning into '/home/runner/work/julia-vscode-microprint-test/julia-vscode-microprint-test/scripts/packages/CoverageTools'...
2022-12-12T11:05:58.2375249Z Cloning into '/home/runner/work/julia-vscode-microprint-test/julia-vscode-microprint-test/scripts/packages/Crayons'...
2022-12-12T11:05:58.6745335Z Cloning into '/home/runner/work/julia-vscode-microprint-test/julia-vscode-microprint-test/scripts/packages/DataStructures'...
2022-12-12T11:05:59.2479546Z Cloning into '/home/runner/work/julia-vscode-microprint-test/julia-vscode-microprint-test/scripts/packages/DebugAdapter'...
2022-12-12T11:05:59.7041880Z Cloning into '/home/runner/work/julia-vscode-microprint-test/julia-vscode-microprint-test/scripts/packages/FilePathsBase'...
2022-12-12T11:06:00.1208013Z Cloning into '/home/runner/work/julia-vscode-microprint-test/julia-vscode-microprint-test/scripts/packages/IJuliaCore'...
2022-12-12T11:06:00.5537941Z Cloning into '/home/runner/work/julia-vscode-microprint-test/julia-vscode-microprint-test/scripts/packages/JSON'...
2022-12-12T11:06:01.0161996Z Cloning into '/home/runner/work/julia-vscode-microprint-test/julia-vscode-microprint-test/scripts/packages/JSONRPC'...
2022-12-12T11:06:02.6950285Z Cloning into '/home/runner/work/julia-vscode-microprint-test/julia-vscode-microprint-test/scripts/packages/JuliaFormatter'...
2022-12-12T11:06:03.3837565Z Cloning into '/home/runner/work/julia-vscode-microprint-test/julia-vscode-microprint-test/scripts/packages/JuliaInterpreter'...
2022-12-12T11:06:03.9108169Z Cloning into '/home/runner/work/julia-vscode-microprint-test/julia-vscode-microprint-test/scripts/packages/LanguageServer'...
2022-12-12T11:06:04.7146862Z Cloning into '/home/runner/work/julia-vscode-microprint-test/julia-vscode-microprint-test/scripts/packages/LoweredCodeUtils'...
2022-12-12T11:06:05.2714359Z Cloning into '/home/runner/work/julia-vscode-microprint-test/julia-vscode-microprint-test/scripts/packages/OrderedCollections'...
2022-12-12T11:06:05.6942538Z Cloning into '/home/runner/work/julia-vscode-microprint-test/julia-vscode-microprint-test/scripts/packages/PackageCompiler'...
2022-12-12T11:06:06.2229853Z Cloning into '/home/runner/work/julia-vscode-microprint-test/julia-vscode-microprint-test/scripts/packages/Revise'...
2022-12-12T11:06:06.8219489Z Cloning into '/home/runner/work/julia-vscode-microprint-test/julia-vscode-microprint-test/scripts/packages/StaticLint'...
2022-12-12T11:06:07.2774896Z Cloning into '/home/runner/work/julia-vscode-microprint-test/julia-vscode-microprint-test/scripts/packages/SymbolServer'...
2022-12-12T11:06:07.7565499Z Cloning into '/home/runner/work/julia-vscode-microprint-test/julia-vscode-microprint-test/scripts/packages/TestEnv'...
2022-12-12T11:06:08.2450371Z Cloning into '/home/runner/work/julia-vscode-microprint-test/julia-vscode-microprint-test/scripts/packages/TestItemDetection'...
2022-12-12T11:06:08.7341212Z Cloning into '/home/runner/work/julia-vscode-microprint-test/julia-vscode-microprint-test/scripts/packages/Tokenize'...
2022-12-12T11:06:09.1686242Z Cloning into '/home/runner/work/julia-vscode-microprint-test/julia-vscode-microprint-test/scripts/packages/URIParser'...
2022-12-12T11:06:09.5816323Z Cloning into '/home/runner/work/julia-vscode-microprint-test/julia-vscode-microprint-test/scripts/packages/URIs'...
2022-12-12T11:06:11.2189756Z From https://github.com/pfitzseb/jl-profile.js
2022-12-12T11:06:11.2190649Z  * branch            44fe7c33bc23a8e4cdb3b67674994fe2564245bf -> FETCH_HEAD
2022-12-12T11:06:11.2247227Z Submodule path 'libs/jl-profile': checked out '44fe7c33bc23a8e4cdb3b67674994fe2564245bf'
2022-12-12T11:06:12.2852345Z From https://github.com/JuliaDebug/JuliaInterpreter.jl
2022-12-12T11:06:12.2853287Z  * branch            398721d10be2edf40883a11b98e210ccda5393e3 -> FETCH_HEAD
2022-12-12T11:06:12.2949239Z Submodule path 'scripts/packages-old/JuliaInterpreter': checked out '398721d10be2edf40883a11b98e210ccda5393e3'
2022-12-12T11:06:13.3748584Z From https://github.com/julia-vscode/CSTParser.jl
2022-12-12T11:06:13.3749484Z  * branch            b5cb953e12d8c5c8191e1fcb6aef80ecab7f6a06 -> FETCH_HEAD
2022-12-12T11:06:13.3831398Z Submodule path 'scripts/packages/CSTParser': checked out 'b5cb953e12d8c5c8191e1fcb6aef80ecab7f6a06'
2022-12-12T11:06:14.4797226Z From https://github.com/timholy/CodeTracking.jl
2022-12-12T11:06:14.4798236Z  * branch            426fc0e5af69ca410f3a1b77458db5fc5d68e864 -> FETCH_HEAD
2022-12-12T11:06:14.4854678Z Submodule path 'scripts/packages/CodeTracking': checked out '426fc0e5af69ca410f3a1b77458db5fc5d68e864'
2022-12-12T11:06:15.3651726Z From https://github.com/MichaelHatherly/CommonMark.jl
2022-12-12T11:06:15.3652608Z  * branch            287e39ae128e80a6647d2d9762bf22040adffea1 -> FETCH_HEAD
2022-12-12T11:06:15.3795091Z Submodule path 'scripts/packages/CommonMark': checked out '287e39ae128e80a6647d2d9762bf22040adffea1'
2022-12-12T11:06:16.4229828Z From https://github.com/JuliaLang/Compat.jl
2022-12-12T11:06:16.4230668Z  * branch            3ae185fa45a3091b387b67b6fd8f58f761854238 -> FETCH_HEAD
2022-12-12T11:06:16.4300477Z Submodule path 'scripts/packages/Compat': checked out '3ae185fa45a3091b387b67b6fd8f58f761854238'
2022-12-12T11:06:16.4379324Z Submodule path 'scripts/packages/CoverageTools': checked out '9d8fba371f4c65a7e9ca3bdaae753a52bcb22218'
2022-12-12T11:06:17.3264992Z From https://github.com/KristofferC/Crayons.jl
2022-12-12T11:06:17.3266393Z  * branch            4cf50b8e5e1a250a5b3466937fa0421c78bafdf4 -> FETCH_HEAD
2022-12-12T11:06:17.3327820Z Submodule path 'scripts/packages/Crayons': checked out '4cf50b8e5e1a250a5b3466937fa0421c78bafdf4'
2022-12-12T11:06:18.2837709Z From https://github.com/JuliaCollections/DataStructures.jl
2022-12-12T11:06:18.2838504Z  * branch            d0dd2a012ebd07ff31193b21130109baa50cfe2b -> FETCH_HEAD
2022-12-12T11:06:18.2978335Z Submodule path 'scripts/packages/DataStructures': checked out 'd0dd2a012ebd07ff31193b21130109baa50cfe2b'
2022-12-12T11:06:19.1385697Z From https://github.com/julia-vscode/DebugAdapter.jl
2022-12-12T11:06:19.1386171Z  * branch            b0991c1664d948d9bbb1ab2cac56606511981df5 -> FETCH_HEAD
2022-12-12T11:06:19.1452531Z Submodule path 'scripts/packages/DebugAdapter': checked out 'b0991c1664d948d9bbb1ab2cac56606511981df5'
2022-12-12T11:06:19.1541238Z Submodule path 'scripts/packages/FilePathsBase': checked out '336666220f9ddd7a15a7f059925a359d51c6cead'
2022-12-12T11:06:19.1617252Z Submodule path 'scripts/packages/IJuliaCore': checked out 'c3e48ef9ee9a34d9be6abe1fe9033317638950ba'
2022-12-12T11:06:20.1492357Z From https://github.com/JuliaIO/JSON.jl
2022-12-12T11:06:20.1493003Z  * branch            4b3913d58f04cc5bb2f8d23c6ef82e0fbed20525 -> FETCH_HEAD
2022-12-12T11:06:20.1581225Z Submodule path 'scripts/packages/JSON': checked out '4b3913d58f04cc5bb2f8d23c6ef82e0fbed20525'
2022-12-12T11:06:21.0773331Z From https://github.com/julia-vscode/JSONRPC.jl
2022-12-12T11:06:21.0773998Z  * branch            982acfdb112b7198a025edcf3930c6a6a27913e1 -> FETCH_HEAD
2022-12-12T11:06:21.0833819Z Submodule path 'scripts/packages/JSONRPC': checked out '982acfdb112b7198a025edcf3930c6a6a27913e1'
2022-12-12T11:06:22.0479613Z From https://github.com/domluna/JuliaFormatter.jl
2022-12-12T11:06:22.0480306Z  * branch            6c0f94468eaef63405fbcbb11943314a164262d6 -> FETCH_HEAD
2022-12-12T11:06:22.0657693Z Submodule path 'scripts/packages/JuliaFormatter': checked out '6c0f94468eaef63405fbcbb11943314a164262d6'
2022-12-12T11:06:24.0919179Z From https://github.com/JuliaDebug/JuliaInterpreter.jl
2022-12-12T11:06:24.0920120Z  * branch            a840f1ad085e7606bb3a7cdc705d863f3c49ab92 -> FETCH_HEAD
2022-12-12T11:06:24.1011136Z Submodule path 'scripts/packages/JuliaInterpreter': checked out 'a840f1ad085e7606bb3a7cdc705d863f3c49ab92'
2022-12-12T11:06:25.0988332Z From https://github.com/julia-vscode/LanguageServer.jl
2022-12-12T11:06:25.0989202Z  * branch            fe1ae60fdf795218b82dba4ba35028adab0bd348 -> FETCH_HEAD
2022-12-12T11:06:25.1083631Z Submodule path 'scripts/packages/LanguageServer': checked out 'fe1ae60fdf795218b82dba4ba35028adab0bd348'
2022-12-12T11:06:25.1164912Z Submodule path 'scripts/packages/LoweredCodeUtils': checked out 'b71c05b0d28cb5b3ad0301b816e0a1c4e531ea0d'
2022-12-12T11:06:26.0041967Z From https://github.com/JuliaCollections/OrderedCollections.jl
2022-12-12T11:06:26.0042859Z  * branch            adb9415570faeba7e8c6d800cd743de06104e97e -> FETCH_HEAD
2022-12-12T11:06:26.0109113Z Submodule path 'scripts/packages/OrderedCollections': checked out 'adb9415570faeba7e8c6d800cd743de06104e97e'
2022-12-12T11:06:26.9886673Z From https://github.com/JuliaLang/PackageCompiler.jl
2022-12-12T11:06:26.9887823Z  * branch            78f4d52026c4895fa08c8ee0d61905a6914ea8c3 -> FETCH_HEAD
2022-12-12T11:06:26.9975932Z Submodule path 'scripts/packages/PackageCompiler': checked out '78f4d52026c4895fa08c8ee0d61905a6914ea8c3'
2022-12-12T11:06:28.0052571Z From https://github.com/timholy/Revise.jl
2022-12-12T11:06:28.0053477Z  * branch            ca3b5cffd26325e3a3fd69932f5dc827ff156a3b -> FETCH_HEAD
2022-12-12T11:06:28.0167072Z Submodule path 'scripts/packages/Revise': checked out 'ca3b5cffd26325e3a3fd69932f5dc827ff156a3b'
2022-12-12T11:06:28.9249300Z From https://github.com/julia-vscode/StaticLint.jl
2022-12-12T11:06:28.9250140Z  * branch            6235a532ff6b51a33ef56955286b7d0602912fd6 -> FETCH_HEAD
2022-12-12T11:06:28.9322637Z Submodule path 'scripts/packages/StaticLint': checked out '6235a532ff6b51a33ef56955286b7d0602912fd6'
2022-12-12T11:06:29.9253954Z From https://github.com/julia-vscode/SymbolServer.jl
2022-12-12T11:06:29.9255183Z  * branch            99500d621b17cca5a46232808e8ad388370d2ae8 -> FETCH_HEAD
2022-12-12T11:06:29.9328337Z Submodule path 'scripts/packages/SymbolServer': checked out '99500d621b17cca5a46232808e8ad388370d2ae8'
2022-12-12T11:06:30.9662669Z From https://github.com/davidanthoff/TestEnv.jl
2022-12-12T11:06:30.9663473Z  * branch            14dd0d9a3df31dcd29bb6434dd9b287fe4a2803b -> FETCH_HEAD
2022-12-12T11:06:30.9747424Z Submodule path 'scripts/packages/TestEnv': checked out '14dd0d9a3df31dcd29bb6434dd9b287fe4a2803b'
2022-12-12T11:06:31.9419934Z From https://github.com/julia-vscode/TestItemDetection.jl
2022-12-12T11:06:31.9421024Z  * branch            d9db8c5707c5e7a6e167e0e583eb06261ef5408b -> FETCH_HEAD
2022-12-12T11:06:31.9478978Z Submodule path 'scripts/packages/TestItemDetection': checked out 'd9db8c5707c5e7a6e167e0e583eb06261ef5408b'
2022-12-12T11:06:32.8092199Z From https://github.com/JuliaLang/Tokenize.jl
2022-12-12T11:06:32.8092857Z  * branch            49b112248e846040c13f28e223493f90cc717fa5 -> FETCH_HEAD
2022-12-12T11:06:32.8166740Z Submodule path 'scripts/packages/Tokenize': checked out '49b112248e846040c13f28e223493f90cc717fa5'
2022-12-12T11:06:33.8035573Z From https://github.com/JuliaWeb/URIParser.jl
2022-12-12T11:06:33.8036642Z  * branch            1d3532dfe5330f567a8eb64a37a37b1b8c536628 -> FETCH_HEAD
2022-12-12T11:06:33.8094906Z Submodule path 'scripts/packages/URIParser': checked out '1d3532dfe5330f567a8eb64a37a37b1b8c536628'
2022-12-12T11:06:34.8171357Z From https://github.com/JuliaWeb/URIs.jl
2022-12-12T11:06:34.8172238Z  * branch            0ce3d89b81dadaae52b104353843ef67ceecd176 -> FETCH_HEAD
2022-12-12T11:06:34.8239945Z Submodule path 'scripts/packages/URIs': checked out '0ce3d89b81dadaae52b104353843ef67ceecd176'
2022-12-12T11:06:34.8250459Z [command]/usr/bin/git submodule foreach git config --local gc.auto 0
2022-12-12T11:06:34.8469416Z Entering 'libs/jl-profile'
2022-12-12T11:06:34.8490428Z Entering 'scripts/packages-old/JuliaInterpreter'
2022-12-12T11:06:34.8512878Z Entering 'scripts/packages/CSTParser'
2022-12-12T11:06:34.8535867Z Entering 'scripts/packages/CodeTracking'
2022-12-12T11:06:34.8558027Z Entering 'scripts/packages/CommonMark'
2022-12-12T11:06:34.8580418Z Entering 'scripts/packages/Compat'
2022-12-12T11:06:34.8605114Z Entering 'scripts/packages/CoverageTools'
2022-12-12T11:06:34.8627183Z Entering 'scripts/packages/Crayons'
2022-12-12T11:06:34.8651779Z Entering 'scripts/packages/DataStructures'
2022-12-12T11:06:34.8676100Z Entering 'scripts/packages/DebugAdapter'
2022-12-12T11:06:34.8700420Z Entering 'scripts/packages/FilePathsBase'
2022-12-12T11:06:34.8726557Z Entering 'scripts/packages/IJuliaCore'
2022-12-12T11:06:34.8748760Z Entering 'scripts/packages/JSON'
2022-12-12T11:06:34.8773655Z Entering 'scripts/packages/JSONRPC'
2022-12-12T11:06:34.8796359Z Entering 'scripts/packages/JuliaFormatter'
2022-12-12T11:06:34.8822358Z Entering 'scripts/packages/JuliaInterpreter'
2022-12-12T11:06:34.8844378Z Entering 'scripts/packages/LanguageServer'
2022-12-12T11:06:34.8865680Z Entering 'scripts/packages/LoweredCodeUtils'
2022-12-12T11:06:34.8887842Z Entering 'scripts/packages/OrderedCollections'
2022-12-12T11:06:34.8909281Z Entering 'scripts/packages/PackageCompiler'
2022-12-12T11:06:34.8932487Z Entering 'scripts/packages/Revise'
2022-12-12T11:06:34.8958372Z Entering 'scripts/packages/StaticLint'
2022-12-12T11:06:34.8982155Z Entering 'scripts/packages/SymbolServer'
2022-12-12T11:06:34.9003946Z Entering 'scripts/packages/TestEnv'
2022-12-12T11:06:34.9025671Z Entering 'scripts/packages/TestItemDetection'
2022-12-12T11:06:34.9047991Z Entering 'scripts/packages/Tokenize'
2022-12-12T11:06:34.9070188Z Entering 'scripts/packages/URIParser'
2022-12-12T11:06:34.9093219Z Entering 'scripts/packages/URIs'
2022-12-12T11:06:34.9136731Z ##[endgroup]
2022-12-12T11:06:34.9137177Z ##[group]Persisting credentials for submodules
2022-12-12T11:06:34.9137984Z [command]/usr/bin/git submodule foreach --recursive git config --local --name-only --get-regexp 'url\.https\:\/\/github\.com\/\.insteadOf' && git config --local --unset-all 'url.https://github.com/.insteadOf' || :
2022-12-12T11:06:34.9377494Z Entering 'libs/jl-profile'
2022-12-12T11:06:34.9418260Z Entering 'scripts/packages-old/JuliaInterpreter'
2022-12-12T11:06:34.9454216Z Entering 'scripts/packages/CSTParser'
2022-12-12T11:06:34.9488948Z Entering 'scripts/packages/CodeTracking'
2022-12-12T11:06:34.9524516Z Entering 'scripts/packages/CommonMark'
2022-12-12T11:06:34.9562354Z Entering 'scripts/packages/Compat'
2022-12-12T11:06:34.9597888Z Entering 'scripts/packages/CoverageTools'
2022-12-12T11:06:34.9635565Z Entering 'scripts/packages/Crayons'
2022-12-12T11:06:34.9670767Z Entering 'scripts/packages/DataStructures'
2022-12-12T11:06:34.9709353Z Entering 'scripts/packages/DebugAdapter'
2022-12-12T11:06:34.9744518Z Entering 'scripts/packages/FilePathsBase'
2022-12-12T11:06:34.9782490Z Entering 'scripts/packages/IJuliaCore'
2022-12-12T11:06:34.9817300Z Entering 'scripts/packages/JSON'
2022-12-12T11:06:34.9853373Z Entering 'scripts/packages/JSONRPC'
2022-12-12T11:06:34.9888289Z Entering 'scripts/packages/JuliaFormatter'
2022-12-12T11:06:34.9923733Z Entering 'scripts/packages/JuliaInterpreter'
2022-12-12T11:06:34.9959504Z Entering 'scripts/packages/LanguageServer'
2022-12-12T11:06:34.9997801Z Entering 'scripts/packages/LoweredCodeUtils'
2022-12-12T11:06:35.0033155Z Entering 'scripts/packages/OrderedCollections'
2022-12-12T11:06:35.0071145Z Entering 'scripts/packages/PackageCompiler'
2022-12-12T11:06:35.0106851Z Entering 'scripts/packages/Revise'
2022-12-12T11:06:35.0144435Z Entering 'scripts/packages/StaticLint'
2022-12-12T11:06:35.0180059Z Entering 'scripts/packages/SymbolServer'
2022-12-12T11:06:35.0215104Z Entering 'scripts/packages/TestEnv'
2022-12-12T11:06:35.0251555Z Entering 'scripts/packages/TestItemDetection'
2022-12-12T11:06:35.0289464Z Entering 'scripts/packages/Tokenize'
2022-12-12T11:06:35.0327777Z Entering 'scripts/packages/URIParser'
2022-12-12T11:06:35.0364013Z Entering 'scripts/packages/URIs'
2022-12-12T11:06:35.0419142Z [command]/usr/bin/git submodule foreach git config --local 'http.https://github.com/.extraheader' 'AUTHORIZATION: basic ***' && git config --local --show-origin --name-only --get-regexp remote.origin.url
2022-12-12T11:06:35.0624299Z Entering 'libs/jl-profile'
2022-12-12T11:06:35.0657622Z file:/home/runner/work/julia-vscode-microprint-test/julia-vscode-microprint-test/.git/modules/libs/jl-profile/config	remote.origin.url
2022-12-12T11:06:35.0662136Z Entering 'scripts/packages-old/JuliaInterpreter'
2022-12-12T11:06:35.0695632Z file:/home/runner/work/julia-vscode-microprint-test/julia-vscode-microprint-test/.git/modules/scripts/packages-old/JuliaInterpreter/config	remote.origin.url
2022-12-12T11:06:35.0700015Z Entering 'scripts/packages/CSTParser'
2022-12-12T11:06:35.0733288Z file:/home/runner/work/julia-vscode-microprint-test/julia-vscode-microprint-test/.git/modules/scripts/packages/CSTParser/config	remote.origin.url
2022-12-12T11:06:35.0737726Z Entering 'scripts/packages/CodeTracking'
2022-12-12T11:06:35.0770699Z file:/home/runner/work/julia-vscode-microprint-test/julia-vscode-microprint-test/.git/modules/scripts/packages/CodeTracking/config	remote.origin.url
2022-12-12T11:06:35.0775015Z Entering 'scripts/packages/CommonMark'
2022-12-12T11:06:35.0807701Z file:/home/runner/work/julia-vscode-microprint-test/julia-vscode-microprint-test/.git/modules/scripts/packages/CommonMark/config	remote.origin.url
2022-12-12T11:06:35.0811963Z Entering 'scripts/packages/Compat'
2022-12-12T11:06:35.0844548Z file:/home/runner/work/julia-vscode-microprint-test/julia-vscode-microprint-test/.git/modules/scripts/packages/Compat/config	remote.origin.url
2022-12-12T11:06:35.0848859Z Entering 'scripts/packages/CoverageTools'
2022-12-12T11:06:35.0883358Z file:/home/runner/work/julia-vscode-microprint-test/julia-vscode-microprint-test/.git/modules/scripts/packages/CoverageTools/config	remote.origin.url
2022-12-12T11:06:35.0887669Z Entering 'scripts/packages/Crayons'
2022-12-12T11:06:35.0920526Z file:/home/runner/work/julia-vscode-microprint-test/julia-vscode-microprint-test/.git/modules/scripts/packages/Crayons/config	remote.origin.url
2022-12-12T11:06:35.0924830Z Entering 'scripts/packages/DataStructures'
2022-12-12T11:06:35.0957759Z file:/home/runner/work/julia-vscode-microprint-test/julia-vscode-microprint-test/.git/modules/scripts/packages/DataStructures/config	remote.origin.url
2022-12-12T11:06:35.0962083Z Entering 'scripts/packages/DebugAdapter'
2022-12-12T11:06:35.0995238Z file:/home/runner/work/julia-vscode-microprint-test/julia-vscode-microprint-test/.git/modules/scripts/packages/DebugAdapter/config	remote.origin.url
2022-12-12T11:06:35.0998464Z Entering 'scripts/packages/FilePathsBase'
2022-12-12T11:06:35.1031951Z file:/home/runner/work/julia-vscode-microprint-test/julia-vscode-microprint-test/.git/modules/scripts/packages/FilePathsBase/config	remote.origin.url
2022-12-12T11:06:35.1036574Z Entering 'scripts/packages/IJuliaCore'
2022-12-12T11:06:35.1069374Z file:/home/runner/work/julia-vscode-microprint-test/julia-vscode-microprint-test/.git/modules/scripts/packages/IJuliaCore/config	remote.origin.url
2022-12-12T11:06:35.1073720Z Entering 'scripts/packages/JSON'
2022-12-12T11:06:35.1106394Z file:/home/runner/work/julia-vscode-microprint-test/julia-vscode-microprint-test/.git/modules/scripts/packages/JSON/config	remote.origin.url
2022-12-12T11:06:35.1110737Z Entering 'scripts/packages/JSONRPC'
2022-12-12T11:06:35.1143667Z file:/home/runner/work/julia-vscode-microprint-test/julia-vscode-microprint-test/.git/modules/scripts/packages/JSONRPC/config	remote.origin.url
2022-12-12T11:06:35.1148000Z Entering 'scripts/packages/JuliaFormatter'
2022-12-12T11:06:35.1183650Z file:/home/runner/work/julia-vscode-microprint-test/julia-vscode-microprint-test/.git/modules/scripts/packages/JuliaFormatter/config	remote.origin.url
2022-12-12T11:06:35.1184188Z Entering 'scripts/packages/JuliaInterpreter'
2022-12-12T11:06:35.1219478Z file:/home/runner/work/julia-vscode-microprint-test/julia-vscode-microprint-test/.git/modules/scripts/packages/JuliaInterpreter/config	remote.origin.url
2022-12-12T11:06:35.1222091Z Entering 'scripts/packages/LanguageServer'
2022-12-12T11:06:35.1254105Z file:/home/runner/work/julia-vscode-microprint-test/julia-vscode-microprint-test/.git/modules/scripts/packages/LanguageServer/config	remote.origin.url
2022-12-12T11:06:35.1260660Z Entering 'scripts/packages/LoweredCodeUtils'
2022-12-12T11:06:35.1295604Z file:/home/runner/work/julia-vscode-microprint-test/julia-vscode-microprint-test/.git/modules/scripts/packages/LoweredCodeUtils/config	remote.origin.url
2022-12-12T11:06:35.1298796Z Entering 'scripts/packages/OrderedCollections'
2022-12-12T11:06:35.1330966Z file:/home/runner/work/julia-vscode-microprint-test/julia-vscode-microprint-test/.git/modules/scripts/packages/OrderedCollections/config	remote.origin.url
2022-12-12T11:06:35.1335918Z Entering 'scripts/packages/PackageCompiler'
2022-12-12T11:06:35.1368405Z file:/home/runner/work/julia-vscode-microprint-test/julia-vscode-microprint-test/.git/modules/scripts/packages/PackageCompiler/config	remote.origin.url
2022-12-12T11:06:35.1373060Z Entering 'scripts/packages/Revise'
2022-12-12T11:06:35.1404167Z file:/home/runner/work/julia-vscode-microprint-test/julia-vscode-microprint-test/.git/modules/scripts/packages/Revise/config	remote.origin.url
2022-12-12T11:06:35.1408551Z Entering 'scripts/packages/StaticLint'
2022-12-12T11:06:35.1441255Z file:/home/runner/work/julia-vscode-microprint-test/julia-vscode-microprint-test/.git/modules/scripts/packages/StaticLint/config	remote.origin.url
2022-12-12T11:06:35.1445974Z Entering 'scripts/packages/SymbolServer'
2022-12-12T11:06:35.1477475Z file:/home/runner/work/julia-vscode-microprint-test/julia-vscode-microprint-test/.git/modules/scripts/packages/SymbolServer/config	remote.origin.url
2022-12-12T11:06:35.1482063Z Entering 'scripts/packages/TestEnv'
2022-12-12T11:06:35.1513662Z file:/home/runner/work/julia-vscode-microprint-test/julia-vscode-microprint-test/.git/modules/scripts/packages/TestEnv/config	remote.origin.url
2022-12-12T11:06:35.1518970Z Entering 'scripts/packages/TestItemDetection'
2022-12-12T11:06:35.1550031Z file:/home/runner/work/julia-vscode-microprint-test/julia-vscode-microprint-test/.git/modules/scripts/packages/TestItemDetection/config	remote.origin.url
2022-12-12T11:06:35.1554633Z Entering 'scripts/packages/Tokenize'
2022-12-12T11:06:35.1586143Z file:/home/runner/work/julia-vscode-microprint-test/julia-vscode-microprint-test/.git/modules/scripts/packages/Tokenize/config	remote.origin.url
2022-12-12T11:06:35.1590731Z Entering 'scripts/packages/URIParser'
2022-12-12T11:06:35.1622815Z file:/home/runner/work/julia-vscode-microprint-test/julia-vscode-microprint-test/.git/modules/scripts/packages/URIParser/config	remote.origin.url
2022-12-12T11:06:35.1626916Z Entering 'scripts/packages/URIs'
2022-12-12T11:06:35.1658580Z file:/home/runner/work/julia-vscode-microprint-test/julia-vscode-microprint-test/.git/modules/scripts/packages/URIs/config	remote.origin.url
2022-12-12T11:06:35.1810949Z [command]/usr/bin/git submodule foreach git config --local --add 'url.https://github.com/.insteadOf' 'git@github.com:'
2022-12-12T11:06:35.2033005Z Entering 'libs/jl-profile'
2022-12-12T11:06:35.2054266Z Entering 'scripts/packages-old/JuliaInterpreter'
2022-12-12T11:06:35.2076568Z Entering 'scripts/packages/CSTParser'
2022-12-12T11:06:35.2098070Z Entering 'scripts/packages/CodeTracking'
2022-12-12T11:06:35.2119997Z Entering 'scripts/packages/CommonMark'
2022-12-12T11:06:35.2141384Z Entering 'scripts/packages/Compat'
2022-12-12T11:06:35.2163123Z Entering 'scripts/packages/CoverageTools'
2022-12-12T11:06:35.2184350Z Entering 'scripts/packages/Crayons'
2022-12-12T11:06:35.2206532Z Entering 'scripts/packages/DataStructures'
2022-12-12T11:06:35.2227610Z Entering 'scripts/packages/DebugAdapter'
2022-12-12T11:06:35.2248908Z Entering 'scripts/packages/FilePathsBase'
2022-12-12T11:06:35.2270227Z Entering 'scripts/packages/IJuliaCore'
2022-12-12T11:06:35.2291931Z Entering 'scripts/packages/JSON'
2022-12-12T11:06:35.2314076Z Entering 'scripts/packages/JSONRPC'
2022-12-12T11:06:35.2337577Z Entering 'scripts/packages/JuliaFormatter'
2022-12-12T11:06:35.2360141Z Entering 'scripts/packages/JuliaInterpreter'
2022-12-12T11:06:35.2383913Z Entering 'scripts/packages/LanguageServer'
2022-12-12T11:06:35.2406578Z Entering 'scripts/packages/LoweredCodeUtils'
2022-12-12T11:06:35.2427938Z Entering 'scripts/packages/OrderedCollections'
2022-12-12T11:06:35.2449744Z Entering 'scripts/packages/PackageCompiler'
2022-12-12T11:06:35.2471308Z Entering 'scripts/packages/Revise'
2022-12-12T11:06:35.2493413Z Entering 'scripts/packages/StaticLint'
2022-12-12T11:06:35.2516786Z Entering 'scripts/packages/SymbolServer'
2022-12-12T11:06:35.2538779Z Entering 'scripts/packages/TestEnv'
2022-12-12T11:06:35.2562052Z Entering 'scripts/packages/TestItemDetection'
2022-12-12T11:06:35.2584395Z Entering 'scripts/packages/Tokenize'
2022-12-12T11:06:35.2608157Z Entering 'scripts/packages/URIParser'
2022-12-12T11:06:35.2629928Z Entering 'scripts/packages/URIs'
2022-12-12T11:06:35.2670336Z [command]/usr/bin/git submodule foreach git config --local --add 'url.https://github.com/.insteadOf' 'org-30818940@github.com:'
2022-12-12T11:06:35.2877923Z Entering 'libs/jl-profile'
2022-12-12T11:06:35.2903539Z Entering 'scripts/packages-old/JuliaInterpreter'
2022-12-12T11:06:35.2929702Z Entering 'scripts/packages/CSTParser'
2022-12-12T11:06:35.2957916Z Entering 'scripts/packages/CodeTracking'
2022-12-12T11:06:35.2980285Z Entering 'scripts/packages/CommonMark'
2022-12-12T11:06:35.3005903Z Entering 'scripts/packages/Compat'
2022-12-12T11:06:35.3027918Z Entering 'scripts/packages/CoverageTools'
2022-12-12T11:06:35.3052681Z Entering 'scripts/packages/Crayons'
2022-12-12T11:06:35.3074746Z Entering 'scripts/packages/DataStructures'
2022-12-12T11:06:35.3096745Z Entering 'scripts/packages/DebugAdapter'
2022-12-12T11:06:35.3118914Z Entering 'scripts/packages/FilePathsBase'
2022-12-12T11:06:35.3142001Z Entering 'scripts/packages/IJuliaCore'
2022-12-12T11:06:35.3165027Z Entering 'scripts/packages/JSON'
2022-12-12T11:06:35.3187836Z Entering 'scripts/packages/JSONRPC'
2022-12-12T11:06:35.3210464Z Entering 'scripts/packages/JuliaFormatter'
2022-12-12T11:06:35.3234130Z Entering 'scripts/packages/JuliaInterpreter'
2022-12-12T11:06:35.3257085Z Entering 'scripts/packages/LanguageServer'
2022-12-12T11:06:35.3280087Z Entering 'scripts/packages/LoweredCodeUtils'
2022-12-12T11:06:35.3302868Z Entering 'scripts/packages/OrderedCollections'
2022-12-12T11:06:35.3325576Z Entering 'scripts/packages/PackageCompiler'
2022-12-12T11:06:35.3349355Z Entering 'scripts/packages/Revise'
2022-12-12T11:06:35.3371805Z Entering 'scripts/packages/StaticLint'
2022-12-12T11:06:35.3394384Z Entering 'scripts/packages/SymbolServer'
2022-12-12T11:06:35.3416187Z Entering 'scripts/packages/TestEnv'
2022-12-12T11:06:35.3438645Z Entering 'scripts/packages/TestItemDetection'
2022-12-12T11:06:35.3461078Z Entering 'scripts/packages/Tokenize'
2022-12-12T11:06:35.3485093Z Entering 'scripts/packages/URIParser'
2022-12-12T11:06:35.3507432Z Entering 'scripts/packages/URIs'
2022-12-12T11:06:35.3548472Z ##[endgroup]
2022-12-12T11:06:35.3578227Z [command]/usr/bin/git log -1 --format='%H'
2022-12-12T11:06:35.3606478Z 'd600368978a7de1cfcc087dd9d372db332a0b649'
2022-12-12T11:06:35.3900743Z ##[group]Run julia-actions/setup-julia@v1
2022-12-12T11:06:35.3900980Z with:
2022-12-12T11:06:35.3901158Z   version: 1.8
2022-12-12T11:06:35.3901369Z   include-all-prereleases: false
2022-12-12T11:06:35.3901580Z   arch: X64
2022-12-12T11:06:35.3901772Z   show-versioninfo: false
2022-12-12T11:06:35.3901952Z env:
2022-12-12T11:06:35.3902120Z   NODE_VERSION: 16
2022-12-12T11:06:35.3902308Z ##[endgroup]
2022-12-12T11:06:37.3084155Z [command]tar xf /home/runner/work/_temp/77b43b64-74ab-4720-87ae-54e2548d6e74 --strip-components=1 -C julia-x64-1.8.3-eRn8QI
2022-12-12T11:06:46.5623071Z [command]julia --version
2022-12-12T11:06:46.5660511Z (node:2896) [DEP0147] DeprecationWarning: In future versions of Node.js, fs.rmdir(path, { recursive: true }) will be removed. Use fs.rm(path, { recursive: true }) instead
2022-12-12T11:06:46.5661494Z (Use `node --trace-deprecation ...` to show where the warning was created)
2022-12-12T11:06:46.5767048Z julia version 1.8.3
2022-12-12T11:06:46.5998934Z ##[group]Run julia -e 'using InteractiveUtils; versioninfo()'
2022-12-12T11:06:46.5999355Z [36;1mjulia -e 'using InteractiveUtils; versioninfo()'[0m
2022-12-12T11:06:46.5999769Z [36;1mjulia --project=./scripts/environments/languageserver/v1.8 -e 'using Pkg; Pkg.resolve()'[0m
2022-12-12T11:06:46.6000218Z [36;1mjulia --project=./scripts/environments/languageserver/v1.8 -e 'using Pkg; Pkg.test("CSTParser", coverage=true)'[0m
2022-12-12T11:06:46.6000691Z [36;1mjulia --project=./scripts/environments/languageserver/v1.8 -e 'using Pkg; Pkg.test("JSONRPC", coverage=true)'[0m
2022-12-12T11:06:46.6001161Z [36;1mjulia --project=./scripts/environments/languageserver/v1.8 -e 'using Pkg; Pkg.test("LanguageServer", coverage=true)'[0m
2022-12-12T11:06:46.6001632Z [36;1mjulia --project=./scripts/environments/languageserver/v1.8 -e 'using Pkg; Pkg.test("StaticLint", coverage=true)'[0m
2022-12-12T11:06:46.6002121Z [36;1mjulia --project=./scripts/environments/languageserver/v1.8 -e 'using Pkg; Pkg.test("SymbolServer", coverage=true)'[0m
2022-12-12T11:06:46.6002578Z [36;1mjulia --project=./scripts/testenvironments/debugadapter/v1.8 -e 'using Pkg; Pkg.test("DebugAdapter", coverage=true)'[0m
2022-12-12T11:06:46.6003060Z [36;1mjulia --project=./scripts/testenvironments/vscodedebugger/v1.8 -e 'using Pkg; Pkg.test("VSCodeDebugger", coverage=true)'[0m
2022-12-12T11:06:46.6003529Z [36;1mjulia --project=./scripts/testenvironments/vscodeserver/v1.8 -e 'using Pkg; Pkg.test("VSCodeServer", coverage=true)'[0m
2022-12-12T11:06:46.6063865Z shell: /usr/bin/bash --noprofile --norc -e -o pipefail {0}
2022-12-12T11:06:46.6064137Z env:
2022-12-12T11:06:46.6064319Z   NODE_VERSION: 16
2022-12-12T11:06:46.6064504Z ##[endgroup]
2022-12-12T11:06:47.6497110Z Julia Version 1.8.3
2022-12-12T11:06:47.6504261Z Commit 0434deb161e (2022-11-14 20:14 UTC)
2022-12-12T11:06:47.6530668Z Platform Info:
2022-12-12T11:06:47.6549950Z   OS: Linux (x86_64-linux-gnu)
2022-12-12T11:06:47.6650850Z   CPU: 2 × Intel(R) Xeon(R) Platinum 8370C CPU @ 2.80GHz
2022-12-12T11:06:47.6651273Z   WORD_SIZE: 64
2022-12-12T11:06:47.6651480Z   LIBM: libopenlibm
2022-12-12T11:06:47.6759154Z   LLVM: libLLVM-13.0.1 (ORCJIT, icelake-server)
2022-12-12T11:06:47.6759568Z   Threads: 1 on 2 virtual cores
2022-12-12T11:06:48.8614672Z   No Changes to `~/work/julia-vscode-microprint-test/julia-vscode-microprint-test/scripts/environments/languageserver/v1.8/Project.toml`
2022-12-12T11:06:48.8836652Z   No Changes to `~/work/julia-vscode-microprint-test/julia-vscode-microprint-test/scripts/environments/languageserver/v1.8/Manifest.toml`
2022-12-12T11:06:49.7211008Z   Installing known registries into `~/.julia`
2022-12-12T11:06:51.6768366Z      Testing CSTParser
2022-12-12T11:06:53.1061409Z       Status `/tmp/jl_36l91j/Project.toml`
2022-12-12T11:06:53.1211810Z   [00ebfdb7] CSTParser v3.3.7-DEV `~/work/julia-vscode-microprint-test/julia-vscode-microprint-test/scripts/packages/CSTParser`
2022-12-12T11:06:53.1212921Z   [0796e94c] Tokenize v0.5.24 `~/work/julia-vscode-microprint-test/julia-vscode-microprint-test/scripts/packages/Tokenize`
2022-12-12T11:06:53.1258265Z   [8dfed614] Test `@stdlib/Test`
2022-12-12T11:06:53.1373291Z       Status `/tmp/jl_36l91j/Manifest.toml`
2022-12-12T11:06:53.1399265Z   [00ebfdb7] CSTParser v3.3.7-DEV `~/work/julia-vscode-microprint-test/julia-vscode-microprint-test/scripts/packages/CSTParser`
2022-12-12T11:06:53.1399881Z   [0796e94c] Tokenize v0.5.24 `~/work/julia-vscode-microprint-test/julia-vscode-microprint-test/scripts/packages/Tokenize`
2022-12-12T11:06:53.1400241Z   [2a0f44e3] Base64 `@stdlib/Base64`
2022-12-12T11:06:53.1400505Z   [b77e0a4c] InteractiveUtils `@stdlib/InteractiveUtils`
2022-12-12T11:06:53.1400775Z   [56ddb016] Logging `@stdlib/Logging`
2022-12-12T11:06:53.1401016Z   [d6f4376e] Markdown `@stdlib/Markdown`
2022-12-12T11:06:53.1401243Z   [9a3f8284] Random `@stdlib/Random`
2022-12-12T11:06:53.1401493Z   [ea8e919c] SHA v0.7.0 `@stdlib/SHA`
2022-12-12T11:06:53.1401751Z   [9e88b42a] Serialization `@stdlib/Serialization`
2022-12-12T11:06:53.1402306Z   [8dfed614] Test `@stdlib/Test`
2022-12-12T11:06:53.5367029Z Precompiling project...
2022-12-12T11:06:55.1254948Z [32m  ✓ [39mTokenize
2022-12-12T11:06:57.8095317Z [32m  ✓ [39mCSTParser
2022-12-12T11:06:57.8222721Z   2 dependencies successfully precompiled in 5 seconds
2022-12-12T11:06:57.8223265Z      Testing Running tests...
2022-12-12T11:07:50.2612094Z [ Info: checking check_err_parse against ../docs/make.jl
2022-12-12T11:07:50.4451405Z [ Info: checking check_err_parse against ../src/CSTParser.jl
2022-12-12T11:07:51.3008290Z [ Info: checking check_err_parse against ../src/conversion.jl
2022-12-12T11:07:52.6580526Z [ Info: checking check_err_parse against ../src/display.jl
2022-12-12T11:07:52.6877011Z [ Info: checking check_err_parse against ../src/interface.jl
2022-12-12T11:07:53.8290697Z [ Info: checking check_err_parse against ../src/iterate.jl
2022-12-12T11:07:59.6607827Z [ Info: checking check_err_parse against ../src/lexer.jl
2022-12-12T11:08:00.1313894Z [ Info: checking check_err_parse against ../src/precompile.jl
2022-12-12T11:08:00.5115834Z [ Info: checking check_err_parse against ../src/recovery.jl
2022-12-12T11:08:00.5415988Z [ Info: checking check_err_parse against ../src/spec.jl
2022-12-12T11:08:02.0178973Z [ Info: checking check_err_parse against ../src/utils.jl
2022-12-12T11:08:06.5557834Z [ Info: checking check_err_parse against ../src/components/internals.jl
2022-12-12T11:08:09.1650999Z [ Info: checking check_err_parse against ../src/components/keywords.jl
2022-12-12T11:08:11.0803686Z [ Info: checking check_err_parse against ../src/components/lists.jl
2022-12-12T11:08:12.1891557Z [ Info: checking check_err_parse against ../src/components/operators.jl
2022-12-12T11:08:22.5428993Z [ Info: checking check_err_parse against ../src/components/strings.jl
2022-12-12T11:08:24.5527718Z [ Info: checking check_err_parse against ../test/check_base.jl
2022-12-12T11:08:24.7592295Z [ Info: checking check_err_parse against ../test/display.jl
2022-12-12T11:08:24.7598061Z [ Info: checking check_err_parse against ../test/errparse.jl
2022-12-12T11:08:24.9682923Z [ Info: checking check_err_parse against ../test/interface.jl
2022-12-12T11:08:25.1187866Z [ Info: checking check_err_parse against ../test/iterate.jl
2022-12-12T11:08:37.5827080Z [ Info: checking check_err_parse against ../test/parser.jl
2022-12-12T11:08:55.8572105Z [ Info: checking check_err_parse against ../test/runtests.jl
2022-12-12T11:08:55.8585739Z [ Info: checking check_err_parse against ../test/spec.jl
2022-12-12T11:08:57.0495634Z [ Info: checking check_reparse against ../docs/make.jl
2022-12-12T11:08:57.1653953Z [ Info: checking check_reparse against ../src/CSTParser.jl
2022-12-12T11:08:57.1743606Z [ Info: checking check_reparse against ../src/conversion.jl
2022-12-12T11:08:57.1976622Z [ Info: checking check_reparse against ../src/display.jl
2022-12-12T11:08:57.1995660Z [ Info: checking check_reparse against ../src/interface.jl
2022-12-12T11:08:57.2387189Z [ Info: checking check_reparse against ../src/iterate.jl
2022-12-12T11:08:57.2689101Z [ Info: checking check_reparse against ../src/lexer.jl
2022-12-12T11:08:57.2794527Z [ Info: checking check_reparse against ../src/precompile.jl
2022-12-12T11:08:57.2875633Z [ Info: checking check_reparse against ../src/recovery.jl
2022-12-12T11:08:57.2888286Z [ Info: checking check_reparse against ../src/spec.jl
2022-12-12T11:08:57.2981008Z [ Info: checking check_reparse against ../src/utils.jl
2022-12-12T11:08:57.3412040Z [ Info: checking check_reparse against ../src/components/internals.jl
2022-12-12T11:08:57.5186687Z [ Info: checking check_reparse against ../src/components/keywords.jl
2022-12-12T11:08:57.5395082Z [ Info: checking check_reparse against ../src/components/lists.jl
2022-12-12T11:08:57.5483137Z [ Info: checking check_reparse against ../src/components/operators.jl
2022-12-12T11:08:57.5753327Z [ Info: checking check_reparse against ../src/components/strings.jl
2022-12-12T11:08:57.6160940Z [ Info: checking check_reparse against ../test/check_base.jl
2022-12-12T11:08:57.6202140Z [ Info: checking check_reparse against ../test/display.jl
2022-12-12T11:08:57.6202538Z [ Info: checking check_reparse against ../test/errparse.jl
2022-12-12T11:08:57.6320151Z [ Info: checking check_reparse against ../test/interface.jl
2022-12-12T11:08:57.6383367Z [ Info: checking check_reparse against ../test/iterate.jl
2022-12-12T11:08:57.6653699Z [ Info: checking check_reparse against ../test/parser.jl
2022-12-12T11:08:57.7662513Z [ Info: checking check_reparse against ../test/runtests.jl
2022-12-12T11:08:57.7665997Z [ Info: checking check_reparse against ../test/spec.jl
2022-12-12T11:08:57.8389256Z Test Summary: |  Pass  Broken  Total     Time
2022-12-12T11:08:57.8581551Z CSTParser     | 87044       2  87046  1m59.4s
2022-12-12T11:08:57.8761378Z      Testing CSTParser tests passed 
2022-12-12T11:08:59.3758629Z      Testing JSONRPC
2022-12-12T11:09:00.8444231Z       Status `/tmp/jl_ZzQzn3/Project.toml`
2022-12-12T11:09:00.8593253Z   [682c06a0] JSON v0.20.1 `~/work/julia-vscode-microprint-test/julia-vscode-microprint-test/scripts/packages/JSON`
2022-12-12T11:09:00.8594283Z   [b9b8584e] JSONRPC v1.3.5-DEV `~/work/julia-vscode-microprint-test/julia-vscode-microprint-test/scripts/packages/JSONRPC`
2022-12-12T11:09:00.8595261Z   [6462fe0b] Sockets `@stdlib/Sockets`
2022-12-12T11:09:00.8595555Z   [8dfed614] Test `@stdlib/Test`
2022-12-12T11:09:00.8595783Z   [cf7118a7] UUIDs `@stdlib/UUIDs`
2022-12-12T11:09:00.8754399Z       Status `/tmp/jl_ZzQzn3/Manifest.toml`
2022-12-12T11:09:00.8790427Z   [682c06a0] JSON v0.20.1 `~/work/julia-vscode-microprint-test/julia-vscode-microprint-test/scripts/packages/JSON`
2022-12-12T11:09:00.8791071Z   [b9b8584e] JSONRPC v1.3.5-DEV `~/work/julia-vscode-microprint-test/julia-vscode-microprint-test/scripts/packages/JSONRPC`
2022-12-12T11:09:00.8791452Z   [2a0f44e3] Base64 `@stdlib/Base64`
2022-12-12T11:09:00.8792240Z   [ade2ca70] Dates `@stdlib/Dates`
2022-12-12T11:09:00.8792512Z   [b77e0a4c] InteractiveUtils `@stdlib/InteractiveUtils`
2022-12-12T11:09:00.8792789Z   [56ddb016] Logging `@stdlib/Logging`
2022-12-12T11:09:00.8793025Z   [d6f4376e] Markdown `@stdlib/Markdown`
2022-12-12T11:09:00.8793261Z   [a63ad114] Mmap `@stdlib/Mmap`
2022-12-12T11:09:00.8793497Z   [de0858da] Printf `@stdlib/Printf`
2022-12-12T11:09:00.8793715Z   [9a3f8284] Random `@stdlib/Random`
2022-12-12T11:09:00.8793940Z   [ea8e919c] SHA v0.7.0 `@stdlib/SHA`
2022-12-12T11:09:00.8794196Z   [9e88b42a] Serialization `@stdlib/Serialization`
2022-12-12T11:09:00.8794454Z   [6462fe0b] Sockets `@stdlib/Sockets`
2022-12-12T11:09:00.8794668Z   [8dfed614] Test `@stdlib/Test`
2022-12-12T11:09:00.8795038Z   [cf7118a7] UUIDs `@stdlib/UUIDs`
2022-12-12T11:09:00.8795275Z   [4ec0a83e] Unicode `@stdlib/Unicode`
2022-12-12T11:09:01.2708075Z Precompiling project...
2022-12-12T11:09:01.9112739Z [32m  ✓ [39mJSON
2022-12-12T11:09:02.2266047Z [32m  ✓ [39mJSONRPC
2022-12-12T11:09:02.2394573Z   2 dependencies successfully precompiled in 1 seconds
2022-12-12T11:09:02.2396005Z      Testing Running tests...
2022-12-12T11:09:06.3258558Z Test Summary: | Pass  Total  Time
2022-12-12T11:09:06.3445394Z JSONRPC       |   39     39  3.3s
2022-12-12T11:09:06.3531127Z      Testing JSONRPC tests passed 
2022-12-12T11:09:07.8592071Z      Testing LanguageServer
2022-12-12T11:09:10.1504433Z       Status `/tmp/jl_jfaVyh/Project.toml`
2022-12-12T11:09:10.1705257Z   [00ebfdb7] CSTParser v3.3.7-DEV `~/work/julia-vscode-microprint-test/julia-vscode-microprint-test/scripts/packages/CSTParser`
2022-12-12T11:09:10.1706256Z   [682c06a0] JSON v0.20.1 `~/work/julia-vscode-microprint-test/julia-vscode-microprint-test/scripts/packages/JSON`
2022-12-12T11:09:10.1708087Z   [b9b8584e] JSONRPC v1.3.5-DEV `~/work/julia-vscode-microprint-test/julia-vscode-microprint-test/scripts/packages/JSONRPC`
2022-12-12T11:09:10.1708893Z   [98e50ef6] JuliaFormatter v1.0.10 `~/work/julia-vscode-microprint-test/julia-vscode-microprint-test/scripts/packages/JuliaFormatter`
2022-12-12T11:09:10.1709993Z   [2b0e0bc5] LanguageServer v4.3.2-DEV `~/work/julia-vscode-microprint-test/julia-vscode-microprint-test/scripts/packages/LanguageServer`
2022-12-12T11:09:10.1710913Z   [b3cc710f] StaticLint v8.1.1-DEV `~/work/julia-vscode-microprint-test/julia-vscode-microprint-test/scripts/packages/StaticLint`
2022-12-12T11:09:10.1712196Z   [cf896787] SymbolServer v7.2.2-DEV `~/work/julia-vscode-microprint-test/julia-vscode-microprint-test/scripts/packages/SymbolServer`
2022-12-12T11:09:10.1712947Z   [76b0de8b] TestItemDetection v0.1.2-DEV `~/work/julia-vscode-microprint-test/julia-vscode-microprint-test/scripts/packages/TestItemDetection`
2022-12-12T11:09:10.1713367Z   [f8b46487] TestItemRunner v0.2.1
2022-12-12T11:09:10.1713861Z   [0796e94c] Tokenize v0.5.24 `~/work/julia-vscode-microprint-test/julia-vscode-microprint-test/scripts/packages/Tokenize`
2022-12-12T11:09:10.1714456Z   [5c2747f8] URIs v1.4.0 `~/work/julia-vscode-microprint-test/julia-vscode-microprint-test/scripts/packages/URIs`
2022-12-12T11:09:10.1714811Z   [76f85450] LibGit2 `@stdlib/LibGit2`
2022-12-12T11:09:10.1715187Z   [d6f4376e] Markdown `@stdlib/Markdown`
2022-12-12T11:09:10.1715426Z   [44cfe95a] Pkg v1.8.0 `@stdlib/Pkg`
2022-12-12T11:09:10.1715651Z   [3fa0cd96] REPL `@stdlib/REPL`
2022-12-12T11:09:10.1715873Z   [ea8e919c] SHA v0.7.0 `@stdlib/SHA`
2022-12-12T11:09:10.1716123Z   [9e88b42a] Serialization `@stdlib/Serialization`
2022-12-12T11:09:10.1716371Z   [6462fe0b] Sockets `@stdlib/Sockets`
2022-12-12T11:09:10.1716597Z   [8dfed614] Test `@stdlib/Test`
2022-12-12T11:09:10.1716820Z   [cf7118a7] UUIDs `@stdlib/UUIDs`
2022-12-12T11:09:10.1876431Z       Status `/tmp/jl_jfaVyh/Manifest.toml`
2022-12-12T11:09:10.1992543Z   [00ebfdb7] CSTParser v3.3.7-DEV `~/work/julia-vscode-microprint-test/julia-vscode-microprint-test/scripts/packages/CSTParser`
2022-12-12T11:09:10.1993673Z   [a80b9123] CommonMark v0.8.6 `~/work/julia-vscode-microprint-test/julia-vscode-microprint-test/scripts/packages/CommonMark`
2022-12-12T11:09:10.1994947Z   [34da2185] Compat v3.43.0 `~/work/julia-vscode-microprint-test/julia-vscode-microprint-test/scripts/packages/Compat`
2022-12-12T11:09:10.1996150Z   [a8cc5b0e] Crayons v4.0.4 `~/work/julia-vscode-microprint-test/julia-vscode-microprint-test/scripts/packages/Crayons`
2022-12-12T11:09:10.1997336Z   [864edb3b] DataStructures v0.18.13 `~/work/julia-vscode-microprint-test/julia-vscode-microprint-test/scripts/packages/DataStructures`
2022-12-12T11:09:10.1998448Z   [682c06a0] JSON v0.20.1 `~/work/julia-vscode-microprint-test/julia-vscode-microprint-test/scripts/packages/JSON`
2022-12-12T11:09:10.1999668Z   [b9b8584e] JSONRPC v1.3.5-DEV `~/work/julia-vscode-microprint-test/julia-vscode-microprint-test/scripts/packages/JSONRPC`
2022-12-12T11:09:10.2000852Z   [98e50ef6] JuliaFormatter v1.0.10 `~/work/julia-vscode-microprint-test/julia-vscode-microprint-test/scripts/packages/JuliaFormatter`
2022-12-12T11:09:10.2002042Z   [2b0e0bc5] LanguageServer v4.3.2-DEV `~/work/julia-vscode-microprint-test/julia-vscode-microprint-test/scripts/packages/LanguageServer`
2022-12-12T11:09:10.2003267Z   [bac558e1] OrderedCollections v1.4.1 `~/work/julia-vscode-microprint-test/julia-vscode-microprint-test/scripts/packages/OrderedCollections`
2022-12-12T11:09:10.2004398Z   [b3cc710f] StaticLint v8.1.1-DEV `~/work/julia-vscode-microprint-test/julia-vscode-microprint-test/scripts/packages/StaticLint`
2022-12-12T11:09:10.2005606Z   [cf896787] SymbolServer v7.2.2-DEV `~/work/julia-vscode-microprint-test/julia-vscode-microprint-test/scripts/packages/SymbolServer`
2022-12-12T11:09:10.2006810Z   [76b0de8b] TestItemDetection v0.1.2-DEV `~/work/julia-vscode-microprint-test/julia-vscode-microprint-test/scripts/packages/TestItemDetection`
2022-12-12T11:09:10.2008103Z   [f8b46487] TestItemRunner v0.2.1
2022-12-12T11:09:10.2008330Z   [1c621080] TestItems v0.1.0
2022-12-12T11:09:10.2011168Z   [0796e94c] Tokenize v0.5.24 `~/work/julia-vscode-microprint-test/julia-vscode-microprint-test/scripts/packages/Tokenize`
2022-12-12T11:09:10.2012117Z   [5c2747f8] URIs v1.4.0 `~/work/julia-vscode-microprint-test/julia-vscode-microprint-test/scripts/packages/URIs`
2022-12-12T11:09:10.2013146Z   [0dad84c5] ArgTools v1.1.1 `@stdlib/ArgTools`
2022-12-12T11:09:10.2014131Z   [56f22d72] Artifacts `@stdlib/Artifacts`
2022-12-12T11:09:10.2015208Z   [2a0f44e3] Base64 `@stdlib/Base64`
2022-12-12T11:09:10.2016304Z   [ade2ca70] Dates `@stdlib/Dates`
2022-12-12T11:09:10.2017431Z   [8bb1440f] DelimitedFiles `@stdlib/DelimitedFiles`
2022-12-12T11:09:10.2018518Z   [8ba89e20] Distributed `@stdlib/Distributed`
2022-12-12T11:09:10.2019614Z   [f43a241f] Downloads v1.6.0 `@stdlib/Downloads`
2022-12-12T11:09:10.2020716Z   [7b1f6079] FileWatching `@stdlib/FileWatching`
2022-12-12T11:09:10.2021817Z   [b77e0a4c] InteractiveUtils `@stdlib/InteractiveUtils`
2022-12-12T11:09:10.2022902Z   [b27032c2] LibCURL v0.6.3 `@stdlib/LibCURL`
2022-12-12T11:09:10.2023982Z   [76f85450] LibGit2 `@stdlib/LibGit2`
2022-12-12T11:09:10.2025072Z   [8f399da3] Libdl `@stdlib/Libdl`
2022-12-12T11:09:10.2026213Z   [37e2e46d] LinearAlgebra `@stdlib/LinearAlgebra`
2022-12-12T11:09:10.2027276Z   [56ddb016] Logging `@stdlib/Logging`
2022-12-12T11:09:10.2028380Z   [d6f4376e] Markdown `@stdlib/Markdown`
2022-12-12T11:09:10.2029444Z   [a63ad114] Mmap `@stdlib/Mmap`
2022-12-12T11:09:10.2030616Z   [ca575930] NetworkOptions v1.2.0 `@stdlib/NetworkOptions`
2022-12-12T11:09:10.2032097Z   [44cfe95a] Pkg v1.8.0 `@stdlib/Pkg`
2022-12-12T11:09:10.2032330Z   [de0858da] Printf `@stdlib/Printf`
2022-12-12T11:09:10.2033639Z   [3fa0cd96] REPL `@stdlib/REPL`
2022-12-12T11:09:10.2033862Z   [9a3f8284] Random `@stdlib/Random`
2022-12-12T11:09:10.2045489Z   [ea8e919c] SHA v0.7.0 `@stdlib/SHA`
2022-12-12T11:09:10.2045763Z   [9e88b42a] Serialization `@stdlib/Serialization`
2022-12-12T11:09:10.2046059Z   [1a1011a3] SharedArrays `@stdlib/SharedArrays`
2022-12-12T11:09:10.2046369Z   [6462fe0b] Sockets `@stdlib/Sockets`
2022-12-12T11:09:10.2046640Z   [2f01184e] SparseArrays `@stdlib/SparseArrays`
2022-12-12T11:09:10.2047015Z   [10745b16] Statistics `@stdlib/Statistics`
2022-12-12T11:09:10.2047281Z   [fa267f1f] TOML v1.0.0 `@stdlib/TOML`
2022-12-12T11:09:10.2047527Z   [a4e569a6] Tar v1.10.1 `@stdlib/Tar`
2022-12-12T11:09:10.2047753Z   [8dfed614] Test `@stdlib/Test`
2022-12-12T11:09:10.2047985Z   [cf7118a7] UUIDs `@stdlib/UUIDs`
2022-12-12T11:09:10.2048227Z   [4ec0a83e] Unicode `@stdlib/Unicode`
2022-12-12T11:09:10.2048562Z   [e66e0078] CompilerSupportLibraries_jll v0.5.2+0 `@stdlib/CompilerSupportLibraries_jll`
2022-12-12T11:09:10.2048909Z   [deac9b47] LibCURL_jll v7.84.0+0 `@stdlib/LibCURL_jll`
2022-12-12T11:09:10.2049181Z   [29816b5a] LibSSH2_jll v1.10.2+0 `@stdlib/LibSSH2_jll`
2022-12-12T11:09:10.2049438Z   [c8ffd9c3] MbedTLS_jll v2.28.0+0 `@stdlib/MbedTLS_jll`
2022-12-12T11:09:10.2049734Z   [14a3606d] MozillaCACerts_jll v2022.2.1 `@stdlib/MozillaCACerts_jll`
2022-12-12T11:09:10.2050044Z   [4536629a] OpenBLAS_jll v0.3.20+0 `@stdlib/OpenBLAS_jll`
2022-12-12T11:09:10.2050304Z   [83775a58] Zlib_jll v1.2.12+3 `@stdlib/Zlib_jll`
2022-12-12T11:09:10.2050601Z   [8e850b90] libblastrampoline_jll v5.1.1+0 `@stdlib/libblastrampoline_jll`
2022-12-12T11:09:10.2050918Z   [8e850ede] nghttp2_jll v1.48.0+0 `@stdlib/nghttp2_jll`
2022-12-12T11:09:10.2051188Z   [3f19e933] p7zip_jll v17.4.0+0 `@stdlib/p7zip_jll`
2022-12-12T11:09:10.6636760Z Precompiling project...
2022-12-12T11:09:11.4479649Z [32m  ✓ [39m[90mCompat[39m
2022-12-12T11:09:11.5008289Z [32m  ✓ [39mURIs
2022-12-12T11:09:11.8191619Z [32m  ✓ [39m[90mCompilerSupportLibraries_jll[39m
2022-12-12T11:09:12.2399146Z [32m  ✓ [39m[90mCrayons[39m
2022-12-12T11:09:12.3629344Z [32m  ✓ [39m[90mOrderedCollections[39m
2022-12-12T11:09:12.5572964Z [32m  ✓ [39m[90mMbedTLS_jll[39m
2022-12-12T11:09:12.7404685Z [32m  ✓ [39m[90mZlib_jll[39m
2022-12-12T11:09:12.8303021Z [32m  ✓ [39m[90mTestItems[39m
2022-12-12T11:09:13.0473416Z [32m  ✓ [39m[90mOpenBLAS_jll[39m
2022-12-12T11:09:13.3706892Z [32m  ✓ [39mTestItemDetection
2022-12-12T11:09:15.4055333Z [32m  ✓ [39m[90mCommonMark[39m
2022-12-12T11:09:15.7586282Z [32m  ✓ [39m[90mLibSSH2_jll[39m
2022-12-12T11:09:16.0457812Z [32m  ✓ [39m[90mDataStructures[39m
2022-12-12T11:09:16.3270825Z [32m  ✓ [39m[90mlibblastrampoline_jll[39m
2022-12-12T11:09:20.8607275Z [32m  ✓ [39mJuliaFormatter
2022-12-12T11:09:21.4767357Z [32m  ✓ [39mTestItemRunner
2022-12-12T11:09:21.5597318Z [32m  ✓ [39mSymbolServer
2022-12-12T11:09:23.1458561Z [32m  ✓ [39mStaticLint
2022-12-12T11:09:26.2604963Z [32m  ✓ [39mLanguageServer
2022-12-12T11:09:26.2734181Z   19 dependencies successfully precompiled in 16 seconds. 4 already precompiled.
2022-12-12T11:09:26.2734812Z      Testing Running tests...
2022-12-12T11:10:21.0564694Z [ Info: Self-parse test
2022-12-12T11:10:21.0756298Z [ Info: skipping brute-force tests on CI
2022-12-12T11:11:23.4858014Z ERROR: InvalidStateException: Channel is closed.
2022-12-12T11:11:23.4858540Z Stacktrace:
2022-12-12T11:11:23.4872906Z  [1] try_yieldto(undo::typeof(Base.ensure_rescheduled))
2022-12-12T11:11:23.4873614Z    @ Base ./task.jl:871
2022-12-12T11:11:23.4873928Z  [2] wait()
2022-12-12T11:11:23.4874301Z    @ Base ./task.jl:931
2022-12-12T11:11:23.4875057Z  [3] wait(c::Base.GenericCondition{ReentrantLock})
2022-12-12T11:11:23.4875448Z    @ Base ./condition.jl:124
2022-12-12T11:11:23.4875839Z  [4] take_buffered(c::Channel{Any})
2022-12-12T11:11:23.4876230Z    @ Base ./channels.jl:416
2022-12-12T11:11:23.4876592Z  [5] take!
2022-12-12T11:11:23.4876936Z    @ ./channels.jl:410 [inlined]
2022-12-12T11:11:23.4877297Z  [6] get_next_message
2022-12-12T11:11:23.4878127Z    @ ~/work/julia-vscode-microprint-test/julia-vscode-microprint-test/scripts/packages/JSONRPC/src/core.jl:202 [inlined]
2022-12-12T11:11:23.4878645Z  [7] macro expansion
2022-12-12T11:11:23.4879302Z    @ ~/work/julia-vscode-microprint-test/julia-vscode-microprint-test/scripts/packages/LanguageServer/src/languageserverinstance.jl:288 [inlined]
2022-12-12T11:11:23.4880771Z  [8] (::LanguageServer.var"#111#114"{LanguageServer.LanguageServerInstance})()
2022-12-12T11:11:23.4881510Z    @ LanguageServer ./task.jl:484
2022-12-12T11:11:23.4885244Z [ Info: Processing Pkg...
2022-12-12T11:11:23.4933990Z [ Info: Shutting down server instance.
2022-12-12T11:11:24.3084602Z Test Summary: | Pass  Broken  Total     Time
2022-12-12T11:11:24.3521757Z Package       |  400      10    410  1m50.5s
2022-12-12T11:11:24.4452922Z      Testing LanguageServer tests passed 
2022-12-12T11:11:26.2178806Z      Testing StaticLint
2022-12-12T11:11:27.7379490Z       Status `/tmp/jl_h0Rmxj/Project.toml`
2022-12-12T11:11:27.7539160Z   [00ebfdb7] CSTParser v3.3.7-DEV `~/work/julia-vscode-microprint-test/julia-vscode-microprint-test/scripts/packages/CSTParser`
2022-12-12T11:11:27.7540473Z   [b3cc710f] StaticLint v8.1.1-DEV `~/work/julia-vscode-microprint-test/julia-vscode-microprint-test/scripts/packages/StaticLint`
2022-12-12T11:11:27.7541709Z   [cf896787] SymbolServer v7.2.2-DEV `~/work/julia-vscode-microprint-test/julia-vscode-microprint-test/scripts/packages/SymbolServer`
2022-12-12T11:11:27.7542154Z   [76f85450] LibGit2 `@stdlib/LibGit2`
2022-12-12T11:11:27.7542409Z   [44cfe95a] Pkg v1.8.0 `@stdlib/Pkg`
2022-12-12T11:11:27.7542660Z   [ea8e919c] SHA v0.7.0 `@stdlib/SHA`
2022-12-12T11:11:27.7542915Z   [9e88b42a] Serialization `@stdlib/Serialization`
2022-12-12T11:11:27.7543174Z   [8dfed614] Test `@stdlib/Test`
2022-12-12T11:11:27.7742389Z       Status `/tmp/jl_h0Rmxj/Manifest.toml`
2022-12-12T11:11:27.7811054Z   [00ebfdb7] CSTParser v3.3.7-DEV `~/work/julia-vscode-microprint-test/julia-vscode-microprint-test/scripts/packages/CSTParser`
2022-12-12T11:11:27.7814750Z   [b3cc710f] StaticLint v8.1.1-DEV `~/work/julia-vscode-microprint-test/julia-vscode-microprint-test/scripts/packages/StaticLint`
2022-12-12T11:11:27.7818241Z   [cf896787] SymbolServer v7.2.2-DEV `~/work/julia-vscode-microprint-test/julia-vscode-microprint-test/scripts/packages/SymbolServer`
2022-12-12T11:11:27.7821611Z   [0796e94c] Tokenize v0.5.24 `~/work/julia-vscode-microprint-test/julia-vscode-microprint-test/scripts/packages/Tokenize`
2022-12-12T11:11:27.7824637Z   [0dad84c5] ArgTools v1.1.1 `@stdlib/ArgTools`
2022-12-12T11:11:27.7827516Z   [56f22d72] Artifacts `@stdlib/Artifacts`
2022-12-12T11:11:27.7830670Z   [2a0f44e3] Base64 `@stdlib/Base64`
2022-12-12T11:11:27.7833604Z   [ade2ca70] Dates `@stdlib/Dates`
2022-12-12T11:11:27.7836754Z   [f43a241f] Downloads v1.6.0 `@stdlib/Downloads`
2022-12-12T11:11:27.7839715Z   [7b1f6079] FileWatching `@stdlib/FileWatching`
2022-12-12T11:11:27.7842675Z   [b77e0a4c] InteractiveUtils `@stdlib/InteractiveUtils`
2022-12-12T11:11:27.7845616Z   [b27032c2] LibCURL v0.6.3 `@stdlib/LibCURL`
2022-12-12T11:11:27.7848507Z   [76f85450] LibGit2 `@stdlib/LibGit2`
2022-12-12T11:11:27.7851413Z   [8f399da3] Libdl `@stdlib/Libdl`
2022-12-12T11:11:27.7854294Z   [56ddb016] Logging `@stdlib/Logging`
2022-12-12T11:11:27.7857188Z   [d6f4376e] Markdown `@stdlib/Markdown`
2022-12-12T11:11:27.7860136Z   [ca575930] NetworkOptions v1.2.0 `@stdlib/NetworkOptions`
2022-12-12T11:11:27.7863095Z   [44cfe95a] Pkg v1.8.0 `@stdlib/Pkg`
2022-12-12T11:11:27.7865981Z   [de0858da] Printf `@stdlib/Printf`
2022-12-12T11:11:27.7868877Z   [3fa0cd96] REPL `@stdlib/REPL`
2022-12-12T11:11:27.7871783Z   [9a3f8284] Random `@stdlib/Random`
2022-12-12T11:11:27.7874660Z   [ea8e919c] SHA v0.7.0 `@stdlib/SHA`
2022-12-12T11:11:27.7877731Z   [9e88b42a] Serialization `@stdlib/Serialization`
2022-12-12T11:11:27.7880650Z   [6462fe0b] Sockets `@stdlib/Sockets`
2022-12-12T11:11:27.7883549Z   [fa267f1f] TOML v1.0.0 `@stdlib/TOML`
2022-12-12T11:11:27.7886434Z   [a4e569a6] Tar v1.10.1 `@stdlib/Tar`
2022-12-12T11:11:27.7889331Z   [8dfed614] Test `@stdlib/Test`
2022-12-12T11:11:27.7892212Z   [cf7118a7] UUIDs `@stdlib/UUIDs`
2022-12-12T11:11:27.7895097Z   [4ec0a83e] Unicode `@stdlib/Unicode`
2022-12-12T11:11:27.7898343Z   [deac9b47] LibCURL_jll v7.84.0+0 `@stdlib/LibCURL_jll`
2022-12-12T11:11:27.7901334Z   [29816b5a] LibSSH2_jll v1.10.2+0 `@stdlib/LibSSH2_jll`
2022-12-12T11:11:27.7955771Z   [c8ffd9c3] MbedTLS_jll v2.28.0+0 `@stdlib/MbedTLS_jll`
2022-12-12T11:11:27.7956404Z   [14a3606d] MozillaCACerts_jll v2022.2.1 `@stdlib/MozillaCACerts_jll`
2022-12-12T11:11:27.7956708Z   [83775a58] Zlib_jll v1.2.12+3 `@stdlib/Zlib_jll`
2022-12-12T11:11:27.7956995Z   [8e850ede] nghttp2_jll v1.48.0+0 `@stdlib/nghttp2_jll`
2022-12-12T11:11:27.7957279Z   [3f19e933] p7zip_jll v17.4.0+0 `@stdlib/p7zip_jll`
2022-12-12T11:11:28.2637615Z      Testing Running tests...
2022-12-12T11:11:48.0590269Z Test Summary: | Pass  Total   Time
2022-12-12T11:11:48.0793562Z StaticLint    |  342    342  17.5s
2022-12-12T11:11:48.0834699Z Test Summary:                             | Pass  Total  Time
2022-12-12T11:11:48.0835329Z add eval method to modules/toplevel scope |    2      2  0.0s
2022-12-12T11:11:48.2327889Z Test Summary: | Pass  Total  Time
2022-12-12T11:11:48.2328612Z reparse       |    3      3  0.1s
2022-12-12T11:11:48.2359856Z Test Summary:               | Pass  Total  Time
2022-12-12T11:11:48.2360318Z duplicate function argument |    1      1  0.0s
2022-12-12T11:11:48.2406004Z Test Summary:       | Pass  Total  Time
2022-12-12T11:11:48.2406480Z type alias bindings |    2      2  0.0s
2022-12-12T11:11:48.2436881Z Test Summary:                       | Pass  Total  Time
2022-12-12T11:11:48.2437432Z :call w/ :parameters traverse order |    1      1  0.0s
2022-12-12T11:11:48.2466897Z Test Summary:                    | Pass  Total  Time
2022-12-12T11:11:48.2467379Z handle shadow bindings on method |    1      1  0.0s
2022-12-12T11:11:48.2550067Z Test Summary:               | Pass  Total  Time
2022-12-12T11:11:48.2550514Z documented symbol resolving |    2      2  0.0s
2022-12-12T11:11:48.3602324Z Test Summary:   | Pass  Total  Time
2022-12-12T11:11:48.3602884Z unused bindings |    6      6  0.1s
2022-12-12T11:11:48.3662868Z Test Summary: | Pass  Total  Time
2022-12-12T11:11:48.3663308Z unwrap sig    |    4      4  0.0s
2022-12-12T11:11:48.3703916Z Test Summary:    | Pass  Total  Time
2022-12-12T11:11:48.3704346Z clear .type refs |    2      2  0.0s
2022-12-12T11:11:48.3743264Z Test Summary:    | Pass  Total  Time
2022-12-12T11:11:48.3743740Z clear .type refs |    2      2  0.0s
2022-12-12T11:11:48.3983433Z Test Summary:         | Pass  Total  Time
2022-12-12T11:11:48.3984483Z type inference by use |    6      6  0.0s
2022-12-12T11:11:48.4162425Z Test Summary:           | Pass  Total  Time
2022-12-12T11:11:48.4162964Z loop iterator inference |    8      8  0.0s
2022-12-12T11:11:48.4196772Z Test Summary:   | Pass  Total  Time
2022-12-12T11:11:48.4197218Z Vector{T} infer |    1      1  0.0s
2022-12-12T11:11:48.4238170Z Test Summary:          | Pass  Total  Time
2022-12-12T11:11:48.4238625Z where type param infer |    2      2  0.0s
2022-12-12T11:11:48.4301884Z Test Summary:          | Pass  Total  Time
2022-12-12T11:11:48.4302318Z where type param infer |    4      4  0.0s
2022-12-12T11:11:48.4448877Z Test Summary: | Pass  Total  Time
2022-12-12T11:11:48.4449320Z softscope     |   12     12  0.0s
2022-12-12T11:11:48.4547620Z Test Summary: | Pass  Total  Time
2022-12-12T11:11:48.4548031Z #1218         |    4      4  0.0s
2022-12-12T11:11:48.4701868Z Test Summary: | Pass  Total  Time
2022-12-12T11:11:48.4702282Z import as ... |    2      2  0.0s
2022-12-12T11:11:48.4734249Z Test Summary: | Pass  Total  Time
2022-12-12T11:11:48.4735739Z #1218         |    1      1  0.0s
2022-12-12T11:11:48.4764335Z Test Summary:             | Pass  Total  Time
2022-12-12T11:11:48.4765869Z macrocall bindings: #2187 |    1      1  0.0s
2022-12-12T11:11:48.4852105Z Test Summary:        | Pass  Total  Time
2022-12-12T11:11:48.4853639Z aliased import: #974 |    2      2  0.0s
2022-12-12T11:11:48.6516171Z Test Summary: | Pass  Total  Time
2022-12-12T11:11:48.6516449Z kwarg refs    |   12     12  0.0s
2022-12-12T11:11:48.7767579Z Test Summary:                | Pass  Total  Time
2022-12-12T11:11:48.7767918Z iteration over 1:length(...) |   15     15  0.1s
2022-12-12T11:11:48.7810252Z Test Summary:                    | Pass  Total  Time
2022-12-12T11:11:48.7810550Z assigned but not used with loops |    2      2  0.0s
2022-12-12T11:11:48.7979144Z      Testing StaticLint tests passed 
2022-12-12T11:11:50.3002250Z      Testing SymbolServer
2022-12-12T11:11:51.7283004Z       Status `/tmp/jl_tyrk0h/Project.toml`
2022-12-12T11:11:51.7442732Z   [cf896787] SymbolServer v7.2.2-DEV `~/work/julia-vscode-microprint-test/julia-vscode-microprint-test/scripts/packages/SymbolServer`
2022-12-12T11:11:51.7443431Z   [b77e0a4c] InteractiveUtils `@stdlib/InteractiveUtils`
2022-12-12T11:11:51.7443867Z   [76f85450] LibGit2 `@stdlib/LibGit2`
2022-12-12T11:11:51.7444193Z   [d6f4376e] Markdown `@stdlib/Markdown`
2022-12-12T11:11:51.7444499Z   [44cfe95a] Pkg v1.8.0 `@stdlib/Pkg`
2022-12-12T11:11:51.7444815Z   [3fa0cd96] REPL `@stdlib/REPL`
2022-12-12T11:11:51.7445138Z   [ea8e919c] SHA v0.7.0 `@stdlib/SHA`
2022-12-12T11:11:51.7445521Z   [9e88b42a] Serialization `@stdlib/Serialization`
2022-12-12T11:11:51.7445851Z   [6462fe0b] Sockets `@stdlib/Sockets`
2022-12-12T11:11:51.7446157Z   [8dfed614] Test `@stdlib/Test`
2022-12-12T11:11:51.7446457Z   [cf7118a7] UUIDs `@stdlib/UUIDs`
2022-12-12T11:11:51.7604779Z       Status `/tmp/jl_tyrk0h/Manifest.toml`
2022-12-12T11:11:51.7662101Z   [cf896787] SymbolServer v7.2.2-DEV `~/work/julia-vscode-microprint-test/julia-vscode-microprint-test/scripts/packages/SymbolServer`
2022-12-12T11:11:51.7662697Z   [0dad84c5] ArgTools v1.1.1 `@stdlib/ArgTools`
2022-12-12T11:11:51.7663069Z   [56f22d72] Artifacts `@stdlib/Artifacts`
2022-12-12T11:11:51.7663428Z   [2a0f44e3] Base64 `@stdlib/Base64`
2022-12-12T11:11:51.7663732Z   [ade2ca70] Dates `@stdlib/Dates`
2022-12-12T11:11:51.7664081Z   [f43a241f] Downloads v1.6.0 `@stdlib/Downloads`
2022-12-12T11:11:51.7664438Z   [7b1f6079] FileWatching `@stdlib/FileWatching`
2022-12-12T11:11:51.7664807Z   [b77e0a4c] InteractiveUtils `@stdlib/InteractiveUtils`
2022-12-12T11:11:51.7665167Z   [b27032c2] LibCURL v0.6.3 `@stdlib/LibCURL`
2022-12-12T11:11:51.7665482Z   [76f85450] LibGit2 `@stdlib/LibGit2`
2022-12-12T11:11:51.7665774Z   [8f399da3] Libdl `@stdlib/Libdl`
2022-12-12T11:11:51.7666098Z   [56ddb016] Logging `@stdlib/Logging`
2022-12-12T11:11:51.7666419Z   [d6f4376e] Markdown `@stdlib/Markdown`
2022-12-12T11:11:51.7666778Z   [ca575930] NetworkOptions v1.2.0 `@stdlib/NetworkOptions`
2022-12-12T11:11:51.7667396Z   [44cfe95a] Pkg v1.8.0 `@stdlib/Pkg`
2022-12-12T11:11:51.7667719Z   [de0858da] Printf `@stdlib/Printf`
2022-12-12T11:11:51.7668032Z   [3fa0cd96] REPL `@stdlib/REPL`
2022-12-12T11:11:51.7668334Z   [9a3f8284] Random `@stdlib/Random`
2022-12-12T11:11:51.7668632Z   [ea8e919c] SHA v0.7.0 `@stdlib/SHA`
2022-12-12T11:11:51.7668957Z   [9e88b42a] Serialization `@stdlib/Serialization`
2022-12-12T11:11:51.7669289Z   [6462fe0b] Sockets `@stdlib/Sockets`
2022-12-12T11:11:51.7669587Z   [fa267f1f] TOML v1.0.0 `@stdlib/TOML`
2022-12-12T11:11:51.7669889Z   [a4e569a6] Tar v1.10.1 `@stdlib/Tar`
2022-12-12T11:11:51.7670181Z   [8dfed614] Test `@stdlib/Test`
2022-12-12T11:11:51.7670499Z   [cf7118a7] UUIDs `@stdlib/UUIDs`
2022-12-12T11:11:51.7670791Z   [4ec0a83e] Unicode `@stdlib/Unicode`
2022-12-12T11:11:51.7671126Z   [deac9b47] LibCURL_jll v7.84.0+0 `@stdlib/LibCURL_jll`
2022-12-12T11:11:51.7671480Z   [29816b5a] LibSSH2_jll v1.10.2+0 `@stdlib/LibSSH2_jll`
2022-12-12T11:11:51.7671823Z   [c8ffd9c3] MbedTLS_jll v2.28.0+0 `@stdlib/MbedTLS_jll`
2022-12-12T11:11:51.7672206Z   [14a3606d] MozillaCACerts_jll v2022.2.1 `@stdlib/MozillaCACerts_jll`
2022-12-12T11:11:51.7672561Z   [83775a58] Zlib_jll v1.2.12+3 `@stdlib/Zlib_jll`
2022-12-12T11:11:51.7672905Z   [8e850ede] nghttp2_jll v1.48.0+0 `@stdlib/nghttp2_jll`
2022-12-12T11:11:51.7673248Z   [3f19e933] p7zip_jll v17.4.0+0 `@stdlib/p7zip_jll`
2022-12-12T11:11:52.2346718Z      Testing Running tests...
2022-12-12T11:12:01.4087430Z ┌ Warning: The active manifest file is an older format with no julia version entry. Dependencies may have been resolved with a different julia version.
2022-12-12T11:12:01.4088260Z └ @ /tmp/jl_ZAuowi/Manifest.toml:0
2022-12-12T11:12:01.9730360Z    Installed IteratorInterfaceExtensions ─ v1.0.0
2022-12-12T11:12:02.4751661Z Precompiling project...
2022-12-12T11:12:02.7397054Z [32m  ✓ [39mIteratorInterfaceExtensions
2022-12-12T11:12:02.7523388Z   1 dependency successfully precompiled in 1 seconds
2022-12-12T11:12:02.7524378Z   [91m1[39m dependency errored. To see a full report either run `import Pkg; Pkg.precompile()` or load the package
2022-12-12T11:12:14.8756005Z ┌ Warning: TableTraits not stored on disc
2022-12-12T11:12:14.8756873Z └ @ SymbolServer ~/work/julia-vscode-microprint-test/julia-vscode-microprint-test/scripts/packages/SymbolServer/src/SymbolServer.jl:247
2022-12-12T11:12:14.9513118Z Test Summary: | Pass  Total   Time
2022-12-12T11:12:14.9697416Z SymbolServer  | 8054   8054  20.5s
2022-12-12T11:12:15.4865864Z Test Summary: | Pass  Total  Time
2022-12-12T11:12:15.4866355Z TypeofVararg  |   30     30  0.4s
2022-12-12T11:12:15.5738952Z Test Summary: | Pass  Total  Time
2022-12-12T11:12:15.5739415Z Pipe names    |    3      3  0.1s
2022-12-12T11:12:15.5770341Z Test Summary: | Pass  Total  Time
2022-12-12T11:12:15.5770676Z Intrinsics`   |    1      1  0.0s
2022-12-12T11:12:15.5896836Z      Testing SymbolServer tests passed 
2022-12-12T11:12:17.0711608Z      Testing DebugAdapter
2022-12-12T11:12:18.5735932Z       Status `/tmp/jl_dqSuFo/Project.toml`
2022-12-12T11:12:18.5899890Z   [17994d07] DebugAdapter v1.0.1-DEV `~/work/julia-vscode-microprint-test/julia-vscode-microprint-test/scripts/packages/DebugAdapter`
2022-12-12T11:12:18.5901007Z   [682c06a0] JSON v0.20.1 `~/work/julia-vscode-microprint-test/julia-vscode-microprint-test/scripts/packages/JSON`
2022-12-12T11:12:18.5992250Z   [b9b8584e] JSONRPC v1.3.5-DEV `~/work/julia-vscode-microprint-test/julia-vscode-microprint-test/scripts/packages/JSONRPC`
2022-12-12T11:12:18.5992960Z   [aa1ae85d] JuliaInterpreter v0.9.15 `~/work/julia-vscode-microprint-test/julia-vscode-microprint-test/scripts/packages/JuliaInterpreter`
2022-12-12T11:12:18.5993372Z   [2a0f44e3] Base64 `@stdlib/Base64`
2022-12-12T11:12:18.5993617Z   [6462fe0b] Sockets `@stdlib/Sockets`
2022-12-12T11:12:18.5993848Z   [8dfed614] Test `@stdlib/Test`
2022-12-12T11:12:18.5994088Z   [cf7118a7] UUIDs `@stdlib/UUIDs`
2022-12-12T11:12:18.6069044Z       Status `/tmp/jl_dqSuFo/Manifest.toml`
2022-12-12T11:12:18.6116870Z   [da1fd8a2] CodeTracking v1.1.0 `~/work/julia-vscode-microprint-test/julia-vscode-microprint-test/scripts/packages/CodeTracking`
2022-12-12T11:12:18.6117666Z   [17994d07] DebugAdapter v1.0.1-DEV `~/work/julia-vscode-microprint-test/julia-vscode-microprint-test/scripts/packages/DebugAdapter`
2022-12-12T11:12:18.6118366Z   [682c06a0] JSON v0.20.1 `~/work/julia-vscode-microprint-test/julia-vscode-microprint-test/scripts/packages/JSON`
2022-12-12T11:12:18.6119056Z   [b9b8584e] JSONRPC v1.3.5-DEV `~/work/julia-vscode-microprint-test/julia-vscode-microprint-test/scripts/packages/JSONRPC`
2022-12-12T11:12:18.6119797Z   [aa1ae85d] JuliaInterpreter v0.9.15 `~/work/julia-vscode-microprint-test/julia-vscode-microprint-test/scripts/packages/JuliaInterpreter`
2022-12-12T11:12:18.6120188Z   [2a0f44e3] Base64 `@stdlib/Base64`
2022-12-12T11:12:18.6120426Z   [ade2ca70] Dates `@stdlib/Dates`
2022-12-12T11:12:18.6120702Z   [b77e0a4c] InteractiveUtils `@stdlib/InteractiveUtils`
2022-12-12T11:12:18.6120971Z   [56ddb016] Logging `@stdlib/Logging`
2022-12-12T11:12:18.6121219Z   [d6f4376e] Markdown `@stdlib/Markdown`
2022-12-12T11:12:18.6121442Z   [a63ad114] Mmap `@stdlib/Mmap`
2022-12-12T11:12:18.6121677Z   [de0858da] Printf `@stdlib/Printf`
2022-12-12T11:12:18.6121913Z   [9a3f8284] Random `@stdlib/Random`
2022-12-12T11:12:18.6122130Z   [ea8e919c] SHA v0.7.0 `@stdlib/SHA`
2022-12-12T11:12:18.6122391Z   [9e88b42a] Serialization `@stdlib/Serialization`
2022-12-12T11:12:18.6122646Z   [6462fe0b] Sockets `@stdlib/Sockets`
2022-12-12T11:12:18.6122869Z   [8dfed614] Test `@stdlib/Test`
2022-12-12T11:12:18.6123082Z   [cf7118a7] UUIDs `@stdlib/UUIDs`
2022-12-12T11:12:18.6123309Z   [4ec0a83e] Unicode `@stdlib/Unicode`
2022-12-12T11:12:19.0718619Z Precompiling project...
2022-12-12T11:12:19.5575163Z [32m  ✓ [39m[90mCodeTracking[39m
2022-12-12T11:12:24.0407313Z [32m  ✓ [39mJuliaInterpreter
2022-12-12T11:12:25.3643316Z [32m  ✓ [39mDebugAdapter
2022-12-12T11:12:25.3770062Z   3 dependencies successfully precompiled in 7 seconds. 2 already precompiled.
2022-12-12T11:12:25.3770666Z      Testing Running tests...
2022-12-12T11:12:25.9783514Z Test Summary: |Time
2022-12-12T11:12:25.9966753Z DebugAdapter  | None  0.0s
2022-12-12T11:12:26.0037033Z      Testing DebugAdapter tests passed 
2022-12-12T11:12:27.4773845Z      Testing VSCodeDebugger
2022-12-12T11:12:28.8435046Z       Status `/tmp/jl_yrV0AE/Project.toml`
2022-12-12T11:12:28.8456420Z   [a80fdaa1] VSCodeDebugger v0.1.0 `~/work/julia-vscode-microprint-test/julia-vscode-microprint-test/scripts/packages/VSCodeDebugger`
2022-12-12T11:12:28.8456926Z   [2a0f44e3] Base64 `@stdlib/Base64`
2022-12-12T11:12:28.8457238Z   [ade2ca70] Dates `@stdlib/Dates`
2022-12-12T11:12:28.8457604Z   [b77e0a4c] InteractiveUtils `@stdlib/InteractiveUtils`
2022-12-12T11:12:28.8457934Z   [a63ad114] Mmap `@stdlib/Mmap`
2022-12-12T11:12:28.8458237Z   [3fa0cd96] REPL `@stdlib/REPL`
2022-12-12T11:12:28.8458581Z   [9a3f8284] Random `@stdlib/Random`
2022-12-12T11:12:28.8458889Z   [6462fe0b] Sockets `@stdlib/Sockets`
2022-12-12T11:12:28.8459203Z   [8dfed614] Test `@stdlib/Test`
2022-12-12T11:12:28.8459503Z   [cf7118a7] UUIDs `@stdlib/UUIDs`
2022-12-12T11:12:28.8459813Z   [4ec0a83e] Unicode `@stdlib/Unicode`
2022-12-12T11:12:28.8612862Z       Status `/tmp/jl_yrV0AE/Manifest.toml`
2022-12-12T11:12:28.8642383Z   [a80fdaa1] VSCodeDebugger v0.1.0 `~/work/julia-vscode-microprint-test/julia-vscode-microprint-test/scripts/packages/VSCodeDebugger`
2022-12-12T11:12:28.8642787Z   [2a0f44e3] Base64 `@stdlib/Base64`
2022-12-12T11:12:28.8643023Z   [ade2ca70] Dates `@stdlib/Dates`
2022-12-12T11:12:28.8643590Z   [b77e0a4c] InteractiveUtils `@stdlib/InteractiveUtils`
2022-12-12T11:12:28.8643861Z   [56ddb016] Logging `@stdlib/Logging`
2022-12-12T11:12:28.8644105Z   [d6f4376e] Markdown `@stdlib/Markdown`
2022-12-12T11:12:28.8644330Z   [a63ad114] Mmap `@stdlib/Mmap`
2022-12-12T11:12:28.8644844Z   [de0858da] Printf `@stdlib/Printf`
2022-12-12T11:12:28.8645090Z   [3fa0cd96] REPL `@stdlib/REPL`
2022-12-12T11:12:28.8645318Z   [9a3f8284] Random `@stdlib/Random`
2022-12-12T11:12:28.8645825Z   [ea8e919c] SHA v0.7.0 `@stdlib/SHA`
2022-12-12T11:12:28.8646090Z   [9e88b42a] Serialization `@stdlib/Serialization`
2022-12-12T11:12:28.8646652Z   [6462fe0b] Sockets `@stdlib/Sockets`
2022-12-12T11:12:28.8646877Z   [8dfed614] Test `@stdlib/Test`
2022-12-12T11:12:28.8647105Z   [cf7118a7] UUIDs `@stdlib/UUIDs`
2022-12-12T11:12:28.8647336Z   [4ec0a83e] Unicode `@stdlib/Unicode`
2022-12-12T11:12:29.2448543Z Precompiling project...
2022-12-12T11:12:35.5583311Z [32m  ✓ [39mVSCodeDebugger
2022-12-12T11:12:35.5709369Z   1 dependency successfully precompiled in 7 seconds
2022-12-12T11:12:35.5709967Z      Testing Running tests...
2022-12-12T11:12:35.9324544Z Test Summary:  |Time
2022-12-12T11:12:35.9508558Z VSCodeDebugger | None  0.0s
2022-12-12T11:12:35.9570039Z      Testing VSCodeDebugger tests passed 
2022-12-12T11:12:37.4397643Z      Testing VSCodeServer
2022-12-12T11:12:38.8398628Z       Status `/tmp/jl_DHfwuH/Project.toml`
2022-12-12T11:12:38.8427827Z   [9f5989ce] VSCodeServer v0.0.0 `~/work/julia-vscode-microprint-test/julia-vscode-microprint-test/scripts/packages/VSCodeServer`
2022-12-12T11:12:38.8428505Z   [2a0f44e3] Base64 `@stdlib/Base64`
2022-12-12T11:12:38.8428913Z   [ade2ca70] Dates `@stdlib/Dates`
2022-12-12T11:12:38.8429270Z   [b77e0a4c] InteractiveUtils `@stdlib/InteractiveUtils`
2022-12-12T11:12:38.8429610Z   [56ddb016] Logging `@stdlib/Logging`
2022-12-12T11:12:38.8429936Z   [d6f4376e] Markdown `@stdlib/Markdown`
2022-12-12T11:12:38.8430276Z   [a63ad114] Mmap `@stdlib/Mmap`
2022-12-12T11:12:38.8430584Z   [44cfe95a] Pkg v1.8.0 `@stdlib/Pkg`
2022-12-12T11:12:38.8430893Z   [de0858da] Printf `@stdlib/Printf`
2022-12-12T11:12:38.8431212Z   [9abbd945] Profile `@stdlib/Profile`
2022-12-12T11:12:38.8431526Z   [3fa0cd96] REPL `@stdlib/REPL`
2022-12-12T11:12:38.8431815Z   [9a3f8284] Random `@stdlib/Random`
2022-12-12T11:12:38.8432578Z   [6462fe0b] Sockets `@stdlib/Sockets`
2022-12-12T11:12:38.8432882Z   [8dfed614] Test `@stdlib/Test`
2022-12-12T11:12:38.8433184Z   [cf7118a7] UUIDs `@stdlib/UUIDs`
2022-12-12T11:12:38.8433485Z   [4ec0a83e] Unicode `@stdlib/Unicode`
2022-12-12T11:12:38.8585508Z       Status `/tmp/jl_DHfwuH/Manifest.toml`
2022-12-12T11:12:38.8645369Z   [9f5989ce] VSCodeServer v0.0.0 `~/work/julia-vscode-microprint-test/julia-vscode-microprint-test/scripts/packages/VSCodeServer`
2022-12-12T11:12:38.8645971Z   [0dad84c5] ArgTools v1.1.1 `@stdlib/ArgTools`
2022-12-12T11:12:38.8646610Z   [56f22d72] Artifacts `@stdlib/Artifacts`
2022-12-12T11:12:38.8647007Z   [2a0f44e3] Base64 `@stdlib/Base64`
2022-12-12T11:12:38.8647606Z   [ade2ca70] Dates `@stdlib/Dates`
2022-12-12T11:12:38.8648005Z   [f43a241f] Downloads v1.6.0 `@stdlib/Downloads`
2022-12-12T11:12:38.8648636Z   [7b1f6079] FileWatching `@stdlib/FileWatching`
2022-12-12T11:12:38.8649085Z   [b77e0a4c] InteractiveUtils `@stdlib/InteractiveUtils`
2022-12-12T11:12:38.8649771Z   [b27032c2] LibCURL v0.6.3 `@stdlib/LibCURL`
2022-12-12T11:12:38.8650152Z   [76f85450] LibGit2 `@stdlib/LibGit2`
2022-12-12T11:12:38.8650729Z   [8f399da3] Libdl `@stdlib/Libdl`
2022-12-12T11:12:38.8651118Z   [56ddb016] Logging `@stdlib/Logging`
2022-12-12T11:12:38.8651700Z   [d6f4376e] Markdown `@stdlib/Markdown`
2022-12-12T11:12:38.8652085Z   [a63ad114] Mmap `@stdlib/Mmap`
2022-12-12T11:12:38.8652710Z   [ca575930] NetworkOptions v1.2.0 `@stdlib/NetworkOptions`
2022-12-12T11:12:38.8653124Z   [44cfe95a] Pkg v1.8.0 `@stdlib/Pkg`
2022-12-12T11:12:38.8653694Z   [de0858da] Printf `@stdlib/Printf`
2022-12-12T11:12:38.8654086Z   [9abbd945] Profile `@stdlib/Profile`
2022-12-12T11:12:38.8654664Z   [3fa0cd96] REPL `@stdlib/REPL`
2022-12-12T11:12:38.8655025Z   [9a3f8284] Random `@stdlib/Random`
2022-12-12T11:12:38.8655596Z   [ea8e919c] SHA v0.7.0 `@stdlib/SHA`
2022-12-12T11:12:38.8656032Z   [9e88b42a] Serialization `@stdlib/Serialization`
2022-12-12T11:12:38.8656641Z   [6462fe0b] Sockets `@stdlib/Sockets`
2022-12-12T11:12:38.8657017Z   [fa267f1f] TOML v1.0.0 `@stdlib/TOML`
2022-12-12T11:12:38.8657599Z   [a4e569a6] Tar v1.10.1 `@stdlib/Tar`
2022-12-12T11:12:38.8658300Z   [8dfed614] Test `@stdlib/Test`
2022-12-12T11:12:38.8658926Z   [cf7118a7] UUIDs `@stdlib/UUIDs`
2022-12-12T11:12:38.8659296Z   [4ec0a83e] Unicode `@stdlib/Unicode`
2022-12-12T11:12:38.8659913Z   [deac9b47] LibCURL_jll v7.84.0+0 `@stdlib/LibCURL_jll`
2022-12-12T11:12:38.8660344Z   [29816b5a] LibSSH2_jll v1.10.2+0 `@stdlib/LibSSH2_jll`
2022-12-12T11:12:38.8660957Z   [c8ffd9c3] MbedTLS_jll v2.28.0+0 `@stdlib/MbedTLS_jll`
2022-12-12T11:12:38.8661420Z   [14a3606d] MozillaCACerts_jll v2022.2.1 `@stdlib/MozillaCACerts_jll`
2022-12-12T11:12:38.8662067Z   [83775a58] Zlib_jll v1.2.12+3 `@stdlib/Zlib_jll`
2022-12-12T11:12:38.8662489Z   [8e850ede] nghttp2_jll v1.48.0+0 `@stdlib/nghttp2_jll`
2022-12-12T11:12:38.8663112Z   [3f19e933] p7zip_jll v17.4.0+0 `@stdlib/p7zip_jll`
2022-12-12T11:12:39.2617980Z Precompiling project...
2022-12-12T11:12:47.2954640Z [32m  ✓ [39mVSCodeServer
2022-12-12T11:12:47.3083125Z   1 dependency successfully precompiled in 8 seconds. 3 already precompiled.
2022-12-12T11:12:47.3083729Z      Testing Running tests...
2022-12-12T11:12:47.6773186Z Test Summary: |Time
2022-12-12T11:12:47.6958587Z VSCodeServer  | None  0.0s
2022-12-12T11:12:47.7017559Z      Testing VSCodeServer tests passed 
2022-12-12T11:12:47.7177261Z Post job cleanup.
2022-12-12T11:12:47.8508240Z [command]/usr/bin/git version
2022-12-12T11:12:47.8556652Z git version 2.38.1
2022-12-12T11:12:47.8602448Z Temporarily overriding HOME='/home/runner/work/_temp/90bdae0e-7f7d-4192-b446-61ddfd5811c2' before making global git config changes
2022-12-12T11:12:47.8604816Z Adding repository directory to the temporary git global config as a safe directory
2022-12-12T11:12:47.8611401Z [command]/usr/bin/git config --global --add safe.directory /home/runner/work/julia-vscode-microprint-test/julia-vscode-microprint-test
2022-12-12T11:12:47.8654483Z [command]/usr/bin/git config --local --name-only --get-regexp core\.sshCommand
2022-12-12T11:12:47.8691506Z [command]/usr/bin/git submodule foreach --recursive git config --local --name-only --get-regexp 'core\.sshCommand' && git config --local --unset-all 'core.sshCommand' || :
2022-12-12T11:12:47.8917763Z Entering 'libs/jl-profile'
2022-12-12T11:12:47.8955892Z Entering 'scripts/packages-old/JuliaInterpreter'
2022-12-12T11:12:47.8995363Z Entering 'scripts/packages/CSTParser'
2022-12-12T11:12:47.9033848Z Entering 'scripts/packages/CodeTracking'
2022-12-12T11:12:47.9072374Z Entering 'scripts/packages/CommonMark'
2022-12-12T11:12:47.9111361Z Entering 'scripts/packages/Compat'
2022-12-12T11:12:47.9158488Z Entering 'scripts/packages/CoverageTools'
2022-12-12T11:12:47.9196172Z Entering 'scripts/packages/Crayons'
2022-12-12T11:12:47.9234384Z Entering 'scripts/packages/DataStructures'
2022-12-12T11:12:47.9276543Z Entering 'scripts/packages/DebugAdapter'
2022-12-12T11:12:47.9312239Z Entering 'scripts/packages/FilePathsBase'
2022-12-12T11:12:47.9351165Z Entering 'scripts/packages/IJuliaCore'
2022-12-12T11:12:47.9386334Z Entering 'scripts/packages/JSON'
2022-12-12T11:12:47.9423792Z Entering 'scripts/packages/JSONRPC'
2022-12-12T11:12:47.9459862Z Entering 'scripts/packages/JuliaFormatter'
2022-12-12T11:12:47.9497608Z Entering 'scripts/packages/JuliaInterpreter'
2022-12-12T11:12:47.9533882Z Entering 'scripts/packages/LanguageServer'
2022-12-12T11:12:47.9571598Z Entering 'scripts/packages/LoweredCodeUtils'
2022-12-12T11:12:47.9607588Z Entering 'scripts/packages/OrderedCollections'
2022-12-12T11:12:47.9645470Z Entering 'scripts/packages/PackageCompiler'
2022-12-12T11:12:47.9681703Z Entering 'scripts/packages/Revise'
2022-12-12T11:12:47.9719555Z Entering 'scripts/packages/StaticLint'
2022-12-12T11:12:47.9754564Z Entering 'scripts/packages/SymbolServer'
2022-12-12T11:12:47.9791819Z Entering 'scripts/packages/TestEnv'
2022-12-12T11:12:47.9894326Z Entering 'scripts/packages/TestItemDetection'
2022-12-12T11:12:47.9894763Z Entering 'scripts/packages/Tokenize'
2022-12-12T11:12:47.9904822Z Entering 'scripts/packages/URIParser'
2022-12-12T11:12:47.9941341Z Entering 'scripts/packages/URIs'
2022-12-12T11:12:47.9989640Z [command]/usr/bin/git config --local --name-only --get-regexp http\.https\:\/\/github\.com\/\.extraheader
2022-12-12T11:12:48.0023959Z http.https://github.com/.extraheader
2022-12-12T11:12:48.0037374Z [command]/usr/bin/git config --local --unset-all http.https://github.com/.extraheader
2022-12-12T11:12:48.0075864Z [command]/usr/bin/git submodule foreach --recursive git config --local --name-only --get-regexp 'http\.https\:\/\/github\.com\/\.extraheader' && git config --local --unset-all 'http.https://github.com/.extraheader' || :
2022-12-12T11:12:48.0290324Z Entering 'libs/jl-profile'
2022-12-12T11:12:48.0310377Z http.https://github.com/.extraheader
2022-12-12T11:12:48.0346618Z Entering 'scripts/packages-old/JuliaInterpreter'
2022-12-12T11:12:48.0365472Z http.https://github.com/.extraheader
2022-12-12T11:12:48.0399957Z Entering 'scripts/packages/CSTParser'
2022-12-12T11:12:48.0418458Z http.https://github.com/.extraheader
2022-12-12T11:12:48.0452737Z Entering 'scripts/packages/CodeTracking'
2022-12-12T11:12:48.0470727Z http.https://github.com/.extraheader
2022-12-12T11:12:48.0511286Z Entering 'scripts/packages/CommonMark'
2022-12-12T11:12:48.0524702Z http.https://github.com/.extraheader
2022-12-12T11:12:48.0557791Z Entering 'scripts/packages/Compat'
2022-12-12T11:12:48.0574420Z http.https://github.com/.extraheader
2022-12-12T11:12:48.0608808Z Entering 'scripts/packages/CoverageTools'
2022-12-12T11:12:48.0627307Z http.https://github.com/.extraheader
2022-12-12T11:12:48.0659170Z Entering 'scripts/packages/Crayons'
2022-12-12T11:12:48.0678504Z http.https://github.com/.extraheader
2022-12-12T11:12:48.0711614Z Entering 'scripts/packages/DataStructures'
2022-12-12T11:12:48.0730021Z http.https://github.com/.extraheader
2022-12-12T11:12:48.0771540Z Entering 'scripts/packages/DebugAdapter'
2022-12-12T11:12:48.0780953Z http.https://github.com/.extraheader
2022-12-12T11:12:48.0813346Z Entering 'scripts/packages/FilePathsBase'
2022-12-12T11:12:48.0831538Z http.https://github.com/.extraheader
2022-12-12T11:12:48.0865831Z Entering 'scripts/packages/IJuliaCore'
2022-12-12T11:12:48.0884416Z http.https://github.com/.extraheader
2022-12-12T11:12:48.0917349Z Entering 'scripts/packages/JSON'
2022-12-12T11:12:48.0935588Z http.https://github.com/.extraheader
2022-12-12T11:12:48.0969094Z Entering 'scripts/packages/JSONRPC'
2022-12-12T11:12:48.0987478Z http.https://github.com/.extraheader
2022-12-12T11:12:48.1019824Z Entering 'scripts/packages/JuliaFormatter'
2022-12-12T11:12:48.1038604Z http.https://github.com/.extraheader
2022-12-12T11:12:48.1070799Z Entering 'scripts/packages/JuliaInterpreter'
2022-12-12T11:12:48.1089828Z http.https://github.com/.extraheader
2022-12-12T11:12:48.1121128Z Entering 'scripts/packages/LanguageServer'
2022-12-12T11:12:48.1139398Z http.https://github.com/.extraheader
2022-12-12T11:12:48.1172911Z Entering 'scripts/packages/LoweredCodeUtils'
2022-12-12T11:12:48.1191608Z http.https://github.com/.extraheader
2022-12-12T11:12:48.1224474Z Entering 'scripts/packages/OrderedCollections'
2022-12-12T11:12:48.1243029Z http.https://github.com/.extraheader
2022-12-12T11:12:48.1275897Z Entering 'scripts/packages/PackageCompiler'
2022-12-12T11:12:48.1293884Z http.https://github.com/.extraheader
2022-12-12T11:12:48.1327498Z Entering 'scripts/packages/Revise'
2022-12-12T11:12:48.1345626Z http.https://github.com/.extraheader
2022-12-12T11:12:48.1377826Z Entering 'scripts/packages/StaticLint'
2022-12-12T11:12:48.1397342Z http.https://github.com/.extraheader
2022-12-12T11:12:48.1429880Z Entering 'scripts/packages/SymbolServer'
2022-12-12T11:12:48.1447760Z http.https://github.com/.extraheader
2022-12-12T11:12:48.1478454Z Entering 'scripts/packages/TestEnv'
2022-12-12T11:12:48.1496449Z http.https://github.com/.extraheader
2022-12-12T11:12:48.1528748Z Entering 'scripts/packages/TestItemDetection'
2022-12-12T11:12:48.1553133Z http.https://github.com/.extraheader
2022-12-12T11:12:48.1585536Z Entering 'scripts/packages/Tokenize'
2022-12-12T11:12:48.1603961Z http.https://github.com/.extraheader
2022-12-12T11:12:48.1638264Z Entering 'scripts/packages/URIParser'
2022-12-12T11:12:48.1656448Z http.https://github.com/.extraheader
2022-12-12T11:12:48.1688394Z Entering 'scripts/packages/URIs'
2022-12-12T11:12:48.1706793Z http.https://github.com/.extraheader
2022-12-12T11:12:48.1982624Z Cleaning up orphan processes
