2022-11-21T19:29:20.6276473Z Requested labels: windows-latest
2022-11-21T19:29:20.6276508Z Job defined at: AlphaSteam/julia-vscode-microprint-test/.github/workflows/main.yml@refs/heads/master
2022-11-21T19:29:20.6276525Z Waiting for a runner to pick up this job...
2022-11-21T19:29:28.0940353Z Job is waiting for a hosted runner to come online.
2022-11-21T19:29:32.2126473Z Job is about to start running on the hosted runner: GitHub Actions 7 (hosted)
2022-11-21T19:29:37.3456074Z Current runner version: '2.299.1'
2022-11-21T19:29:37.3480860Z ##[group]Operating System
2022-11-21T19:29:37.3481311Z Microsoft Windows Server 2022
2022-11-21T19:29:37.3481620Z 10.0.20348
2022-11-21T19:29:37.3481970Z Datacenter
2022-11-21T19:29:37.3482213Z ##[endgroup]
2022-11-21T19:29:37.3482506Z ##[group]Runner Image
2022-11-21T19:29:37.3482825Z Image: windows-2022
2022-11-21T19:29:37.3483077Z Version: 20221027.1
2022-11-21T19:29:37.3483594Z Included Software: https://github.com/actions/runner-images/blob/win22/20221027.1/images/win/Windows2022-Readme.md
2022-11-21T19:29:37.3484181Z Image Release: https://github.com/actions/runner-images/releases/tag/win22%2F20221027.1
2022-11-21T19:29:37.3484581Z ##[endgroup]
2022-11-21T19:29:37.3484859Z ##[group]Runner Image Provisioner
2022-11-21T19:29:37.3485163Z 2.0.91.1
2022-11-21T19:29:37.3485465Z ##[endgroup]
2022-11-21T19:29:37.3486305Z ##[group]GITHUB_TOKEN Permissions
2022-11-21T19:29:37.3486851Z Actions: write
2022-11-21T19:29:37.3487292Z Checks: write
2022-11-21T19:29:37.3487621Z Contents: write
2022-11-21T19:29:37.3487921Z Deployments: write
2022-11-21T19:29:37.3488227Z Discussions: write
2022-11-21T19:29:37.3488513Z Issues: write
2022-11-21T19:29:37.3488753Z Metadata: read
2022-11-21T19:29:37.3489059Z Packages: write
2022-11-21T19:29:37.3489340Z Pages: write
2022-11-21T19:29:37.3489589Z PullRequests: write
2022-11-21T19:29:37.3489926Z RepositoryProjects: write
2022-11-21T19:29:37.3490279Z SecurityEvents: write
2022-11-21T19:29:37.3490537Z Statuses: write
2022-11-21T19:29:37.3490815Z ##[endgroup]
2022-11-21T19:29:37.3494330Z Secret source: Actions
2022-11-21T19:29:37.3494854Z Prepare workflow directory
2022-11-21T19:29:37.4523236Z Prepare all required actions
2022-11-21T19:29:37.4708438Z Getting action download info
2022-11-21T19:29:37.6459351Z Download action repository 'actions/checkout@v2' (SHA:e2f20e631ae6d7dd3b768f56a5d2af784dd54791)
2022-11-21T19:29:38.0935537Z Download action repository 'julia-actions/setup-julia@v1' (SHA:e802804276a3d8bda6eeb8ec5c3a250216f9687b)
2022-11-21T19:29:38.6855144Z ##[group]Run actions/checkout@v2
2022-11-21T19:29:38.6855558Z with:
2022-11-21T19:29:38.6855830Z   submodules: true
2022-11-21T19:29:38.6856248Z   repository: AlphaSteam/julia-vscode-microprint-test
2022-11-21T19:29:38.6856836Z   token: ***
2022-11-21T19:29:38.6857104Z   ssh-strict: true
2022-11-21T19:29:38.6857408Z   persist-credentials: true
2022-11-21T19:29:38.6857671Z   clean: true
2022-11-21T19:29:38.6857956Z   fetch-depth: 1
2022-11-21T19:29:38.6858223Z   lfs: false
2022-11-21T19:29:38.6858473Z   set-safe-directory: true
2022-11-21T19:29:38.6858755Z env:
2022-11-21T19:29:38.6859005Z   NODE_VERSION: 16
2022-11-21T19:29:38.6859246Z ##[endgroup]
2022-11-21T19:29:45.0194915Z Syncing repository: AlphaSteam/julia-vscode-microprint-test
2022-11-21T19:29:45.0197179Z ##[group]Getting Git version info
2022-11-21T19:29:45.0198004Z Working directory is 'D:\a\julia-vscode-microprint-test\julia-vscode-microprint-test'
2022-11-21T19:29:45.0199015Z [command]"C:\Program Files\Git\bin\git.exe" version
2022-11-21T19:29:45.0199475Z git version 2.38.1.windows.1
2022-11-21T19:29:45.0200279Z ##[endgroup]
2022-11-21T19:29:45.0214678Z Temporarily overriding HOME='D:\a\_temp\85be2d65-646e-4f0f-a275-d3c776131f47' before making global git config changes
2022-11-21T19:29:45.0215446Z Adding repository directory to the temporary git global config as a safe directory
2022-11-21T19:29:45.0216185Z [command]"C:\Program Files\Git\bin\git.exe" config --global --add safe.directory D:\a\julia-vscode-microprint-test\julia-vscode-microprint-test
2022-11-21T19:29:45.0216884Z Deleting the contents of 'D:\a\julia-vscode-microprint-test\julia-vscode-microprint-test'
2022-11-21T19:29:45.0217639Z ##[group]Initializing the repository
2022-11-21T19:29:45.0218226Z [command]"C:\Program Files\Git\bin\git.exe" init D:\a\julia-vscode-microprint-test\julia-vscode-microprint-test
2022-11-21T19:29:45.0218850Z Initialized empty Git repository in D:/a/julia-vscode-microprint-test/julia-vscode-microprint-test/.git/
2022-11-21T19:29:45.0221417Z [command]"C:\Program Files\Git\bin\git.exe" remote add origin https://github.com/AlphaSteam/julia-vscode-microprint-test
2022-11-21T19:29:45.0222172Z ##[endgroup]
2022-11-21T19:29:45.0222727Z ##[group]Disabling automatic garbage collection
2022-11-21T19:29:45.0223314Z [command]"C:\Program Files\Git\bin\git.exe" config --local gc.auto 0
2022-11-21T19:29:45.0223912Z ##[endgroup]
2022-11-21T19:29:45.0224380Z ##[group]Setting up auth
2022-11-21T19:29:45.0224952Z [command]"C:\Program Files\Git\bin\git.exe" config --local --name-only --get-regexp core\.sshCommand
2022-11-21T19:29:45.0225808Z [command]"C:\Program Files\Git\bin\git.exe" submodule foreach --recursive "git config --local --name-only --get-regexp 'core\.sshCommand' && git config --local --unset-all 'core.sshCommand' || :"
2022-11-21T19:29:46.4916012Z [command]"C:\Program Files\Git\bin\git.exe" config --local --name-only --get-regexp http\.https\:\/\/github\.com\/\.extraheader
2022-11-21T19:29:46.5139970Z [command]"C:\Program Files\Git\bin\git.exe" submodule foreach --recursive "git config --local --name-only --get-regexp 'http\.https\:\/\/github\.com\/\.extraheader' && git config --local --unset-all 'http.https://github.com/.extraheader' || :"
2022-11-21T19:29:46.9569519Z [command]"C:\Program Files\Git\bin\git.exe" config --local http.https://github.com/.extraheader "AUTHORIZATION: basic ***"
2022-11-21T19:29:46.9797878Z ##[endgroup]
2022-11-21T19:29:46.9798745Z ##[group]Fetching the repository
2022-11-21T19:29:46.9811335Z [command]"C:\Program Files\Git\bin\git.exe" -c protocol.version=2 fetch --no-tags --prune --progress --no-recurse-submodules --depth=1 origin +60ccabb18abdf4f5b1afd718ce4e98a07a0a6a10:refs/remotes/origin/master
2022-11-21T19:29:48.3494153Z remote: Enumerating objects: 364, done.        
2022-11-21T19:29:48.3494604Z remote: Counting objects:   0% (1/364)        
2022-11-21T19:29:48.3494955Z remote: Counting objects:   1% (4/364)        
2022-11-21T19:29:48.3496428Z remote: Counting objects:   2% (8/364)        
2022-11-21T19:29:48.3496763Z remote: Counting objects:   3% (11/364)        
2022-11-21T19:29:48.3497088Z remote: Counting objects:   4% (15/364)        
2022-11-21T19:29:48.3497350Z remote: Counting objects:   5% (19/364)        
2022-11-21T19:29:48.3497649Z remote: Counting objects:   6% (22/364)        
2022-11-21T19:29:48.3497955Z remote: Counting objects:   7% (26/364)        
2022-11-21T19:29:48.3498210Z remote: Counting objects:   8% (30/364)        
2022-11-21T19:29:48.3498514Z remote: Counting objects:   9% (33/364)        
2022-11-21T19:29:48.3498821Z remote: Counting objects:  10% (37/364)        
2022-11-21T19:29:48.3499102Z remote: Counting objects:  11% (41/364)        
2022-11-21T19:29:48.3499351Z remote: Counting objects:  12% (44/364)        
2022-11-21T19:29:48.3499635Z remote: Counting objects:  13% (48/364)        
2022-11-21T19:29:48.3499938Z remote: Counting objects:  14% (51/364)        
2022-11-21T19:29:48.3500204Z remote: Counting objects:  15% (55/364)        
2022-11-21T19:29:48.3500482Z remote: Counting objects:  16% (59/364)        
2022-11-21T19:29:48.3500768Z remote: Counting objects:  17% (62/364)        
2022-11-21T19:29:48.3501019Z remote: Counting objects:  18% (66/364)        
2022-11-21T19:29:48.3501314Z remote: Counting objects:  19% (70/364)        
2022-11-21T19:29:48.3501599Z remote: Counting objects:  20% (73/364)        
2022-11-21T19:29:48.3501840Z remote: Counting objects:  21% (77/364)        
2022-11-21T19:29:48.3502122Z remote: Counting objects:  22% (81/364)        
2022-11-21T19:29:48.3502414Z remote: Counting objects:  23% (84/364)        
2022-11-21T19:29:48.3502699Z remote: Counting objects:  24% (88/364)        
2022-11-21T19:29:48.3502943Z remote: Counting objects:  25% (91/364)        
2022-11-21T19:29:48.3503218Z remote: Counting objects:  26% (95/364)        
2022-11-21T19:29:48.3503495Z remote: Counting objects:  27% (99/364)        
2022-11-21T19:29:48.3503764Z remote: Counting objects:  28% (102/364)        
2022-11-21T19:29:48.3504666Z remote: Counting objects:  29% (106/364)        
2022-11-21T19:29:48.3504968Z remote: Counting objects:  30% (110/364)        
2022-11-21T19:29:48.3505228Z remote: Counting objects:  31% (113/364)        
2022-11-21T19:29:48.3505652Z remote: Counting objects:  32% (117/364)        
2022-11-21T19:29:48.3505970Z remote: Counting objects:  33% (121/364)        
2022-11-21T19:29:48.3506261Z remote: Counting objects:  34% (124/364)        
2022-11-21T19:29:48.3506513Z remote: Counting objects:  35% (128/364)        
2022-11-21T19:29:48.3506796Z remote: Counting objects:  36% (132/364)        
2022-11-21T19:29:48.3507103Z remote: Counting objects:  37% (135/364)        
2022-11-21T19:29:48.3507357Z remote: Counting objects:  38% (139/364)        
2022-11-21T19:29:48.3507637Z remote: Counting objects:  39% (142/364)        
2022-11-21T19:29:48.3507930Z remote: Counting objects:  40% (146/364)        
2022-11-21T19:29:48.3508199Z remote: Counting objects:  41% (150/364)        
2022-11-21T19:29:48.3508498Z remote: Counting objects:  42% (153/364)        
2022-11-21T19:29:48.3508783Z remote: Counting objects:  43% (157/364)        
2022-11-21T19:29:48.3509066Z remote: Counting objects:  44% (161/364)        
2022-11-21T19:29:48.3509311Z remote: Counting objects:  45% (164/364)        
2022-11-21T19:29:48.3509597Z remote: Counting objects:  46% (168/364)        
2022-11-21T19:29:48.3509909Z remote: Counting objects:  47% (172/364)        
2022-11-21T19:29:48.3510159Z remote: Counting objects:  48% (175/364)        
2022-11-21T19:29:48.3510443Z remote: Counting objects:  49% (179/364)        
2022-11-21T19:29:48.3510725Z remote: Counting objects:  50% (182/364)        
2022-11-21T19:29:48.3510965Z remote: Counting objects:  51% (186/364)        
2022-11-21T19:29:48.3511257Z remote: Counting objects:  52% (190/364)        
2022-11-21T19:29:48.3511544Z remote: Counting objects:  53% (193/364)        
2022-11-21T19:29:48.3512111Z remote: Counting objects:  54% (197/364)        
2022-11-21T19:29:48.3512405Z remote: Counting objects:  55% (201/364)        
2022-11-21T19:29:48.3512707Z remote: Counting objects:  56% (204/364)        
2022-11-21T19:29:48.3512989Z remote: Counting objects:  57% (208/364)        
2022-11-21T19:29:48.3513235Z remote: Counting objects:  58% (212/364)        
2022-11-21T19:29:48.3513520Z remote: Counting objects:  59% (215/364)        
2022-11-21T19:29:48.3513808Z remote: Counting objects:  60% (219/364)        
2022-11-21T19:29:48.3514061Z remote: Counting objects:  61% (223/364)        
2022-11-21T19:29:48.3514339Z remote: Counting objects:  62% (226/364)        
2022-11-21T19:29:48.3514620Z remote: Counting objects:  63% (230/364)        
2022-11-21T19:29:48.3514862Z remote: Counting objects:  64% (233/364)        
2022-11-21T19:29:48.3515141Z remote: Counting objects:  65% (237/364)        
2022-11-21T19:29:48.3515439Z remote: Counting objects:  66% (241/364)        
2022-11-21T19:29:48.3515739Z remote: Counting objects:  67% (244/364)        
2022-11-21T19:29:48.3515980Z remote: Counting objects:  68% (248/364)        
2022-11-21T19:29:48.3516262Z remote: Counting objects:  69% (252/364)        
2022-11-21T19:29:48.3516586Z remote: Counting objects:  70% (255/364)        
2022-11-21T19:29:48.3516828Z remote: Counting objects:  71% (259/364)        
2022-11-21T19:29:48.3517111Z remote: Counting objects:  72% (263/364)        
2022-11-21T19:29:48.3517392Z remote: Counting objects:  73% (266/364)        
2022-11-21T19:29:48.3517629Z remote: Counting objects:  74% (270/364)        
2022-11-21T19:29:48.3517919Z remote: Counting objects:  75% (273/364)        
2022-11-21T19:29:48.3518200Z remote: Counting objects:  76% (277/364)        
2022-11-21T19:29:48.3518442Z remote: Counting objects:  77% (281/364)        
2022-11-21T19:29:48.3518721Z remote: Counting objects:  78% (284/364)        
2022-11-21T19:29:48.3518997Z remote: Counting objects:  79% (288/364)        
2022-11-21T19:29:48.3519371Z remote: Counting objects:  80% (292/364)        
2022-11-21T19:29:48.3519614Z remote: Counting objects:  81% (295/364)        
2022-11-21T19:29:48.3519889Z remote: Counting objects:  82% (299/364)        
2022-11-21T19:29:48.3520168Z remote: Counting objects:  83% (303/364)        
2022-11-21T19:29:48.3520407Z remote: Counting objects:  84% (306/364)        
2022-11-21T19:29:48.3520711Z remote: Counting objects:  85% (310/364)        
2022-11-21T19:29:48.3520989Z remote: Counting objects:  86% (314/364)        
2022-11-21T19:29:48.3521230Z remote: Counting objects:  87% (317/364)        
2022-11-21T19:29:48.3521504Z remote: Counting objects:  88% (321/364)        
2022-11-21T19:29:48.3521802Z remote: Counting objects:  89% (324/364)        
2022-11-21T19:29:48.3522047Z remote: Counting objects:  90% (328/364)        
2022-11-21T19:29:48.3522330Z remote: Counting objects:  91% (332/364)        
2022-11-21T19:29:48.3522606Z remote: Counting objects:  92% (335/364)        
2022-11-21T19:29:48.3522893Z remote: Counting objects:  93% (339/364)        
2022-11-21T19:29:48.3523147Z remote: Counting objects:  94% (343/364)        
2022-11-21T19:29:48.3523427Z remote: Counting objects:  95% (346/364)        
2022-11-21T19:29:48.3523714Z remote: Counting objects:  96% (350/364)        
2022-11-21T19:29:48.3523989Z remote: Counting objects:  97% (354/364)        
2022-11-21T19:29:48.3524228Z remote: Counting objects:  98% (357/364)        
2022-11-21T19:29:48.3524525Z remote: Counting objects:  99% (361/364)        
2022-11-21T19:29:48.3524801Z remote: Counting objects: 100% (364/364)        
2022-11-21T19:29:48.3525064Z remote: Counting objects: 100% (364/364), done.        
2022-11-21T19:29:48.3525404Z remote: Compressing objects:   0% (1/307)        
2022-11-21T19:29:48.3525735Z remote: Compressing objects:   1% (4/307)        
2022-11-21T19:29:48.3526005Z remote: Compressing objects:   2% (7/307)        
2022-11-21T19:29:48.3526319Z remote: Compressing objects:   3% (10/307)        
2022-11-21T19:29:48.3526704Z remote: Compressing objects:   4% (13/307)        
2022-11-21T19:29:48.3527020Z remote: Compressing objects:   5% (16/307)        
2022-11-21T19:29:48.3527300Z remote: Compressing objects:   6% (19/307)        
2022-11-21T19:29:48.3527608Z remote: Compressing objects:   7% (22/307)        
2022-11-21T19:29:48.3527914Z remote: Compressing objects:   8% (25/307)        
2022-11-21T19:29:48.3528174Z remote: Compressing objects:   9% (28/307)        
2022-11-21T19:29:48.3528474Z remote: Compressing objects:  10% (31/307)        
2022-11-21T19:29:48.3528786Z remote: Compressing objects:  11% (34/307)        
2022-11-21T19:29:48.3529048Z remote: Compressing objects:  12% (37/307)        
2022-11-21T19:29:48.3529353Z remote: Compressing objects:  13% (40/307)        
2022-11-21T19:29:48.3529655Z remote: Compressing objects:  14% (43/307)        
2022-11-21T19:29:48.3529965Z remote: Compressing objects:  15% (47/307)        
2022-11-21T19:29:48.3530223Z remote: Compressing objects:  16% (50/307)        
2022-11-21T19:29:48.3530530Z remote: Compressing objects:  17% (53/307)        
2022-11-21T19:29:48.3530845Z remote: Compressing objects:  18% (56/307)        
2022-11-21T19:29:48.3531109Z remote: Compressing objects:  19% (59/307)        
2022-11-21T19:29:48.3531418Z remote: Compressing objects:  20% (62/307)        
2022-11-21T19:29:48.3531722Z remote: Compressing objects:  21% (65/307)        
2022-11-21T19:29:48.3531978Z remote: Compressing objects:  22% (68/307)        
2022-11-21T19:29:48.3532278Z remote: Compressing objects:  23% (71/307)        
2022-11-21T19:29:48.3532569Z remote: Compressing objects:  24% (74/307)        
2022-11-21T19:29:48.3532839Z remote: Compressing objects:  25% (77/307)        
2022-11-21T19:29:48.3533137Z remote: Compressing objects:  26% (80/307)        
2022-11-21T19:29:48.3533433Z remote: Compressing objects:  27% (83/307)        
2022-11-21T19:29:48.3533725Z remote: Compressing objects:  28% (86/307)        
2022-11-21T19:29:48.3534041Z remote: Compressing objects:  29% (90/307)        
2022-11-21T19:29:48.3534349Z remote: Compressing objects:  30% (93/307)        
2022-11-21T19:29:48.3534641Z remote: Compressing objects:  31% (96/307)        
2022-11-21T19:29:48.3534891Z remote: Compressing objects:  32% (99/307)        
2022-11-21T19:29:48.3535198Z remote: Compressing objects:  33% (102/307)        
2022-11-21T19:29:48.3535526Z remote: Compressing objects:  34% (105/307)        
2022-11-21T19:29:48.3535800Z remote: Compressing objects:  35% (108/307)        
2022-11-21T19:29:48.3536116Z remote: Compressing objects:  36% (111/307)        
2022-11-21T19:29:48.3536424Z remote: Compressing objects:  37% (114/307)        
2022-11-21T19:29:48.3536733Z remote: Compressing objects:  38% (117/307)        
2022-11-21T19:29:48.3537015Z remote: Compressing objects:  39% (120/307)        
2022-11-21T19:29:48.3537321Z remote: Compressing objects:  40% (123/307)        
2022-11-21T19:29:48.3537622Z remote: Compressing objects:  41% (126/307)        
2022-11-21T19:29:48.3537892Z remote: Compressing objects:  42% (129/307)        
2022-11-21T19:29:48.3538196Z remote: Compressing objects:  43% (133/307)        
2022-11-21T19:29:48.3538512Z remote: Compressing objects:  44% (136/307)        
2022-11-21T19:29:48.3538768Z remote: Compressing objects:  45% (139/307)        
2022-11-21T19:29:48.3539075Z remote: Compressing objects:  46% (142/307)        
2022-11-21T19:29:48.3539382Z remote: Compressing objects:  47% (145/307)        
2022-11-21T19:29:48.3539643Z remote: Compressing objects:  48% (148/307)        
2022-11-21T19:29:48.3539950Z remote: Compressing objects:  49% (151/307)        
2022-11-21T19:29:48.3540247Z remote: Compressing objects:  50% (154/307)        
2022-11-21T19:29:48.3540551Z remote: Compressing objects:  51% (157/307)        
2022-11-21T19:29:48.3540804Z remote: Compressing objects:  52% (160/307)        
2022-11-21T19:29:48.3541120Z remote: Compressing objects:  53% (163/307)        
2022-11-21T19:29:48.3541476Z remote: Compressing objects:  54% (166/307)        
2022-11-21T19:29:48.3541741Z remote: Compressing objects:  55% (169/307)        
2022-11-21T19:29:48.3542043Z remote: Compressing objects:  56% (172/307)        
2022-11-21T19:29:48.3542337Z remote: Compressing objects:  57% (175/307)        
2022-11-21T19:29:48.3542608Z remote: Compressing objects:  58% (179/307)        
2022-11-21T19:29:48.3542904Z remote: Compressing objects:  59% (182/307)        
2022-11-21T19:29:48.3543193Z remote: Compressing objects:  60% (185/307)        
2022-11-21T19:29:48.3543486Z remote: Compressing objects:  61% (188/307)        
2022-11-21T19:29:48.3543736Z remote: Compressing objects:  62% (191/307)        
2022-11-21T19:29:48.3544044Z remote: Compressing objects:  63% (194/307)        
2022-11-21T19:29:48.3544335Z remote: Compressing objects:  64% (197/307)        
2022-11-21T19:29:48.3544592Z remote: Compressing objects:  65% (200/307)        
2022-11-21T19:29:48.3544890Z remote: Compressing objects:  66% (203/307)        
2022-11-21T19:29:48.3545205Z remote: Compressing objects:  67% (206/307)        
2022-11-21T19:29:48.3545459Z remote: Compressing objects:  68% (209/307)        
2022-11-21T19:29:48.3545757Z remote: Compressing objects:  69% (212/307)        
2022-11-21T19:29:48.3546056Z remote: Compressing objects:  70% (215/307)        
2022-11-21T19:29:48.3546347Z remote: Compressing objects:  71% (218/307)        
2022-11-21T19:29:48.3546614Z remote: Compressing objects:  72% (222/307)        
2022-11-21T19:29:48.3546909Z remote: Compressing objects:  73% (225/307)        
2022-11-21T19:29:48.3547200Z remote: Compressing objects:  74% (228/307)        
2022-11-21T19:29:48.3547455Z remote: Compressing objects:  75% (231/307)        
2022-11-21T19:29:48.3548589Z remote: Compressing objects:  76% (234/307)        
2022-11-21T19:29:48.3549787Z remote: Compressing objects:  77% (237/307)        
2022-11-21T19:29:48.3550112Z remote: Compressing objects:  78% (240/307)        
2022-11-21T19:29:48.3551134Z remote: Compressing objects:  79% (243/307)        
2022-11-21T19:29:48.3551451Z remote: Compressing objects:  80% (246/307)        
2022-11-21T19:29:48.3551724Z remote: Compressing objects:  81% (249/307)        
2022-11-21T19:29:48.3552082Z remote: Compressing objects:  82% (252/307)        
2022-11-21T19:29:48.3552392Z remote: Compressing objects:  83% (255/307)        
2022-11-21T19:29:48.3552698Z remote: Compressing objects:  84% (258/307)        
2022-11-21T19:29:48.3552965Z remote: Compressing objects:  85% (261/307)        
2022-11-21T19:29:48.3553281Z remote: Compressing objects:  86% (265/307)        
2022-11-21T19:29:48.3553577Z remote: Compressing objects:  87% (268/307)        
2022-11-21T19:29:48.3553838Z remote: Compressing objects:  88% (271/307)        
2022-11-21T19:29:48.3554137Z remote: Compressing objects:  89% (274/307)        
2022-11-21T19:29:48.3554441Z remote: Compressing objects:  90% (277/307)        
2022-11-21T19:29:48.3554720Z remote: Compressing objects:  91% (280/307)        
2022-11-21T19:29:48.3555032Z remote: Compressing objects:  92% (283/307)        
2022-11-21T19:29:48.3555335Z remote: Compressing objects:  93% (286/307)        
2022-11-21T19:29:48.3556358Z remote: Compressing objects:  94% (289/307)        
2022-11-21T19:29:48.3556645Z remote: Compressing objects:  95% (292/307)        
2022-11-21T19:29:48.3557522Z remote: Compressing objects:  96% (295/307)        
2022-11-21T19:29:48.3557831Z remote: Compressing objects:  97% (298/307)        
2022-11-21T19:29:48.3558088Z remote: Compressing objects:  98% (301/307)        
2022-11-21T19:29:48.3558395Z remote: Compressing objects:  99% (304/307)        
2022-11-21T19:29:48.3558714Z remote: Compressing objects: 100% (307/307)        
2022-11-21T19:29:48.3558998Z remote: Compressing objects: 100% (307/307), done.        
2022-11-21T19:29:48.4329799Z Receiving objects:   0% (1/364)
2022-11-21T19:29:48.4330159Z Receiving objects:   1% (4/364)
2022-11-21T19:29:48.4947917Z Receiving objects:   2% (8/364)
2022-11-21T19:29:48.4949817Z Receiving objects:   3% (11/364)
2022-11-21T19:29:48.4954582Z Receiving objects:   4% (15/364)
2022-11-21T19:29:48.4964959Z Receiving objects:   5% (19/364)
2022-11-21T19:29:48.4965268Z Receiving objects:   6% (22/364)
2022-11-21T19:29:48.4965532Z Receiving objects:   7% (26/364)
2022-11-21T19:29:48.4965812Z Receiving objects:   8% (30/364)
2022-11-21T19:29:48.4966076Z Receiving objects:   9% (33/364)
2022-11-21T19:29:48.4966322Z Receiving objects:  10% (37/364)
2022-11-21T19:29:48.4966585Z Receiving objects:  11% (41/364)
2022-11-21T19:29:48.4966840Z Receiving objects:  12% (44/364)
2022-11-21T19:29:48.4967093Z Receiving objects:  13% (48/364)
2022-11-21T19:29:48.4967345Z Receiving objects:  14% (51/364)
2022-11-21T19:29:48.4967601Z Receiving objects:  15% (55/364)
2022-11-21T19:29:48.4967854Z Receiving objects:  16% (59/364)
2022-11-21T19:29:48.4968104Z Receiving objects:  17% (62/364)
2022-11-21T19:29:48.4969142Z Receiving objects:  18% (66/364)
2022-11-21T19:29:48.4969771Z Receiving objects:  19% (70/364)
2022-11-21T19:29:48.4970089Z Receiving objects:  20% (73/364)
2022-11-21T19:29:48.4970365Z Receiving objects:  21% (77/364)
2022-11-21T19:29:48.4970638Z Receiving objects:  22% (81/364)
2022-11-21T19:29:48.4970899Z Receiving objects:  23% (84/364)
2022-11-21T19:29:48.4971174Z Receiving objects:  24% (88/364)
2022-11-21T19:29:48.4971441Z Receiving objects:  25% (91/364)
2022-11-21T19:29:48.4971703Z Receiving objects:  26% (95/364)
2022-11-21T19:29:48.4971979Z Receiving objects:  27% (99/364)
2022-11-21T19:29:48.4973213Z Receiving objects:  28% (102/364)
2022-11-21T19:29:48.4973541Z Receiving objects:  29% (106/364)
2022-11-21T19:29:48.4973829Z Receiving objects:  30% (110/364)
2022-11-21T19:29:48.4974111Z Receiving objects:  31% (113/364)
2022-11-21T19:29:48.5325812Z Receiving objects:  32% (117/364)
2022-11-21T19:29:48.5387385Z Receiving objects:  33% (121/364)
2022-11-21T19:29:48.5516327Z Receiving objects:  34% (124/364)
2022-11-21T19:29:48.5551026Z Receiving objects:  35% (128/364)
2022-11-21T19:29:48.5617178Z Receiving objects:  36% (132/364)
2022-11-21T19:29:48.5619815Z Receiving objects:  37% (135/364)
2022-11-21T19:29:48.5669721Z Receiving objects:  38% (139/364)
2022-11-21T19:29:48.5676969Z Receiving objects:  39% (142/364)
2022-11-21T19:29:48.5731835Z Receiving objects:  40% (146/364)
2022-11-21T19:29:48.5732261Z Receiving objects:  41% (150/364)
2022-11-21T19:29:48.5735316Z Receiving objects:  42% (153/364)
2022-11-21T19:29:48.5735719Z Receiving objects:  43% (157/364)
2022-11-21T19:29:48.5736932Z Receiving objects:  44% (161/364)
2022-11-21T19:29:48.5737238Z Receiving objects:  45% (164/364)
2022-11-21T19:29:48.5740571Z Receiving objects:  46% (168/364)
2022-11-21T19:29:48.5741997Z Receiving objects:  47% (172/364)
2022-11-21T19:29:48.5745048Z Receiving objects:  48% (175/364)
2022-11-21T19:29:48.5745339Z Receiving objects:  49% (179/364)
2022-11-21T19:29:48.5745603Z Receiving objects:  50% (182/364)
2022-11-21T19:29:48.5745889Z Receiving objects:  51% (186/364)
2022-11-21T19:29:48.5746784Z Receiving objects:  52% (190/364)
2022-11-21T19:29:48.5747043Z Receiving objects:  53% (193/364)
2022-11-21T19:29:48.5747297Z Receiving objects:  54% (197/364)
2022-11-21T19:29:48.5748771Z Receiving objects:  55% (201/364)
2022-11-21T19:29:48.5749030Z Receiving objects:  56% (204/364)
2022-11-21T19:29:48.5749275Z Receiving objects:  57% (208/364)
2022-11-21T19:29:48.5749525Z Receiving objects:  58% (212/364)
2022-11-21T19:29:48.5749815Z Receiving objects:  59% (215/364)
2022-11-21T19:29:48.5750065Z Receiving objects:  60% (219/364)
2022-11-21T19:29:48.5750316Z Receiving objects:  61% (223/364)
2022-11-21T19:29:48.5753262Z Receiving objects:  62% (226/364)
2022-11-21T19:29:48.5755891Z Receiving objects:  63% (230/364)
2022-11-21T19:29:48.5759248Z Receiving objects:  64% (233/364)
2022-11-21T19:29:48.5763375Z Receiving objects:  65% (237/364)
2022-11-21T19:29:48.5763726Z Receiving objects:  66% (241/364)
2022-11-21T19:29:48.5765170Z Receiving objects:  67% (244/364)
2022-11-21T19:29:48.5766479Z Receiving objects:  68% (248/364)
2022-11-21T19:29:48.5768567Z Receiving objects:  69% (252/364)
2022-11-21T19:29:48.5775784Z Receiving objects:  70% (255/364)
2022-11-21T19:29:48.5776314Z Receiving objects:  71% (259/364)
2022-11-21T19:29:48.5776585Z Receiving objects:  72% (263/364)
2022-11-21T19:29:48.5777791Z Receiving objects:  73% (266/364)
2022-11-21T19:29:48.5778055Z Receiving objects:  74% (270/364)
2022-11-21T19:29:48.5778314Z Receiving objects:  75% (273/364)
2022-11-21T19:29:48.5778570Z Receiving objects:  76% (277/364)
2022-11-21T19:29:48.5778814Z Receiving objects:  77% (281/364)
2022-11-21T19:29:48.5779062Z Receiving objects:  78% (284/364)
2022-11-21T19:29:48.5779313Z Receiving objects:  79% (288/364)
2022-11-21T19:29:48.5779556Z Receiving objects:  80% (292/364)
2022-11-21T19:29:48.5779806Z Receiving objects:  81% (295/364)
2022-11-21T19:29:48.5780049Z Receiving objects:  82% (299/364)
2022-11-21T19:29:48.5780319Z Receiving objects:  83% (303/364)
2022-11-21T19:29:48.5780601Z Receiving objects:  84% (306/364)
2022-11-21T19:29:48.5781999Z Receiving objects:  85% (310/364)
2022-11-21T19:29:48.5787058Z Receiving objects:  86% (314/364)
2022-11-21T19:29:48.5788748Z Receiving objects:  87% (317/364)
2022-11-21T19:29:48.5800571Z Receiving objects:  88% (321/364)
2022-11-21T19:29:48.5806666Z Receiving objects:  89% (324/364)
2022-11-21T19:29:48.5811359Z Receiving objects:  90% (328/364)
2022-11-21T19:29:48.5836296Z Receiving objects:  91% (332/364)
2022-11-21T19:29:48.5841775Z Receiving objects:  92% (335/364)
2022-11-21T19:29:48.5844285Z remote: Total 364 (delta 51), reused 220 (delta 29), pack-reused 0        
2022-11-21T19:29:48.5845126Z Receiving objects:  93% (339/364)
2022-11-21T19:29:48.5845538Z Receiving objects:  94% (343/364)
2022-11-21T19:29:48.5846473Z Receiving objects:  95% (346/364)
2022-11-21T19:29:48.5851372Z Receiving objects:  96% (350/364)
2022-11-21T19:29:48.5904023Z Receiving objects:  97% (354/364)
2022-11-21T19:29:48.5922198Z Receiving objects:  98% (357/364)
2022-11-21T19:29:48.5925073Z Receiving objects:  99% (361/364)
2022-11-21T19:29:48.5926798Z Receiving objects: 100% (364/364)
2022-11-21T19:29:48.5934479Z Receiving objects: 100% (364/364), 3.56 MiB | 19.48 MiB/s, done.
2022-11-21T19:29:48.5938173Z Resolving deltas:   0% (0/51)
2022-11-21T19:29:48.5938497Z Resolving deltas:   1% (1/51)
2022-11-21T19:29:48.5938758Z Resolving deltas:   3% (2/51)
2022-11-21T19:29:48.5938979Z Resolving deltas:   5% (3/51)
2022-11-21T19:29:48.5939181Z Resolving deltas:   7% (4/51)
2022-11-21T19:29:48.5939358Z Resolving deltas:   9% (5/51)
2022-11-21T19:29:48.5939554Z Resolving deltas:  11% (6/51)
2022-11-21T19:29:48.5939868Z Resolving deltas:  13% (7/51)
2022-11-21T19:29:48.5940112Z Resolving deltas:  15% (8/51)
2022-11-21T19:29:48.5940359Z Resolving deltas:  17% (9/51)
2022-11-21T19:29:48.5940619Z Resolving deltas:  19% (10/51)
2022-11-21T19:29:48.5940926Z Resolving deltas:  21% (11/51)
2022-11-21T19:29:48.5941215Z Resolving deltas:  23% (12/51)
2022-11-21T19:29:48.5941463Z Resolving deltas:  25% (13/51)
2022-11-21T19:29:48.5941736Z Resolving deltas:  27% (14/51)
2022-11-21T19:29:48.5941989Z Resolving deltas:  29% (15/51)
2022-11-21T19:29:48.5942237Z Resolving deltas:  31% (16/51)
2022-11-21T19:29:48.5942526Z Resolving deltas:  33% (17/51)
2022-11-21T19:29:48.5942787Z Resolving deltas:  35% (18/51)
2022-11-21T19:29:48.5943043Z Resolving deltas:  37% (19/51)
2022-11-21T19:29:48.5943287Z Resolving deltas:  39% (20/51)
2022-11-21T19:29:48.5943548Z Resolving deltas:  41% (21/51)
2022-11-21T19:29:48.5943800Z Resolving deltas:  43% (22/51)
2022-11-21T19:29:48.5944050Z Resolving deltas:  45% (23/51)
2022-11-21T19:29:48.5944292Z Resolving deltas:  47% (24/51)
2022-11-21T19:29:48.5944549Z Resolving deltas:  49% (25/51)
2022-11-21T19:29:48.5944800Z Resolving deltas:  50% (26/51)
2022-11-21T19:29:48.5945046Z Resolving deltas:  52% (27/51)
2022-11-21T19:29:48.5945302Z Resolving deltas:  54% (28/51)
2022-11-21T19:29:48.5945700Z Resolving deltas:  56% (29/51)
2022-11-21T19:29:48.5945958Z Resolving deltas:  58% (30/51)
2022-11-21T19:29:48.5946201Z Resolving deltas:  60% (31/51)
2022-11-21T19:29:48.5946453Z Resolving deltas:  62% (32/51)
2022-11-21T19:29:48.5946701Z Resolving deltas:  64% (33/51)
2022-11-21T19:29:48.5946955Z Resolving deltas:  66% (34/51)
2022-11-21T19:29:48.5947203Z Resolving deltas:  68% (35/51)
2022-11-21T19:29:48.5947459Z Resolving deltas:  70% (36/51)
2022-11-21T19:29:48.5947711Z Resolving deltas:  72% (37/51)
2022-11-21T19:29:48.5947949Z Resolving deltas:  74% (38/51)
2022-11-21T19:29:48.5948203Z Resolving deltas:  76% (39/51)
2022-11-21T19:29:48.5948459Z Resolving deltas:  78% (40/51)
2022-11-21T19:29:48.5948712Z Resolving deltas:  80% (41/51)
2022-11-21T19:29:48.5948949Z Resolving deltas:  82% (42/51)
2022-11-21T19:29:48.5949201Z Resolving deltas:  84% (43/51)
2022-11-21T19:29:48.5949455Z Resolving deltas:  86% (44/51)
2022-11-21T19:29:48.5949706Z Resolving deltas:  88% (45/51)
2022-11-21T19:29:48.5949950Z Resolving deltas:  90% (46/51)
2022-11-21T19:29:48.5950198Z Resolving deltas:  92% (47/51)
2022-11-21T19:29:48.5950449Z Resolving deltas:  94% (48/51)
2022-11-21T19:29:48.5950690Z Resolving deltas:  96% (49/51)
2022-11-21T19:29:48.5950898Z Resolving deltas:  98% (50/51)
2022-11-21T19:29:48.5951078Z Resolving deltas: 100% (51/51)
2022-11-21T19:29:48.5951275Z Resolving deltas: 100% (51/51), done.
2022-11-21T19:29:48.6646188Z From https://github.com/AlphaSteam/julia-vscode-microprint-test
2022-11-21T19:29:48.6650846Z  * [new ref]         60ccabb18abdf4f5b1afd718ce4e98a07a0a6a10 -> origin/master
2022-11-21T19:29:48.6956089Z ##[endgroup]
2022-11-21T19:29:48.6957488Z ##[group]Determining the checkout info
2022-11-21T19:29:48.6958365Z ##[endgroup]
2022-11-21T19:29:48.6958862Z ##[group]Checking out the ref
2022-11-21T19:29:48.6967557Z [command]"C:\Program Files\Git\bin\git.exe" checkout --progress --force -B master refs/remotes/origin/master
2022-11-21T19:29:48.8824393Z branch 'master' set up to track 'origin/master'.
2022-11-21T19:29:48.8825632Z Reset branch 'master'
2022-11-21T19:29:48.8864260Z ##[endgroup]
2022-11-21T19:29:48.8864938Z ##[group]Setting up auth for fetching submodules
2022-11-21T19:29:48.8874527Z [command]"C:\Program Files\Git\bin\git.exe" config --global http.https://github.com/.extraheader "AUTHORIZATION: basic ***"
2022-11-21T19:29:48.9149363Z [command]"C:\Program Files\Git\bin\git.exe" config --global --unset-all url.https://github.com/.insteadOf
2022-11-21T19:29:48.9387863Z [command]"C:\Program Files\Git\bin\git.exe" config --global --add url.https://github.com/.insteadOf git@github.com:
2022-11-21T19:29:48.9605545Z [command]"C:\Program Files\Git\bin\git.exe" config --global --add url.https://github.com/.insteadOf org-30818940@github.com:
2022-11-21T19:29:48.9826495Z ##[endgroup]
2022-11-21T19:29:48.9827147Z ##[group]Fetching submodules
2022-11-21T19:29:48.9835192Z [command]"C:\Program Files\Git\bin\git.exe" submodule sync
2022-11-21T19:29:49.5411562Z [command]"C:\Program Files\Git\bin\git.exe" -c protocol.version=2 submodule update --init --force --depth=1
2022-11-21T19:29:50.1367722Z Submodule 'libs/jl-profile' (https://github.com/pfitzseb/jl-profile.js.git) registered for path 'libs/jl-profile'
2022-11-21T19:29:50.1368640Z Submodule 'scripts/packages-old/JuliaInterpreter' (https://github.com/JuliaDebug/JuliaInterpreter.jl.git) registered for path 'scripts/packages-old/JuliaInterpreter'
2022-11-21T19:29:50.1369507Z Submodule 'scripts/packages/CSTParser' (https://github.com/julia-vscode/CSTParser.jl.git) registered for path 'scripts/packages/CSTParser'
2022-11-21T19:29:50.1370302Z Submodule 'scripts/packages/CodeTracking' (https://github.com/timholy/CodeTracking.jl.git) registered for path 'scripts/packages/CodeTracking'
2022-11-21T19:29:50.1371248Z Submodule 'scripts/packages/CommonMark' (https://github.com/MichaelHatherly/CommonMark.jl.git) registered for path 'scripts/packages/CommonMark'
2022-11-21T19:29:50.1372354Z Submodule 'scripts/packages/Compat' (https://github.com/JuliaLang/Compat.jl.git) registered for path 'scripts/packages/Compat'
2022-11-21T19:29:50.1373194Z Submodule 'scripts/packages/CoverageTools' (https://github.com/JuliaCI/CoverageTools.jl.git) registered for path 'scripts/packages/CoverageTools'
2022-11-21T19:29:50.1374031Z Submodule 'scripts/packages/Crayons' (https://github.com/KristofferC/Crayons.jl.git) registered for path 'scripts/packages/Crayons'
2022-11-21T19:29:50.1374796Z Submodule 'scripts/packages/DataStructures' (https://github.com/JuliaCollections/DataStructures.jl.git) registered for path 'scripts/packages/DataStructures'
2022-11-21T19:29:50.1375579Z Submodule 'scripts/packages/DebugAdapter' (https://github.com/julia-vscode/DebugAdapter.jl.git) registered for path 'scripts/packages/DebugAdapter'
2022-11-21T19:29:50.1376351Z Submodule 'scripts/packages/FilePathsBase' (https://github.com/rofinn/FilePathsBase.jl.git) registered for path 'scripts/packages/FilePathsBase'
2022-11-21T19:29:50.1377083Z Submodule 'scripts/packages/IJuliaCore' (https://github.com/JuliaLang/IJuliaCore.jl.git) registered for path 'scripts/packages/IJuliaCore'
2022-11-21T19:29:50.1377775Z Submodule 'scripts/packages/JSON' (https://github.com/JuliaIO/JSON.jl.git) registered for path 'scripts/packages/JSON'
2022-11-21T19:29:50.1378455Z Submodule 'scripts/packages/JSONRPC' (https://github.com/julia-vscode/JSONRPC.jl.git) registered for path 'scripts/packages/JSONRPC'
2022-11-21T19:29:50.1380279Z Submodule 'scripts/packages/JuliaFormatter' (https://github.com/domluna/JuliaFormatter.jl.git) registered for path 'scripts/packages/JuliaFormatter'
2022-11-21T19:29:50.1381248Z Submodule 'scripts/packages/JuliaInterpreter' (https://github.com/JuliaDebug/JuliaInterpreter.jl.git) registered for path 'scripts/packages/JuliaInterpreter'
2022-11-21T19:29:50.1382062Z Submodule 'scripts/packages/LanguageServer' (https://github.com/julia-vscode/LanguageServer.jl.git) registered for path 'scripts/packages/LanguageServer'
2022-11-21T19:29:50.1383544Z Submodule 'scripts/packages/LoweredCodeUtils' (https://github.com/JuliaDebug/LoweredCodeUtils.jl.git) registered for path 'scripts/packages/LoweredCodeUtils'
2022-11-21T19:29:50.1384389Z Submodule 'scripts/packages/OrderedCollections' (https://github.com/JuliaCollections/OrderedCollections.jl.git) registered for path 'scripts/packages/OrderedCollections'
2022-11-21T19:29:50.1385214Z Submodule 'scripts/packages/PackageCompiler' (https://github.com/JuliaLang/PackageCompiler.jl.git) registered for path 'scripts/packages/PackageCompiler'
2022-11-21T19:29:50.1385957Z Submodule 'scripts/packages/Revise' (https://github.com/timholy/Revise.jl) registered for path 'scripts/packages/Revise'
2022-11-21T19:29:50.1386654Z Submodule 'scripts/packages/StaticLint' (https://github.com/julia-vscode/StaticLint.jl) registered for path 'scripts/packages/StaticLint'
2022-11-21T19:29:50.1387406Z Submodule 'scripts/packages/SymbolServer' (https://github.com/julia-vscode/SymbolServer.jl.git) registered for path 'scripts/packages/SymbolServer'
2022-11-21T19:29:50.1388134Z Submodule 'scripts/packages/TestEnv' (https://github.com/davidanthoff/TestEnv.jl) registered for path 'scripts/packages/TestEnv'
2022-11-21T19:29:50.1388902Z Submodule 'scripts/packages/TestItemDetection' (https://github.com/julia-vscode/TestItemDetection.jl) registered for path 'scripts/packages/TestItemDetection'
2022-11-21T19:29:50.1389642Z Submodule 'scripts/packages/Tokenize' (https://github.com/JuliaLang/Tokenize.jl.git) registered for path 'scripts/packages/Tokenize'
2022-11-21T19:29:50.1390338Z Submodule 'scripts/packages/URIParser' (https://github.com/JuliaWeb/URIParser.jl.git) registered for path 'scripts/packages/URIParser'
2022-11-21T19:29:50.1391028Z Submodule 'scripts/packages/URIs' (https://github.com/JuliaWeb/URIs.jl.git) registered for path 'scripts/packages/URIs'
2022-11-21T19:29:50.5488736Z Cloning into 'D:/a/julia-vscode-microprint-test/julia-vscode-microprint-test/libs/jl-profile'...
2022-11-21T19:29:50.9569871Z Cloning into 'D:/a/julia-vscode-microprint-test/julia-vscode-microprint-test/scripts/packages-old/JuliaInterpreter'...
2022-11-21T19:29:51.3474414Z Cloning into 'D:/a/julia-vscode-microprint-test/julia-vscode-microprint-test/scripts/packages/CSTParser'...
2022-11-21T19:29:51.6912182Z Cloning into 'D:/a/julia-vscode-microprint-test/julia-vscode-microprint-test/scripts/packages/CodeTracking'...
2022-11-21T19:29:52.0350009Z Cloning into 'D:/a/julia-vscode-microprint-test/julia-vscode-microprint-test/scripts/packages/CommonMark'...
2022-11-21T19:29:52.4106109Z Cloning into 'D:/a/julia-vscode-microprint-test/julia-vscode-microprint-test/scripts/packages/Compat'...
2022-11-21T19:29:52.8948656Z Cloning into 'D:/a/julia-vscode-microprint-test/julia-vscode-microprint-test/scripts/packages/CoverageTools'...
2022-11-21T19:29:53.2235087Z Cloning into 'D:/a/julia-vscode-microprint-test/julia-vscode-microprint-test/scripts/packages/Crayons'...
2022-11-21T19:29:53.6766704Z Cloning into 'D:/a/julia-vscode-microprint-test/julia-vscode-microprint-test/scripts/packages/DataStructures'...
2022-11-21T19:29:54.0212351Z Cloning into 'D:/a/julia-vscode-microprint-test/julia-vscode-microprint-test/scripts/packages/DebugAdapter'...
2022-11-21T19:29:54.6479190Z Cloning into 'D:/a/julia-vscode-microprint-test/julia-vscode-microprint-test/scripts/packages/FilePathsBase'...
2022-11-21T19:29:55.1627390Z Cloning into 'D:/a/julia-vscode-microprint-test/julia-vscode-microprint-test/scripts/packages/IJuliaCore'...
2022-11-21T19:29:55.6155886Z Cloning into 'D:/a/julia-vscode-microprint-test/julia-vscode-microprint-test/scripts/packages/JSON'...
2022-11-21T19:29:56.0083304Z Cloning into 'D:/a/julia-vscode-microprint-test/julia-vscode-microprint-test/scripts/packages/JSONRPC'...
2022-11-21T19:29:56.4290552Z Cloning into 'D:/a/julia-vscode-microprint-test/julia-vscode-microprint-test/scripts/packages/JuliaFormatter'...
2022-11-21T19:29:56.8202558Z Cloning into 'D:/a/julia-vscode-microprint-test/julia-vscode-microprint-test/scripts/packages/JuliaInterpreter'...
2022-11-21T19:29:57.2270403Z Cloning into 'D:/a/julia-vscode-microprint-test/julia-vscode-microprint-test/scripts/packages/LanguageServer'...
2022-11-21T19:29:57.6180855Z Cloning into 'D:/a/julia-vscode-microprint-test/julia-vscode-microprint-test/scripts/packages/LoweredCodeUtils'...
2022-11-21T19:29:58.0246526Z Cloning into 'D:/a/julia-vscode-microprint-test/julia-vscode-microprint-test/scripts/packages/OrderedCollections'...
2022-11-21T19:29:58.4159558Z Cloning into 'D:/a/julia-vscode-microprint-test/julia-vscode-microprint-test/scripts/packages/PackageCompiler'...
2022-11-21T19:29:59.8069798Z Cloning into 'D:/a/julia-vscode-microprint-test/julia-vscode-microprint-test/scripts/packages/Revise'...
2022-11-21T19:30:00.1820363Z Cloning into 'D:/a/julia-vscode-microprint-test/julia-vscode-microprint-test/scripts/packages/StaticLint'...
2022-11-21T19:30:00.6670313Z Cloning into 'D:/a/julia-vscode-microprint-test/julia-vscode-microprint-test/scripts/packages/SymbolServer'...
2022-11-21T19:30:01.0889944Z Cloning into 'D:/a/julia-vscode-microprint-test/julia-vscode-microprint-test/scripts/packages/TestEnv'...
2022-11-21T19:30:01.8553685Z Cloning into 'D:/a/julia-vscode-microprint-test/julia-vscode-microprint-test/scripts/packages/TestItemDetection'...
2022-11-21T19:30:03.2937521Z Cloning into 'D:/a/julia-vscode-microprint-test/julia-vscode-microprint-test/scripts/packages/Tokenize'...
2022-11-21T19:30:04.2940891Z Cloning into 'D:/a/julia-vscode-microprint-test/julia-vscode-microprint-test/scripts/packages/URIParser'...
2022-11-21T19:30:04.8897083Z Cloning into 'D:/a/julia-vscode-microprint-test/julia-vscode-microprint-test/scripts/packages/URIs'...
2022-11-21T19:30:05.9156080Z From https://github.com/pfitzseb/jl-profile.js
2022-11-21T19:30:05.9156747Z  * branch            44fe7c33bc23a8e4cdb3b67674994fe2564245bf -> FETCH_HEAD
2022-11-21T19:30:05.9685596Z Submodule path 'libs/jl-profile': checked out '44fe7c33bc23a8e4cdb3b67674994fe2564245bf'
2022-11-21T19:30:07.0740088Z From https://github.com/JuliaDebug/JuliaInterpreter.jl
2022-11-21T19:30:07.0741093Z  * branch            398721d10be2edf40883a11b98e210ccda5393e3 -> FETCH_HEAD
2022-11-21T19:30:07.1265743Z Submodule path 'scripts/packages-old/JuliaInterpreter': checked out '398721d10be2edf40883a11b98e210ccda5393e3'
2022-11-21T19:30:08.0475114Z From https://github.com/julia-vscode/CSTParser.jl
2022-11-21T19:30:08.0475950Z  * branch            b5cb953e12d8c5c8191e1fcb6aef80ecab7f6a06 -> FETCH_HEAD
2022-11-21T19:30:08.0972383Z Submodule path 'scripts/packages/CSTParser': checked out 'b5cb953e12d8c5c8191e1fcb6aef80ecab7f6a06'
2022-11-21T19:30:09.1403486Z From https://github.com/timholy/CodeTracking.jl
2022-11-21T19:30:09.1404310Z  * branch            426fc0e5af69ca410f3a1b77458db5fc5d68e864 -> FETCH_HEAD
2022-11-21T19:30:09.1831498Z Submodule path 'scripts/packages/CodeTracking': checked out '426fc0e5af69ca410f3a1b77458db5fc5d68e864'
2022-11-21T19:30:09.9762600Z From https://github.com/MichaelHatherly/CommonMark.jl
2022-11-21T19:30:09.9763656Z  * branch            287e39ae128e80a6647d2d9762bf22040adffea1 -> FETCH_HEAD
2022-11-21T19:30:10.0525220Z Submodule path 'scripts/packages/CommonMark': checked out '287e39ae128e80a6647d2d9762bf22040adffea1'
2022-11-21T19:30:11.0555276Z From https://github.com/JuliaLang/Compat.jl
2022-11-21T19:30:11.0556293Z  * branch            3ae185fa45a3091b387b67b6fd8f58f761854238 -> FETCH_HEAD
2022-11-21T19:30:11.1028888Z Submodule path 'scripts/packages/Compat': checked out '3ae185fa45a3091b387b67b6fd8f58f761854238'
2022-11-21T19:30:11.1702255Z Submodule path 'scripts/packages/CoverageTools': checked out '9d8fba371f4c65a7e9ca3bdaae753a52bcb22218'
2022-11-21T19:30:12.1273376Z From https://github.com/KristofferC/Crayons.jl
2022-11-21T19:30:12.6359102Z  * branch            4cf50b8e5e1a250a5b3466937fa0421c78bafdf4 -> FETCH_HEAD
2022-11-21T19:30:12.6359652Z Submodule path 'scripts/packages/Crayons': checked out '4cf50b8e5e1a250a5b3466937fa0421c78bafdf4'
2022-11-21T19:30:12.9818265Z From https://github.com/JuliaCollections/DataStructures.jl
2022-11-21T19:30:12.9819462Z  * branch            d0dd2a012ebd07ff31193b21130109baa50cfe2b -> FETCH_HEAD
2022-11-21T19:30:13.0545911Z Submodule path 'scripts/packages/DataStructures': checked out 'd0dd2a012ebd07ff31193b21130109baa50cfe2b'
2022-11-21T19:30:13.8248987Z From https://github.com/julia-vscode/DebugAdapter.jl
2022-11-21T19:30:13.8249628Z  * branch            b0991c1664d948d9bbb1ab2cac56606511981df5 -> FETCH_HEAD
2022-11-21T19:30:13.8722279Z Submodule path 'scripts/packages/DebugAdapter': checked out 'b0991c1664d948d9bbb1ab2cac56606511981df5'
2022-11-21T19:30:13.9386179Z Submodule path 'scripts/packages/FilePathsBase': checked out '336666220f9ddd7a15a7f059925a359d51c6cead'
2022-11-21T19:30:13.9958754Z Submodule path 'scripts/packages/IJuliaCore': checked out 'c3e48ef9ee9a34d9be6abe1fe9033317638950ba'
2022-11-21T19:30:14.8538059Z From https://github.com/JuliaIO/JSON.jl
2022-11-21T19:30:14.8539006Z  * branch            4b3913d58f04cc5bb2f8d23c6ef82e0fbed20525 -> FETCH_HEAD
2022-11-21T19:30:14.9126183Z Submodule path 'scripts/packages/JSON': checked out '4b3913d58f04cc5bb2f8d23c6ef82e0fbed20525'
2022-11-21T19:30:15.7593200Z From https://github.com/julia-vscode/JSONRPC.jl
2022-11-21T19:30:15.7593808Z  * branch            982acfdb112b7198a025edcf3930c6a6a27913e1 -> FETCH_HEAD
2022-11-21T19:30:15.8025310Z Submodule path 'scripts/packages/JSONRPC': checked out '982acfdb112b7198a025edcf3930c6a6a27913e1'
2022-11-21T19:30:17.0218220Z From https://github.com/domluna/JuliaFormatter.jl
2022-11-21T19:30:17.0219155Z  * branch            6c0f94468eaef63405fbcbb11943314a164262d6 -> FETCH_HEAD
2022-11-21T19:30:17.1052157Z Submodule path 'scripts/packages/JuliaFormatter': checked out '6c0f94468eaef63405fbcbb11943314a164262d6'
2022-11-21T19:30:19.1738017Z From https://github.com/JuliaDebug/JuliaInterpreter.jl
2022-11-21T19:30:19.1739008Z  * branch            a840f1ad085e7606bb3a7cdc705d863f3c49ab92 -> FETCH_HEAD
2022-11-21T19:30:19.2259969Z Submodule path 'scripts/packages/JuliaInterpreter': checked out 'a840f1ad085e7606bb3a7cdc705d863f3c49ab92'
2022-11-21T19:30:20.2148778Z From https://github.com/julia-vscode/LanguageServer.jl
2022-11-21T19:30:20.2149655Z  * branch            fe1ae60fdf795218b82dba4ba35028adab0bd348 -> FETCH_HEAD
2022-11-21T19:30:20.2732898Z Submodule path 'scripts/packages/LanguageServer': checked out 'fe1ae60fdf795218b82dba4ba35028adab0bd348'
2022-11-21T19:30:20.3345045Z Submodule path 'scripts/packages/LoweredCodeUtils': checked out 'b71c05b0d28cb5b3ad0301b816e0a1c4e531ea0d'
2022-11-21T19:30:21.2014915Z From https://github.com/JuliaCollections/OrderedCollections.jl
2022-11-21T19:30:21.2015925Z  * branch            adb9415570faeba7e8c6d800cd743de06104e97e -> FETCH_HEAD
2022-11-21T19:30:21.2460407Z Submodule path 'scripts/packages/OrderedCollections': checked out 'adb9415570faeba7e8c6d800cd743de06104e97e'
2022-11-21T19:30:22.1164149Z From https://github.com/JuliaLang/PackageCompiler.jl
2022-11-21T19:30:22.1165167Z  * branch            78f4d52026c4895fa08c8ee0d61905a6914ea8c3 -> FETCH_HEAD
2022-11-21T19:30:22.1718623Z Submodule path 'scripts/packages/PackageCompiler': checked out '78f4d52026c4895fa08c8ee0d61905a6914ea8c3'
2022-11-21T19:30:23.1577456Z From https://github.com/timholy/Revise.jl
2022-11-21T19:30:23.1578265Z  * branch            ca3b5cffd26325e3a3fd69932f5dc827ff156a3b -> FETCH_HEAD
2022-11-21T19:30:23.2167210Z Submodule path 'scripts/packages/Revise': checked out 'ca3b5cffd26325e3a3fd69932f5dc827ff156a3b'
2022-11-21T19:30:23.9324991Z From https://github.com/julia-vscode/StaticLint.jl
2022-11-21T19:30:23.9325641Z  * branch            6235a532ff6b51a33ef56955286b7d0602912fd6 -> FETCH_HEAD
2022-11-21T19:30:23.9786773Z Submodule path 'scripts/packages/StaticLint': checked out '6235a532ff6b51a33ef56955286b7d0602912fd6'
2022-11-21T19:30:26.0313820Z From https://github.com/julia-vscode/SymbolServer.jl
2022-11-21T19:30:26.0314531Z  * branch            99500d621b17cca5a46232808e8ad388370d2ae8 -> FETCH_HEAD
2022-11-21T19:30:26.0800103Z Submodule path 'scripts/packages/SymbolServer': checked out '99500d621b17cca5a46232808e8ad388370d2ae8'
2022-11-21T19:30:26.9682877Z From https://github.com/davidanthoff/TestEnv.jl
2022-11-21T19:30:26.9683885Z  * branch            14dd0d9a3df31dcd29bb6434dd9b287fe4a2803b -> FETCH_HEAD
2022-11-21T19:30:27.0180918Z Submodule path 'scripts/packages/TestEnv': checked out '14dd0d9a3df31dcd29bb6434dd9b287fe4a2803b'
2022-11-21T19:30:27.7799056Z From https://github.com/julia-vscode/TestItemDetection.jl
2022-11-21T19:30:27.7799710Z  * branch            d9db8c5707c5e7a6e167e0e583eb06261ef5408b -> FETCH_HEAD
2022-11-21T19:30:27.8224102Z Submodule path 'scripts/packages/TestItemDetection': checked out 'd9db8c5707c5e7a6e167e0e583eb06261ef5408b'
2022-11-21T19:30:28.6417211Z From https://github.com/JuliaLang/Tokenize.jl
2022-11-21T19:30:28.6417988Z  * branch            49b112248e846040c13f28e223493f90cc717fa5 -> FETCH_HEAD
2022-11-21T19:30:28.6857745Z Submodule path 'scripts/packages/Tokenize': checked out '49b112248e846040c13f28e223493f90cc717fa5'
2022-11-21T19:30:29.4759603Z From https://github.com/JuliaWeb/URIParser.jl
2022-11-21T19:30:29.4760389Z  * branch            1d3532dfe5330f567a8eb64a37a37b1b8c536628 -> FETCH_HEAD
2022-11-21T19:30:29.5193643Z Submodule path 'scripts/packages/URIParser': checked out '1d3532dfe5330f567a8eb64a37a37b1b8c536628'
2022-11-21T19:30:30.3145715Z From https://github.com/JuliaWeb/URIs.jl
2022-11-21T19:30:30.3146706Z  * branch            0ce3d89b81dadaae52b104353843ef67ceecd176 -> FETCH_HEAD
2022-11-21T19:30:30.3596115Z Submodule path 'scripts/packages/URIs': checked out '0ce3d89b81dadaae52b104353843ef67ceecd176'
2022-11-21T19:30:30.3674562Z [command]"C:\Program Files\Git\bin\git.exe" submodule foreach "git config --local gc.auto 0"
2022-11-21T19:30:30.8098138Z Entering 'libs/jl-profile'
2022-11-21T19:30:30.8787533Z Entering 'scripts/packages-old/JuliaInterpreter'
2022-11-21T19:30:30.9169820Z Entering 'scripts/packages/CSTParser'
2022-11-21T19:30:30.9545857Z Entering 'scripts/packages/CodeTracking'
2022-11-21T19:30:30.9933994Z Entering 'scripts/packages/CommonMark'
2022-11-21T19:30:31.0322219Z Entering 'scripts/packages/Compat'
2022-11-21T19:30:31.0708444Z Entering 'scripts/packages/CoverageTools'
2022-11-21T19:30:31.1087699Z Entering 'scripts/packages/Crayons'
2022-11-21T19:30:31.1469029Z Entering 'scripts/packages/DataStructures'
2022-11-21T19:30:31.1844286Z Entering 'scripts/packages/DebugAdapter'
2022-11-21T19:30:31.2224036Z Entering 'scripts/packages/FilePathsBase'
2022-11-21T19:30:31.2603473Z Entering 'scripts/packages/IJuliaCore'
2022-11-21T19:30:31.2975221Z Entering 'scripts/packages/JSON'
2022-11-21T19:30:31.3350037Z Entering 'scripts/packages/JSONRPC'
2022-11-21T19:30:31.3723781Z Entering 'scripts/packages/JuliaFormatter'
2022-11-21T19:30:31.4094704Z Entering 'scripts/packages/JuliaInterpreter'
2022-11-21T19:30:31.4466311Z Entering 'scripts/packages/LanguageServer'
2022-11-21T19:30:31.4836196Z Entering 'scripts/packages/LoweredCodeUtils'
2022-11-21T19:30:31.5212654Z Entering 'scripts/packages/OrderedCollections'
2022-11-21T19:30:31.5591100Z Entering 'scripts/packages/PackageCompiler'
2022-11-21T19:30:31.5969784Z Entering 'scripts/packages/Revise'
2022-11-21T19:30:31.6368074Z Entering 'scripts/packages/StaticLint'
2022-11-21T19:30:31.6755400Z Entering 'scripts/packages/SymbolServer'
2022-11-21T19:30:31.7139711Z Entering 'scripts/packages/TestEnv'
2022-11-21T19:30:31.7524281Z Entering 'scripts/packages/TestItemDetection'
2022-11-21T19:30:31.7900734Z Entering 'scripts/packages/Tokenize'
2022-11-21T19:30:31.8274869Z Entering 'scripts/packages/URIParser'
2022-11-21T19:30:31.8644083Z Entering 'scripts/packages/URIs'
2022-11-21T19:30:31.9078160Z ##[endgroup]
2022-11-21T19:30:31.9078658Z ##[group]Persisting credentials for submodules
2022-11-21T19:30:31.9108824Z [command]"C:\Program Files\Git\bin\git.exe" submodule foreach --recursive "git config --local --name-only --get-regexp 'url\.https\:\/\/github\.com\/\.insteadOf' && git config --local --unset-all 'url.https://github.com/.insteadOf' || :"
2022-11-21T19:30:32.3455228Z Entering 'libs/jl-profile'
2022-11-21T19:30:32.4052418Z Entering 'scripts/packages-old/JuliaInterpreter'
2022-11-21T19:30:32.4641294Z Entering 'scripts/packages/CSTParser'
2022-11-21T19:30:32.5227414Z Entering 'scripts/packages/CodeTracking'
2022-11-21T19:30:32.5810198Z Entering 'scripts/packages/CommonMark'
2022-11-21T19:30:32.6393154Z Entering 'scripts/packages/Compat'
2022-11-21T19:30:32.6967706Z Entering 'scripts/packages/CoverageTools'
2022-11-21T19:30:32.7547895Z Entering 'scripts/packages/Crayons'
2022-11-21T19:30:32.8128279Z Entering 'scripts/packages/DataStructures'
2022-11-21T19:30:32.8732283Z Entering 'scripts/packages/DebugAdapter'
2022-11-21T19:30:32.9336429Z Entering 'scripts/packages/FilePathsBase'
2022-11-21T19:30:32.9937912Z Entering 'scripts/packages/IJuliaCore'
2022-11-21T19:30:33.0517346Z Entering 'scripts/packages/JSON'
2022-11-21T19:30:33.1100268Z Entering 'scripts/packages/JSONRPC'
2022-11-21T19:30:33.1676553Z Entering 'scripts/packages/JuliaFormatter'
2022-11-21T19:30:33.2260092Z Entering 'scripts/packages/JuliaInterpreter'
2022-11-21T19:30:33.2839339Z Entering 'scripts/packages/LanguageServer'
2022-11-21T19:30:33.3417203Z Entering 'scripts/packages/LoweredCodeUtils'
2022-11-21T19:30:33.3999408Z Entering 'scripts/packages/OrderedCollections'
2022-11-21T19:30:33.4581812Z Entering 'scripts/packages/PackageCompiler'
2022-11-21T19:30:33.5186633Z Entering 'scripts/packages/Revise'
2022-11-21T19:30:33.5785403Z Entering 'scripts/packages/StaticLint'
2022-11-21T19:30:33.6385690Z Entering 'scripts/packages/SymbolServer'
2022-11-21T19:30:33.6971567Z Entering 'scripts/packages/TestEnv'
2022-11-21T19:30:33.7559165Z Entering 'scripts/packages/TestItemDetection'
2022-11-21T19:30:33.8135816Z Entering 'scripts/packages/Tokenize'
2022-11-21T19:30:33.8710484Z Entering 'scripts/packages/URIParser'
2022-11-21T19:30:33.9288244Z Entering 'scripts/packages/URIs'
2022-11-21T19:30:33.9933852Z [command]"C:\Program Files\Git\bin\git.exe" submodule foreach "git config --local 'http.https://github.com/.extraheader' 'AUTHORIZATION: basic ***' && git config --local --show-origin --name-only --get-regexp remote.origin.url"
2022-11-21T19:30:34.4349734Z Entering 'libs/jl-profile'
2022-11-21T19:30:34.4988718Z file:D:/a/julia-vscode-microprint-test/julia-vscode-microprint-test/.git/modules/libs/jl-profile/config	remote.origin.url
2022-11-21T19:30:34.5027013Z Entering 'scripts/packages-old/JuliaInterpreter'
2022-11-21T19:30:34.5671142Z file:D:/a/julia-vscode-microprint-test/julia-vscode-microprint-test/.git/modules/scripts/packages-old/JuliaInterpreter/config	remote.origin.url
2022-11-21T19:30:34.5708656Z Entering 'scripts/packages/CSTParser'
2022-11-21T19:30:34.6347549Z file:D:/a/julia-vscode-microprint-test/julia-vscode-microprint-test/.git/modules/scripts/packages/CSTParser/config	remote.origin.url
2022-11-21T19:30:34.6384826Z Entering 'scripts/packages/CodeTracking'
2022-11-21T19:30:34.7017073Z file:D:/a/julia-vscode-microprint-test/julia-vscode-microprint-test/.git/modules/scripts/packages/CodeTracking/config	remote.origin.url
2022-11-21T19:30:34.7053805Z Entering 'scripts/packages/CommonMark'
2022-11-21T19:30:34.7691507Z file:D:/a/julia-vscode-microprint-test/julia-vscode-microprint-test/.git/modules/scripts/packages/CommonMark/config	remote.origin.url
2022-11-21T19:30:34.7729405Z Entering 'scripts/packages/Compat'
2022-11-21T19:30:34.8367592Z file:D:/a/julia-vscode-microprint-test/julia-vscode-microprint-test/.git/modules/scripts/packages/Compat/config	remote.origin.url
2022-11-21T19:30:34.8404866Z Entering 'scripts/packages/CoverageTools'
2022-11-21T19:30:34.9053746Z file:D:/a/julia-vscode-microprint-test/julia-vscode-microprint-test/.git/modules/scripts/packages/CoverageTools/config	remote.origin.url
2022-11-21T19:30:34.9092655Z Entering 'scripts/packages/Crayons'
2022-11-21T19:30:35.8518190Z file:D:/a/julia-vscode-microprint-test/julia-vscode-microprint-test/.git/modules/scripts/packages/Crayons/config	remote.origin.url
2022-11-21T19:30:35.8518913Z Entering 'scripts/packages/DataStructures'
2022-11-21T19:30:35.8519476Z file:D:/a/julia-vscode-microprint-test/julia-vscode-microprint-test/.git/modules/scripts/packages/DataStructures/config	remote.origin.url
2022-11-21T19:30:35.8519955Z Entering 'scripts/packages/DebugAdapter'
2022-11-21T19:30:35.8520467Z file:D:/a/julia-vscode-microprint-test/julia-vscode-microprint-test/.git/modules/scripts/packages/DebugAdapter/config	remote.origin.url
2022-11-21T19:30:35.8520934Z Entering 'scripts/packages/FilePathsBase'
2022-11-21T19:30:35.8521461Z file:D:/a/julia-vscode-microprint-test/julia-vscode-microprint-test/.git/modules/scripts/packages/FilePathsBase/config	remote.origin.url
2022-11-21T19:30:35.8521908Z Entering 'scripts/packages/IJuliaCore'
2022-11-21T19:30:35.8522397Z file:D:/a/julia-vscode-microprint-test/julia-vscode-microprint-test/.git/modules/scripts/packages/IJuliaCore/config	remote.origin.url
2022-11-21T19:30:35.8523309Z Entering 'scripts/packages/JSON'
2022-11-21T19:30:35.8524090Z file:D:/a/julia-vscode-microprint-test/julia-vscode-microprint-test/.git/modules/scripts/packages/JSON/config	remote.origin.url
2022-11-21T19:30:35.8524590Z Entering 'scripts/packages/JSONRPC'
2022-11-21T19:30:35.8525111Z file:D:/a/julia-vscode-microprint-test/julia-vscode-microprint-test/.git/modules/scripts/packages/JSONRPC/config	remote.origin.url
2022-11-21T19:30:35.8525893Z Entering 'scripts/packages/JuliaFormatter'
2022-11-21T19:30:35.8526462Z file:D:/a/julia-vscode-microprint-test/julia-vscode-microprint-test/.git/modules/scripts/packages/JuliaFormatter/config	remote.origin.url
2022-11-21T19:30:35.8526934Z Entering 'scripts/packages/JuliaInterpreter'
2022-11-21T19:30:35.8527476Z file:D:/a/julia-vscode-microprint-test/julia-vscode-microprint-test/.git/modules/scripts/packages/JuliaInterpreter/config	remote.origin.url
2022-11-21T19:30:35.8527942Z Entering 'scripts/packages/LanguageServer'
2022-11-21T19:30:35.8528601Z file:D:/a/julia-vscode-microprint-test/julia-vscode-microprint-test/.git/modules/scripts/packages/LanguageServer/config	remote.origin.url
2022-11-21T19:30:35.8529081Z Entering 'scripts/packages/LoweredCodeUtils'
2022-11-21T19:30:35.8529609Z file:D:/a/julia-vscode-microprint-test/julia-vscode-microprint-test/.git/modules/scripts/packages/LoweredCodeUtils/config	remote.origin.url
2022-11-21T19:30:35.8530081Z Entering 'scripts/packages/OrderedCollections'
2022-11-21T19:30:35.8530604Z file:D:/a/julia-vscode-microprint-test/julia-vscode-microprint-test/.git/modules/scripts/packages/OrderedCollections/config	remote.origin.url
2022-11-21T19:30:35.8531085Z Entering 'scripts/packages/PackageCompiler'
2022-11-21T19:30:35.8531622Z file:D:/a/julia-vscode-microprint-test/julia-vscode-microprint-test/.git/modules/scripts/packages/PackageCompiler/config	remote.origin.url
2022-11-21T19:30:35.8532060Z Entering 'scripts/packages/Revise'
2022-11-21T19:30:36.3674137Z file:D:/a/julia-vscode-microprint-test/julia-vscode-microprint-test/.git/modules/scripts/packages/Revise/config	remote.origin.url
2022-11-21T19:30:36.3674689Z Entering 'scripts/packages/StaticLint'
2022-11-21T19:30:36.3675575Z file:D:/a/julia-vscode-microprint-test/julia-vscode-microprint-test/.git/modules/scripts/packages/StaticLint/config	remote.origin.url
2022-11-21T19:30:36.3676115Z Entering 'scripts/packages/SymbolServer'
2022-11-21T19:30:36.3676703Z file:D:/a/julia-vscode-microprint-test/julia-vscode-microprint-test/.git/modules/scripts/packages/SymbolServer/config	remote.origin.url
2022-11-21T19:30:36.3677827Z Entering 'scripts/packages/TestEnv'
2022-11-21T19:30:36.3678607Z file:D:/a/julia-vscode-microprint-test/julia-vscode-microprint-test/.git/modules/scripts/packages/TestEnv/config	remote.origin.url
2022-11-21T19:30:36.3679155Z Entering 'scripts/packages/TestItemDetection'
2022-11-21T19:30:36.3680575Z file:D:/a/julia-vscode-microprint-test/julia-vscode-microprint-test/.git/modules/scripts/packages/TestItemDetection/config	remote.origin.url
2022-11-21T19:30:36.3681327Z Entering 'scripts/packages/Tokenize'
2022-11-21T19:30:36.3682006Z file:D:/a/julia-vscode-microprint-test/julia-vscode-microprint-test/.git/modules/scripts/packages/Tokenize/config	remote.origin.url
2022-11-21T19:30:36.3682458Z Entering 'scripts/packages/URIParser'
2022-11-21T19:30:36.3682964Z file:D:/a/julia-vscode-microprint-test/julia-vscode-microprint-test/.git/modules/scripts/packages/URIParser/config	remote.origin.url
2022-11-21T19:30:36.3683404Z Entering 'scripts/packages/URIs'
2022-11-21T19:30:36.4069141Z file:D:/a/julia-vscode-microprint-test/julia-vscode-microprint-test/.git/modules/scripts/packages/URIs/config	remote.origin.url
2022-11-21T19:30:36.4328054Z [command]"C:\Program Files\Git\bin\git.exe" submodule foreach "git config --local --add 'url.https://github.com/.insteadOf' 'git@github.com:'"
2022-11-21T19:30:36.8720582Z Entering 'libs/jl-profile'
2022-11-21T19:30:36.9104305Z Entering 'scripts/packages-old/JuliaInterpreter'
2022-11-21T19:30:36.9485083Z Entering 'scripts/packages/CSTParser'
2022-11-21T19:30:36.9858046Z Entering 'scripts/packages/CodeTracking'
2022-11-21T19:30:37.0231172Z Entering 'scripts/packages/CommonMark'
2022-11-21T19:30:37.0599240Z Entering 'scripts/packages/Compat'
2022-11-21T19:30:37.0982394Z Entering 'scripts/packages/CoverageTools'
2022-11-21T19:30:37.1354986Z Entering 'scripts/packages/Crayons'
2022-11-21T19:30:37.1733261Z Entering 'scripts/packages/DataStructures'
2022-11-21T19:30:37.2108019Z Entering 'scripts/packages/DebugAdapter'
2022-11-21T19:30:37.2484643Z Entering 'scripts/packages/FilePathsBase'
2022-11-21T19:30:37.2862160Z Entering 'scripts/packages/IJuliaCore'
2022-11-21T19:30:37.3239482Z Entering 'scripts/packages/JSON'
2022-11-21T19:30:37.3615153Z Entering 'scripts/packages/JSONRPC'
2022-11-21T19:30:37.3990369Z Entering 'scripts/packages/JuliaFormatter'
2022-11-21T19:30:37.4364766Z Entering 'scripts/packages/JuliaInterpreter'
2022-11-21T19:30:37.4743134Z Entering 'scripts/packages/LanguageServer'
2022-11-21T19:30:37.5123783Z Entering 'scripts/packages/LoweredCodeUtils'
2022-11-21T19:30:37.5507273Z Entering 'scripts/packages/OrderedCollections'
2022-11-21T19:30:37.5885182Z Entering 'scripts/packages/PackageCompiler'
2022-11-21T19:30:37.6261222Z Entering 'scripts/packages/Revise'
2022-11-21T19:30:37.6636223Z Entering 'scripts/packages/StaticLint'
2022-11-21T19:30:37.7008626Z Entering 'scripts/packages/SymbolServer'
2022-11-21T19:30:37.7379404Z Entering 'scripts/packages/TestEnv'
2022-11-21T19:30:37.7746993Z Entering 'scripts/packages/TestItemDetection'
2022-11-21T19:30:37.8116484Z Entering 'scripts/packages/Tokenize'
2022-11-21T19:30:37.8486163Z Entering 'scripts/packages/URIParser'
2022-11-21T19:30:37.8861541Z Entering 'scripts/packages/URIs'
2022-11-21T19:30:37.9309612Z [command]"C:\Program Files\Git\bin\git.exe" submodule foreach "git config --local --add 'url.https://github.com/.insteadOf' 'org-30818940@github.com:'"
2022-11-21T19:30:38.3753614Z Entering 'libs/jl-profile'
2022-11-21T19:30:38.4127548Z Entering 'scripts/packages-old/JuliaInterpreter'
2022-11-21T19:30:38.4505957Z Entering 'scripts/packages/CSTParser'
2022-11-21T19:30:38.4892597Z Entering 'scripts/packages/CodeTracking'
2022-11-21T19:30:38.5272739Z Entering 'scripts/packages/CommonMark'
2022-11-21T19:30:38.5655717Z Entering 'scripts/packages/Compat'
2022-11-21T19:30:38.6033058Z Entering 'scripts/packages/CoverageTools'
2022-11-21T19:30:38.6413048Z Entering 'scripts/packages/Crayons'
2022-11-21T19:30:38.6783431Z Entering 'scripts/packages/DataStructures'
2022-11-21T19:30:38.7168810Z Entering 'scripts/packages/DebugAdapter'
2022-11-21T19:30:38.7561035Z Entering 'scripts/packages/FilePathsBase'
2022-11-21T19:30:38.7946845Z Entering 'scripts/packages/IJuliaCore'
2022-11-21T19:30:38.8326295Z Entering 'scripts/packages/JSON'
2022-11-21T19:30:38.8699570Z Entering 'scripts/packages/JSONRPC'
2022-11-21T19:30:38.9073917Z Entering 'scripts/packages/JuliaFormatter'
2022-11-21T19:30:38.9450315Z Entering 'scripts/packages/JuliaInterpreter'
2022-11-21T19:30:38.9821910Z Entering 'scripts/packages/LanguageServer'
2022-11-21T19:30:39.0199079Z Entering 'scripts/packages/LoweredCodeUtils'
2022-11-21T19:30:39.0575226Z Entering 'scripts/packages/OrderedCollections'
2022-11-21T19:30:39.0951448Z Entering 'scripts/packages/PackageCompiler'
2022-11-21T19:30:39.1325869Z Entering 'scripts/packages/Revise'
2022-11-21T19:30:39.1695247Z Entering 'scripts/packages/StaticLint'
2022-11-21T19:30:39.2068127Z Entering 'scripts/packages/SymbolServer'
2022-11-21T19:30:39.2441933Z Entering 'scripts/packages/TestEnv'
2022-11-21T19:30:39.2809833Z Entering 'scripts/packages/TestItemDetection'
2022-11-21T19:30:39.3185000Z Entering 'scripts/packages/Tokenize'
2022-11-21T19:30:39.3560665Z Entering 'scripts/packages/URIParser'
2022-11-21T19:30:39.3938296Z Entering 'scripts/packages/URIs'
2022-11-21T19:30:39.4388906Z ##[endgroup]
2022-11-21T19:30:39.4657943Z [command]"C:\Program Files\Git\bin\git.exe" log -1 --format='%H'
2022-11-21T19:30:39.4871081Z '60ccabb18abdf4f5b1afd718ce4e98a07a0a6a10'
2022-11-21T19:30:39.5388039Z ##[group]Run julia-actions/setup-julia@v1
2022-11-21T19:30:39.5388332Z with:
2022-11-21T19:30:39.5388495Z   version: 1.8
2022-11-21T19:30:39.5388676Z   arch: X64
2022-11-21T19:30:39.5388868Z   show-versioninfo: false
2022-11-21T19:30:39.5389041Z env:
2022-11-21T19:30:39.5389218Z   NODE_VERSION: 16
2022-11-21T19:30:39.5389401Z ##[endgroup]
2022-11-21T19:30:43.9982637Z [command]powershell -Command "Start-Process -FilePath D:\a\_temp\56c07b14-b2f4-4f95-8342-2ad51350932f -ArgumentList \"/SILENT /dir=D:\a\julia-vscode-microprint-test\julia-vscode-microprint-test\julia-x64-1.8.3-RO4O0C\" -NoNewWindow -Wait"
2022-11-21T19:31:05.7895234Z (node:3636) [DEP0147] DeprecationWarning: In future versions of Node.js, fs.rmdir(path, { recursive: true }) will be removed. Use fs.rm(path, { recursive: true }) instead
2022-11-21T19:31:05.7896123Z (Use `node --trace-deprecation ...` to show where the warning was created)
2022-11-21T19:31:06.5279960Z [command]julia --version
2022-11-21T19:31:06.8343416Z julia version 1.8.3
2022-11-21T19:31:06.8718928Z ##[group]Run julia -e 'using InteractiveUtils; versioninfo()'
2022-11-21T19:31:06.8719415Z [36;1mjulia -e 'using InteractiveUtils; versioninfo()'[0m
2022-11-21T19:31:06.8719840Z [36;1mjulia --project=./scripts/environments/languageserver/v1.8 -e 'using Pkg; Pkg.resolve()'[0m
2022-11-21T19:31:06.8720295Z [36;1mjulia --project=./scripts/environments/languageserver/v1.8 -e 'using Pkg; Pkg.test("CSTParser", coverage=true)'[0m
2022-11-21T19:31:06.8720745Z [36;1mjulia --project=./scripts/environments/languageserver/v1.8 -e 'using Pkg; Pkg.test("JSONRPC", coverage=true)'[0m
2022-11-21T19:31:06.8721211Z [36;1mjulia --project=./scripts/environments/languageserver/v1.8 -e 'using Pkg; Pkg.test("LanguageServer", coverage=true)'[0m
2022-11-21T19:31:06.8721684Z [36;1mjulia --project=./scripts/environments/languageserver/v1.8 -e 'using Pkg; Pkg.test("StaticLint", coverage=true)'[0m
2022-11-21T19:31:06.8722184Z [36;1mjulia --project=./scripts/environments/languageserver/v1.8 -e 'using Pkg; Pkg.test("SymbolServer", coverage=true)'[0m
2022-11-21T19:31:06.8722643Z [36;1mjulia --project=./scripts/testenvironments/debugadapter/v1.8 -e 'using Pkg; Pkg.test("DebugAdapter", coverage=true)'[0m
2022-11-21T19:31:06.8723293Z [36;1mjulia --project=./scripts/testenvironments/vscodedebugger/v1.8 -e 'using Pkg; Pkg.test("VSCodeDebugger", coverage=true)'[0m
2022-11-21T19:31:06.8723759Z [36;1mjulia --project=./scripts/testenvironments/vscodeserver/v1.8 -e 'using Pkg; Pkg.test("VSCodeServer", coverage=true)'[0m
2022-11-21T19:31:06.8741857Z shell: C:\Program Files\Git\bin\bash.EXE --noprofile --norc -e -o pipefail {0}
2022-11-21T19:31:06.8742137Z env:
2022-11-21T19:31:06.8742317Z   NODE_VERSION: 16
2022-11-21T19:31:06.8742500Z ##[endgroup]
2022-11-21T19:31:09.5094260Z Julia Version 1.8.3
2022-11-21T19:31:09.5095458Z Commit 0434deb161 (2022-11-14 20:14 UTC)
2022-11-21T19:31:09.5095697Z Platform Info:
2022-11-21T19:31:09.5097241Z   OS: Windows (x86_64-w64-mingw32)
2022-11-21T19:31:09.5244640Z   CPU: 2  Intel(R) Xeon(R) Platinum 8370C CPU @ 2.80GHz
2022-11-21T19:31:09.5245046Z   WORD_SIZE: 64
2022-11-21T19:31:09.5245230Z   LIBM: libopenlibm
2022-11-21T19:31:09.5359910Z   LLVM: libLLVM-13.0.1 (ORCJIT, icelake-server)
2022-11-21T19:31:09.5360728Z   Threads: 1 on 2 virtual cores
2022-11-21T19:31:11.2141870Z   No Changes to `D:\a\julia-vscode-microprint-test\julia-vscode-microprint-test\scripts\environments\languageserver\v1.8\Project.toml`
2022-11-21T19:31:11.2407942Z   No Changes to `D:\a\julia-vscode-microprint-test\julia-vscode-microprint-test\scripts\environments\languageserver\v1.8\Manifest.toml`
2022-11-21T19:31:12.3999317Z   Installing known registries into `C:\Users\runneradmin\.julia`
2022-11-21T19:31:13.8012799Z      Testing CSTParser
2022-11-21T19:31:15.2955704Z       Status `C:\Users\runneradmin\AppData\Local\Temp\jl_yYMEDV\Project.toml`
2022-11-21T19:31:15.3124681Z   [00ebfdb7] CSTParser v3.3.7-DEV `D:\a\julia-vscode-microprint-test\julia-vscode-microprint-test\scripts\packages\CSTParser`
2022-11-21T19:31:15.3128555Z   [0796e94c] Tokenize v0.5.24 `D:\a\julia-vscode-microprint-test\julia-vscode-microprint-test\scripts\packages\Tokenize`
2022-11-21T19:31:15.3129303Z   [8dfed614] Test `@stdlib/Test`
2022-11-21T19:31:15.3288475Z       Status `C:\Users\runneradmin\AppData\Local\Temp\jl_yYMEDV\Manifest.toml`
2022-11-21T19:31:15.3328752Z   [00ebfdb7] CSTParser v3.3.7-DEV `D:\a\julia-vscode-microprint-test\julia-vscode-microprint-test\scripts\packages\CSTParser`
2022-11-21T19:31:15.3329593Z   [0796e94c] Tokenize v0.5.24 `D:\a\julia-vscode-microprint-test\julia-vscode-microprint-test\scripts\packages\Tokenize`
2022-11-21T19:31:15.3330569Z   [2a0f44e3] Base64 `@stdlib/Base64`
2022-11-21T19:31:15.3332010Z   [b77e0a4c] InteractiveUtils `@stdlib/InteractiveUtils`
2022-11-21T19:31:15.3332924Z   [56ddb016] Logging `@stdlib/Logging`
2022-11-21T19:31:15.3334365Z   [d6f4376e] Markdown `@stdlib/Markdown`
2022-11-21T19:31:15.3335311Z   [9a3f8284] Random `@stdlib/Random`
2022-11-21T19:31:15.3337917Z   [ea8e919c] SHA v0.7.0 `@stdlib/SHA`
2022-11-21T19:31:15.3338201Z   [9e88b42a] Serialization `@stdlib/Serialization`
2022-11-21T19:31:15.3339285Z   [8dfed614] Test `@stdlib/Test`
2022-11-21T19:31:15.8317760Z Precompiling project...
2022-11-21T19:31:17.6763857Z [32m   [39mTokenize
2022-11-21T19:31:20.6842032Z [32m   [39mCSTParser
2022-11-21T19:31:20.7005598Z   2 dependencies successfully precompiled in 5 seconds
2022-11-21T19:31:20.7006852Z      Testing Running tests...
2022-11-21T19:32:16.4533751Z [ Info: checking check_err_parse against ..\docs\make.jl
2022-11-21T19:32:16.6365709Z [ Info: checking check_err_parse against ..\src\CSTParser.jl
2022-11-21T19:32:17.9396156Z [ Info: checking check_err_parse against ..\src\conversion.jl
2022-11-21T19:32:19.2862531Z [ Info: checking check_err_parse against ..\src\display.jl
2022-11-21T19:32:19.3225569Z [ Info: checking check_err_parse against ..\src\interface.jl
2022-11-21T19:32:20.7026702Z [ Info: checking check_err_parse against ..\src\iterate.jl
2022-11-21T19:32:27.6257027Z [ Info: checking check_err_parse against ..\src\lexer.jl
2022-11-21T19:32:28.2595452Z [ Info: checking check_err_parse against ..\src\precompile.jl
2022-11-21T19:32:28.7091829Z [ Info: checking check_err_parse against ..\src\recovery.jl
2022-11-21T19:32:28.7462302Z [ Info: checking check_err_parse against ..\src\spec.jl
2022-11-21T19:32:30.6011580Z [ Info: checking check_err_parse against ..\src\utils.jl
2022-11-21T19:32:35.1662302Z [ Info: checking check_err_parse against ..\src\components\internals.jl
2022-11-21T19:32:37.7345626Z [ Info: checking check_err_parse against ..\src\components\keywords.jl
2022-11-21T19:32:40.2093304Z [ Info: checking check_err_parse against ..\src\components\lists.jl
2022-11-21T19:32:41.6467994Z [ Info: checking check_err_parse against ..\src\components\operators.jl
2022-11-21T19:32:53.5740656Z [ Info: checking check_err_parse against ..\src\components\strings.jl
2022-11-21T19:32:55.6915808Z [ Info: checking check_err_parse against ..\test\check_base.jl
2022-11-21T19:32:55.8820129Z [ Info: checking check_err_parse against ..\test\display.jl
2022-11-21T19:32:55.8829600Z [ Info: checking check_err_parse against ..\test\errparse.jl
2022-11-21T19:32:56.1039610Z [ Info: checking check_err_parse against ..\test\interface.jl
2022-11-21T19:32:56.3202349Z [ Info: checking check_err_parse against ..\test\iterate.jl
2022-11-21T19:33:04.9881795Z [ Info: checking check_err_parse against ..\test\parser.jl
2022-11-21T19:33:26.4974986Z [ Info: checking check_err_parse against ..\test\runtests.jl
2022-11-21T19:33:26.4993587Z [ Info: checking check_err_parse against ..\test\spec.jl
2022-11-21T19:33:27.6642942Z [ Info: checking check_reparse against ..\docs\make.jl
2022-11-21T19:33:27.7799387Z [ Info: checking check_reparse against ..\src\CSTParser.jl
2022-11-21T19:33:27.8054041Z [ Info: checking check_reparse against ..\src\conversion.jl
2022-11-21T19:33:27.8243019Z [ Info: checking check_reparse against ..\src\display.jl
2022-11-21T19:33:27.8263849Z [ Info: checking check_reparse against ..\src\interface.jl
2022-11-21T19:33:27.8662427Z [ Info: checking check_reparse against ..\src\iterate.jl
2022-11-21T19:33:27.8882857Z [ Info: checking check_reparse against ..\src\lexer.jl
2022-11-21T19:33:27.9131901Z [ Info: checking check_reparse against ..\src\precompile.jl
2022-11-21T19:33:27.9191655Z [ Info: checking check_reparse against ..\src\recovery.jl
2022-11-21T19:33:27.9211170Z [ Info: checking check_reparse against ..\src\spec.jl
2022-11-21T19:33:27.9429485Z [ Info: checking check_reparse against ..\src\utils.jl
2022-11-21T19:33:27.9989180Z [ Info: checking check_reparse against ..\src\components\internals.jl
2022-11-21T19:33:28.0156024Z [ Info: checking check_reparse against ..\src\components\keywords.jl
2022-11-21T19:33:28.0422349Z [ Info: checking check_reparse against ..\src\components\lists.jl
2022-11-21T19:33:28.0640068Z [ Info: checking check_reparse against ..\src\components\operators.jl
2022-11-21T19:33:28.1285843Z [ Info: checking check_reparse against ..\src\components\strings.jl
2022-11-21T19:33:28.1510730Z [ Info: checking check_reparse against ..\test\check_base.jl
2022-11-21T19:33:28.1559892Z [ Info: checking check_reparse against ..\test\display.jl
2022-11-21T19:33:28.1565334Z [ Info: checking check_reparse against ..\test\errparse.jl
2022-11-21T19:33:28.1645334Z [ Info: checking check_reparse against ..\test\interface.jl
2022-11-21T19:33:28.1690962Z [ Info: checking check_reparse against ..\test\iterate.jl
2022-11-21T19:33:28.2489878Z [ Info: checking check_reparse against ..\test\parser.jl
2022-11-21T19:33:28.2975518Z [ Info: checking check_reparse against ..\test\runtests.jl
2022-11-21T19:33:28.2981475Z [ Info: checking check_reparse against ..\test\spec.jl
2022-11-21T19:33:28.3767674Z Test Summary: |  Pass  Broken  Total     Time
2022-11-21T19:33:28.3967737Z CSTParser     | 87024       2  87026  2m06.8s
2022-11-21T19:33:28.4652164Z      Testing CSTParser tests passed 
2022-11-21T19:33:30.5457988Z      Testing JSONRPC
2022-11-21T19:33:32.0240898Z       Status `C:\Users\runneradmin\AppData\Local\Temp\jl_IzwgNy\Project.toml`
2022-11-21T19:33:32.0408755Z   [682c06a0] JSON v0.20.1 `D:\a\julia-vscode-microprint-test\julia-vscode-microprint-test\scripts\packages\JSON`
2022-11-21T19:33:32.0409535Z   [b9b8584e] JSONRPC v1.3.5-DEV `D:\a\julia-vscode-microprint-test\julia-vscode-microprint-test\scripts\packages\JSONRPC`
2022-11-21T19:33:32.0410423Z   [6462fe0b] Sockets `@stdlib/Sockets`
2022-11-21T19:33:32.0411573Z   [8dfed614] Test `@stdlib/Test`
2022-11-21T19:33:32.0412854Z   [cf7118a7] UUIDs `@stdlib/UUIDs`
2022-11-21T19:33:32.0574907Z       Status `C:\Users\runneradmin\AppData\Local\Temp\jl_IzwgNy\Manifest.toml`
2022-11-21T19:33:32.0636983Z   [682c06a0] JSON v0.20.1 `D:\a\julia-vscode-microprint-test\julia-vscode-microprint-test\scripts\packages\JSON`
2022-11-21T19:33:32.0637834Z   [b9b8584e] JSONRPC v1.3.5-DEV `D:\a\julia-vscode-microprint-test\julia-vscode-microprint-test\scripts\packages\JSONRPC`
2022-11-21T19:33:32.0638905Z   [2a0f44e3] Base64 `@stdlib/Base64`
2022-11-21T19:33:32.0640704Z   [ade2ca70] Dates `@stdlib/Dates`
2022-11-21T19:33:32.0641557Z   [b77e0a4c] InteractiveUtils `@stdlib/InteractiveUtils`
2022-11-21T19:33:32.0642830Z   [56ddb016] Logging `@stdlib/Logging`
2022-11-21T19:33:32.0643957Z   [d6f4376e] Markdown `@stdlib/Markdown`
2022-11-21T19:33:32.0645483Z   [a63ad114] Mmap `@stdlib/Mmap`
2022-11-21T19:33:32.0646621Z   [de0858da] Printf `@stdlib/Printf`
2022-11-21T19:33:32.0647824Z   [9a3f8284] Random `@stdlib/Random`
2022-11-21T19:33:32.0649203Z   [ea8e919c] SHA v0.7.0 `@stdlib/SHA`
2022-11-21T19:33:32.0650249Z   [9e88b42a] Serialization `@stdlib/Serialization`
2022-11-21T19:33:32.0651414Z   [6462fe0b] Sockets `@stdlib/Sockets`
2022-11-21T19:33:32.0652659Z   [8dfed614] Test `@stdlib/Test`
2022-11-21T19:33:32.0653646Z   [cf7118a7] UUIDs `@stdlib/UUIDs`
2022-11-21T19:33:32.0654828Z   [4ec0a83e] Unicode `@stdlib/Unicode`
2022-11-21T19:33:32.7432995Z Precompiling project...
2022-11-21T19:33:33.7433602Z [32m   [39mJSON
2022-11-21T19:33:33.9068190Z [32m   [39mJSONRPC
2022-11-21T19:33:33.9217724Z   2 dependencies successfully precompiled in 2 seconds
2022-11-21T19:33:33.9218733Z      Testing Running tests...
2022-11-21T19:33:38.7921850Z Test Summary: | Pass  Total  Time
2022-11-21T19:33:38.7922535Z JSONRPC       |   39     39  3.2s
2022-11-21T19:33:38.7951734Z      Testing JSONRPC tests passed 
2022-11-21T19:33:40.3328150Z      Testing LanguageServer
2022-11-21T19:33:42.5082666Z       Status `C:\Users\runneradmin\AppData\Local\Temp\jl_4FhCEO\Project.toml`
2022-11-21T19:33:42.5344006Z   [00ebfdb7] CSTParser v3.3.7-DEV `D:\a\julia-vscode-microprint-test\julia-vscode-microprint-test\scripts\packages\CSTParser`
2022-11-21T19:33:42.5344739Z   [682c06a0] JSON v0.20.1 `D:\a\julia-vscode-microprint-test\julia-vscode-microprint-test\scripts\packages\JSON`
2022-11-21T19:33:42.5346257Z   [b9b8584e] JSONRPC v1.3.5-DEV `D:\a\julia-vscode-microprint-test\julia-vscode-microprint-test\scripts\packages\JSONRPC`
2022-11-21T19:33:42.5347362Z   [98e50ef6] JuliaFormatter v1.0.10 `D:\a\julia-vscode-microprint-test\julia-vscode-microprint-test\scripts\packages\JuliaFormatter`
2022-11-21T19:33:42.5348672Z   [2b0e0bc5] LanguageServer v4.3.2-DEV `D:\a\julia-vscode-microprint-test\julia-vscode-microprint-test\scripts\packages\LanguageServer`
2022-11-21T19:33:42.5349807Z   [b3cc710f] StaticLint v8.1.1-DEV `D:\a\julia-vscode-microprint-test\julia-vscode-microprint-test\scripts\packages\StaticLint`
2022-11-21T19:33:42.5351020Z   [cf896787] SymbolServer v7.2.2-DEV `D:\a\julia-vscode-microprint-test\julia-vscode-microprint-test\scripts\packages\SymbolServer`
2022-11-21T19:33:42.5352223Z   [76b0de8b] TestItemDetection v0.1.2-DEV `D:\a\julia-vscode-microprint-test\julia-vscode-microprint-test\scripts\packages\TestItemDetection`
2022-11-21T19:33:42.5353012Z   [f8b46487] TestItemRunner v0.2.1
2022-11-21T19:33:42.5355086Z   [0796e94c] Tokenize v0.5.24 `D:\a\julia-vscode-microprint-test\julia-vscode-microprint-test\scripts\packages\Tokenize`
2022-11-21T19:33:42.5356155Z   [5c2747f8] URIs v1.4.0 `D:\a\julia-vscode-microprint-test\julia-vscode-microprint-test\scripts\packages\URIs`
2022-11-21T19:33:42.5357034Z   [76f85450] LibGit2 `@stdlib/LibGit2`
2022-11-21T19:33:42.5358211Z   [d6f4376e] Markdown `@stdlib/Markdown`
2022-11-21T19:33:42.5359626Z   [44cfe95a] Pkg v1.8.0 `@stdlib/Pkg`
2022-11-21T19:33:42.5360651Z   [3fa0cd96] REPL `@stdlib/REPL`
2022-11-21T19:33:42.5361836Z   [ea8e919c] SHA v0.7.0 `@stdlib/SHA`
2022-11-21T19:33:42.5363234Z   [9e88b42a] Serialization `@stdlib/Serialization`
2022-11-21T19:33:42.5364222Z   [6462fe0b] Sockets `@stdlib/Sockets`
2022-11-21T19:33:42.5365591Z   [8dfed614] Test `@stdlib/Test`
2022-11-21T19:33:42.5366680Z   [cf7118a7] UUIDs `@stdlib/UUIDs`
2022-11-21T19:33:42.5540740Z       Status `C:\Users\runneradmin\AppData\Local\Temp\jl_4FhCEO\Manifest.toml`
2022-11-21T19:33:42.5777067Z   [00ebfdb7] CSTParser v3.3.7-DEV `D:\a\julia-vscode-microprint-test\julia-vscode-microprint-test\scripts\packages\CSTParser`
2022-11-21T19:33:42.5778053Z   [a80b9123] CommonMark v0.8.6 `D:\a\julia-vscode-microprint-test\julia-vscode-microprint-test\scripts\packages\CommonMark`
2022-11-21T19:33:42.5778791Z   [34da2185] Compat v3.43.0 `D:\a\julia-vscode-microprint-test\julia-vscode-microprint-test\scripts\packages\Compat`
2022-11-21T19:33:42.5780232Z   [a8cc5b0e] Crayons v4.0.4 `D:\a\julia-vscode-microprint-test\julia-vscode-microprint-test\scripts\packages\Crayons`
2022-11-21T19:33:42.5781758Z   [864edb3b] DataStructures v0.18.13 `D:\a\julia-vscode-microprint-test\julia-vscode-microprint-test\scripts\packages\DataStructures`
2022-11-21T19:33:42.5782916Z   [682c06a0] JSON v0.20.1 `D:\a\julia-vscode-microprint-test\julia-vscode-microprint-test\scripts\packages\JSON`
2022-11-21T19:33:42.5784071Z   [b9b8584e] JSONRPC v1.3.5-DEV `D:\a\julia-vscode-microprint-test\julia-vscode-microprint-test\scripts\packages\JSONRPC`
2022-11-21T19:33:42.5785275Z   [98e50ef6] JuliaFormatter v1.0.10 `D:\a\julia-vscode-microprint-test\julia-vscode-microprint-test\scripts\packages\JuliaFormatter`
2022-11-21T19:33:42.5786455Z   [2b0e0bc5] LanguageServer v4.3.2-DEV `D:\a\julia-vscode-microprint-test\julia-vscode-microprint-test\scripts\packages\LanguageServer`
2022-11-21T19:33:42.5787646Z   [bac558e1] OrderedCollections v1.4.1 `D:\a\julia-vscode-microprint-test\julia-vscode-microprint-test\scripts\packages\OrderedCollections`
2022-11-21T19:33:42.5788827Z   [b3cc710f] StaticLint v8.1.1-DEV `D:\a\julia-vscode-microprint-test\julia-vscode-microprint-test\scripts\packages\StaticLint`
2022-11-21T19:33:42.5790019Z   [cf896787] SymbolServer v7.2.2-DEV `D:\a\julia-vscode-microprint-test\julia-vscode-microprint-test\scripts\packages\SymbolServer`
2022-11-21T19:33:42.5791264Z   [76b0de8b] TestItemDetection v0.1.2-DEV `D:\a\julia-vscode-microprint-test\julia-vscode-microprint-test\scripts\packages\TestItemDetection`
2022-11-21T19:33:42.5791939Z   [f8b46487] TestItemRunner v0.2.1
2022-11-21T19:33:42.5793098Z   [1c621080] TestItems v0.1.0
2022-11-21T19:33:42.5794520Z   [0796e94c] Tokenize v0.5.24 `D:\a\julia-vscode-microprint-test\julia-vscode-microprint-test\scripts\packages\Tokenize`
2022-11-21T19:33:42.5795675Z   [5c2747f8] URIs v1.4.0 `D:\a\julia-vscode-microprint-test\julia-vscode-microprint-test\scripts\packages\URIs`
2022-11-21T19:33:42.5796667Z   [0dad84c5] ArgTools v1.1.1 `@stdlib/ArgTools`
2022-11-21T19:33:42.5798226Z   [56f22d72] Artifacts `@stdlib/Artifacts`
2022-11-21T19:33:42.5799235Z   [2a0f44e3] Base64 `@stdlib/Base64`
2022-11-21T19:33:42.5800587Z   [ade2ca70] Dates `@stdlib/Dates`
2022-11-21T19:33:42.5801739Z   [8bb1440f] DelimitedFiles `@stdlib/DelimitedFiles`
2022-11-21T19:33:42.5802861Z   [8ba89e20] Distributed `@stdlib/Distributed`
2022-11-21T19:33:42.5804279Z   [f43a241f] Downloads v1.6.0 `@stdlib/Downloads`
2022-11-21T19:33:42.5805355Z   [7b1f6079] FileWatching `@stdlib/FileWatching`
2022-11-21T19:33:42.5806530Z   [b77e0a4c] InteractiveUtils `@stdlib/InteractiveUtils`
2022-11-21T19:33:42.5807684Z   [b27032c2] LibCURL v0.6.3 `@stdlib/LibCURL`
2022-11-21T19:33:42.5808852Z   [76f85450] LibGit2 `@stdlib/LibGit2`
2022-11-21T19:33:42.5809971Z   [8f399da3] Libdl `@stdlib/Libdl`
2022-11-21T19:33:42.5811430Z   [37e2e46d] LinearAlgebra `@stdlib/LinearAlgebra`
2022-11-21T19:33:42.5812418Z   [56ddb016] Logging `@stdlib/Logging`
2022-11-21T19:33:42.5813579Z   [d6f4376e] Markdown `@stdlib/Markdown`
2022-11-21T19:33:42.5814938Z   [a63ad114] Mmap `@stdlib/Mmap`
2022-11-21T19:33:42.5816092Z   [ca575930] NetworkOptions v1.2.0 `@stdlib/NetworkOptions`
2022-11-21T19:33:42.5817291Z   [44cfe95a] Pkg v1.8.0 `@stdlib/Pkg`
2022-11-21T19:33:42.5818534Z   [de0858da] Printf `@stdlib/Printf`
2022-11-21T19:33:42.5819705Z   [3fa0cd96] REPL `@stdlib/REPL`
2022-11-21T19:33:42.5820853Z   [9a3f8284] Random `@stdlib/Random`
2022-11-21T19:33:42.5821999Z   [ea8e919c] SHA v0.7.0 `@stdlib/SHA`
2022-11-21T19:33:42.5823231Z   [9e88b42a] Serialization `@stdlib/Serialization`
2022-11-21T19:33:42.5824403Z   [1a1011a3] SharedArrays `@stdlib/SharedArrays`
2022-11-21T19:33:42.5825462Z   [6462fe0b] Sockets `@stdlib/Sockets`
2022-11-21T19:33:42.5826903Z   [2f01184e] SparseArrays `@stdlib/SparseArrays`
2022-11-21T19:33:42.5827838Z   [10745b16] Statistics `@stdlib/Statistics`
2022-11-21T19:33:42.5829030Z   [fa267f1f] TOML v1.0.0 `@stdlib/TOML`
2022-11-21T19:33:42.5830258Z   [a4e569a6] Tar v1.10.1 `@stdlib/Tar`
2022-11-21T19:33:42.5831159Z   [8dfed614] Test `@stdlib/Test`
2022-11-21T19:33:42.5832678Z   [cf7118a7] UUIDs `@stdlib/UUIDs`
2022-11-21T19:33:42.5833629Z   [4ec0a83e] Unicode `@stdlib/Unicode`
2022-11-21T19:33:42.5835353Z   [e66e0078] CompilerSupportLibraries_jll v0.5.2+0 `@stdlib/CompilerSupportLibraries_jll`
2022-11-21T19:33:42.5836276Z   [deac9b47] LibCURL_jll v7.84.0+0 `@stdlib/LibCURL_jll`
2022-11-21T19:33:42.5837864Z   [29816b5a] LibSSH2_jll v1.10.2+0 `@stdlib/LibSSH2_jll`
2022-11-21T19:33:42.5838884Z   [c8ffd9c3] MbedTLS_jll v2.28.0+0 `@stdlib/MbedTLS_jll`
2022-11-21T19:33:42.5840172Z   [14a3606d] MozillaCACerts_jll v2022.2.1 `@stdlib/MozillaCACerts_jll`
2022-11-21T19:33:42.5841307Z   [4536629a] OpenBLAS_jll v0.3.20+0 `@stdlib/OpenBLAS_jll`
2022-11-21T19:33:42.5842524Z   [83775a58] Zlib_jll v1.2.12+3 `@stdlib/Zlib_jll`
2022-11-21T19:33:42.5843750Z   [8e850b90] libblastrampoline_jll v5.1.1+0 `@stdlib/libblastrampoline_jll`
2022-11-21T19:33:42.5844951Z   [8e850ede] nghttp2_jll v1.48.0+0 `@stdlib/nghttp2_jll`
2022-11-21T19:33:42.5846113Z   [3f19e933] p7zip_jll v17.4.0+0 `@stdlib/p7zip_jll`
2022-11-21T19:33:43.0865924Z Precompiling project...
2022-11-21T19:33:43.6554633Z [32m   [39mURIs
2022-11-21T19:33:44.3266927Z [32m   [39m[90mCompat[39m
2022-11-21T19:33:44.6296193Z [32m   [39m[90mCompilerSupportLibraries_jll[39m
2022-11-21T19:33:45.4635203Z [32m   [39m[90mCrayons[39m
2022-11-21T19:33:46.0138000Z [32m   [39m[90mOrderedCollections[39m
2022-11-21T19:33:46.3964848Z [32m   [39m[90mMbedTLS_jll[39m
2022-11-21T19:33:46.6872472Z [32m   [39m[90mZlib_jll[39m
2022-11-21T19:33:46.9842302Z [32m   [39m[90mTestItems[39m
2022-11-21T19:33:47.7434758Z [32m   [39mTestItemDetection
2022-11-21T19:33:48.0381925Z [32m   [39m[90mOpenBLAS_jll[39m
2022-11-21T19:33:50.0741211Z [32m   [39m[90mCommonMark[39m
2022-11-21T19:33:51.9715693Z [32m   [39m[90mDataStructures[39m
2022-11-21T19:33:52.2634549Z [32m   [39m[90mLibSSH2_jll[39m
2022-11-21T19:33:53.0547820Z [32m   [39mSymbolServer
2022-11-21T19:33:53.3430850Z [32m   [39m[90mlibblastrampoline_jll[39m
2022-11-21T19:33:56.6924315Z [32m   [39mTestItemRunner
2022-11-21T19:33:56.8244713Z [32m   [39mJuliaFormatter
2022-11-21T19:33:58.6393889Z [32m   [39mStaticLint
2022-11-21T19:34:02.1685487Z [32m   [39mLanguageServer
2022-11-21T19:34:02.1840536Z   19 dependencies successfully precompiled in 20 seconds. 4 already precompiled.
2022-11-21T19:34:02.1841166Z      Testing Running tests...
2022-11-21T19:34:39.1961226Z [ Info: Self-parse test
2022-11-21T19:34:40.4363312Z ERROR: InvalidStateException: Channel is closed.
2022-11-21T19:34:40.4364268Z Stacktrace:
2022-11-21T19:34:40.5474697Z  [1] try_yieldto(undo::typeof(Base.ensure_rescheduled))
2022-11-21T19:34:40.6244098Z    @ Base .\task.jl:871
2022-11-21T19:34:40.7494576Z  [2] wait()
2022-11-21T19:34:40.8279091Z    @ Base .\task.jl:931
2022-11-21T19:34:41.3439879Z  [3] wait(c::Base.GenericCondition{ReentrantLock})
2022-11-21T19:34:41.4378739Z    @ Base .\condition.jl:124
2022-11-21T19:34:41.5469348Z  [4] take_buffered(c::Channel{Any})
2022-11-21T19:34:41.6408901Z    @ Base .\channels.jl:416
2022-11-21T19:34:41.7500621Z  [5] take!
2022-11-21T19:34:41.8437890Z    @ .\channels.jl:410 [inlined]
2022-11-21T19:34:41.9531633Z  [6] get_next_message
2022-11-21T19:34:42.0469892Z    @ D:\a\julia-vscode-microprint-test\julia-vscode-microprint-test\scripts\packages\JSONRPC\src\core.jl:202 [inlined]
2022-11-21T19:34:42.1562844Z  [7] macro expansion
2022-11-21T19:34:42.2501201Z    @ D:\a\julia-vscode-microprint-test\julia-vscode-microprint-test\scripts\packages\LanguageServer\src\languageserverinstance.jl:288 [inlined]
2022-11-21T19:34:42.3441586Z  [8] (::LanguageServer.var"#111#114"{LanguageServer.LanguageServerInstance})()
2022-11-21T19:34:42.4542191Z    @ LanguageServer .\task.jl:484
2022-11-21T19:34:42.5473521Z [ Info: skipping brute-force tests on CI
2022-11-21T19:34:42.6566470Z [ Info: Shutting down server instance.
2022-11-21T19:35:41.7444537Z [ Info: Processing Pkg...
2022-11-21T19:35:42.3061484Z ERROR: InvalidStateException: Channel is closed.
2022-11-21T19:35:42.3061981Z Stacktrace:
2022-11-21T19:35:42.3062432Z  [1] check_channel_state
2022-11-21T19:35:42.3062801Z    @ .\channels.jl:174 [inlined]
2022-11-21T19:35:42.3063451Z  [2] put!(c::Channel{Any}, v::NamedTuple{(:type, :msg), Tuple{Symbol, Dict{Symbol, SymbolServer.ModuleStore}}})
2022-11-21T19:35:42.3064262Z    @ Base .\channels.jl:319
2022-11-21T19:35:42.3064733Z  [3] macro expansion
2022-11-21T19:35:42.3065715Z    @ D:\a\julia-vscode-microprint-test\julia-vscode-microprint-test\scripts\packages\LanguageServer\src\languageserverinstance.jl:312 [inlined]
2022-11-21T19:35:42.3066426Z  [4] (::LanguageServer.var"#112#115"{LanguageServer.LanguageServerInstance})()
2022-11-21T19:35:42.3066918Z    @ LanguageServer .\task.jl:484
2022-11-21T19:36:04.2545362Z Test Summary: | Pass  Broken  Total     Time
2022-11-21T19:36:04.2744544Z Package       |  419      11    430  1m54.0s
2022-11-21T19:36:04.4749330Z      Testing LanguageServer tests passed 
2022-11-21T19:36:06.5705420Z      Testing StaticLint
2022-11-21T19:36:08.1293946Z       Status `C:\Users\runneradmin\AppData\Local\Temp\jl_IG1prA\Project.toml`
2022-11-21T19:36:08.1478317Z   [00ebfdb7] CSTParser v3.3.7-DEV `D:\a\julia-vscode-microprint-test\julia-vscode-microprint-test\scripts\packages\CSTParser`
2022-11-21T19:36:08.1479111Z   [b3cc710f] StaticLint v8.1.1-DEV `D:\a\julia-vscode-microprint-test\julia-vscode-microprint-test\scripts\packages\StaticLint`
2022-11-21T19:36:08.1480025Z   [cf896787] SymbolServer v7.2.2-DEV `D:\a\julia-vscode-microprint-test\julia-vscode-microprint-test\scripts\packages\SymbolServer`
2022-11-21T19:36:08.1480561Z   [76f85450] LibGit2 `@stdlib/LibGit2`
2022-11-21T19:36:08.1482196Z   [44cfe95a] Pkg v1.8.0 `@stdlib/Pkg`
2022-11-21T19:36:08.1482942Z   [ea8e919c] SHA v0.7.0 `@stdlib/SHA`
2022-11-21T19:36:08.1484272Z   [9e88b42a] Serialization `@stdlib/Serialization`
2022-11-21T19:36:08.1485403Z   [8dfed614] Test `@stdlib/Test`
2022-11-21T19:36:08.1643635Z       Status `C:\Users\runneradmin\AppData\Local\Temp\jl_IG1prA\Manifest.toml`
2022-11-21T19:36:08.1772646Z   [00ebfdb7] CSTParser v3.3.7-DEV `D:\a\julia-vscode-microprint-test\julia-vscode-microprint-test\scripts\packages\CSTParser`
2022-11-21T19:36:08.1773485Z   [b3cc710f] StaticLint v8.1.1-DEV `D:\a\julia-vscode-microprint-test\julia-vscode-microprint-test\scripts\packages\StaticLint`
2022-11-21T19:36:08.1774597Z   [cf896787] SymbolServer v7.2.2-DEV `D:\a\julia-vscode-microprint-test\julia-vscode-microprint-test\scripts\packages\SymbolServer`
2022-11-21T19:36:08.1775458Z   [0796e94c] Tokenize v0.5.24 `D:\a\julia-vscode-microprint-test\julia-vscode-microprint-test\scripts\packages\Tokenize`
2022-11-21T19:36:08.1776217Z   [0dad84c5] ArgTools v1.1.1 `@stdlib/ArgTools`
2022-11-21T19:36:08.1777590Z   [56f22d72] Artifacts `@stdlib/Artifacts`
2022-11-21T19:36:08.1778481Z   [2a0f44e3] Base64 `@stdlib/Base64`
2022-11-21T19:36:08.1779714Z   [ade2ca70] Dates `@stdlib/Dates`
2022-11-21T19:36:08.1780713Z   [f43a241f] Downloads v1.6.0 `@stdlib/Downloads`
2022-11-21T19:36:08.1781833Z   [7b1f6079] FileWatching `@stdlib/FileWatching`
2022-11-21T19:36:08.1782970Z   [b77e0a4c] InteractiveUtils `@stdlib/InteractiveUtils`
2022-11-21T19:36:08.1783889Z   [b27032c2] LibCURL v0.6.3 `@stdlib/LibCURL`
2022-11-21T19:36:08.1785028Z   [76f85450] LibGit2 `@stdlib/LibGit2`
2022-11-21T19:36:08.1786101Z   [8f399da3] Libdl `@stdlib/Libdl`
2022-11-21T19:36:08.1787235Z   [56ddb016] Logging `@stdlib/Logging`
2022-11-21T19:36:08.1788199Z   [d6f4376e] Markdown `@stdlib/Markdown`
2022-11-21T19:36:08.1789217Z   [ca575930] NetworkOptions v1.2.0 `@stdlib/NetworkOptions`
2022-11-21T19:36:08.1790377Z   [44cfe95a] Pkg v1.8.0 `@stdlib/Pkg`
2022-11-21T19:36:08.1791442Z   [de0858da] Printf `@stdlib/Printf`
2022-11-21T19:36:08.1792531Z   [3fa0cd96] REPL `@stdlib/REPL`
2022-11-21T19:36:08.1793635Z   [9a3f8284] Random `@stdlib/Random`
2022-11-21T19:36:08.1794418Z   [ea8e919c] SHA v0.7.0 `@stdlib/SHA`
2022-11-21T19:36:08.1795713Z   [9e88b42a] Serialization `@stdlib/Serialization`
2022-11-21T19:36:08.1796816Z   [6462fe0b] Sockets `@stdlib/Sockets`
2022-11-21T19:36:08.1797682Z   [fa267f1f] TOML v1.0.0 `@stdlib/TOML`
2022-11-21T19:36:08.1798872Z   [a4e569a6] Tar v1.10.1 `@stdlib/Tar`
2022-11-21T19:36:08.1799838Z   [8dfed614] Test `@stdlib/Test`
2022-11-21T19:36:08.1800733Z   [cf7118a7] UUIDs `@stdlib/UUIDs`
2022-11-21T19:36:08.1801840Z   [4ec0a83e] Unicode `@stdlib/Unicode`
2022-11-21T19:36:08.1802804Z   [deac9b47] LibCURL_jll v7.84.0+0 `@stdlib/LibCURL_jll`
2022-11-21T19:36:08.1803920Z   [29816b5a] LibSSH2_jll v1.10.2+0 `@stdlib/LibSSH2_jll`
2022-11-21T19:36:08.1804564Z   [c8ffd9c3] MbedTLS_jll v2.28.0+0 `@stdlib/MbedTLS_jll`
2022-11-21T19:36:08.1805813Z   [14a3606d] MozillaCACerts_jll v2022.2.1 `@stdlib/MozillaCACerts_jll`
2022-11-21T19:36:08.1806973Z   [83775a58] Zlib_jll v1.2.12+3 `@stdlib/Zlib_jll`
2022-11-21T19:36:08.1808018Z   [8e850ede] nghttp2_jll v1.48.0+0 `@stdlib/nghttp2_jll`
2022-11-21T19:36:08.1808732Z   [3f19e933] p7zip_jll v17.4.0+0 `@stdlib/p7zip_jll`
2022-11-21T19:36:08.6855183Z      Testing Running tests...
2022-11-21T19:36:28.6626046Z Test Summary: | Pass  Total   Time
2022-11-21T19:36:28.6818215Z StaticLint    |  342    342  17.4s
2022-11-21T19:36:28.6861782Z Test Summary:                             | Pass  Total  Time
2022-11-21T19:36:28.6863900Z add eval method to modules/toplevel scope |    2      2  0.0s
2022-11-21T19:36:28.8321100Z Test Summary: | Pass  Total  Time
2022-11-21T19:36:28.8324846Z reparse       |    3      3  0.1s
2022-11-21T19:36:28.8355212Z Test Summary:               | Pass  Total  Time
2022-11-21T19:36:28.8356871Z duplicate function argument |    1      1  0.0s
2022-11-21T19:36:28.8404178Z Test Summary:       | Pass  Total  Time
2022-11-21T19:36:28.8406254Z type alias bindings |    2      2  0.0s
2022-11-21T19:36:28.8438690Z Test Summary:                       | Pass  Total  Time
2022-11-21T19:36:28.8440574Z :call w/ :parameters traverse order |    1      1  0.0s
2022-11-21T19:36:28.8472229Z Test Summary:                    | Pass  Total  Time
2022-11-21T19:36:28.8474138Z handle shadow bindings on method |    1      1  0.0s
2022-11-21T19:36:28.8560027Z Test Summary:               | Pass  Total  Time
2022-11-21T19:36:28.8561986Z documented symbol resolving |    2      2  0.0s
2022-11-21T19:36:28.9411786Z Test Summary:   | Pass  Total  Time
2022-11-21T19:36:28.9413759Z unused bindings |    6      6  0.1s
2022-11-21T19:36:28.9478803Z Test Summary: | Pass  Total  Time
2022-11-21T19:36:28.9670500Z unwrap sig    |    4      4  0.0s
2022-11-21T19:36:28.9715065Z Test Summary:    | Pass  Total  Time
2022-11-21T19:36:28.9717979Z clear .type refs |    2      2  0.0s
2022-11-21T19:36:28.9760035Z Test Summary:    | Pass  Total  Time
2022-11-21T19:36:28.9761757Z clear .type refs |    2      2  0.0s
2022-11-21T19:36:29.0007605Z Test Summary:         | Pass  Total  Time
2022-11-21T19:36:29.0008910Z type inference by use |    6      6  0.0s
2022-11-21T19:36:29.0190568Z Test Summary:           | Pass  Total  Time
2022-11-21T19:36:29.0192501Z loop iterator inference |    8      8  0.0s
2022-11-21T19:36:29.0228103Z Test Summary:   | Pass  Total  Time
2022-11-21T19:36:29.0229787Z Vector{T} infer |    1      1  0.0s
2022-11-21T19:36:29.0272508Z Test Summary:          | Pass  Total  Time
2022-11-21T19:36:29.0274404Z where type param infer |    2      2  0.0s
2022-11-21T19:36:29.0338058Z Test Summary:          | Pass  Total  Time
2022-11-21T19:36:29.0339846Z where type param infer |    4      4  0.0s
2022-11-21T19:36:29.0489959Z Test Summary: | Pass  Total  Time
2022-11-21T19:36:29.0491720Z softscope     |   12     12  0.0s
2022-11-21T19:36:29.0597742Z Test Summary: | Pass  Total  Time
2022-11-21T19:36:29.0599400Z #1218         |    4      4  0.0s
2022-11-21T19:36:29.0749800Z Test Summary: | Pass  Total  Time
2022-11-21T19:36:29.0751760Z import as ... |    2      2  0.0s
2022-11-21T19:36:29.0784591Z Test Summary: | Pass  Total  Time
2022-11-21T19:36:29.0786630Z #1218         |    1      1  0.0s
2022-11-21T19:36:29.0819465Z Test Summary:             | Pass  Total  Time
2022-11-21T19:36:29.0821220Z macrocall bindings: #2187 |    1      1  0.0s
2022-11-21T19:36:29.0912965Z Test Summary:        | Pass  Total  Time
2022-11-21T19:36:29.0914649Z aliased import: #974 |    2      2  0.0s
2022-11-21T19:36:29.2556828Z Test Summary: | Pass  Total  Time
2022-11-21T19:36:29.2558907Z kwarg refs    |   12     12  0.0s
2022-11-21T19:36:29.3807522Z Test Summary:                | Pass  Total  Time
2022-11-21T19:36:29.3808863Z iteration over 1:length(...) |   15     15  0.1s
2022-11-21T19:36:29.3854572Z Test Summary:                    | Pass  Total  Time
2022-11-21T19:36:29.3856889Z assigned but not used with loops |    2      2  0.0s
2022-11-21T19:36:29.4364127Z      Testing StaticLint tests passed 
2022-11-21T19:36:31.4065254Z      Testing SymbolServer
2022-11-21T19:36:32.8796458Z       Status `C:\Users\runneradmin\AppData\Local\Temp\jl_7Wcye4\Project.toml`
2022-11-21T19:36:32.8983193Z   [cf896787] SymbolServer v7.2.2-DEV `D:\a\julia-vscode-microprint-test\julia-vscode-microprint-test\scripts\packages\SymbolServer`
2022-11-21T19:36:32.8984016Z   [b77e0a4c] InteractiveUtils `@stdlib/InteractiveUtils`
2022-11-21T19:36:32.8985226Z   [76f85450] LibGit2 `@stdlib/LibGit2`
2022-11-21T19:36:32.8986497Z   [d6f4376e] Markdown `@stdlib/Markdown`
2022-11-21T19:36:32.8987805Z   [44cfe95a] Pkg v1.8.0 `@stdlib/Pkg`
2022-11-21T19:36:32.8988751Z   [3fa0cd96] REPL `@stdlib/REPL`
2022-11-21T19:36:32.8990323Z   [ea8e919c] SHA v0.7.0 `@stdlib/SHA`
2022-11-21T19:36:32.8991589Z   [9e88b42a] Serialization `@stdlib/Serialization`
2022-11-21T19:36:32.8992527Z   [6462fe0b] Sockets `@stdlib/Sockets`
2022-11-21T19:36:32.8993869Z   [8dfed614] Test `@stdlib/Test`
2022-11-21T19:36:32.8994791Z   [cf7118a7] UUIDs `@stdlib/UUIDs`
2022-11-21T19:36:32.9151336Z       Status `C:\Users\runneradmin\AppData\Local\Temp\jl_7Wcye4\Manifest.toml`
2022-11-21T19:36:32.9269845Z   [cf896787] SymbolServer v7.2.2-DEV `D:\a\julia-vscode-microprint-test\julia-vscode-microprint-test\scripts\packages\SymbolServer`
2022-11-21T19:36:32.9270347Z   [0dad84c5] ArgTools v1.1.1 `@stdlib/ArgTools`
2022-11-21T19:36:32.9271438Z   [56f22d72] Artifacts `@stdlib/Artifacts`
2022-11-21T19:36:32.9272671Z   [2a0f44e3] Base64 `@stdlib/Base64`
2022-11-21T19:36:32.9273791Z   [ade2ca70] Dates `@stdlib/Dates`
2022-11-21T19:36:32.9275282Z   [f43a241f] Downloads v1.6.0 `@stdlib/Downloads`
2022-11-21T19:36:32.9276221Z   [7b1f6079] FileWatching `@stdlib/FileWatching`
2022-11-21T19:36:32.9277364Z   [b77e0a4c] InteractiveUtils `@stdlib/InteractiveUtils`
2022-11-21T19:36:32.9278501Z   [b27032c2] LibCURL v0.6.3 `@stdlib/LibCURL`
2022-11-21T19:36:32.9279562Z   [76f85450] LibGit2 `@stdlib/LibGit2`
2022-11-21T19:36:32.9280734Z   [8f399da3] Libdl `@stdlib/Libdl`
2022-11-21T19:36:32.9282071Z   [56ddb016] Logging `@stdlib/Logging`
2022-11-21T19:36:32.9283019Z   [d6f4376e] Markdown `@stdlib/Markdown`
2022-11-21T19:36:32.9284471Z   [ca575930] NetworkOptions v1.2.0 `@stdlib/NetworkOptions`
2022-11-21T19:36:32.9285264Z   [44cfe95a] Pkg v1.8.0 `@stdlib/Pkg`
2022-11-21T19:36:32.9286377Z   [de0858da] Printf `@stdlib/Printf`
2022-11-21T19:36:32.9287508Z   [3fa0cd96] REPL `@stdlib/REPL`
2022-11-21T19:36:32.9288622Z   [9a3f8284] Random `@stdlib/Random`
2022-11-21T19:36:32.9289922Z   [ea8e919c] SHA v0.7.0 `@stdlib/SHA`
2022-11-21T19:36:32.9291054Z   [9e88b42a] Serialization `@stdlib/Serialization`
2022-11-21T19:36:32.9292209Z   [6462fe0b] Sockets `@stdlib/Sockets`
2022-11-21T19:36:32.9293334Z   [fa267f1f] TOML v1.0.0 `@stdlib/TOML`
2022-11-21T19:36:32.9294753Z   [a4e569a6] Tar v1.10.1 `@stdlib/Tar`
2022-11-21T19:36:32.9295719Z   [8dfed614] Test `@stdlib/Test`
2022-11-21T19:36:32.9296992Z   [cf7118a7] UUIDs `@stdlib/UUIDs`
2022-11-21T19:36:32.9298337Z   [4ec0a83e] Unicode `@stdlib/Unicode`
2022-11-21T19:36:32.9299481Z   [deac9b47] LibCURL_jll v7.84.0+0 `@stdlib/LibCURL_jll`
2022-11-21T19:36:32.9300696Z   [29816b5a] LibSSH2_jll v1.10.2+0 `@stdlib/LibSSH2_jll`
2022-11-21T19:36:32.9301860Z   [c8ffd9c3] MbedTLS_jll v2.28.0+0 `@stdlib/MbedTLS_jll`
2022-11-21T19:36:32.9303052Z   [14a3606d] MozillaCACerts_jll v2022.2.1 `@stdlib/MozillaCACerts_jll`
2022-11-21T19:36:32.9304193Z   [83775a58] Zlib_jll v1.2.12+3 `@stdlib/Zlib_jll`
2022-11-21T19:36:32.9305398Z   [8e850ede] nghttp2_jll v1.48.0+0 `@stdlib/nghttp2_jll`
2022-11-21T19:36:32.9306533Z   [3f19e933] p7zip_jll v17.4.0+0 `@stdlib/p7zip_jll`
2022-11-21T19:36:33.4302810Z      Testing Running tests...
2022-11-21T19:36:45.4984851Z  Warning: The active manifest file is an older format with no julia version entry. Dependencies may have been resolved with a different julia version.
2022-11-21T19:36:45.4986635Z  @ C:\Users\runneradmin\AppData\Local\Temp\jl_1plK8V\Manifest.toml:0
2022-11-21T19:36:45.8386313Z    Installed IteratorInterfaceExtensions  v1.0.0
2022-11-21T19:36:46.3596605Z Precompiling project...
2022-11-21T19:36:46.6695746Z [32m   [39mIteratorInterfaceExtensions
2022-11-21T19:36:46.6841728Z   1 dependency successfully precompiled in 1 seconds
2022-11-21T19:36:46.6842803Z   [91m1[39m dependency errored. To see a full report either run `import Pkg; Pkg.precompile()` or load the package
2022-11-21T19:37:02.1643678Z  Warning: TableTraits not stored on disc
2022-11-21T19:37:02.1645498Z  @ SymbolServer D:\a\julia-vscode-microprint-test\julia-vscode-microprint-test\scripts\packages\SymbolServer\src\SymbolServer.jl:247
2022-11-21T19:37:02.2522569Z Test Summary: | Pass  Total   Time
2022-11-21T19:37:02.2716700Z SymbolServer  | 8056   8056  26.0s
2022-11-21T19:37:02.8215888Z Test Summary: | Pass  Total  Time
2022-11-21T19:37:02.8216353Z TypeofVararg  |   30     30  0.4s
2022-11-21T19:37:02.8474730Z Test Summary: | Pass  Total  Time
2022-11-21T19:37:02.8476941Z Pipe names    |    1      1  0.0s
2022-11-21T19:37:02.8509544Z Test Summary: | Pass  Total  Time
2022-11-21T19:37:02.8511075Z Intrinsics`   |    1      1  0.0s
2022-11-21T19:37:02.8918924Z      Testing SymbolServer tests passed 
2022-11-21T19:37:04.8508582Z      Testing DebugAdapter
2022-11-21T19:37:06.4108178Z       Status `C:\Users\runneradmin\AppData\Local\Temp\jl_z80w8A\Project.toml`
2022-11-21T19:37:06.4298934Z   [17994d07] DebugAdapter v1.0.1-DEV `D:\a\julia-vscode-microprint-test\julia-vscode-microprint-test\scripts\packages\DebugAdapter`
2022-11-21T19:37:06.4299708Z   [682c06a0] JSON v0.20.1 `D:\a\julia-vscode-microprint-test\julia-vscode-microprint-test\scripts\packages\JSON`
2022-11-21T19:37:06.4300948Z   [b9b8584e] JSONRPC v1.3.5-DEV `D:\a\julia-vscode-microprint-test\julia-vscode-microprint-test\scripts\packages\JSONRPC`
2022-11-21T19:37:06.4302337Z   [aa1ae85d] JuliaInterpreter v0.9.15 `D:\a\julia-vscode-microprint-test\julia-vscode-microprint-test\scripts\packages\JuliaInterpreter`
2022-11-21T19:37:06.4303317Z   [2a0f44e3] Base64 `@stdlib/Base64`
2022-11-21T19:37:06.4304484Z   [6462fe0b] Sockets `@stdlib/Sockets`
2022-11-21T19:37:06.4305636Z   [8dfed614] Test `@stdlib/Test`
2022-11-21T19:37:06.4306749Z   [cf7118a7] UUIDs `@stdlib/UUIDs`
2022-11-21T19:37:06.4472180Z       Status `C:\Users\runneradmin\AppData\Local\Temp\jl_z80w8A\Manifest.toml`
2022-11-21T19:37:06.4545092Z   [da1fd8a2] CodeTracking v1.1.0 `D:\a\julia-vscode-microprint-test\julia-vscode-microprint-test\scripts\packages\CodeTracking`
2022-11-21T19:37:06.4546183Z   [17994d07] DebugAdapter v1.0.1-DEV `D:\a\julia-vscode-microprint-test\julia-vscode-microprint-test\scripts\packages\DebugAdapter`
2022-11-21T19:37:06.4547388Z   [682c06a0] JSON v0.20.1 `D:\a\julia-vscode-microprint-test\julia-vscode-microprint-test\scripts\packages\JSON`
2022-11-21T19:37:06.4548649Z   [b9b8584e] JSONRPC v1.3.5-DEV `D:\a\julia-vscode-microprint-test\julia-vscode-microprint-test\scripts\packages\JSONRPC`
2022-11-21T19:37:06.4549986Z   [aa1ae85d] JuliaInterpreter v0.9.15 `D:\a\julia-vscode-microprint-test\julia-vscode-microprint-test\scripts\packages\JuliaInterpreter`
2022-11-21T19:37:06.4550934Z   [2a0f44e3] Base64 `@stdlib/Base64`
2022-11-21T19:37:06.4552113Z   [ade2ca70] Dates `@stdlib/Dates`
2022-11-21T19:37:06.4553323Z   [b77e0a4c] InteractiveUtils `@stdlib/InteractiveUtils`
2022-11-21T19:37:06.4554861Z   [56ddb016] Logging `@stdlib/Logging`
2022-11-21T19:37:06.4555714Z   [d6f4376e] Markdown `@stdlib/Markdown`
2022-11-21T19:37:06.4556854Z   [a63ad114] Mmap `@stdlib/Mmap`
2022-11-21T19:37:06.4558134Z   [de0858da] Printf `@stdlib/Printf`
2022-11-21T19:37:06.4559108Z   [9a3f8284] Random `@stdlib/Random`
2022-11-21T19:37:06.4691359Z   [ea8e919c] SHA v0.7.0 `@stdlib/SHA`
2022-11-21T19:37:06.4705169Z   [9e88b42a] Serialization `@stdlib/Serialization`
2022-11-21T19:37:06.4709432Z   [6462fe0b] Sockets `@stdlib/Sockets`
2022-11-21T19:37:06.4709954Z   [8dfed614] Test `@stdlib/Test`
2022-11-21T19:37:06.4710282Z   [cf7118a7] UUIDs `@stdlib/UUIDs`
2022-11-21T19:37:06.4710612Z   [4ec0a83e] Unicode `@stdlib/Unicode`
2022-11-21T19:37:06.9573784Z Precompiling project...
2022-11-21T19:37:07.7926205Z [32m   [39m[90mCodeTracking[39m
2022-11-21T19:37:12.8614654Z [32m   [39mJuliaInterpreter
2022-11-21T19:37:14.5658823Z [32m   [39mDebugAdapter
2022-11-21T19:37:14.5808813Z   3 dependencies successfully precompiled in 8 seconds. 2 already precompiled.
2022-11-21T19:37:14.5809988Z      Testing Running tests...
2022-11-21T19:37:15.4874490Z Test Summary: |Time
2022-11-21T19:37:15.5069761Z DebugAdapter  | None  0.0s
2022-11-21T19:37:15.5299324Z      Testing DebugAdapter tests passed 
2022-11-21T19:37:17.4595220Z      Testing VSCodeDebugger
2022-11-21T19:37:18.8830872Z       Status `C:\Users\runneradmin\AppData\Local\Temp\jl_GjWEpn\Project.toml`
2022-11-21T19:37:18.8874240Z   [a80fdaa1] VSCodeDebugger v0.1.0 `D:\a\julia-vscode-microprint-test\julia-vscode-microprint-test\scripts\packages\VSCodeDebugger`
2022-11-21T19:37:18.8874882Z   [2a0f44e3] Base64 `@stdlib/Base64`
2022-11-21T19:37:18.8876268Z   [ade2ca70] Dates `@stdlib/Dates`
2022-11-21T19:37:18.8877720Z   [b77e0a4c] InteractiveUtils `@stdlib/InteractiveUtils`
2022-11-21T19:37:18.8878408Z   [a63ad114] Mmap `@stdlib/Mmap`
2022-11-21T19:37:18.8879700Z   [3fa0cd96] REPL `@stdlib/REPL`
2022-11-21T19:37:18.8880733Z   [9a3f8284] Random `@stdlib/Random`
2022-11-21T19:37:18.8881970Z   [6462fe0b] Sockets `@stdlib/Sockets`
2022-11-21T19:37:18.8882955Z   [8dfed614] Test `@stdlib/Test`
2022-11-21T19:37:18.8884226Z   [cf7118a7] UUIDs `@stdlib/UUIDs`
2022-11-21T19:37:18.8885145Z   [4ec0a83e] Unicode `@stdlib/Unicode`
2022-11-21T19:37:18.9040757Z       Status `C:\Users\runneradmin\AppData\Local\Temp\jl_GjWEpn\Manifest.toml`
2022-11-21T19:37:18.9099951Z   [a80fdaa1] VSCodeDebugger v0.1.0 `D:\a\julia-vscode-microprint-test\julia-vscode-microprint-test\scripts\packages\VSCodeDebugger`
2022-11-21T19:37:18.9100595Z   [2a0f44e3] Base64 `@stdlib/Base64`
2022-11-21T19:37:18.9101783Z   [ade2ca70] Dates `@stdlib/Dates`
2022-11-21T19:37:18.9103211Z   [b77e0a4c] InteractiveUtils `@stdlib/InteractiveUtils`
2022-11-21T19:37:18.9104275Z   [56ddb016] Logging `@stdlib/Logging`
2022-11-21T19:37:18.9105719Z   [d6f4376e] Markdown `@stdlib/Markdown`
2022-11-21T19:37:18.9106568Z   [a63ad114] Mmap `@stdlib/Mmap`
2022-11-21T19:37:18.9107694Z   [de0858da] Printf `@stdlib/Printf`
2022-11-21T19:37:18.9109141Z   [3fa0cd96] REPL `@stdlib/REPL`
2022-11-21T19:37:18.9110003Z   [9a3f8284] Random `@stdlib/Random`
2022-11-21T19:37:18.9111364Z   [ea8e919c] SHA v0.7.0 `@stdlib/SHA`
2022-11-21T19:37:18.9112243Z   [9e88b42a] Serialization `@stdlib/Serialization`
2022-11-21T19:37:18.9113313Z   [6462fe0b] Sockets `@stdlib/Sockets`
2022-11-21T19:37:18.9114637Z   [8dfed614] Test `@stdlib/Test`
2022-11-21T19:37:18.9115682Z   [cf7118a7] UUIDs `@stdlib/UUIDs`
2022-11-21T19:37:18.9116832Z   [4ec0a83e] Unicode `@stdlib/Unicode`
2022-11-21T19:37:19.3137487Z Precompiling project...
2022-11-21T19:37:26.0469273Z [32m   [39mVSCodeDebugger
2022-11-21T19:37:26.0628255Z   1 dependency successfully precompiled in 7 seconds
2022-11-21T19:37:26.0628901Z      Testing Running tests...
2022-11-21T19:37:26.4887254Z Test Summary:  |Time
2022-11-21T19:37:27.3465214Z VSCodeDebugger | None  0.0s
2022-11-21T19:37:27.3465591Z      Testing VSCodeDebugger tests passed 
2022-11-21T19:37:28.4587742Z      Testing VSCodeServer
2022-11-21T19:37:29.9187152Z       Status `C:\Users\runneradmin\AppData\Local\Temp\jl_zTHEwe\Project.toml`
2022-11-21T19:37:29.9246645Z   [9f5989ce] VSCodeServer v0.0.0 `D:\a\julia-vscode-microprint-test\julia-vscode-microprint-test\scripts\packages\VSCodeServer`
2022-11-21T19:37:29.9247135Z   [2a0f44e3] Base64 `@stdlib/Base64`
2022-11-21T19:37:29.9248386Z   [ade2ca70] Dates `@stdlib/Dates`
2022-11-21T19:37:29.9249403Z   [b77e0a4c] InteractiveUtils `@stdlib/InteractiveUtils`
2022-11-21T19:37:29.9250032Z   [56ddb016] Logging `@stdlib/Logging`
2022-11-21T19:37:29.9251635Z   [d6f4376e] Markdown `@stdlib/Markdown`
2022-11-21T19:37:29.9252433Z   [a63ad114] Mmap `@stdlib/Mmap`
2022-11-21T19:37:29.9253689Z   [44cfe95a] Pkg v1.8.0 `@stdlib/Pkg`
2022-11-21T19:37:29.9254612Z   [de0858da] Printf `@stdlib/Printf`
2022-11-21T19:37:29.9255709Z   [9abbd945] Profile `@stdlib/Profile`
2022-11-21T19:37:29.9256772Z   [3fa0cd96] REPL `@stdlib/REPL`
2022-11-21T19:37:29.9257820Z   [9a3f8284] Random `@stdlib/Random`
2022-11-21T19:37:29.9258809Z   [6462fe0b] Sockets `@stdlib/Sockets`
2022-11-21T19:37:29.9259740Z   [8dfed614] Test `@stdlib/Test`
2022-11-21T19:37:29.9260891Z   [cf7118a7] UUIDs `@stdlib/UUIDs`
2022-11-21T19:37:29.9261662Z   [4ec0a83e] Unicode `@stdlib/Unicode`
2022-11-21T19:37:29.9423814Z       Status `C:\Users\runneradmin\AppData\Local\Temp\jl_zTHEwe\Manifest.toml`
2022-11-21T19:37:30.8788655Z   [9f5989ce] VSCodeServer v0.0.0 `D:\a\julia-vscode-microprint-test\julia-vscode-microprint-test\scripts\packages\VSCodeServer`
2022-11-21T19:37:30.8792681Z   [0dad84c5] ArgTools v1.1.1 `@stdlib/ArgTools`
2022-11-21T19:37:30.8793228Z   [56f22d72] Artifacts `@stdlib/Artifacts`
2022-11-21T19:37:30.8793583Z   [2a0f44e3] Base64 `@stdlib/Base64`
2022-11-21T19:37:30.8793892Z   [ade2ca70] Dates `@stdlib/Dates`
2022-11-21T19:37:30.8794250Z   [f43a241f] Downloads v1.6.0 `@stdlib/Downloads`
2022-11-21T19:37:30.8794630Z   [7b1f6079] FileWatching `@stdlib/FileWatching`
2022-11-21T19:37:30.8794994Z   [b77e0a4c] InteractiveUtils `@stdlib/InteractiveUtils`
2022-11-21T19:37:30.8795377Z   [b27032c2] LibCURL v0.6.3 `@stdlib/LibCURL`
2022-11-21T19:37:30.8795714Z   [76f85450] LibGit2 `@stdlib/LibGit2`
2022-11-21T19:37:30.8796076Z   [8f399da3] Libdl `@stdlib/Libdl`
2022-11-21T19:37:30.8796364Z   [56ddb016] Logging `@stdlib/Logging`
2022-11-21T19:37:30.8796702Z   [d6f4376e] Markdown `@stdlib/Markdown`
2022-11-21T19:37:30.8797054Z   [a63ad114] Mmap `@stdlib/Mmap`
2022-11-21T19:37:30.8797426Z   [ca575930] NetworkOptions v1.2.0 `@stdlib/NetworkOptions`
2022-11-21T19:37:30.8797761Z   [44cfe95a] Pkg v1.8.0 `@stdlib/Pkg`
2022-11-21T19:37:30.8798094Z   [de0858da] Printf `@stdlib/Printf`
2022-11-21T19:37:30.8798431Z   [9abbd945] Profile `@stdlib/Profile`
2022-11-21T19:37:30.8798726Z   [3fa0cd96] REPL `@stdlib/REPL`
2022-11-21T19:37:30.8799049Z   [9a3f8284] Random `@stdlib/Random`
2022-11-21T19:37:30.8799375Z   [ea8e919c] SHA v0.7.0 `@stdlib/SHA`
2022-11-21T19:37:30.8799729Z   [9e88b42a] Serialization `@stdlib/Serialization`
2022-11-21T19:37:30.8800046Z   [6462fe0b] Sockets `@stdlib/Sockets`
2022-11-21T19:37:30.8800374Z   [fa267f1f] TOML v1.0.0 `@stdlib/TOML`
2022-11-21T19:37:30.8800699Z   [a4e569a6] Tar v1.10.1 `@stdlib/Tar`
2022-11-21T19:37:30.8800982Z   [8dfed614] Test `@stdlib/Test`
2022-11-21T19:37:30.8801304Z   [cf7118a7] UUIDs `@stdlib/UUIDs`
2022-11-21T19:37:30.8801628Z   [4ec0a83e] Unicode `@stdlib/Unicode`
2022-11-21T19:37:30.8802101Z   [deac9b47] LibCURL_jll v7.84.0+0 `@stdlib/LibCURL_jll`
2022-11-21T19:37:30.8802442Z   [29816b5a] LibSSH2_jll v1.10.2+0 `@stdlib/LibSSH2_jll`
2022-11-21T19:37:30.8802810Z   [c8ffd9c3] MbedTLS_jll v2.28.0+0 `@stdlib/MbedTLS_jll`
2022-11-21T19:37:30.8803211Z   [14a3606d] MozillaCACerts_jll v2022.2.1 `@stdlib/MozillaCACerts_jll`
2022-11-21T19:37:30.8803605Z   [83775a58] Zlib_jll v1.2.12+3 `@stdlib/Zlib_jll`
2022-11-21T19:37:30.8803941Z   [8e850ede] nghttp2_jll v1.48.0+0 `@stdlib/nghttp2_jll`
2022-11-21T19:37:30.8804318Z   [3f19e933] p7zip_jll v17.4.0+0 `@stdlib/p7zip_jll`
2022-11-21T19:37:30.8804668Z Precompiling project...
2022-11-21T19:37:39.0948370Z [32m   [39mVSCodeServer
2022-11-21T19:37:39.1100633Z   1 dependency successfully precompiled in 9 seconds. 3 already precompiled.
2022-11-21T19:37:39.1101550Z      Testing Running tests...
2022-11-21T19:37:39.5325707Z Test Summary: |Time
2022-11-21T19:37:39.5523792Z VSCodeServer  | None  0.0s
2022-11-21T19:37:39.5685478Z      Testing VSCodeServer tests passed 
2022-11-21T19:37:39.6255886Z Post job cleanup.
2022-11-21T19:37:42.3617920Z [command]"C:\Program Files\Git\bin\git.exe" version
2022-11-21T19:37:42.3821278Z git version 2.38.1.windows.1
2022-11-21T19:37:42.3878879Z Temporarily overriding HOME='D:\a\_temp\ad755979-4a2c-4ae4-abf3-186194e654ee' before making global git config changes
2022-11-21T19:37:42.3879637Z Adding repository directory to the temporary git global config as a safe directory
2022-11-21T19:37:42.3888226Z [command]"C:\Program Files\Git\bin\git.exe" config --global --add safe.directory D:\a\julia-vscode-microprint-test\julia-vscode-microprint-test
2022-11-21T19:37:42.4127527Z [command]"C:\Program Files\Git\bin\git.exe" config --local --name-only --get-regexp core\.sshCommand
2022-11-21T19:37:42.4362473Z [command]"C:\Program Files\Git\bin\git.exe" submodule foreach --recursive "git config --local --name-only --get-regexp 'core\.sshCommand' && git config --local --unset-all 'core.sshCommand' || :"
2022-11-21T19:37:42.8821844Z Entering 'libs/jl-profile'
2022-11-21T19:37:42.9414934Z Entering 'scripts/packages-old/JuliaInterpreter'
2022-11-21T19:37:43.0011213Z Entering 'scripts/packages/CSTParser'
2022-11-21T19:37:43.0603630Z Entering 'scripts/packages/CodeTracking'
2022-11-21T19:37:43.1186910Z Entering 'scripts/packages/CommonMark'
2022-11-21T19:37:43.1774782Z Entering 'scripts/packages/Compat'
2022-11-21T19:37:43.2361794Z Entering 'scripts/packages/CoverageTools'
2022-11-21T19:37:43.2944377Z Entering 'scripts/packages/Crayons'
2022-11-21T19:37:43.3532293Z Entering 'scripts/packages/DataStructures'
2022-11-21T19:37:43.4116233Z Entering 'scripts/packages/DebugAdapter'
2022-11-21T19:37:43.4705637Z Entering 'scripts/packages/FilePathsBase'
2022-11-21T19:37:43.5284931Z Entering 'scripts/packages/IJuliaCore'
2022-11-21T19:37:43.5862850Z Entering 'scripts/packages/JSON'
2022-11-21T19:37:43.6450789Z Entering 'scripts/packages/JSONRPC'
2022-11-21T19:37:43.7034768Z Entering 'scripts/packages/JuliaFormatter'
2022-11-21T19:37:43.7646253Z Entering 'scripts/packages/JuliaInterpreter'
2022-11-21T19:37:43.8253564Z Entering 'scripts/packages/LanguageServer'
2022-11-21T19:37:43.8840085Z Entering 'scripts/packages/LoweredCodeUtils'
2022-11-21T19:37:43.9427410Z Entering 'scripts/packages/OrderedCollections'
2022-11-21T19:37:44.0001073Z Entering 'scripts/packages/PackageCompiler'
2022-11-21T19:37:44.0587641Z Entering 'scripts/packages/Revise'
2022-11-21T19:37:44.1165953Z Entering 'scripts/packages/StaticLint'
2022-11-21T19:37:44.1741073Z Entering 'scripts/packages/SymbolServer'
2022-11-21T19:37:44.2312809Z Entering 'scripts/packages/TestEnv'
2022-11-21T19:37:44.2890554Z Entering 'scripts/packages/TestItemDetection'
2022-11-21T19:37:44.3465479Z Entering 'scripts/packages/Tokenize'
2022-11-21T19:37:44.4048955Z Entering 'scripts/packages/URIParser'
2022-11-21T19:37:44.4641859Z Entering 'scripts/packages/URIs'
2022-11-21T19:37:44.5314659Z [command]"C:\Program Files\Git\bin\git.exe" config --local --name-only --get-regexp http\.https\:\/\/github\.com\/\.extraheader
2022-11-21T19:37:44.5514924Z http.https://github.com/.extraheader
2022-11-21T19:37:44.5549686Z [command]"C:\Program Files\Git\bin\git.exe" config --local --unset-all http.https://github.com/.extraheader
2022-11-21T19:37:44.5792084Z [command]"C:\Program Files\Git\bin\git.exe" submodule foreach --recursive "git config --local --name-only --get-regexp 'http\.https\:\/\/github\.com\/\.extraheader' && git config --local --unset-all 'http.https://github.com/.extraheader' || :"
2022-11-21T19:37:45.0149443Z Entering 'libs/jl-profile'
2022-11-21T19:37:45.0581943Z http.https://github.com/.extraheader
2022-11-21T19:37:45.0960998Z Entering 'scripts/packages-old/JuliaInterpreter'
2022-11-21T19:37:45.1389622Z http.https://github.com/.extraheader
2022-11-21T19:37:45.1781838Z Entering 'scripts/packages/CSTParser'
2022-11-21T19:37:45.2214137Z http.https://github.com/.extraheader
2022-11-21T19:37:45.2599680Z Entering 'scripts/packages/CodeTracking'
2022-11-21T19:37:45.3029993Z http.https://github.com/.extraheader
2022-11-21T19:37:45.3406597Z Entering 'scripts/packages/CommonMark'
2022-11-21T19:37:45.3824518Z http.https://github.com/.extraheader
2022-11-21T19:37:45.4199730Z Entering 'scripts/packages/Compat'
2022-11-21T19:37:45.4617165Z http.https://github.com/.extraheader
2022-11-21T19:37:45.4984527Z Entering 'scripts/packages/CoverageTools'
2022-11-21T19:37:45.5410531Z http.https://github.com/.extraheader
2022-11-21T19:37:45.5787938Z Entering 'scripts/packages/Crayons'
2022-11-21T19:37:45.6208586Z http.https://github.com/.extraheader
2022-11-21T19:37:45.6580753Z Entering 'scripts/packages/DataStructures'
2022-11-21T19:37:45.7001105Z http.https://github.com/.extraheader
2022-11-21T19:37:45.7372339Z Entering 'scripts/packages/DebugAdapter'
2022-11-21T19:37:45.7798031Z http.https://github.com/.extraheader
2022-11-21T19:37:45.8168179Z Entering 'scripts/packages/FilePathsBase'
2022-11-21T19:37:45.8591524Z http.https://github.com/.extraheader
2022-11-21T19:37:45.8959067Z Entering 'scripts/packages/IJuliaCore'
2022-11-21T19:37:45.9378793Z http.https://github.com/.extraheader
2022-11-21T19:37:45.9749401Z Entering 'scripts/packages/JSON'
2022-11-21T19:37:46.0170613Z http.https://github.com/.extraheader
2022-11-21T19:37:46.0539800Z Entering 'scripts/packages/JSONRPC'
2022-11-21T19:37:46.0958415Z http.https://github.com/.extraheader
2022-11-21T19:37:46.1330632Z Entering 'scripts/packages/JuliaFormatter'
2022-11-21T19:37:46.1747759Z http.https://github.com/.extraheader
2022-11-21T19:37:46.2123350Z Entering 'scripts/packages/JuliaInterpreter'
2022-11-21T19:37:46.2548187Z http.https://github.com/.extraheader
2022-11-21T19:37:46.2926950Z Entering 'scripts/packages/LanguageServer'
2022-11-21T19:37:46.3356101Z http.https://github.com/.extraheader
2022-11-21T19:37:46.3746454Z Entering 'scripts/packages/LoweredCodeUtils'
2022-11-21T19:37:46.4179819Z http.https://github.com/.extraheader
2022-11-21T19:37:46.4559689Z Entering 'scripts/packages/OrderedCollections'
2022-11-21T19:37:46.4987134Z http.https://github.com/.extraheader
2022-11-21T19:37:46.5361471Z Entering 'scripts/packages/PackageCompiler'
2022-11-21T19:37:46.5791099Z http.https://github.com/.extraheader
2022-11-21T19:37:46.6164045Z Entering 'scripts/packages/Revise'
2022-11-21T19:37:46.6585281Z http.https://github.com/.extraheader
2022-11-21T19:37:46.6957774Z Entering 'scripts/packages/StaticLint'
2022-11-21T19:37:46.7376062Z http.https://github.com/.extraheader
2022-11-21T19:37:46.7744350Z Entering 'scripts/packages/SymbolServer'
2022-11-21T19:37:46.8160071Z http.https://github.com/.extraheader
2022-11-21T19:37:46.8531009Z Entering 'scripts/packages/TestEnv'
2022-11-21T19:37:46.8955163Z http.https://github.com/.extraheader
2022-11-21T19:37:46.9336206Z Entering 'scripts/packages/TestItemDetection'
2022-11-21T19:37:46.9757613Z http.https://github.com/.extraheader
2022-11-21T19:37:47.0136098Z Entering 'scripts/packages/Tokenize'
2022-11-21T19:37:47.0555058Z http.https://github.com/.extraheader
2022-11-21T19:37:47.0926465Z Entering 'scripts/packages/URIParser'
2022-11-21T19:37:47.1341312Z http.https://github.com/.extraheader
2022-11-21T19:37:47.1710926Z Entering 'scripts/packages/URIs'
2022-11-21T19:37:47.2148256Z http.https://github.com/.extraheader
2022-11-21T19:37:47.2925725Z Cleaning up orphan processes
