2022-11-21T19:05:48.8932936Z Requested labels: ubuntu-latest
2022-11-21T19:05:48.8932966Z Job defined at: AlphaSteam/julia-vscode-microprint-test/.github/workflows/main.yml@refs/heads/master
2022-11-21T19:05:48.8932983Z Waiting for a runner to pick up this job...
2022-11-21T19:05:49.4505815Z Job is waiting for a hosted runner to come online.
2022-11-21T19:05:54.4923814Z Job is about to start running on the hosted runner: GitHub Actions 7 (hosted)
2022-11-21T19:05:57.4077052Z Current runner version: '2.299.1'
2022-11-21T19:05:57.4112045Z ##[group]Operating System
2022-11-21T19:05:57.4112820Z Ubuntu
2022-11-21T19:05:57.4113200Z 20.04.5
2022-11-21T19:05:57.4113491Z LTS
2022-11-21T19:05:57.4113866Z ##[endgroup]
2022-11-21T19:05:57.4114302Z ##[group]Runner Image
2022-11-21T19:05:57.4114704Z Image: ubuntu-20.04
2022-11-21T19:05:57.4115126Z Version: 20221027.1
2022-11-21T19:05:57.4115770Z Included Software: https://github.com/actions/runner-images/blob/ubuntu20/20221027.1/images/linux/Ubuntu2004-Readme.md
2022-11-21T19:05:57.4116532Z Image Release: https://github.com/actions/runner-images/releases/tag/ubuntu20%2F20221027.1
2022-11-21T19:05:57.4117129Z ##[endgroup]
2022-11-21T19:05:57.4117584Z ##[group]Runner Image Provisioner
2022-11-21T19:05:57.4117961Z 2.0.91.1
2022-11-21T19:05:57.4118345Z ##[endgroup]
2022-11-21T19:05:57.4119632Z ##[group]GITHUB_TOKEN Permissions
2022-11-21T19:05:57.4120398Z Actions: write
2022-11-21T19:05:57.4120795Z Checks: write
2022-11-21T19:05:57.4121348Z Contents: write
2022-11-21T19:05:57.4121864Z Deployments: write
2022-11-21T19:05:57.4122234Z Discussions: write
2022-11-21T19:05:57.4122631Z Issues: write
2022-11-21T19:05:57.4123026Z Metadata: read
2022-11-21T19:05:57.4123385Z Packages: write
2022-11-21T19:05:57.4123839Z Pages: write
2022-11-21T19:05:57.4124247Z PullRequests: write
2022-11-21T19:05:57.4124644Z RepositoryProjects: write
2022-11-21T19:05:57.4125110Z SecurityEvents: write
2022-11-21T19:05:57.4125572Z Statuses: write
2022-11-21T19:05:57.4125914Z ##[endgroup]
2022-11-21T19:05:57.4129969Z Secret source: Actions
2022-11-21T19:05:57.4130590Z Prepare workflow directory
2022-11-21T19:05:57.5318720Z Prepare all required actions
2022-11-21T19:05:57.5532187Z Getting action download info
2022-11-21T19:05:58.1638158Z Download action repository 'actions/checkout@v2' (SHA:e2f20e631ae6d7dd3b768f56a5d2af784dd54791)
2022-11-21T19:05:58.4871395Z Download action repository 'julia-actions/setup-julia@v1' (SHA:e802804276a3d8bda6eeb8ec5c3a250216f9687b)
2022-11-21T19:05:58.9038978Z ##[group]Run actions/checkout@v2
2022-11-21T19:05:58.9039327Z with:
2022-11-21T19:05:58.9039572Z   submodules: true
2022-11-21T19:05:58.9039923Z   repository: AlphaSteam/julia-vscode-microprint-test
2022-11-21T19:05:58.9040490Z   token: ***
2022-11-21T19:05:58.9040741Z   ssh-strict: true
2022-11-21T19:05:58.9041016Z   persist-credentials: true
2022-11-21T19:05:58.9041273Z   clean: true
2022-11-21T19:05:58.9041510Z   fetch-depth: 1
2022-11-21T19:05:58.9041769Z   lfs: false
2022-11-21T19:05:58.9042009Z   set-safe-directory: true
2022-11-21T19:05:58.9042266Z env:
2022-11-21T19:05:58.9042495Z   NODE_VERSION: 16
2022-11-21T19:05:58.9042724Z ##[endgroup]
2022-11-21T19:05:59.2576371Z Syncing repository: AlphaSteam/julia-vscode-microprint-test
2022-11-21T19:05:59.2578333Z ##[group]Getting Git version info
2022-11-21T19:05:59.2579078Z Working directory is '/home/runner/work/julia-vscode-microprint-test/julia-vscode-microprint-test'
2022-11-21T19:05:59.2579847Z [command]/usr/bin/git version
2022-11-21T19:05:59.2734206Z git version 2.38.1
2022-11-21T19:05:59.2735285Z ##[endgroup]
2022-11-21T19:05:59.2755759Z Temporarily overriding HOME='/home/runner/work/_temp/d7c60119-abd5-48cd-b278-f8a106f2cedd' before making global git config changes
2022-11-21T19:05:59.2756354Z Adding repository directory to the temporary git global config as a safe directory
2022-11-21T19:05:59.2757150Z [command]/usr/bin/git config --global --add safe.directory /home/runner/work/julia-vscode-microprint-test/julia-vscode-microprint-test
2022-11-21T19:05:59.2808106Z Deleting the contents of '/home/runner/work/julia-vscode-microprint-test/julia-vscode-microprint-test'
2022-11-21T19:05:59.2813333Z ##[group]Initializing the repository
2022-11-21T19:05:59.2817478Z [command]/usr/bin/git init /home/runner/work/julia-vscode-microprint-test/julia-vscode-microprint-test
2022-11-21T19:05:59.2924271Z hint: Using 'master' as the name for the initial branch. This default branch name
2022-11-21T19:05:59.2925131Z hint: is subject to change. To configure the initial branch name to use in all
2022-11-21T19:05:59.2926797Z hint: of your new repositories, which will suppress this warning, call:
2022-11-21T19:05:59.2927637Z hint: 
2022-11-21T19:05:59.2928591Z hint: 	git config --global init.defaultBranch <name>
2022-11-21T19:05:59.2929019Z hint: 
2022-11-21T19:05:59.2929877Z hint: Names commonly chosen instead of 'master' are 'main', 'trunk' and
2022-11-21T19:05:59.2930558Z hint: 'development'. The just-created branch can be renamed via this command:
2022-11-21T19:05:59.2931003Z hint: 
2022-11-21T19:05:59.2931787Z hint: 	git branch -m <name>
2022-11-21T19:05:59.2939422Z Initialized empty Git repository in /home/runner/work/julia-vscode-microprint-test/julia-vscode-microprint-test/.git/
2022-11-21T19:05:59.2953665Z [command]/usr/bin/git remote add origin https://github.com/AlphaSteam/julia-vscode-microprint-test
2022-11-21T19:05:59.3002225Z ##[endgroup]
2022-11-21T19:05:59.3003131Z ##[group]Disabling automatic garbage collection
2022-11-21T19:05:59.3007711Z [command]/usr/bin/git config --local gc.auto 0
2022-11-21T19:05:59.3043091Z ##[endgroup]
2022-11-21T19:05:59.3043965Z ##[group]Setting up auth
2022-11-21T19:05:59.3052501Z [command]/usr/bin/git config --local --name-only --get-regexp core\.sshCommand
2022-11-21T19:05:59.3091399Z [command]/usr/bin/git submodule foreach --recursive git config --local --name-only --get-regexp 'core\.sshCommand' && git config --local --unset-all 'core.sshCommand' || :
2022-11-21T19:05:59.3616652Z [command]/usr/bin/git config --local --name-only --get-regexp http\.https\:\/\/github\.com\/\.extraheader
2022-11-21T19:05:59.3617793Z [command]/usr/bin/git submodule foreach --recursive git config --local --name-only --get-regexp 'http\.https\:\/\/github\.com\/\.extraheader' && git config --local --unset-all 'http.https://github.com/.extraheader' || :
2022-11-21T19:05:59.3946644Z [command]/usr/bin/git config --local http.https://github.com/.extraheader AUTHORIZATION: basic ***
2022-11-21T19:05:59.3982979Z ##[endgroup]
2022-11-21T19:05:59.3983877Z ##[group]Fetching the repository
2022-11-21T19:05:59.3996371Z [command]/usr/bin/git -c protocol.version=2 fetch --no-tags --prune --progress --no-recurse-submodules --depth=1 origin +ade1ff6e625962aa7f2e7f4075a0d9473c44c490:refs/remotes/origin/master
2022-11-21T19:05:59.6145092Z remote: Enumerating objects: 363, done.        
2022-11-21T19:05:59.6148052Z remote: Counting objects:   0% (1/363)        
2022-11-21T19:05:59.6151079Z remote: Counting objects:   1% (4/363)        
2022-11-21T19:05:59.6152160Z remote: Counting objects:   2% (8/363)        
2022-11-21T19:05:59.6153011Z remote: Counting objects:   3% (11/363)        
2022-11-21T19:05:59.6154068Z remote: Counting objects:   4% (15/363)        
2022-11-21T19:05:59.6154950Z remote: Counting objects:   5% (19/363)        
2022-11-21T19:05:59.6155696Z remote: Counting objects:   6% (22/363)        
2022-11-21T19:05:59.6156662Z remote: Counting objects:   7% (26/363)        
2022-11-21T19:05:59.6157462Z remote: Counting objects:   8% (30/363)        
2022-11-21T19:05:59.6158525Z remote: Counting objects:   9% (33/363)        
2022-11-21T19:05:59.6159804Z remote: Counting objects:  10% (37/363)        
2022-11-21T19:05:59.6160705Z remote: Counting objects:  11% (40/363)        
2022-11-21T19:05:59.6161613Z remote: Counting objects:  12% (44/363)        
2022-11-21T19:05:59.6162435Z remote: Counting objects:  13% (48/363)        
2022-11-21T19:05:59.6168870Z remote: Counting objects:  14% (51/363)        
2022-11-21T19:05:59.6174217Z remote: Counting objects:  15% (55/363)        
2022-11-21T19:05:59.6178224Z remote: Counting objects:  16% (59/363)        
2022-11-21T19:05:59.6182900Z remote: Counting objects:  17% (62/363)        
2022-11-21T19:05:59.6186818Z remote: Counting objects:  18% (66/363)        
2022-11-21T19:05:59.6193884Z remote: Counting objects:  19% (69/363)        
2022-11-21T19:05:59.6198586Z remote: Counting objects:  20% (73/363)        
2022-11-21T19:05:59.6202619Z remote: Counting objects:  21% (77/363)        
2022-11-21T19:05:59.6207277Z remote: Counting objects:  22% (80/363)        
2022-11-21T19:05:59.6208224Z remote: Counting objects:  23% (84/363)        
2022-11-21T19:05:59.6208969Z remote: Counting objects:  24% (88/363)        
2022-11-21T19:05:59.6209449Z remote: Counting objects:  25% (91/363)        
2022-11-21T19:05:59.6210152Z remote: Counting objects:  26% (95/363)        
2022-11-21T19:05:59.6210833Z remote: Counting objects:  27% (99/363)        
2022-11-21T19:05:59.6212377Z remote: Counting objects:  28% (102/363)        
2022-11-21T19:05:59.6213634Z remote: Counting objects:  29% (106/363)        
2022-11-21T19:05:59.6214930Z remote: Counting objects:  30% (109/363)        
2022-11-21T19:05:59.6216152Z remote: Counting objects:  31% (113/363)        
2022-11-21T19:05:59.6216985Z remote: Counting objects:  32% (117/363)        
2022-11-21T19:05:59.6217693Z remote: Counting objects:  33% (120/363)        
2022-11-21T19:05:59.6224529Z remote: Counting objects:  34% (124/363)        
2022-11-21T19:05:59.6226357Z remote: Counting objects:  35% (128/363)        
2022-11-21T19:05:59.6228176Z remote: Counting objects:  36% (131/363)        
2022-11-21T19:05:59.6228941Z remote: Counting objects:  37% (135/363)        
2022-11-21T19:05:59.6230253Z remote: Counting objects:  38% (138/363)        
2022-11-21T19:05:59.6231028Z remote: Counting objects:  39% (142/363)        
2022-11-21T19:05:59.6231829Z remote: Counting objects:  40% (146/363)        
2022-11-21T19:05:59.6232434Z remote: Counting objects:  41% (149/363)        
2022-11-21T19:05:59.6233105Z remote: Counting objects:  42% (153/363)        
2022-11-21T19:05:59.6233743Z remote: Counting objects:  43% (157/363)        
2022-11-21T19:05:59.6234421Z remote: Counting objects:  44% (160/363)        
2022-11-21T19:05:59.6235098Z remote: Counting objects:  45% (164/363)        
2022-11-21T19:05:59.6236005Z remote: Counting objects:  46% (167/363)        
2022-11-21T19:05:59.6236539Z remote: Counting objects:  47% (171/363)        
2022-11-21T19:05:59.6237596Z remote: Counting objects:  48% (175/363)        
2022-11-21T19:05:59.6238523Z remote: Counting objects:  49% (178/363)        
2022-11-21T19:05:59.6239233Z remote: Counting objects:  50% (182/363)        
2022-11-21T19:05:59.6239879Z remote: Counting objects:  51% (186/363)        
2022-11-21T19:05:59.6240549Z remote: Counting objects:  52% (189/363)        
2022-11-21T19:05:59.6241218Z remote: Counting objects:  53% (193/363)        
2022-11-21T19:05:59.6241898Z remote: Counting objects:  54% (197/363)        
2022-11-21T19:05:59.6242542Z remote: Counting objects:  55% (200/363)        
2022-11-21T19:05:59.6243187Z remote: Counting objects:  56% (204/363)        
2022-11-21T19:05:59.6243961Z remote: Counting objects:  57% (207/363)        
2022-11-21T19:05:59.6246062Z remote: Counting objects:  58% (211/363)        
2022-11-21T19:05:59.6246382Z remote: Counting objects:  59% (215/363)        
2022-11-21T19:05:59.6246886Z remote: Counting objects:  60% (218/363)        
2022-11-21T19:05:59.6247924Z remote: Counting objects:  61% (222/363)        
2022-11-21T19:05:59.6333644Z remote: Counting objects:  62% (226/363)        
2022-11-21T19:05:59.6334026Z remote: Counting objects:  63% (229/363)        
2022-11-21T19:05:59.6334374Z remote: Counting objects:  64% (233/363)        
2022-11-21T19:05:59.6334751Z remote: Counting objects:  65% (236/363)        
2022-11-21T19:05:59.6335062Z remote: Counting objects:  66% (240/363)        
2022-11-21T19:05:59.6335382Z remote: Counting objects:  67% (244/363)        
2022-11-21T19:05:59.6335705Z remote: Counting objects:  68% (247/363)        
2022-11-21T19:05:59.6336009Z remote: Counting objects:  69% (251/363)        
2022-11-21T19:05:59.6336324Z remote: Counting objects:  70% (255/363)        
2022-11-21T19:05:59.6336643Z remote: Counting objects:  71% (258/363)        
2022-11-21T19:05:59.6336945Z remote: Counting objects:  72% (262/363)        
2022-11-21T19:05:59.6337259Z remote: Counting objects:  73% (265/363)        
2022-11-21T19:05:59.6337589Z remote: Counting objects:  74% (269/363)        
2022-11-21T19:05:59.6338109Z remote: Counting objects:  75% (273/363)        
2022-11-21T19:05:59.6338432Z remote: Counting objects:  76% (276/363)        
2022-11-21T19:05:59.6338756Z remote: Counting objects:  77% (280/363)        
2022-11-21T19:05:59.6339072Z remote: Counting objects:  78% (284/363)        
2022-11-21T19:05:59.6339373Z remote: Counting objects:  79% (287/363)        
2022-11-21T19:05:59.6339689Z remote: Counting objects:  80% (291/363)        
2022-11-21T19:05:59.6340013Z remote: Counting objects:  81% (295/363)        
2022-11-21T19:05:59.6340313Z remote: Counting objects:  82% (298/363)        
2022-11-21T19:05:59.6340701Z remote: Counting objects:  83% (302/363)        
2022-11-21T19:05:59.6341023Z remote: Counting objects:  84% (305/363)        
2022-11-21T19:05:59.6341322Z remote: Counting objects:  85% (309/363)        
2022-11-21T19:05:59.6341634Z remote: Counting objects:  86% (313/363)        
2022-11-21T19:05:59.6341954Z remote: Counting objects:  87% (316/363)        
2022-11-21T19:05:59.6342277Z remote: Counting objects:  88% (320/363)        
2022-11-21T19:05:59.6342580Z remote: Counting objects:  89% (324/363)        
2022-11-21T19:05:59.6342896Z remote: Counting objects:  90% (327/363)        
2022-11-21T19:05:59.6343212Z remote: Counting objects:  91% (331/363)        
2022-11-21T19:05:59.6343510Z remote: Counting objects:  92% (334/363)        
2022-11-21T19:05:59.6343821Z remote: Counting objects:  93% (338/363)        
2022-11-21T19:05:59.6344135Z remote: Counting objects:  94% (342/363)        
2022-11-21T19:05:59.6344437Z remote: Counting objects:  95% (345/363)        
2022-11-21T19:05:59.6344749Z remote: Counting objects:  96% (349/363)        
2022-11-21T19:05:59.6345063Z remote: Counting objects:  97% (353/363)        
2022-11-21T19:05:59.6345363Z remote: Counting objects:  98% (356/363)        
2022-11-21T19:05:59.6345675Z remote: Counting objects:  99% (360/363)        
2022-11-21T19:05:59.6346108Z remote: Counting objects: 100% (363/363)        
2022-11-21T19:05:59.6346457Z remote: Counting objects: 100% (363/363), done.        
2022-11-21T19:05:59.6346806Z remote: Compressing objects:   0% (1/306)        
2022-11-21T19:05:59.6347153Z remote: Compressing objects:   1% (4/306)        
2022-11-21T19:05:59.6347490Z remote: Compressing objects:   2% (7/306)        
2022-11-21T19:05:59.6377288Z remote: Compressing objects:   3% (10/306)        
2022-11-21T19:05:59.6377673Z remote: Compressing objects:   4% (13/306)        
2022-11-21T19:05:59.6386270Z remote: Compressing objects:   5% (16/306)        
2022-11-21T19:05:59.6391382Z remote: Compressing objects:   6% (19/306)        
2022-11-21T19:05:59.6398363Z remote: Compressing objects:   7% (22/306)        
2022-11-21T19:05:59.6398758Z remote: Compressing objects:   8% (25/306)        
2022-11-21T19:05:59.6414072Z remote: Compressing objects:   9% (28/306)        
2022-11-21T19:05:59.6417559Z remote: Compressing objects:  10% (31/306)        
2022-11-21T19:05:59.6438785Z remote: Compressing objects:  11% (34/306)        
2022-11-21T19:05:59.6461885Z remote: Compressing objects:  12% (37/306)        
2022-11-21T19:05:59.6504140Z remote: Compressing objects:  13% (40/306)        
2022-11-21T19:05:59.6543948Z remote: Compressing objects:  14% (43/306)        
2022-11-21T19:05:59.6571211Z remote: Compressing objects:  15% (46/306)        
2022-11-21T19:05:59.6597792Z remote: Compressing objects:  16% (49/306)        
2022-11-21T19:05:59.6598238Z remote: Compressing objects:  17% (53/306)        
2022-11-21T19:05:59.6598566Z remote: Compressing objects:  18% (56/306)        
2022-11-21T19:05:59.6598906Z remote: Compressing objects:  19% (59/306)        
2022-11-21T19:05:59.6707017Z remote: Compressing objects:  20% (62/306)        
2022-11-21T19:05:59.6708931Z remote: Compressing objects:  21% (65/306)        
2022-11-21T19:05:59.6709337Z remote: Compressing objects:  22% (68/306)        
2022-11-21T19:05:59.7711688Z remote: Compressing objects:  23% (71/306)        
2022-11-21T19:05:59.8284907Z remote: Compressing objects:  24% (74/306)        
2022-11-21T19:05:59.8297986Z remote: Compressing objects:  25% (77/306)        
2022-11-21T19:05:59.8324651Z remote: Compressing objects:  26% (80/306)        
2022-11-21T19:05:59.8325046Z remote: Compressing objects:  27% (83/306)        
2022-11-21T19:05:59.8326084Z remote: Compressing objects:  28% (86/306)        
2022-11-21T19:05:59.8326445Z remote: Compressing objects:  29% (89/306)        
2022-11-21T19:05:59.8326788Z remote: Compressing objects:  30% (92/306)        
2022-11-21T19:05:59.8327126Z remote: Compressing objects:  31% (95/306)        
2022-11-21T19:05:59.8327448Z remote: Compressing objects:  32% (98/306)        
2022-11-21T19:05:59.8327788Z remote: Compressing objects:  33% (101/306)        
2022-11-21T19:05:59.8328434Z remote: Compressing objects:  34% (105/306)        
2022-11-21T19:05:59.8391239Z remote: Compressing objects:  35% (108/306)        
2022-11-21T19:05:59.8391663Z remote: Compressing objects:  36% (111/306)        
2022-11-21T19:05:59.8398981Z remote: Compressing objects:  37% (114/306)        
2022-11-21T19:05:59.8399372Z remote: Compressing objects:  38% (117/306)        
2022-11-21T19:05:59.8399708Z remote: Compressing objects:  39% (120/306)        
2022-11-21T19:05:59.8403639Z remote: Compressing objects:  40% (123/306)        
2022-11-21T19:05:59.8437894Z remote: Compressing objects:  41% (126/306)        
2022-11-21T19:05:59.8438301Z remote: Compressing objects:  42% (129/306)        
2022-11-21T19:05:59.8438656Z remote: Compressing objects:  43% (132/306)        
2022-11-21T19:05:59.8439000Z remote: Compressing objects:  44% (135/306)        
2022-11-21T19:05:59.8439324Z remote: Compressing objects:  45% (138/306)        
2022-11-21T19:05:59.8441038Z remote: Compressing objects:  46% (141/306)        
2022-11-21T19:05:59.8441382Z remote: Compressing objects:  47% (144/306)        
2022-11-21T19:05:59.8462248Z remote: Compressing objects:  48% (147/306)        
2022-11-21T19:05:59.8463468Z remote: Compressing objects:  49% (150/306)        
2022-11-21T19:05:59.8467266Z remote: Compressing objects:  50% (153/306)        
2022-11-21T19:05:59.8483636Z remote: Compressing objects:  51% (157/306)        
2022-11-21T19:05:59.8484025Z remote: Compressing objects:  52% (160/306)        
2022-11-21T19:05:59.8484354Z remote: Compressing objects:  53% (163/306)        
2022-11-21T19:05:59.8484699Z remote: Compressing objects:  54% (166/306)        
2022-11-21T19:05:59.8485042Z remote: Compressing objects:  55% (169/306)        
2022-11-21T19:05:59.8485368Z remote: Compressing objects:  56% (172/306)        
2022-11-21T19:05:59.8485709Z remote: Compressing objects:  57% (175/306)        
2022-11-21T19:05:59.8486048Z remote: Compressing objects:  58% (178/306)        
2022-11-21T19:05:59.8486371Z remote: Compressing objects:  59% (181/306)        
2022-11-21T19:05:59.8486709Z remote: Compressing objects:  60% (184/306)        
2022-11-21T19:05:59.8487044Z remote: Compressing objects:  61% (187/306)        
2022-11-21T19:05:59.8492606Z remote: Compressing objects:  62% (190/306)        
2022-11-21T19:05:59.8512468Z remote: Compressing objects:  63% (193/306)        
2022-11-21T19:05:59.8512870Z remote: Compressing objects:  64% (196/306)        
2022-11-21T19:05:59.8513200Z remote: Compressing objects:  65% (199/306)        
2022-11-21T19:05:59.8513546Z remote: Compressing objects:  66% (202/306)        
2022-11-21T19:05:59.8513887Z remote: Compressing objects:  67% (206/306)        
2022-11-21T19:05:59.8514208Z remote: Compressing objects:  68% (209/306)        
2022-11-21T19:05:59.8514543Z remote: Compressing objects:  69% (212/306)        
2022-11-21T19:05:59.8514880Z remote: Compressing objects:  70% (215/306)        
2022-11-21T19:05:59.8515197Z remote: Compressing objects:  71% (218/306)        
2022-11-21T19:05:59.8515536Z remote: Compressing objects:  72% (221/306)        
2022-11-21T19:05:59.8515867Z remote: Compressing objects:  73% (224/306)        
2022-11-21T19:05:59.8516197Z remote: Compressing objects:  74% (227/306)        
2022-11-21T19:05:59.8516528Z remote: Compressing objects:  75% (230/306)        
2022-11-21T19:05:59.8517104Z remote: Compressing objects:  76% (233/306)        
2022-11-21T19:05:59.8517438Z remote: Compressing objects:  77% (236/306)        
2022-11-21T19:05:59.8517758Z remote: Compressing objects:  78% (239/306)        
2022-11-21T19:05:59.8518087Z remote: Compressing objects:  79% (242/306)        
2022-11-21T19:05:59.8518417Z remote: Compressing objects:  80% (245/306)        
2022-11-21T19:05:59.8559033Z remote: Compressing objects:  81% (248/306)        
2022-11-21T19:05:59.8559576Z remote: Compressing objects:  82% (251/306)        
2022-11-21T19:05:59.8560051Z remote: Compressing objects:  83% (254/306)        
2022-11-21T19:05:59.8560517Z remote: Compressing objects:  84% (258/306)        
2022-11-21T19:05:59.8560966Z remote: Compressing objects:  85% (261/306)        
2022-11-21T19:05:59.8561422Z remote: Compressing objects:  86% (264/306)        
2022-11-21T19:05:59.8561894Z remote: Compressing objects:  87% (267/306)        
2022-11-21T19:05:59.8562344Z remote: Compressing objects:  88% (270/306)        
2022-11-21T19:05:59.8562802Z remote: Compressing objects:  89% (273/306)        
2022-11-21T19:05:59.8563261Z remote: Compressing objects:  90% (276/306)        
2022-11-21T19:05:59.8566382Z remote: Compressing objects:  91% (279/306)        
2022-11-21T19:05:59.8566913Z remote: Compressing objects:  92% (282/306)        
2022-11-21T19:05:59.8567372Z remote: Compressing objects:  93% (285/306)        
2022-11-21T19:05:59.8567827Z remote: Compressing objects:  94% (288/306)        
2022-11-21T19:05:59.8568263Z remote: Compressing objects:  95% (291/306)        
2022-11-21T19:05:59.8568717Z remote: Compressing objects:  96% (294/306)        
2022-11-21T19:05:59.8569171Z remote: Compressing objects:  97% (297/306)        
2022-11-21T19:05:59.8569610Z remote: Compressing objects:  98% (300/306)        
2022-11-21T19:05:59.8570062Z remote: Compressing objects:  99% (303/306)        
2022-11-21T19:05:59.8570744Z remote: Compressing objects: 100% (306/306)        
2022-11-21T19:05:59.8571230Z remote: Compressing objects: 100% (306/306), done.        
2022-11-21T19:05:59.8623695Z Receiving objects:   0% (1/363)
2022-11-21T19:05:59.8627155Z Receiving objects:   1% (4/363)
2022-11-21T19:05:59.8633595Z Receiving objects:   2% (8/363)
2022-11-21T19:05:59.8637514Z Receiving objects:   3% (11/363)
2022-11-21T19:05:59.8650320Z Receiving objects:   4% (15/363)
2022-11-21T19:05:59.8654179Z Receiving objects:   5% (19/363)
2022-11-21T19:05:59.8660785Z Receiving objects:   6% (22/363)
2022-11-21T19:05:59.8664379Z Receiving objects:   7% (26/363)
2022-11-21T19:05:59.8675236Z Receiving objects:   8% (30/363)
2022-11-21T19:05:59.8697265Z Receiving objects:   9% (33/363)
2022-11-21T19:05:59.8841959Z Receiving objects:  10% (37/363)
2022-11-21T19:05:59.8882460Z Receiving objects:  11% (40/363)
2022-11-21T19:05:59.8892618Z Receiving objects:  12% (44/363)
2022-11-21T19:05:59.8917523Z Receiving objects:  13% (48/363)
2022-11-21T19:05:59.8950858Z Receiving objects:  14% (51/363)
2022-11-21T19:05:59.8967908Z Receiving objects:  15% (55/363)
2022-11-21T19:05:59.8985598Z Receiving objects:  16% (59/363)
2022-11-21T19:05:59.9011155Z Receiving objects:  17% (62/363)
2022-11-21T19:05:59.9038815Z Receiving objects:  18% (66/363)
2022-11-21T19:05:59.9067650Z Receiving objects:  19% (69/363)
2022-11-21T19:05:59.9105546Z Receiving objects:  20% (73/363)
2022-11-21T19:05:59.9131098Z Receiving objects:  21% (77/363)
2022-11-21T19:05:59.9156773Z Receiving objects:  22% (80/363)
2022-11-21T19:05:59.9179010Z Receiving objects:  23% (84/363)
2022-11-21T19:05:59.9196303Z Receiving objects:  24% (88/363)
2022-11-21T19:05:59.9217227Z Receiving objects:  25% (91/363)
2022-11-21T19:05:59.9230495Z Receiving objects:  26% (95/363)
2022-11-21T19:05:59.9238183Z Receiving objects:  27% (99/363)
2022-11-21T19:05:59.9245926Z Receiving objects:  28% (102/363)
2022-11-21T19:05:59.9251612Z Receiving objects:  29% (106/363)
2022-11-21T19:05:59.9268647Z Receiving objects:  30% (109/363)
2022-11-21T19:06:00.0963482Z Receiving objects:  31% (113/363)
2022-11-21T19:06:00.0975420Z Receiving objects:  32% (117/363)
2022-11-21T19:06:00.1096215Z Receiving objects:  33% (120/363)
2022-11-21T19:06:00.1173784Z Receiving objects:  34% (124/363)
2022-11-21T19:06:00.1198396Z Receiving objects:  35% (128/363)
2022-11-21T19:06:00.1276720Z Receiving objects:  36% (131/363)
2022-11-21T19:06:00.1277445Z Receiving objects:  37% (135/363)
2022-11-21T19:06:00.1446328Z Receiving objects:  38% (138/363)
2022-11-21T19:06:00.1500757Z Receiving objects:  39% (142/363)
2022-11-21T19:06:00.1507709Z Receiving objects:  40% (146/363)
2022-11-21T19:06:00.1508332Z Receiving objects:  41% (149/363)
2022-11-21T19:06:00.1512772Z Receiving objects:  42% (153/363)
2022-11-21T19:06:00.1513416Z Receiving objects:  43% (157/363)
2022-11-21T19:06:00.1514193Z Receiving objects:  44% (160/363)
2022-11-21T19:06:00.1515552Z Receiving objects:  45% (164/363)
2022-11-21T19:06:00.1516307Z Receiving objects:  46% (167/363)
2022-11-21T19:06:00.1516955Z Receiving objects:  47% (171/363)
2022-11-21T19:06:00.1522257Z Receiving objects:  48% (175/363)
2022-11-21T19:06:00.1522910Z Receiving objects:  49% (178/363)
2022-11-21T19:06:00.1523930Z Receiving objects:  50% (182/363)
2022-11-21T19:06:00.1524766Z Receiving objects:  51% (186/363)
2022-11-21T19:06:00.1525037Z Receiving objects:  52% (189/363)
2022-11-21T19:06:00.1525318Z Receiving objects:  53% (193/363)
2022-11-21T19:06:00.1525713Z Receiving objects:  54% (197/363)
2022-11-21T19:06:00.1526482Z Receiving objects:  55% (200/363)
2022-11-21T19:06:00.1527095Z Receiving objects:  56% (204/363)
2022-11-21T19:06:00.1530841Z Receiving objects:  57% (207/363)
2022-11-21T19:06:00.1531310Z Receiving objects:  58% (211/363)
2022-11-21T19:06:00.1531576Z Receiving objects:  59% (215/363)
2022-11-21T19:06:00.1531978Z Receiving objects:  60% (218/363)
2022-11-21T19:06:00.1536078Z Receiving objects:  61% (222/363)
2022-11-21T19:06:00.1539921Z Receiving objects:  62% (226/363)
2022-11-21T19:06:00.1542891Z Receiving objects:  63% (229/363)
2022-11-21T19:06:00.1546862Z Receiving objects:  64% (233/363)
2022-11-21T19:06:00.1553452Z Receiving objects:  65% (236/363)
2022-11-21T19:06:00.1554172Z Receiving objects:  66% (240/363)
2022-11-21T19:06:00.1555863Z Receiving objects:  67% (244/363)
2022-11-21T19:06:00.1556596Z Receiving objects:  68% (247/363)
2022-11-21T19:06:00.1563298Z Receiving objects:  69% (251/363)
2022-11-21T19:06:00.1563747Z Receiving objects:  70% (255/363)
2022-11-21T19:06:00.1564013Z Receiving objects:  71% (258/363)
2022-11-21T19:06:00.1564276Z Receiving objects:  72% (262/363)
2022-11-21T19:06:00.1564523Z Receiving objects:  73% (265/363)
2022-11-21T19:06:00.1565069Z Receiving objects:  74% (269/363)
2022-11-21T19:06:00.1566312Z Receiving objects:  75% (273/363)
2022-11-21T19:06:00.1567131Z Receiving objects:  76% (276/363)
2022-11-21T19:06:00.1567409Z Receiving objects:  77% (280/363)
2022-11-21T19:06:00.1567687Z Receiving objects:  78% (284/363)
2022-11-21T19:06:00.1568111Z Receiving objects:  79% (287/363)
2022-11-21T19:06:00.1568882Z Receiving objects:  80% (291/363)
2022-11-21T19:06:00.1569534Z Receiving objects:  81% (295/363)
2022-11-21T19:06:00.1570259Z Receiving objects:  82% (298/363)
2022-11-21T19:06:00.1571143Z Receiving objects:  83% (302/363)
2022-11-21T19:06:00.1574900Z Receiving objects:  84% (305/363)
2022-11-21T19:06:00.1579683Z Receiving objects:  85% (309/363)
2022-11-21T19:06:00.1585593Z Receiving objects:  86% (313/363)
2022-11-21T19:06:00.1586232Z Receiving objects:  87% (316/363)
2022-11-21T19:06:00.1602350Z Receiving objects:  88% (320/363)
2022-11-21T19:06:00.1606195Z Receiving objects:  89% (324/363)
2022-11-21T19:06:00.1611537Z Receiving objects:  90% (327/363)
2022-11-21T19:06:00.1614699Z Receiving objects:  91% (331/363)
2022-11-21T19:06:00.1615635Z remote: Total 363 (delta 51), reused 219 (delta 29), pack-reused 0        
2022-11-21T19:06:00.1617945Z Receiving objects:  92% (334/363)
2022-11-21T19:06:00.1618568Z Receiving objects:  93% (338/363)
2022-11-21T19:06:00.1621116Z Receiving objects:  94% (342/363)
2022-11-21T19:06:00.1628227Z Receiving objects:  95% (345/363)
2022-11-21T19:06:00.1628849Z Receiving objects:  96% (349/363)
2022-11-21T19:06:00.1629513Z Receiving objects:  97% (353/363)
2022-11-21T19:06:00.1634884Z Receiving objects:  98% (356/363)
2022-11-21T19:06:00.1635334Z Receiving objects:  99% (360/363)
2022-11-21T19:06:00.1636199Z Receiving objects: 100% (363/363)
2022-11-21T19:06:00.1637149Z Receiving objects: 100% (363/363), 3.55 MiB | 11.75 MiB/s, done.
2022-11-21T19:06:00.1677248Z Resolving deltas:   0% (0/51)
2022-11-21T19:06:00.1677697Z Resolving deltas:   1% (1/51)
2022-11-21T19:06:00.1698357Z Resolving deltas:   3% (2/51)
2022-11-21T19:06:00.1700468Z Resolving deltas:   5% (3/51)
2022-11-21T19:06:00.1701328Z Resolving deltas:   7% (4/51)
2022-11-21T19:06:00.1724114Z Resolving deltas:   9% (5/51)
2022-11-21T19:06:00.1727518Z Resolving deltas:  11% (6/51)
2022-11-21T19:06:00.1731078Z Resolving deltas:  13% (7/51)
2022-11-21T19:06:00.1735874Z Resolving deltas:  15% (8/51)
2022-11-21T19:06:00.1739065Z Resolving deltas:  17% (9/51)
2022-11-21T19:06:00.1741925Z Resolving deltas:  19% (10/51)
2022-11-21T19:06:00.1745333Z Resolving deltas:  21% (11/51)
2022-11-21T19:06:00.1748791Z Resolving deltas:  23% (12/51)
2022-11-21T19:06:00.1750314Z Resolving deltas:  25% (13/51)
2022-11-21T19:06:00.1759147Z Resolving deltas:  27% (14/51)
2022-11-21T19:06:00.1759701Z Resolving deltas:  29% (15/51)
2022-11-21T19:06:00.1762843Z Resolving deltas:  31% (16/51)
2022-11-21T19:06:00.1763565Z Resolving deltas:  33% (17/51)
2022-11-21T19:06:00.1764235Z Resolving deltas:  35% (18/51)
2022-11-21T19:06:00.1764872Z Resolving deltas:  37% (19/51)
2022-11-21T19:06:00.1766108Z Resolving deltas:  39% (20/51)
2022-11-21T19:06:00.1766762Z Resolving deltas:  41% (21/51)
2022-11-21T19:06:00.1767412Z Resolving deltas:  43% (22/51)
2022-11-21T19:06:00.1768007Z Resolving deltas:  45% (23/51)
2022-11-21T19:06:00.1768745Z Resolving deltas:  47% (24/51)
2022-11-21T19:06:00.1769552Z Resolving deltas:  49% (25/51)
2022-11-21T19:06:00.1769951Z Resolving deltas:  50% (26/51)
2022-11-21T19:06:00.1770607Z Resolving deltas:  52% (27/51)
2022-11-21T19:06:00.1771274Z Resolving deltas:  54% (28/51)
2022-11-21T19:06:00.1772634Z Resolving deltas:  56% (29/51)
2022-11-21T19:06:00.1773548Z Resolving deltas:  58% (30/51)
2022-11-21T19:06:00.1776495Z Resolving deltas:  60% (31/51)
2022-11-21T19:06:00.1776776Z Resolving deltas:  62% (32/51)
2022-11-21T19:06:00.1777200Z Resolving deltas:  64% (33/51)
2022-11-21T19:06:00.1777550Z Resolving deltas:  66% (34/51)
2022-11-21T19:06:00.1777916Z Resolving deltas:  68% (35/51)
2022-11-21T19:06:00.1778278Z Resolving deltas:  70% (36/51)
2022-11-21T19:06:00.1778638Z Resolving deltas:  72% (37/51)
2022-11-21T19:06:00.1778983Z Resolving deltas:  74% (38/51)
2022-11-21T19:06:00.1779347Z Resolving deltas:  76% (39/51)
2022-11-21T19:06:00.1779714Z Resolving deltas:  78% (40/51)
2022-11-21T19:06:00.1780070Z Resolving deltas:  80% (41/51)
2022-11-21T19:06:00.1783293Z Resolving deltas:  82% (42/51)
2022-11-21T19:06:00.1783572Z Resolving deltas:  84% (43/51)
2022-11-21T19:06:00.1783845Z Resolving deltas:  86% (44/51)
2022-11-21T19:06:00.1784103Z Resolving deltas:  88% (45/51)
2022-11-21T19:06:00.1784369Z Resolving deltas:  90% (46/51)
2022-11-21T19:06:00.1784637Z Resolving deltas:  92% (47/51)
2022-11-21T19:06:00.1784927Z Resolving deltas:  94% (48/51)
2022-11-21T19:06:00.1785194Z Resolving deltas:  96% (49/51)
2022-11-21T19:06:00.1785463Z Resolving deltas:  98% (50/51)
2022-11-21T19:06:00.1785717Z Resolving deltas: 100% (51/51)
2022-11-21T19:06:00.1785992Z Resolving deltas: 100% (51/51), done.
2022-11-21T19:06:00.1962641Z From https://github.com/AlphaSteam/julia-vscode-microprint-test
2022-11-21T19:06:00.1963615Z  * [new ref]         ade1ff6e625962aa7f2e7f4075a0d9473c44c490 -> origin/master
2022-11-21T19:06:00.2005076Z ##[endgroup]
2022-11-21T19:06:00.2005557Z ##[group]Determining the checkout info
2022-11-21T19:06:00.2006192Z ##[endgroup]
2022-11-21T19:06:00.2006640Z ##[group]Checking out the ref
2022-11-21T19:06:00.2007983Z [command]/usr/bin/git checkout --progress --force -B master refs/remotes/origin/master
2022-11-21T19:06:00.2841352Z Reset branch 'master'
2022-11-21T19:06:00.2843012Z branch 'master' set up to track 'origin/master'.
2022-11-21T19:06:00.2854512Z ##[endgroup]
2022-11-21T19:06:00.2856046Z ##[group]Setting up auth for fetching submodules
2022-11-21T19:06:00.2863695Z [command]/usr/bin/git config --global http.https://github.com/.extraheader AUTHORIZATION: basic ***
2022-11-21T19:06:00.2920146Z [command]/usr/bin/git config --global --unset-all url.https://github.com/.insteadOf
2022-11-21T19:06:00.2959805Z [command]/usr/bin/git config --global --add url.https://github.com/.insteadOf git@github.com:
2022-11-21T19:06:00.2998900Z [command]/usr/bin/git config --global --add url.https://github.com/.insteadOf org-30818940@github.com:
2022-11-21T19:06:00.3056586Z ##[endgroup]
2022-11-21T19:06:00.3057796Z ##[group]Fetching submodules
2022-11-21T19:06:00.3058497Z [command]/usr/bin/git submodule sync
2022-11-21T19:06:00.3353805Z [command]/usr/bin/git -c protocol.version=2 submodule update --init --force --depth=1
2022-11-21T19:06:00.3631286Z Submodule 'libs/jl-profile' (https://github.com/pfitzseb/jl-profile.js.git) registered for path 'libs/jl-profile'
2022-11-21T19:06:00.3634790Z Submodule 'scripts/packages-old/JuliaInterpreter' (https://github.com/JuliaDebug/JuliaInterpreter.jl.git) registered for path 'scripts/packages-old/JuliaInterpreter'
2022-11-21T19:06:00.3639474Z Submodule 'scripts/packages/CSTParser' (https://github.com/julia-vscode/CSTParser.jl.git) registered for path 'scripts/packages/CSTParser'
2022-11-21T19:06:00.3642542Z Submodule 'scripts/packages/CodeTracking' (https://github.com/timholy/CodeTracking.jl.git) registered for path 'scripts/packages/CodeTracking'
2022-11-21T19:06:00.3647279Z Submodule 'scripts/packages/CommonMark' (https://github.com/MichaelHatherly/CommonMark.jl.git) registered for path 'scripts/packages/CommonMark'
2022-11-21T19:06:00.3651864Z Submodule 'scripts/packages/Compat' (https://github.com/JuliaLang/Compat.jl.git) registered for path 'scripts/packages/Compat'
2022-11-21T19:06:00.3657326Z Submodule 'scripts/packages/CoverageTools' (https://github.com/JuliaCI/CoverageTools.jl.git) registered for path 'scripts/packages/CoverageTools'
2022-11-21T19:06:00.3661638Z Submodule 'scripts/packages/Crayons' (https://github.com/KristofferC/Crayons.jl.git) registered for path 'scripts/packages/Crayons'
2022-11-21T19:06:00.3666835Z Submodule 'scripts/packages/DataStructures' (https://github.com/JuliaCollections/DataStructures.jl.git) registered for path 'scripts/packages/DataStructures'
2022-11-21T19:06:00.3672436Z Submodule 'scripts/packages/DebugAdapter' (https://github.com/julia-vscode/DebugAdapter.jl.git) registered for path 'scripts/packages/DebugAdapter'
2022-11-21T19:06:00.3677655Z Submodule 'scripts/packages/FilePathsBase' (https://github.com/rofinn/FilePathsBase.jl.git) registered for path 'scripts/packages/FilePathsBase'
2022-11-21T19:06:00.3682800Z Submodule 'scripts/packages/IJuliaCore' (https://github.com/JuliaLang/IJuliaCore.jl.git) registered for path 'scripts/packages/IJuliaCore'
2022-11-21T19:06:00.3688188Z Submodule 'scripts/packages/JSON' (https://github.com/JuliaIO/JSON.jl.git) registered for path 'scripts/packages/JSON'
2022-11-21T19:06:00.3698827Z Submodule 'scripts/packages/JSONRPC' (https://github.com/julia-vscode/JSONRPC.jl.git) registered for path 'scripts/packages/JSONRPC'
2022-11-21T19:06:00.3704831Z Submodule 'scripts/packages/JuliaFormatter' (https://github.com/domluna/JuliaFormatter.jl.git) registered for path 'scripts/packages/JuliaFormatter'
2022-11-21T19:06:00.3710541Z Submodule 'scripts/packages/JuliaInterpreter' (https://github.com/JuliaDebug/JuliaInterpreter.jl.git) registered for path 'scripts/packages/JuliaInterpreter'
2022-11-21T19:06:00.3718452Z Submodule 'scripts/packages/LanguageServer' (https://github.com/julia-vscode/LanguageServer.jl.git) registered for path 'scripts/packages/LanguageServer'
2022-11-21T19:06:00.3724592Z Submodule 'scripts/packages/LoweredCodeUtils' (https://github.com/JuliaDebug/LoweredCodeUtils.jl.git) registered for path 'scripts/packages/LoweredCodeUtils'
2022-11-21T19:06:00.3731854Z Submodule 'scripts/packages/OrderedCollections' (https://github.com/JuliaCollections/OrderedCollections.jl.git) registered for path 'scripts/packages/OrderedCollections'
2022-11-21T19:06:00.3738402Z Submodule 'scripts/packages/PackageCompiler' (https://github.com/JuliaLang/PackageCompiler.jl.git) registered for path 'scripts/packages/PackageCompiler'
2022-11-21T19:06:00.3744823Z Submodule 'scripts/packages/Revise' (https://github.com/timholy/Revise.jl) registered for path 'scripts/packages/Revise'
2022-11-21T19:06:00.3751827Z Submodule 'scripts/packages/StaticLint' (https://github.com/julia-vscode/StaticLint.jl) registered for path 'scripts/packages/StaticLint'
2022-11-21T19:06:00.3758839Z Submodule 'scripts/packages/SymbolServer' (https://github.com/julia-vscode/SymbolServer.jl.git) registered for path 'scripts/packages/SymbolServer'
2022-11-21T19:06:00.3765753Z Submodule 'scripts/packages/TestEnv' (https://github.com/davidanthoff/TestEnv.jl) registered for path 'scripts/packages/TestEnv'
2022-11-21T19:06:00.3774687Z Submodule 'scripts/packages/TestItemDetection' (https://github.com/julia-vscode/TestItemDetection.jl) registered for path 'scripts/packages/TestItemDetection'
2022-11-21T19:06:00.3781432Z Submodule 'scripts/packages/Tokenize' (https://github.com/JuliaLang/Tokenize.jl.git) registered for path 'scripts/packages/Tokenize'
2022-11-21T19:06:00.3788756Z Submodule 'scripts/packages/URIParser' (https://github.com/JuliaWeb/URIParser.jl.git) registered for path 'scripts/packages/URIParser'
2022-11-21T19:06:00.3796016Z Submodule 'scripts/packages/URIs' (https://github.com/JuliaWeb/URIs.jl.git) registered for path 'scripts/packages/URIs'
2022-11-21T19:06:00.3829689Z Cloning into '/home/runner/work/julia-vscode-microprint-test/julia-vscode-microprint-test/libs/jl-profile'...
2022-11-21T19:06:00.7195665Z Cloning into '/home/runner/work/julia-vscode-microprint-test/julia-vscode-microprint-test/scripts/packages-old/JuliaInterpreter'...
2022-11-21T19:06:01.0910258Z Cloning into '/home/runner/work/julia-vscode-microprint-test/julia-vscode-microprint-test/scripts/packages/CSTParser'...
2022-11-21T19:06:01.4509854Z Cloning into '/home/runner/work/julia-vscode-microprint-test/julia-vscode-microprint-test/scripts/packages/CodeTracking'...
2022-11-21T19:06:01.7864758Z Cloning into '/home/runner/work/julia-vscode-microprint-test/julia-vscode-microprint-test/scripts/packages/CommonMark'...
2022-11-21T19:06:02.2394986Z Cloning into '/home/runner/work/julia-vscode-microprint-test/julia-vscode-microprint-test/scripts/packages/Compat'...
2022-11-21T19:06:02.6131710Z Cloning into '/home/runner/work/julia-vscode-microprint-test/julia-vscode-microprint-test/scripts/packages/CoverageTools'...
2022-11-21T19:06:03.0413445Z Cloning into '/home/runner/work/julia-vscode-microprint-test/julia-vscode-microprint-test/scripts/packages/Crayons'...
2022-11-21T19:06:03.3786797Z Cloning into '/home/runner/work/julia-vscode-microprint-test/julia-vscode-microprint-test/scripts/packages/DataStructures'...
2022-11-21T19:06:03.7464103Z Cloning into '/home/runner/work/julia-vscode-microprint-test/julia-vscode-microprint-test/scripts/packages/DebugAdapter'...
2022-11-21T19:06:04.0482198Z Cloning into '/home/runner/work/julia-vscode-microprint-test/julia-vscode-microprint-test/scripts/packages/FilePathsBase'...
2022-11-21T19:06:04.3444614Z Cloning into '/home/runner/work/julia-vscode-microprint-test/julia-vscode-microprint-test/scripts/packages/IJuliaCore'...
2022-11-21T19:06:04.6791600Z Cloning into '/home/runner/work/julia-vscode-microprint-test/julia-vscode-microprint-test/scripts/packages/JSON'...
2022-11-21T19:06:05.0182015Z Cloning into '/home/runner/work/julia-vscode-microprint-test/julia-vscode-microprint-test/scripts/packages/JSONRPC'...
2022-11-21T19:06:05.3045837Z Cloning into '/home/runner/work/julia-vscode-microprint-test/julia-vscode-microprint-test/scripts/packages/JuliaFormatter'...
2022-11-21T19:06:05.6366568Z Cloning into '/home/runner/work/julia-vscode-microprint-test/julia-vscode-microprint-test/scripts/packages/JuliaInterpreter'...
2022-11-21T19:06:05.9464723Z Cloning into '/home/runner/work/julia-vscode-microprint-test/julia-vscode-microprint-test/scripts/packages/LanguageServer'...
2022-11-21T19:06:06.2802312Z Cloning into '/home/runner/work/julia-vscode-microprint-test/julia-vscode-microprint-test/scripts/packages/LoweredCodeUtils'...
2022-11-21T19:06:06.5849605Z Cloning into '/home/runner/work/julia-vscode-microprint-test/julia-vscode-microprint-test/scripts/packages/OrderedCollections'...
2022-11-21T19:06:06.8881507Z Cloning into '/home/runner/work/julia-vscode-microprint-test/julia-vscode-microprint-test/scripts/packages/PackageCompiler'...
2022-11-21T19:06:07.1924834Z Cloning into '/home/runner/work/julia-vscode-microprint-test/julia-vscode-microprint-test/scripts/packages/Revise'...
2022-11-21T19:06:07.7514837Z Cloning into '/home/runner/work/julia-vscode-microprint-test/julia-vscode-microprint-test/scripts/packages/StaticLint'...
2022-11-21T19:06:08.0603056Z Cloning into '/home/runner/work/julia-vscode-microprint-test/julia-vscode-microprint-test/scripts/packages/SymbolServer'...
2022-11-21T19:06:08.3462402Z Cloning into '/home/runner/work/julia-vscode-microprint-test/julia-vscode-microprint-test/scripts/packages/TestEnv'...
2022-11-21T19:06:08.5894658Z Cloning into '/home/runner/work/julia-vscode-microprint-test/julia-vscode-microprint-test/scripts/packages/TestItemDetection'...
2022-11-21T19:06:08.9260200Z Cloning into '/home/runner/work/julia-vscode-microprint-test/julia-vscode-microprint-test/scripts/packages/Tokenize'...
2022-11-21T19:06:09.2887989Z Cloning into '/home/runner/work/julia-vscode-microprint-test/julia-vscode-microprint-test/scripts/packages/URIParser'...
2022-11-21T19:06:09.5698360Z Cloning into '/home/runner/work/julia-vscode-microprint-test/julia-vscode-microprint-test/scripts/packages/URIs'...
2022-11-21T19:06:10.6240621Z From https://github.com/pfitzseb/jl-profile.js
2022-11-21T19:06:10.6243035Z  * branch            44fe7c33bc23a8e4cdb3b67674994fe2564245bf -> FETCH_HEAD
2022-11-21T19:06:10.6320263Z Submodule path 'libs/jl-profile': checked out '44fe7c33bc23a8e4cdb3b67674994fe2564245bf'
2022-11-21T19:06:11.3765189Z From https://github.com/JuliaDebug/JuliaInterpreter.jl
2022-11-21T19:06:11.3766320Z  * branch            398721d10be2edf40883a11b98e210ccda5393e3 -> FETCH_HEAD
2022-11-21T19:06:11.3882209Z Submodule path 'scripts/packages-old/JuliaInterpreter': checked out '398721d10be2edf40883a11b98e210ccda5393e3'
2022-11-21T19:06:12.0649883Z From https://github.com/julia-vscode/CSTParser.jl
2022-11-21T19:06:12.0650556Z  * branch            b5cb953e12d8c5c8191e1fcb6aef80ecab7f6a06 -> FETCH_HEAD
2022-11-21T19:06:12.0752285Z Submodule path 'scripts/packages/CSTParser': checked out 'b5cb953e12d8c5c8191e1fcb6aef80ecab7f6a06'
2022-11-21T19:06:12.8653370Z From https://github.com/timholy/CodeTracking.jl
2022-11-21T19:06:12.8654531Z  * branch            426fc0e5af69ca410f3a1b77458db5fc5d68e864 -> FETCH_HEAD
2022-11-21T19:06:12.8723761Z Submodule path 'scripts/packages/CodeTracking': checked out '426fc0e5af69ca410f3a1b77458db5fc5d68e864'
2022-11-21T19:06:13.6300151Z From https://github.com/MichaelHatherly/CommonMark.jl
2022-11-21T19:06:13.6301338Z  * branch            287e39ae128e80a6647d2d9762bf22040adffea1 -> FETCH_HEAD
2022-11-21T19:06:13.6465576Z Submodule path 'scripts/packages/CommonMark': checked out '287e39ae128e80a6647d2d9762bf22040adffea1'
2022-11-21T19:06:14.3078027Z From https://github.com/JuliaLang/Compat.jl
2022-11-21T19:06:14.3079112Z  * branch            3ae185fa45a3091b387b67b6fd8f58f761854238 -> FETCH_HEAD
2022-11-21T19:06:14.3160837Z Submodule path 'scripts/packages/Compat': checked out '3ae185fa45a3091b387b67b6fd8f58f761854238'
2022-11-21T19:06:14.3253674Z Submodule path 'scripts/packages/CoverageTools': checked out '9d8fba371f4c65a7e9ca3bdaae753a52bcb22218'
2022-11-21T19:06:14.9154354Z From https://github.com/KristofferC/Crayons.jl
2022-11-21T19:06:14.9155589Z  * branch            4cf50b8e5e1a250a5b3466937fa0421c78bafdf4 -> FETCH_HEAD
2022-11-21T19:06:14.9229710Z Submodule path 'scripts/packages/Crayons': checked out '4cf50b8e5e1a250a5b3466937fa0421c78bafdf4'
2022-11-21T19:06:16.6574187Z From https://github.com/JuliaCollections/DataStructures.jl
2022-11-21T19:06:16.6575334Z  * branch            d0dd2a012ebd07ff31193b21130109baa50cfe2b -> FETCH_HEAD
2022-11-21T19:06:16.6761663Z Submodule path 'scripts/packages/DataStructures': checked out 'd0dd2a012ebd07ff31193b21130109baa50cfe2b'
2022-11-21T19:06:17.3236263Z From https://github.com/julia-vscode/DebugAdapter.jl
2022-11-21T19:06:17.3236883Z  * branch            b0991c1664d948d9bbb1ab2cac56606511981df5 -> FETCH_HEAD
2022-11-21T19:06:17.3313550Z Submodule path 'scripts/packages/DebugAdapter': checked out 'b0991c1664d948d9bbb1ab2cac56606511981df5'
2022-11-21T19:06:17.3415038Z Submodule path 'scripts/packages/FilePathsBase': checked out '336666220f9ddd7a15a7f059925a359d51c6cead'
2022-11-21T19:06:17.3503050Z Submodule path 'scripts/packages/IJuliaCore': checked out 'c3e48ef9ee9a34d9be6abe1fe9033317638950ba'
2022-11-21T19:06:18.1608045Z From https://github.com/JuliaIO/JSON.jl
2022-11-21T19:06:18.1609257Z  * branch            4b3913d58f04cc5bb2f8d23c6ef82e0fbed20525 -> FETCH_HEAD
2022-11-21T19:06:18.1711520Z Submodule path 'scripts/packages/JSON': checked out '4b3913d58f04cc5bb2f8d23c6ef82e0fbed20525'
2022-11-21T19:06:18.7566915Z From https://github.com/julia-vscode/JSONRPC.jl
2022-11-21T19:06:18.7567869Z  * branch            982acfdb112b7198a025edcf3930c6a6a27913e1 -> FETCH_HEAD
2022-11-21T19:06:18.7637058Z Submodule path 'scripts/packages/JSONRPC': checked out '982acfdb112b7198a025edcf3930c6a6a27913e1'
2022-11-21T19:06:19.3744056Z From https://github.com/domluna/JuliaFormatter.jl
2022-11-21T19:06:19.3749142Z  * branch            6c0f94468eaef63405fbcbb11943314a164262d6 -> FETCH_HEAD
2022-11-21T19:06:19.3941385Z Submodule path 'scripts/packages/JuliaFormatter': checked out '6c0f94468eaef63405fbcbb11943314a164262d6'
2022-11-21T19:06:19.9938693Z From https://github.com/JuliaDebug/JuliaInterpreter.jl
2022-11-21T19:06:19.9939659Z  * branch            a840f1ad085e7606bb3a7cdc705d863f3c49ab92 -> FETCH_HEAD
2022-11-21T19:06:20.0045594Z Submodule path 'scripts/packages/JuliaInterpreter': checked out 'a840f1ad085e7606bb3a7cdc705d863f3c49ab92'
2022-11-21T19:06:20.6187203Z From https://github.com/julia-vscode/LanguageServer.jl
2022-11-21T19:06:20.6187818Z  * branch            fe1ae60fdf795218b82dba4ba35028adab0bd348 -> FETCH_HEAD
2022-11-21T19:06:20.6305119Z Submodule path 'scripts/packages/LanguageServer': checked out 'fe1ae60fdf795218b82dba4ba35028adab0bd348'
2022-11-21T19:06:20.6401823Z Submodule path 'scripts/packages/LoweredCodeUtils': checked out 'b71c05b0d28cb5b3ad0301b816e0a1c4e531ea0d'
2022-11-21T19:06:21.2383720Z From https://github.com/JuliaCollections/OrderedCollections.jl
2022-11-21T19:06:21.2384807Z  * branch            adb9415570faeba7e8c6d800cd743de06104e97e -> FETCH_HEAD
2022-11-21T19:06:21.2473254Z Submodule path 'scripts/packages/OrderedCollections': checked out 'adb9415570faeba7e8c6d800cd743de06104e97e'
2022-11-21T19:06:21.8626023Z From https://github.com/JuliaLang/PackageCompiler.jl
2022-11-21T19:06:21.8627815Z  * branch            78f4d52026c4895fa08c8ee0d61905a6914ea8c3 -> FETCH_HEAD
2022-11-21T19:06:21.8743038Z Submodule path 'scripts/packages/PackageCompiler': checked out '78f4d52026c4895fa08c8ee0d61905a6914ea8c3'
2022-11-21T19:06:22.4254484Z From https://github.com/timholy/Revise.jl
2022-11-21T19:06:22.4255321Z  * branch            ca3b5cffd26325e3a3fd69932f5dc827ff156a3b -> FETCH_HEAD
2022-11-21T19:06:22.4387130Z Submodule path 'scripts/packages/Revise': checked out 'ca3b5cffd26325e3a3fd69932f5dc827ff156a3b'
2022-11-21T19:06:22.9871623Z From https://github.com/julia-vscode/StaticLint.jl
2022-11-21T19:06:22.9872618Z  * branch            6235a532ff6b51a33ef56955286b7d0602912fd6 -> FETCH_HEAD
2022-11-21T19:06:22.9958086Z Submodule path 'scripts/packages/StaticLint': checked out '6235a532ff6b51a33ef56955286b7d0602912fd6'
2022-11-21T19:06:23.6100421Z From https://github.com/julia-vscode/SymbolServer.jl
2022-11-21T19:06:23.6101048Z  * branch            99500d621b17cca5a46232808e8ad388370d2ae8 -> FETCH_HEAD
2022-11-21T19:06:23.6188625Z Submodule path 'scripts/packages/SymbolServer': checked out '99500d621b17cca5a46232808e8ad388370d2ae8'
2022-11-21T19:06:24.1245914Z From https://github.com/davidanthoff/TestEnv.jl
2022-11-21T19:06:24.1246951Z  * branch            14dd0d9a3df31dcd29bb6434dd9b287fe4a2803b -> FETCH_HEAD
2022-11-21T19:06:24.1342698Z Submodule path 'scripts/packages/TestEnv': checked out '14dd0d9a3df31dcd29bb6434dd9b287fe4a2803b'
2022-11-21T19:06:24.7436868Z From https://github.com/julia-vscode/TestItemDetection.jl
2022-11-21T19:06:24.7437988Z  * branch            d9db8c5707c5e7a6e167e0e583eb06261ef5408b -> FETCH_HEAD
2022-11-21T19:06:24.7508379Z Submodule path 'scripts/packages/TestItemDetection': checked out 'd9db8c5707c5e7a6e167e0e583eb06261ef5408b'
2022-11-21T19:06:25.3726446Z From https://github.com/JuliaLang/Tokenize.jl
2022-11-21T19:06:25.3727979Z  * branch            49b112248e846040c13f28e223493f90cc717fa5 -> FETCH_HEAD
2022-11-21T19:06:25.3804294Z Submodule path 'scripts/packages/Tokenize': checked out '49b112248e846040c13f28e223493f90cc717fa5'
2022-11-21T19:06:26.0163529Z From https://github.com/JuliaWeb/URIParser.jl
2022-11-21T19:06:26.0164840Z  * branch            1d3532dfe5330f567a8eb64a37a37b1b8c536628 -> FETCH_HEAD
2022-11-21T19:06:26.0238310Z Submodule path 'scripts/packages/URIParser': checked out '1d3532dfe5330f567a8eb64a37a37b1b8c536628'
2022-11-21T19:06:26.6478139Z From https://github.com/JuliaWeb/URIs.jl
2022-11-21T19:06:26.6479391Z  * branch            0ce3d89b81dadaae52b104353843ef67ceecd176 -> FETCH_HEAD
2022-11-21T19:06:26.6553182Z Submodule path 'scripts/packages/URIs': checked out '0ce3d89b81dadaae52b104353843ef67ceecd176'
2022-11-21T19:06:26.6565083Z [command]/usr/bin/git submodule foreach git config --local gc.auto 0
2022-11-21T19:06:26.6830210Z Entering 'libs/jl-profile'
2022-11-21T19:06:26.6861206Z Entering 'scripts/packages-old/JuliaInterpreter'
2022-11-21T19:06:26.6888746Z Entering 'scripts/packages/CSTParser'
2022-11-21T19:06:26.6919714Z Entering 'scripts/packages/CodeTracking'
2022-11-21T19:06:26.6948338Z Entering 'scripts/packages/CommonMark'
2022-11-21T19:06:26.6978622Z Entering 'scripts/packages/Compat'
2022-11-21T19:06:26.7006576Z Entering 'scripts/packages/CoverageTools'
2022-11-21T19:06:26.7037592Z Entering 'scripts/packages/Crayons'
2022-11-21T19:06:26.7065369Z Entering 'scripts/packages/DataStructures'
2022-11-21T19:06:26.7090706Z Entering 'scripts/packages/DebugAdapter'
2022-11-21T19:06:26.7122412Z Entering 'scripts/packages/FilePathsBase'
2022-11-21T19:06:26.7152057Z Entering 'scripts/packages/IJuliaCore'
2022-11-21T19:06:26.7180825Z Entering 'scripts/packages/JSON'
2022-11-21T19:06:26.7205969Z Entering 'scripts/packages/JSONRPC'
2022-11-21T19:06:26.7235613Z Entering 'scripts/packages/JuliaFormatter'
2022-11-21T19:06:26.7263474Z Entering 'scripts/packages/JuliaInterpreter'
2022-11-21T19:06:26.7294485Z Entering 'scripts/packages/LanguageServer'
2022-11-21T19:06:26.7321762Z Entering 'scripts/packages/LoweredCodeUtils'
2022-11-21T19:06:26.7352983Z Entering 'scripts/packages/OrderedCollections'
2022-11-21T19:06:26.7379745Z Entering 'scripts/packages/PackageCompiler'
2022-11-21T19:06:26.7410054Z Entering 'scripts/packages/Revise'
2022-11-21T19:06:26.7440504Z Entering 'scripts/packages/StaticLint'
2022-11-21T19:06:26.7479547Z Entering 'scripts/packages/SymbolServer'
2022-11-21T19:06:26.7507557Z Entering 'scripts/packages/TestEnv'
2022-11-21T19:06:26.7538323Z Entering 'scripts/packages/TestItemDetection'
2022-11-21T19:06:26.7564935Z Entering 'scripts/packages/Tokenize'
2022-11-21T19:06:26.7596211Z Entering 'scripts/packages/URIParser'
2022-11-21T19:06:26.7623781Z Entering 'scripts/packages/URIs'
2022-11-21T19:06:26.7684049Z ##[endgroup]
2022-11-21T19:06:26.7684687Z ##[group]Persisting credentials for submodules
2022-11-21T19:06:26.7685829Z [command]/usr/bin/git submodule foreach --recursive git config --local --name-only --get-regexp 'url\.https\:\/\/github\.com\/\.insteadOf' && git config --local --unset-all 'url.https://github.com/.insteadOf' || :
2022-11-21T19:06:26.7961198Z Entering 'libs/jl-profile'
2022-11-21T19:06:26.8005061Z Entering 'scripts/packages-old/JuliaInterpreter'
2022-11-21T19:06:26.8047684Z Entering 'scripts/packages/CSTParser'
2022-11-21T19:06:26.8089767Z Entering 'scripts/packages/CodeTracking'
2022-11-21T19:06:26.8132216Z Entering 'scripts/packages/CommonMark'
2022-11-21T19:06:26.8175052Z Entering 'scripts/packages/Compat'
2022-11-21T19:06:26.8217850Z Entering 'scripts/packages/CoverageTools'
2022-11-21T19:06:26.8259887Z Entering 'scripts/packages/Crayons'
2022-11-21T19:06:26.8303199Z Entering 'scripts/packages/DataStructures'
2022-11-21T19:06:26.8344950Z Entering 'scripts/packages/DebugAdapter'
2022-11-21T19:06:26.8387443Z Entering 'scripts/packages/FilePathsBase'
2022-11-21T19:06:26.8429950Z Entering 'scripts/packages/IJuliaCore'
2022-11-21T19:06:26.8471932Z Entering 'scripts/packages/JSON'
2022-11-21T19:06:26.8514388Z Entering 'scripts/packages/JSONRPC'
2022-11-21T19:06:26.8557498Z Entering 'scripts/packages/JuliaFormatter'
2022-11-21T19:06:26.8600220Z Entering 'scripts/packages/JuliaInterpreter'
2022-11-21T19:06:26.8643011Z Entering 'scripts/packages/LanguageServer'
2022-11-21T19:06:26.8688123Z Entering 'scripts/packages/LoweredCodeUtils'
2022-11-21T19:06:26.8730371Z Entering 'scripts/packages/OrderedCollections'
2022-11-21T19:06:26.8772440Z Entering 'scripts/packages/PackageCompiler'
2022-11-21T19:06:26.8821099Z Entering 'scripts/packages/Revise'
2022-11-21T19:06:26.8863449Z Entering 'scripts/packages/StaticLint'
2022-11-21T19:06:26.8909751Z Entering 'scripts/packages/SymbolServer'
2022-11-21T19:06:26.8961561Z Entering 'scripts/packages/TestEnv'
2022-11-21T19:06:26.9004646Z Entering 'scripts/packages/TestItemDetection'
2022-11-21T19:06:26.9048728Z Entering 'scripts/packages/Tokenize'
2022-11-21T19:06:26.9091844Z Entering 'scripts/packages/URIParser'
2022-11-21T19:06:26.9136418Z Entering 'scripts/packages/URIs'
2022-11-21T19:06:26.9193790Z [command]/usr/bin/git submodule foreach git config --local 'http.https://github.com/.extraheader' 'AUTHORIZATION: basic ***' && git config --local --show-origin --name-only --get-regexp remote.origin.url
2022-11-21T19:06:26.9456782Z Entering 'libs/jl-profile'
2022-11-21T19:06:26.9499426Z file:/home/runner/work/julia-vscode-microprint-test/julia-vscode-microprint-test/.git/modules/libs/jl-profile/config	remote.origin.url
2022-11-21T19:06:26.9501437Z Entering 'scripts/packages-old/JuliaInterpreter'
2022-11-21T19:06:26.9543214Z file:/home/runner/work/julia-vscode-microprint-test/julia-vscode-microprint-test/.git/modules/scripts/packages-old/JuliaInterpreter/config	remote.origin.url
2022-11-21T19:06:26.9546675Z Entering 'scripts/packages/CSTParser'
2022-11-21T19:06:26.9587625Z file:/home/runner/work/julia-vscode-microprint-test/julia-vscode-microprint-test/.git/modules/scripts/packages/CSTParser/config	remote.origin.url
2022-11-21T19:06:26.9592214Z Entering 'scripts/packages/CodeTracking'
2022-11-21T19:06:26.9633052Z file:/home/runner/work/julia-vscode-microprint-test/julia-vscode-microprint-test/.git/modules/scripts/packages/CodeTracking/config	remote.origin.url
2022-11-21T19:06:26.9636588Z Entering 'scripts/packages/CommonMark'
2022-11-21T19:06:26.9678987Z file:/home/runner/work/julia-vscode-microprint-test/julia-vscode-microprint-test/.git/modules/scripts/packages/CommonMark/config	remote.origin.url
2022-11-21T19:06:26.9683526Z Entering 'scripts/packages/Compat'
2022-11-21T19:06:26.9727665Z file:/home/runner/work/julia-vscode-microprint-test/julia-vscode-microprint-test/.git/modules/scripts/packages/Compat/config	remote.origin.url
2022-11-21T19:06:26.9731217Z Entering 'scripts/packages/CoverageTools'
2022-11-21T19:06:26.9775229Z file:/home/runner/work/julia-vscode-microprint-test/julia-vscode-microprint-test/.git/modules/scripts/packages/CoverageTools/config	remote.origin.url
2022-11-21T19:06:26.9779813Z Entering 'scripts/packages/Crayons'
2022-11-21T19:06:26.9820979Z file:/home/runner/work/julia-vscode-microprint-test/julia-vscode-microprint-test/.git/modules/scripts/packages/Crayons/config	remote.origin.url
2022-11-21T19:06:26.9823843Z Entering 'scripts/packages/DataStructures'
2022-11-21T19:06:26.9865183Z file:/home/runner/work/julia-vscode-microprint-test/julia-vscode-microprint-test/.git/modules/scripts/packages/DataStructures/config	remote.origin.url
2022-11-21T19:06:26.9870170Z Entering 'scripts/packages/DebugAdapter'
2022-11-21T19:06:26.9911579Z file:/home/runner/work/julia-vscode-microprint-test/julia-vscode-microprint-test/.git/modules/scripts/packages/DebugAdapter/config	remote.origin.url
2022-11-21T19:06:26.9916278Z Entering 'scripts/packages/FilePathsBase'
2022-11-21T19:06:26.9954766Z file:/home/runner/work/julia-vscode-microprint-test/julia-vscode-microprint-test/.git/modules/scripts/packages/FilePathsBase/config	remote.origin.url
2022-11-21T19:06:26.9958485Z Entering 'scripts/packages/IJuliaCore'
2022-11-21T19:06:26.9997790Z file:/home/runner/work/julia-vscode-microprint-test/julia-vscode-microprint-test/.git/modules/scripts/packages/IJuliaCore/config	remote.origin.url
2022-11-21T19:06:27.0001555Z Entering 'scripts/packages/JSON'
2022-11-21T19:06:27.0041916Z file:/home/runner/work/julia-vscode-microprint-test/julia-vscode-microprint-test/.git/modules/scripts/packages/JSON/config	remote.origin.url
2022-11-21T19:06:27.0045522Z Entering 'scripts/packages/JSONRPC'
2022-11-21T19:06:27.0086971Z file:/home/runner/work/julia-vscode-microprint-test/julia-vscode-microprint-test/.git/modules/scripts/packages/JSONRPC/config	remote.origin.url
2022-11-21T19:06:27.0090827Z Entering 'scripts/packages/JuliaFormatter'
2022-11-21T19:06:27.0130833Z file:/home/runner/work/julia-vscode-microprint-test/julia-vscode-microprint-test/.git/modules/scripts/packages/JuliaFormatter/config	remote.origin.url
2022-11-21T19:06:27.0135864Z Entering 'scripts/packages/JuliaInterpreter'
2022-11-21T19:06:27.0179605Z file:/home/runner/work/julia-vscode-microprint-test/julia-vscode-microprint-test/.git/modules/scripts/packages/JuliaInterpreter/config	remote.origin.url
2022-11-21T19:06:27.0183551Z Entering 'scripts/packages/LanguageServer'
2022-11-21T19:06:27.0222747Z file:/home/runner/work/julia-vscode-microprint-test/julia-vscode-microprint-test/.git/modules/scripts/packages/LanguageServer/config	remote.origin.url
2022-11-21T19:06:27.0224632Z Entering 'scripts/packages/LoweredCodeUtils'
2022-11-21T19:06:27.0265785Z file:/home/runner/work/julia-vscode-microprint-test/julia-vscode-microprint-test/.git/modules/scripts/packages/LoweredCodeUtils/config	remote.origin.url
2022-11-21T19:06:27.0269892Z Entering 'scripts/packages/OrderedCollections'
2022-11-21T19:06:27.0307950Z file:/home/runner/work/julia-vscode-microprint-test/julia-vscode-microprint-test/.git/modules/scripts/packages/OrderedCollections/config	remote.origin.url
2022-11-21T19:06:27.0311831Z Entering 'scripts/packages/PackageCompiler'
2022-11-21T19:06:27.0352762Z file:/home/runner/work/julia-vscode-microprint-test/julia-vscode-microprint-test/.git/modules/scripts/packages/PackageCompiler/config	remote.origin.url
2022-11-21T19:06:27.0355412Z Entering 'scripts/packages/Revise'
2022-11-21T19:06:27.0405202Z file:/home/runner/work/julia-vscode-microprint-test/julia-vscode-microprint-test/.git/modules/scripts/packages/Revise/config	remote.origin.url
2022-11-21T19:06:27.0408848Z Entering 'scripts/packages/StaticLint'
2022-11-21T19:06:27.0454062Z file:/home/runner/work/julia-vscode-microprint-test/julia-vscode-microprint-test/.git/modules/scripts/packages/StaticLint/config	remote.origin.url
2022-11-21T19:06:27.0456724Z Entering 'scripts/packages/SymbolServer'
2022-11-21T19:06:27.0496726Z file:/home/runner/work/julia-vscode-microprint-test/julia-vscode-microprint-test/.git/modules/scripts/packages/SymbolServer/config	remote.origin.url
2022-11-21T19:06:27.0500698Z Entering 'scripts/packages/TestEnv'
2022-11-21T19:06:27.0538894Z file:/home/runner/work/julia-vscode-microprint-test/julia-vscode-microprint-test/.git/modules/scripts/packages/TestEnv/config	remote.origin.url
2022-11-21T19:06:27.0551999Z Entering 'scripts/packages/TestItemDetection'
2022-11-21T19:06:27.0590094Z file:/home/runner/work/julia-vscode-microprint-test/julia-vscode-microprint-test/.git/modules/scripts/packages/TestItemDetection/config	remote.origin.url
2022-11-21T19:06:27.0591936Z Entering 'scripts/packages/Tokenize'
2022-11-21T19:06:27.0635308Z file:/home/runner/work/julia-vscode-microprint-test/julia-vscode-microprint-test/.git/modules/scripts/packages/Tokenize/config	remote.origin.url
2022-11-21T19:06:27.0637255Z Entering 'scripts/packages/URIParser'
2022-11-21T19:06:27.0677907Z file:/home/runner/work/julia-vscode-microprint-test/julia-vscode-microprint-test/.git/modules/scripts/packages/URIParser/config	remote.origin.url
2022-11-21T19:06:27.0681726Z Entering 'scripts/packages/URIs'
2022-11-21T19:06:27.0723491Z file:/home/runner/work/julia-vscode-microprint-test/julia-vscode-microprint-test/.git/modules/scripts/packages/URIs/config	remote.origin.url
2022-11-21T19:06:27.0962686Z [command]/usr/bin/git submodule foreach git config --local --add 'url.https://github.com/.insteadOf' 'git@github.com:'
2022-11-21T19:06:27.1225638Z Entering 'libs/jl-profile'
2022-11-21T19:06:27.1253697Z Entering 'scripts/packages-old/JuliaInterpreter'
2022-11-21T19:06:27.1282561Z Entering 'scripts/packages/CSTParser'
2022-11-21T19:06:27.1312848Z Entering 'scripts/packages/CodeTracking'
2022-11-21T19:06:27.1341559Z Entering 'scripts/packages/CommonMark'
2022-11-21T19:06:27.1368875Z Entering 'scripts/packages/Compat'
2022-11-21T19:06:27.1397132Z Entering 'scripts/packages/CoverageTools'
2022-11-21T19:06:27.1424567Z Entering 'scripts/packages/Crayons'
2022-11-21T19:06:27.1451235Z Entering 'scripts/packages/DataStructures'
2022-11-21T19:06:27.1480282Z Entering 'scripts/packages/DebugAdapter'
2022-11-21T19:06:27.1511561Z Entering 'scripts/packages/FilePathsBase'
2022-11-21T19:06:27.1540387Z Entering 'scripts/packages/IJuliaCore'
2022-11-21T19:06:27.1568475Z Entering 'scripts/packages/JSON'
2022-11-21T19:06:27.1597392Z Entering 'scripts/packages/JSONRPC'
2022-11-21T19:06:27.1625486Z Entering 'scripts/packages/JuliaFormatter'
2022-11-21T19:06:27.1652682Z Entering 'scripts/packages/JuliaInterpreter'
2022-11-21T19:06:27.1683231Z Entering 'scripts/packages/LanguageServer'
2022-11-21T19:06:27.1711570Z Entering 'scripts/packages/LoweredCodeUtils'
2022-11-21T19:06:27.1741613Z Entering 'scripts/packages/OrderedCollections'
2022-11-21T19:06:27.1769536Z Entering 'scripts/packages/PackageCompiler'
2022-11-21T19:06:27.1799699Z Entering 'scripts/packages/Revise'
2022-11-21T19:06:27.1827322Z Entering 'scripts/packages/StaticLint'
2022-11-21T19:06:27.1857323Z Entering 'scripts/packages/SymbolServer'
2022-11-21T19:06:27.1885348Z Entering 'scripts/packages/TestEnv'
2022-11-21T19:06:27.1916187Z Entering 'scripts/packages/TestItemDetection'
2022-11-21T19:06:27.1944519Z Entering 'scripts/packages/Tokenize'
2022-11-21T19:06:27.1974065Z Entering 'scripts/packages/URIParser'
2022-11-21T19:06:27.2002223Z Entering 'scripts/packages/URIs'
2022-11-21T19:06:27.2051967Z [command]/usr/bin/git submodule foreach git config --local --add 'url.https://github.com/.insteadOf' 'org-30818940@github.com:'
2022-11-21T19:06:27.2301208Z Entering 'libs/jl-profile'
2022-11-21T19:06:27.2330984Z Entering 'scripts/packages-old/JuliaInterpreter'
2022-11-21T19:06:27.2361611Z Entering 'scripts/packages/CSTParser'
2022-11-21T19:06:27.2392961Z Entering 'scripts/packages/CodeTracking'
2022-11-21T19:06:27.2421784Z Entering 'scripts/packages/CommonMark'
2022-11-21T19:06:27.2448164Z Entering 'scripts/packages/Compat'
2022-11-21T19:06:27.2477032Z Entering 'scripts/packages/CoverageTools'
2022-11-21T19:06:27.2503966Z Entering 'scripts/packages/Crayons'
2022-11-21T19:06:27.2532405Z Entering 'scripts/packages/DataStructures'
2022-11-21T19:06:27.2560655Z Entering 'scripts/packages/DebugAdapter'
2022-11-21T19:06:27.2587922Z Entering 'scripts/packages/FilePathsBase'
2022-11-21T19:06:27.2619241Z Entering 'scripts/packages/IJuliaCore'
2022-11-21T19:06:27.2646455Z Entering 'scripts/packages/JSON'
2022-11-21T19:06:27.2677248Z Entering 'scripts/packages/JSONRPC'
2022-11-21T19:06:27.2705328Z Entering 'scripts/packages/JuliaFormatter'
2022-11-21T19:06:27.2735347Z Entering 'scripts/packages/JuliaInterpreter'
2022-11-21T19:06:27.2763450Z Entering 'scripts/packages/LanguageServer'
2022-11-21T19:06:27.2790957Z Entering 'scripts/packages/LoweredCodeUtils'
2022-11-21T19:06:27.2821616Z Entering 'scripts/packages/OrderedCollections'
2022-11-21T19:06:27.2849055Z Entering 'scripts/packages/PackageCompiler'
2022-11-21T19:06:27.2877697Z Entering 'scripts/packages/Revise'
2022-11-21T19:06:27.2905543Z Entering 'scripts/packages/StaticLint'
2022-11-21T19:06:27.2933352Z Entering 'scripts/packages/SymbolServer'
2022-11-21T19:06:27.2960994Z Entering 'scripts/packages/TestEnv'
2022-11-21T19:06:27.2988951Z Entering 'scripts/packages/TestItemDetection'
2022-11-21T19:06:27.3016781Z Entering 'scripts/packages/Tokenize'
2022-11-21T19:06:27.3045096Z Entering 'scripts/packages/URIParser'
2022-11-21T19:06:27.3073397Z Entering 'scripts/packages/URIs'
2022-11-21T19:06:27.3108193Z ##[endgroup]
2022-11-21T19:06:27.3158729Z [command]/usr/bin/git log -1 --format='%H'
2022-11-21T19:06:27.3194867Z 'ade1ff6e625962aa7f2e7f4075a0d9473c44c490'
2022-11-21T19:06:27.3663154Z ##[group]Run julia-actions/setup-julia@v1
2022-11-21T19:06:27.3663457Z with:
2022-11-21T19:06:27.3663673Z   version: 1.8
2022-11-21T19:06:27.3663888Z   arch: X64
2022-11-21T19:06:27.3664136Z   show-versioninfo: false
2022-11-21T19:06:27.3664383Z env:
2022-11-21T19:06:27.3664925Z   NODE_VERSION: 16
2022-11-21T19:06:27.3665166Z ##[endgroup]
2022-11-21T19:06:29.2492084Z [command]tar xf /home/runner/work/_temp/6105ae37-28ab-4b03-a48d-2367a5ff3a7e --strip-components=1 -C julia-x64-1.8.3-4kmeNN
2022-11-21T19:06:38.9831933Z [command]julia --version
2022-11-21T19:06:38.9881067Z (node:2957) [DEP0147] DeprecationWarning: In future versions of Node.js, fs.rmdir(path, { recursive: true }) will be removed. Use fs.rm(path, { recursive: true }) instead
2022-11-21T19:06:38.9882193Z (Use `node --trace-deprecation ...` to show where the warning was created)
2022-11-21T19:06:39.0010980Z julia version 1.8.3
2022-11-21T19:06:39.0294121Z ##[group]Run julia -e 'using InteractiveUtils; versioninfo()'
2022-11-21T19:06:39.0294620Z [36;1mjulia -e 'using InteractiveUtils; versioninfo()'[0m
2022-11-21T19:06:39.0295120Z [36;1mjulia --project=./scripts/environments/languageserver/v1.8 -e 'using Pkg; Pkg.resolve()'[0m
2022-11-21T19:06:39.0295684Z [36;1mjulia --project=./scripts/environments/languageserver/v1.8 -e 'using Pkg; Pkg.test("CSTParser", coverage=true)'[0m
2022-11-21T19:06:39.0296247Z [36;1mjulia --project=./scripts/environments/languageserver/v1.8 -e 'using Pkg; Pkg.test("JSONRPC", coverage=true)'[0m
2022-11-21T19:06:39.0296823Z [36;1mjulia --project=./scripts/environments/languageserver/v1.8 -e 'using Pkg; Pkg.test("LanguageServer", coverage=true)'[0m
2022-11-21T19:06:39.0297451Z [36;1mjulia --project=./scripts/environments/languageserver/v1.8 -e 'using Pkg; Pkg.test("StaticLint", coverage=true)'[0m
2022-11-21T19:06:39.0298073Z [36;1mjulia --project=./scripts/environments/languageserver/v1.8 -e 'using Pkg; Pkg.test("SymbolServer", coverage=true)'[0m
2022-11-21T19:06:39.0298654Z [36;1mjulia --project=./scripts/testenvironments/debugadapter/v1.8 -e 'using Pkg; Pkg.test("DebugAdapter", coverage=true)'[0m
2022-11-21T19:06:39.0299255Z [36;1mjulia --project=./scripts/testenvironments/vscodedebugger/v1.8 -e 'using Pkg; Pkg.test("VSCodeDebugger", coverage=true)'[0m
2022-11-21T19:06:39.0299851Z [36;1mjulia --project=./scripts/testenvironments/vscodeserver/v1.8 -e 'using Pkg; Pkg.test("VSCodeServer", coverage=true)'[0m
2022-11-21T19:06:39.0366981Z shell: /usr/bin/bash --noprofile --norc -e -o pipefail {0}
2022-11-21T19:06:39.0367315Z env:
2022-11-21T19:06:39.0367550Z   NODE_VERSION: 16
2022-11-21T19:06:39.0367783Z ##[endgroup]
2022-11-21T19:06:40.2427856Z Julia Version 1.8.3
2022-11-21T19:06:40.2428931Z Commit 0434deb161e (2022-11-14 20:14 UTC)
2022-11-21T19:06:40.2429504Z Platform Info:
2022-11-21T19:06:40.2491470Z   OS: Linux (x86_64-linux-gnu)
2022-11-21T19:06:40.2598341Z   CPU: 2 × Intel(R) Xeon(R) Platinum 8171M CPU @ 2.60GHz
2022-11-21T19:06:40.2599014Z   WORD_SIZE: 64
2022-11-21T19:06:40.2600551Z   LIBM: libopenlibm
2022-11-21T19:06:40.2708556Z   LLVM: libLLVM-13.0.1 (ORCJIT, skylake-avx512)
2022-11-21T19:06:40.2709192Z   Threads: 1 on 2 virtual cores
2022-11-21T19:06:41.6366268Z   No Changes to `~/work/julia-vscode-microprint-test/julia-vscode-microprint-test/scripts/environments/languageserver/v1.8/Project.toml`
2022-11-21T19:06:41.6620658Z   No Changes to `~/work/julia-vscode-microprint-test/julia-vscode-microprint-test/scripts/environments/languageserver/v1.8/Manifest.toml`
2022-11-21T19:06:42.6462808Z   Installing known registries into `~/.julia`
2022-11-21T19:06:44.0675980Z      Testing CSTParser
2022-11-21T19:06:45.6983311Z       Status `/tmp/jl_j1z8FU/Project.toml`
2022-11-21T19:06:45.7154233Z   [00ebfdb7] CSTParser v3.3.7-DEV `~/work/julia-vscode-microprint-test/julia-vscode-microprint-test/scripts/packages/CSTParser`
2022-11-21T19:06:45.7155598Z   [0796e94c] Tokenize v0.5.24 `~/work/julia-vscode-microprint-test/julia-vscode-microprint-test/scripts/packages/Tokenize`
2022-11-21T19:06:45.7156347Z   [8dfed614] Test `@stdlib/Test`
2022-11-21T19:06:45.7328416Z       Status `/tmp/jl_j1z8FU/Manifest.toml`
2022-11-21T19:06:45.7356028Z   [00ebfdb7] CSTParser v3.3.7-DEV `~/work/julia-vscode-microprint-test/julia-vscode-microprint-test/scripts/packages/CSTParser`
2022-11-21T19:06:45.7357417Z   [0796e94c] Tokenize v0.5.24 `~/work/julia-vscode-microprint-test/julia-vscode-microprint-test/scripts/packages/Tokenize`
2022-11-21T19:06:45.7360189Z   [2a0f44e3] Base64 `@stdlib/Base64`
2022-11-21T19:06:45.7360707Z   [b77e0a4c] InteractiveUtils `@stdlib/InteractiveUtils`
2022-11-21T19:06:45.7363366Z   [56ddb016] Logging `@stdlib/Logging`
2022-11-21T19:06:45.7363800Z   [d6f4376e] Markdown `@stdlib/Markdown`
2022-11-21T19:06:45.7366775Z   [9a3f8284] Random `@stdlib/Random`
2022-11-21T19:06:45.7367338Z   [ea8e919c] SHA v0.7.0 `@stdlib/SHA`
2022-11-21T19:06:45.7369560Z   [9e88b42a] Serialization `@stdlib/Serialization`
2022-11-21T19:06:45.7370378Z   [8dfed614] Test `@stdlib/Test`
2022-11-21T19:06:46.1952586Z Precompiling project...
2022-11-21T19:06:48.0553688Z [32m  ✓ [39mTokenize
2022-11-21T19:06:51.2231338Z [32m  ✓ [39mCSTParser
2022-11-21T19:06:51.2380516Z   2 dependencies successfully precompiled in 5 seconds
2022-11-21T19:06:51.2381305Z      Testing Running tests...
2022-11-21T19:07:50.2474464Z [ Info: checking check_err_parse against ../docs/make.jl
2022-11-21T19:07:50.4365506Z [ Info: checking check_err_parse against ../src/CSTParser.jl
2022-11-21T19:07:51.7765783Z [ Info: checking check_err_parse against ../src/conversion.jl
2022-11-21T19:07:53.0820570Z [ Info: checking check_err_parse against ../src/display.jl
2022-11-21T19:07:53.1164569Z [ Info: checking check_err_parse against ../src/interface.jl
2022-11-21T19:07:54.5022860Z [ Info: checking check_err_parse against ../src/iterate.jl
2022-11-21T19:07:59.6892143Z [ Info: checking check_err_parse against ../src/lexer.jl
2022-11-21T19:08:00.2176308Z [ Info: checking check_err_parse against ../src/precompile.jl
2022-11-21T19:08:00.6508783Z [ Info: checking check_err_parse against ../src/recovery.jl
2022-11-21T19:08:00.6858511Z [ Info: checking check_err_parse against ../src/spec.jl
2022-11-21T19:08:02.4422669Z [ Info: checking check_err_parse against ../src/utils.jl
2022-11-21T19:08:06.7435660Z [ Info: checking check_err_parse against ../src/components/internals.jl
2022-11-21T19:08:09.5186959Z [ Info: checking check_err_parse against ../src/components/keywords.jl
2022-11-21T19:08:11.5803912Z [ Info: checking check_err_parse against ../src/components/lists.jl
2022-11-21T19:08:13.1550132Z [ Info: checking check_err_parse against ../src/components/operators.jl
2022-11-21T19:08:24.6917984Z [ Info: checking check_err_parse against ../src/components/strings.jl
2022-11-21T19:08:26.5404433Z [ Info: checking check_err_parse against ../test/check_base.jl
2022-11-21T19:08:26.8658544Z [ Info: checking check_err_parse against ../test/display.jl
2022-11-21T19:08:26.8664096Z [ Info: checking check_err_parse against ../test/errparse.jl
2022-11-21T19:08:27.0886428Z [ Info: checking check_err_parse against ../test/interface.jl
2022-11-21T19:08:27.2735464Z [ Info: checking check_err_parse against ../test/iterate.jl
2022-11-21T19:08:41.8257579Z [ Info: checking check_err_parse against ../test/parser.jl
2022-11-21T19:09:05.7885817Z [ Info: checking check_err_parse against ../test/runtests.jl
2022-11-21T19:09:05.7904170Z [ Info: checking check_err_parse against ../test/spec.jl
2022-11-21T19:09:07.1292563Z [ Info: checking check_reparse against ../docs/make.jl
2022-11-21T19:09:07.2540700Z [ Info: checking check_reparse against ../src/CSTParser.jl
2022-11-21T19:09:07.2722801Z [ Info: checking check_reparse against ../src/conversion.jl
2022-11-21T19:09:07.2832708Z [ Info: checking check_reparse against ../src/display.jl
2022-11-21T19:09:07.2910192Z [ Info: checking check_reparse against ../src/interface.jl
2022-11-21T19:09:07.3679667Z [ Info: checking check_reparse against ../src/iterate.jl
2022-11-21T19:09:07.4048408Z [ Info: checking check_reparse against ../src/lexer.jl
2022-11-21T19:09:07.4119715Z [ Info: checking check_reparse against ../src/precompile.jl
2022-11-21T19:09:07.4173835Z [ Info: checking check_reparse against ../src/recovery.jl
2022-11-21T19:09:07.4217174Z [ Info: checking check_reparse against ../src/spec.jl
2022-11-21T19:09:07.4427872Z [ Info: checking check_reparse against ../src/utils.jl
2022-11-21T19:09:07.5265842Z [ Info: checking check_reparse against ../src/components/internals.jl
2022-11-21T19:09:07.5542762Z [ Info: checking check_reparse against ../src/components/keywords.jl
2022-11-21T19:09:07.5684332Z [ Info: checking check_reparse against ../src/components/lists.jl
2022-11-21T19:09:07.5792678Z [ Info: checking check_reparse against ../src/components/operators.jl
2022-11-21T19:09:07.6405974Z [ Info: checking check_reparse against ../src/components/strings.jl
2022-11-21T19:09:07.6527323Z [ Info: checking check_reparse against ../test/check_base.jl
2022-11-21T19:09:07.6571148Z [ Info: checking check_reparse against ../test/display.jl
2022-11-21T19:09:07.6573059Z [ Info: checking check_reparse against ../test/errparse.jl
2022-11-21T19:09:07.6650169Z [ Info: checking check_reparse against ../test/interface.jl
2022-11-21T19:09:07.6693520Z [ Info: checking check_reparse against ../test/iterate.jl
2022-11-21T19:09:07.7647476Z [ Info: checking check_reparse against ../test/parser.jl
2022-11-21T19:09:07.8804020Z [ Info: checking check_reparse against ../test/runtests.jl
2022-11-21T19:09:07.8812283Z [ Info: checking check_reparse against ../test/spec.jl
2022-11-21T19:09:07.9572661Z Test Summary: |  Pass  Broken  Total     Time
2022-11-21T19:09:07.9784335Z CSTParser     | 87064       2  87066  2m16.0s
2022-11-21T19:09:08.0267421Z      Testing CSTParser tests passed 
2022-11-21T19:09:09.7716514Z      Testing JSONRPC
2022-11-21T19:09:11.3826604Z       Status `/tmp/jl_kZLFtq/Project.toml`
2022-11-21T19:09:11.3994076Z   [682c06a0] JSON v0.20.1 `~/work/julia-vscode-microprint-test/julia-vscode-microprint-test/scripts/packages/JSON`
2022-11-21T19:09:11.3995192Z   [b9b8584e] JSONRPC v1.3.5-DEV `~/work/julia-vscode-microprint-test/julia-vscode-microprint-test/scripts/packages/JSONRPC`
2022-11-21T19:09:11.3995761Z   [6462fe0b] Sockets `@stdlib/Sockets`
2022-11-21T19:09:11.3996127Z   [8dfed614] Test `@stdlib/Test`
2022-11-21T19:09:11.3996482Z   [cf7118a7] UUIDs `@stdlib/UUIDs`
2022-11-21T19:09:11.4167043Z       Status `/tmp/jl_kZLFtq/Manifest.toml`
2022-11-21T19:09:11.4208146Z   [682c06a0] JSON v0.20.1 `~/work/julia-vscode-microprint-test/julia-vscode-microprint-test/scripts/packages/JSON`
2022-11-21T19:09:11.4209638Z   [b9b8584e] JSONRPC v1.3.5-DEV `~/work/julia-vscode-microprint-test/julia-vscode-microprint-test/scripts/packages/JSONRPC`
2022-11-21T19:09:11.4213016Z   [2a0f44e3] Base64 `@stdlib/Base64`
2022-11-21T19:09:11.4213931Z   [ade2ca70] Dates `@stdlib/Dates`
2022-11-21T19:09:11.4214919Z   [b77e0a4c] InteractiveUtils `@stdlib/InteractiveUtils`
2022-11-21T19:09:11.4215498Z   [56ddb016] Logging `@stdlib/Logging`
2022-11-21T19:09:11.4215997Z   [d6f4376e] Markdown `@stdlib/Markdown`
2022-11-21T19:09:11.4216496Z   [a63ad114] Mmap `@stdlib/Mmap`
2022-11-21T19:09:11.4216997Z   [de0858da] Printf `@stdlib/Printf`
2022-11-21T19:09:11.4217571Z   [9a3f8284] Random `@stdlib/Random`
2022-11-21T19:09:11.4218095Z   [ea8e919c] SHA v0.7.0 `@stdlib/SHA`
2022-11-21T19:09:11.4268380Z   [9e88b42a] Serialization `@stdlib/Serialization`
2022-11-21T19:09:11.4268722Z   [6462fe0b] Sockets `@stdlib/Sockets`
2022-11-21T19:09:11.4269008Z   [8dfed614] Test `@stdlib/Test`
2022-11-21T19:09:11.4269274Z   [cf7118a7] UUIDs `@stdlib/UUIDs`
2022-11-21T19:09:11.4269559Z   [4ec0a83e] Unicode `@stdlib/Unicode`
2022-11-21T19:09:11.8792755Z Precompiling project...
2022-11-21T19:09:12.6194922Z [32m  ✓ [39mJSON
2022-11-21T19:09:13.0055142Z [32m  ✓ [39mJSONRPC
2022-11-21T19:09:13.0201755Z   2 dependencies successfully precompiled in 2 seconds
2022-11-21T19:09:13.0202530Z      Testing Running tests...
2022-11-21T19:09:17.6349459Z Test Summary: | Pass  Total  Time
2022-11-21T19:09:17.6551661Z JSONRPC       |   39     39  3.7s
2022-11-21T19:09:17.6657991Z      Testing JSONRPC tests passed 
2022-11-21T19:09:19.4167780Z      Testing LanguageServer
2022-11-21T19:09:21.5920025Z       Status `/tmp/jl_8FRcYx/Project.toml`
2022-11-21T19:09:21.6154961Z   [00ebfdb7] CSTParser v3.3.7-DEV `~/work/julia-vscode-microprint-test/julia-vscode-microprint-test/scripts/packages/CSTParser`
2022-11-21T19:09:21.6156596Z   [682c06a0] JSON v0.20.1 `~/work/julia-vscode-microprint-test/julia-vscode-microprint-test/scripts/packages/JSON`
2022-11-21T19:09:21.6158094Z   [b9b8584e] JSONRPC v1.3.5-DEV `~/work/julia-vscode-microprint-test/julia-vscode-microprint-test/scripts/packages/JSONRPC`
2022-11-21T19:09:21.6159550Z   [98e50ef6] JuliaFormatter v1.0.10 `~/work/julia-vscode-microprint-test/julia-vscode-microprint-test/scripts/packages/JuliaFormatter`
2022-11-21T19:09:21.6161403Z   [2b0e0bc5] LanguageServer v4.3.2-DEV `~/work/julia-vscode-microprint-test/julia-vscode-microprint-test/scripts/packages/LanguageServer`
2022-11-21T19:09:21.6162877Z   [b3cc710f] StaticLint v8.1.1-DEV `~/work/julia-vscode-microprint-test/julia-vscode-microprint-test/scripts/packages/StaticLint`
2022-11-21T19:09:21.6164379Z   [cf896787] SymbolServer v7.2.2-DEV `~/work/julia-vscode-microprint-test/julia-vscode-microprint-test/scripts/packages/SymbolServer`
2022-11-21T19:09:21.6168751Z   [76b0de8b] TestItemDetection v0.1.2-DEV `~/work/julia-vscode-microprint-test/julia-vscode-microprint-test/scripts/packages/TestItemDetection`
2022-11-21T19:09:21.6225386Z   [f8b46487] TestItemRunner v0.2.1
2022-11-21T19:09:21.6226767Z   [0796e94c] Tokenize v0.5.24 `~/work/julia-vscode-microprint-test/julia-vscode-microprint-test/scripts/packages/Tokenize`
2022-11-21T19:09:21.6228184Z   [5c2747f8] URIs v1.4.0 `~/work/julia-vscode-microprint-test/julia-vscode-microprint-test/scripts/packages/URIs`
2022-11-21T19:09:21.6228991Z   [76f85450] LibGit2 `@stdlib/LibGit2`
2022-11-21T19:09:21.6229507Z   [d6f4376e] Markdown `@stdlib/Markdown`
2022-11-21T19:09:21.6230034Z   [44cfe95a] Pkg v1.8.0 `@stdlib/Pkg`
2022-11-21T19:09:21.6230538Z   [3fa0cd96] REPL `@stdlib/REPL`
2022-11-21T19:09:21.6231005Z   [ea8e919c] SHA v0.7.0 `@stdlib/SHA`
2022-11-21T19:09:21.6231557Z   [9e88b42a] Serialization `@stdlib/Serialization`
2022-11-21T19:09:21.6232115Z   [6462fe0b] Sockets `@stdlib/Sockets`
2022-11-21T19:09:21.6232585Z   [8dfed614] Test `@stdlib/Test`
2022-11-21T19:09:21.6233058Z   [cf7118a7] UUIDs `@stdlib/UUIDs`
2022-11-21T19:09:21.6328269Z       Status `/tmp/jl_8FRcYx/Manifest.toml`
2022-11-21T19:09:21.6510394Z   [00ebfdb7] CSTParser v3.3.7-DEV `~/work/julia-vscode-microprint-test/julia-vscode-microprint-test/scripts/packages/CSTParser`
2022-11-21T19:09:21.6511273Z   [a80b9123] CommonMark v0.8.6 `~/work/julia-vscode-microprint-test/julia-vscode-microprint-test/scripts/packages/CommonMark`
2022-11-21T19:09:21.6512064Z   [34da2185] Compat v3.43.0 `~/work/julia-vscode-microprint-test/julia-vscode-microprint-test/scripts/packages/Compat`
2022-11-21T19:09:21.6513181Z   [a8cc5b0e] Crayons v4.0.4 `~/work/julia-vscode-microprint-test/julia-vscode-microprint-test/scripts/packages/Crayons`
2022-11-21T19:09:21.6514036Z   [864edb3b] DataStructures v0.18.13 `~/work/julia-vscode-microprint-test/julia-vscode-microprint-test/scripts/packages/DataStructures`
2022-11-21T19:09:21.6514846Z   [682c06a0] JSON v0.20.1 `~/work/julia-vscode-microprint-test/julia-vscode-microprint-test/scripts/packages/JSON`
2022-11-21T19:09:21.6515624Z   [b9b8584e] JSONRPC v1.3.5-DEV `~/work/julia-vscode-microprint-test/julia-vscode-microprint-test/scripts/packages/JSONRPC`
2022-11-21T19:09:21.6516485Z   [98e50ef6] JuliaFormatter v1.0.10 `~/work/julia-vscode-microprint-test/julia-vscode-microprint-test/scripts/packages/JuliaFormatter`
2022-11-21T19:09:21.6517365Z   [2b0e0bc5] LanguageServer v4.3.2-DEV `~/work/julia-vscode-microprint-test/julia-vscode-microprint-test/scripts/packages/LanguageServer`
2022-11-21T19:09:21.6518277Z   [bac558e1] OrderedCollections v1.4.1 `~/work/julia-vscode-microprint-test/julia-vscode-microprint-test/scripts/packages/OrderedCollections`
2022-11-21T19:09:21.6519132Z   [b3cc710f] StaticLint v8.1.1-DEV `~/work/julia-vscode-microprint-test/julia-vscode-microprint-test/scripts/packages/StaticLint`
2022-11-21T19:09:21.6519974Z   [cf896787] SymbolServer v7.2.2-DEV `~/work/julia-vscode-microprint-test/julia-vscode-microprint-test/scripts/packages/SymbolServer`
2022-11-21T19:09:21.6520857Z   [76b0de8b] TestItemDetection v0.1.2-DEV `~/work/julia-vscode-microprint-test/julia-vscode-microprint-test/scripts/packages/TestItemDetection`
2022-11-21T19:09:21.6521367Z   [f8b46487] TestItemRunner v0.2.1
2022-11-21T19:09:21.6521636Z   [1c621080] TestItems v0.1.0
2022-11-21T19:09:21.6522265Z   [0796e94c] Tokenize v0.5.24 `~/work/julia-vscode-microprint-test/julia-vscode-microprint-test/scripts/packages/Tokenize`
2022-11-21T19:09:21.6523034Z   [5c2747f8] URIs v1.4.0 `~/work/julia-vscode-microprint-test/julia-vscode-microprint-test/scripts/packages/URIs`
2022-11-21T19:09:21.6523582Z   [0dad84c5] ArgTools v1.1.1 `@stdlib/ArgTools`
2022-11-21T19:09:21.6523907Z   [56f22d72] Artifacts `@stdlib/Artifacts`
2022-11-21T19:09:21.6524207Z   [2a0f44e3] Base64 `@stdlib/Base64`
2022-11-21T19:09:21.6524496Z   [ade2ca70] Dates `@stdlib/Dates`
2022-11-21T19:09:21.6524811Z   [8bb1440f] DelimitedFiles `@stdlib/DelimitedFiles`
2022-11-21T19:09:21.6525158Z   [8ba89e20] Distributed `@stdlib/Distributed`
2022-11-21T19:09:21.6525486Z   [f43a241f] Downloads v1.6.0 `@stdlib/Downloads`
2022-11-21T19:09:21.6525806Z   [7b1f6079] FileWatching `@stdlib/FileWatching`
2022-11-21T19:09:21.6526169Z   [b77e0a4c] InteractiveUtils `@stdlib/InteractiveUtils`
2022-11-21T19:09:21.6526515Z   [b27032c2] LibCURL v0.6.3 `@stdlib/LibCURL`
2022-11-21T19:09:21.6526795Z   [76f85450] LibGit2 `@stdlib/LibGit2`
2022-11-21T19:09:21.6527080Z   [8f399da3] Libdl `@stdlib/Libdl`
2022-11-21T19:09:21.6527397Z   [37e2e46d] LinearAlgebra `@stdlib/LinearAlgebra`
2022-11-21T19:09:21.6527704Z   [56ddb016] Logging `@stdlib/Logging`
2022-11-21T19:09:21.6528006Z   [d6f4376e] Markdown `@stdlib/Markdown`
2022-11-21T19:09:21.6528297Z   [a63ad114] Mmap `@stdlib/Mmap`
2022-11-21T19:09:21.6528613Z   [ca575930] NetworkOptions v1.2.0 `@stdlib/NetworkOptions`
2022-11-21T19:09:21.6528941Z   [44cfe95a] Pkg v1.8.0 `@stdlib/Pkg`
2022-11-21T19:09:21.6529236Z   [de0858da] Printf `@stdlib/Printf`
2022-11-21T19:09:21.6529520Z   [3fa0cd96] REPL `@stdlib/REPL`
2022-11-21T19:09:21.6529786Z   [9a3f8284] Random `@stdlib/Random`
2022-11-21T19:09:21.6530067Z   [ea8e919c] SHA v0.7.0 `@stdlib/SHA`
2022-11-21T19:09:21.6530384Z   [9e88b42a] Serialization `@stdlib/Serialization`
2022-11-21T19:09:21.6530712Z   [1a1011a3] SharedArrays `@stdlib/SharedArrays`
2022-11-21T19:09:21.6531026Z   [6462fe0b] Sockets `@stdlib/Sockets`
2022-11-21T19:09:21.6531342Z   [2f01184e] SparseArrays `@stdlib/SparseArrays`
2022-11-21T19:09:21.6531652Z   [10745b16] Statistics `@stdlib/Statistics`
2022-11-21T19:09:21.6532023Z   [fa267f1f] TOML v1.0.0 `@stdlib/TOML`
2022-11-21T19:09:21.6532316Z   [a4e569a6] Tar v1.10.1 `@stdlib/Tar`
2022-11-21T19:09:21.6532584Z   [8dfed614] Test `@stdlib/Test`
2022-11-21T19:09:21.6533216Z   [cf7118a7] UUIDs `@stdlib/UUIDs`
2022-11-21T19:09:21.6533509Z   [4ec0a83e] Unicode `@stdlib/Unicode`
2022-11-21T19:09:21.6533905Z   [e66e0078] CompilerSupportLibraries_jll v0.5.2+0 `@stdlib/CompilerSupportLibraries_jll`
2022-11-21T19:09:21.6534340Z   [deac9b47] LibCURL_jll v7.84.0+0 `@stdlib/LibCURL_jll`
2022-11-21T19:09:21.6534679Z   [29816b5a] LibSSH2_jll v1.10.2+0 `@stdlib/LibSSH2_jll`
2022-11-21T19:09:21.6535021Z   [c8ffd9c3] MbedTLS_jll v2.28.0+0 `@stdlib/MbedTLS_jll`
2022-11-21T19:09:21.6535416Z   [14a3606d] MozillaCACerts_jll v2022.2.1 `@stdlib/MozillaCACerts_jll`
2022-11-21T19:09:21.6535788Z   [4536629a] OpenBLAS_jll v0.3.20+0 `@stdlib/OpenBLAS_jll`
2022-11-21T19:09:21.6536114Z   [83775a58] Zlib_jll v1.2.12+3 `@stdlib/Zlib_jll`
2022-11-21T19:09:21.6536473Z   [8e850b90] libblastrampoline_jll v5.1.1+0 `@stdlib/libblastrampoline_jll`
2022-11-21T19:09:21.6537659Z   [8e850ede] nghttp2_jll v1.48.0+0 `@stdlib/nghttp2_jll`
2022-11-21T19:09:21.6538006Z   [3f19e933] p7zip_jll v17.4.0+0 `@stdlib/p7zip_jll`
2022-11-21T19:09:22.1794225Z Precompiling project...
2022-11-21T19:09:23.1184892Z [32m  ✓ [39m[90mCompat[39m
2022-11-21T19:09:23.2111995Z [32m  ✓ [39mURIs
2022-11-21T19:09:23.5819968Z [32m  ✓ [39m[90mCompilerSupportLibraries_jll[39m
2022-11-21T19:09:24.0986035Z [32m  ✓ [39m[90mCrayons[39m
2022-11-21T19:09:24.2940873Z [32m  ✓ [39m[90mOrderedCollections[39m
2022-11-21T19:09:24.6580121Z [32m  ✓ [39m[90mMbedTLS_jll[39m
2022-11-21T19:09:24.7354438Z [32m  ✓ [39m[90mZlib_jll[39m
2022-11-21T19:09:25.0735045Z [32m  ✓ [39m[90mTestItems[39m
2022-11-21T19:09:25.4274448Z [32m  ✓ [39m[90mOpenBLAS_jll[39m
2022-11-21T19:09:25.6651560Z [32m  ✓ [39mTestItemDetection
2022-11-21T19:09:28.6175029Z [32m  ✓ [39m[90mCommonMark[39m
2022-11-21T19:09:28.7997600Z [32m  ✓ [39m[90mDataStructures[39m
2022-11-21T19:09:28.9319254Z [32m  ✓ [39m[90mLibSSH2_jll[39m
2022-11-21T19:09:29.3314149Z [32m  ✓ [39m[90mlibblastrampoline_jll[39m
2022-11-21T19:09:34.6536750Z [32m  ✓ [39mSymbolServer
2022-11-21T19:09:34.7505717Z [32m  ✓ [39mJuliaFormatter
2022-11-21T19:09:35.4840293Z [32m  ✓ [39mTestItemRunner
2022-11-21T19:09:36.5429194Z [32m  ✓ [39mStaticLint
2022-11-21T19:09:40.1264058Z [32m  ✓ [39mLanguageServer
2022-11-21T19:09:40.1415108Z   19 dependencies successfully precompiled in 18 seconds. 4 already precompiled.
2022-11-21T19:09:40.1415687Z      Testing Running tests...
2022-11-21T19:10:44.0745959Z [ Info: Self-parse test
2022-11-21T19:10:44.0957225Z [ Info: skipping brute-force tests on CI
2022-11-21T19:11:57.5724957Z ERROR: InvalidStateException: Channel is closed.
2022-11-21T19:11:57.5725603Z Stacktrace:
2022-11-21T19:11:57.5742232Z  [1] try_yieldto(undo::typeof(Base.ensure_rescheduled))
2022-11-21T19:11:57.5742918Z    @ Base ./task.jl:871
2022-11-21T19:11:57.5743296Z  [2] wait()
2022-11-21T19:11:57.5743615Z    @ Base ./task.jl:931
2022-11-21T19:11:57.5744030Z  [3] wait(c::Base.GenericCondition{ReentrantLock})
2022-11-21T19:11:57.5744457Z    @ Base ./condition.jl:124
2022-11-21T19:11:57.5744832Z  [4] take_buffered(c::Channel{Any})
2022-11-21T19:11:57.5745177Z    @ Base ./channels.jl:416
2022-11-21T19:11:57.5745521Z  [5] take!
2022-11-21T19:11:57.5745843Z    @ ./channels.jl:410 [inlined]
2022-11-21T19:11:57.5746551Z  [6] get_next_message
2022-11-21T19:11:57.5748200Z    @ ~/work/julia-vscode-microprint-test/julia-vscode-microprint-test/scripts/packages/JSONRPC/src/core.jl:202 [inlined]
2022-11-21T19:11:57.5748659Z  [7] macro expansion
2022-11-21T19:11:57.5749373Z    @ ~/work/julia-vscode-microprint-test/julia-vscode-microprint-test/scripts/packages/LanguageServer/src/languageserverinstance.jl:288 [inlined]
2022-11-21T19:11:57.5750028Z  [8] (::LanguageServer.var"#111#114"{LanguageServer.LanguageServerInstance})()
2022-11-21T19:11:57.5750418Z    @ LanguageServer ./task.jl:484
2022-11-21T19:11:57.5751068Z [ Info: Processing Pkg...
2022-11-21T19:11:57.5777325Z [ Info: Shutting down server instance.
2022-11-21T19:11:58.4340124Z Test Summary: | Pass  Broken  Total     Time
2022-11-21T19:11:58.4549750Z Package       |  400      10    410  2m09.7s
2022-11-21T19:11:58.5334424Z      Testing LanguageServer tests passed 
2022-11-21T19:12:00.4747500Z      Testing StaticLint
2022-11-21T19:12:02.2237479Z       Status `/tmp/jl_POdEe1/Project.toml`
2022-11-21T19:12:02.2433715Z   [00ebfdb7] CSTParser v3.3.7-DEV `~/work/julia-vscode-microprint-test/julia-vscode-microprint-test/scripts/packages/CSTParser`
2022-11-21T19:12:02.2435207Z   [b3cc710f] StaticLint v8.1.1-DEV `~/work/julia-vscode-microprint-test/julia-vscode-microprint-test/scripts/packages/StaticLint`
2022-11-21T19:12:02.2436345Z   [cf896787] SymbolServer v7.2.2-DEV `~/work/julia-vscode-microprint-test/julia-vscode-microprint-test/scripts/packages/SymbolServer`
2022-11-21T19:12:02.2495212Z   [76f85450] LibGit2 `@stdlib/LibGit2`
2022-11-21T19:12:02.2495953Z   [44cfe95a] Pkg v1.8.0 `@stdlib/Pkg`
2022-11-21T19:12:02.2496835Z   [ea8e919c] SHA v0.7.0 `@stdlib/SHA`
2022-11-21T19:12:02.2497208Z   [9e88b42a] Serialization `@stdlib/Serialization`
2022-11-21T19:12:02.2497543Z   [8dfed614] Test `@stdlib/Test`
2022-11-21T19:12:02.2626652Z       Status `/tmp/jl_POdEe1/Manifest.toml`
2022-11-21T19:12:02.2717359Z   [00ebfdb7] CSTParser v3.3.7-DEV `~/work/julia-vscode-microprint-test/julia-vscode-microprint-test/scripts/packages/CSTParser`
2022-11-21T19:12:02.2718399Z   [b3cc710f] StaticLint v8.1.1-DEV `~/work/julia-vscode-microprint-test/julia-vscode-microprint-test/scripts/packages/StaticLint`
2022-11-21T19:12:02.2719369Z   [cf896787] SymbolServer v7.2.2-DEV `~/work/julia-vscode-microprint-test/julia-vscode-microprint-test/scripts/packages/SymbolServer`
2022-11-21T19:12:02.2720301Z   [0796e94c] Tokenize v0.5.24 `~/work/julia-vscode-microprint-test/julia-vscode-microprint-test/scripts/packages/Tokenize`
2022-11-21T19:12:02.2720869Z   [0dad84c5] ArgTools v1.1.1 `@stdlib/ArgTools`
2022-11-21T19:12:02.2721312Z   [56f22d72] Artifacts `@stdlib/Artifacts`
2022-11-21T19:12:02.2722099Z   [2a0f44e3] Base64 `@stdlib/Base64`
2022-11-21T19:12:02.2722504Z   [ade2ca70] Dates `@stdlib/Dates`
2022-11-21T19:12:02.2722891Z   [f43a241f] Downloads v1.6.0 `@stdlib/Downloads`
2022-11-21T19:12:02.2723350Z   [7b1f6079] FileWatching `@stdlib/FileWatching`
2022-11-21T19:12:02.2723807Z   [b77e0a4c] InteractiveUtils `@stdlib/InteractiveUtils`
2022-11-21T19:12:02.2724243Z   [b27032c2] LibCURL v0.6.3 `@stdlib/LibCURL`
2022-11-21T19:12:02.2724615Z   [76f85450] LibGit2 `@stdlib/LibGit2`
2022-11-21T19:12:02.2724992Z   [8f399da3] Libdl `@stdlib/Libdl`
2022-11-21T19:12:02.2725586Z   [56ddb016] Logging `@stdlib/Logging`
2022-11-21T19:12:02.2726094Z   [d6f4376e] Markdown `@stdlib/Markdown`
2022-11-21T19:12:02.2726697Z   [ca575930] NetworkOptions v1.2.0 `@stdlib/NetworkOptions`
2022-11-21T19:12:02.2727181Z   [44cfe95a] Pkg v1.8.0 `@stdlib/Pkg`
2022-11-21T19:12:02.2727685Z   [de0858da] Printf `@stdlib/Printf`
2022-11-21T19:12:02.2728168Z   [3fa0cd96] REPL `@stdlib/REPL`
2022-11-21T19:12:02.2728683Z   [9a3f8284] Random `@stdlib/Random`
2022-11-21T19:12:02.2729189Z   [ea8e919c] SHA v0.7.0 `@stdlib/SHA`
2022-11-21T19:12:02.2729740Z   [9e88b42a] Serialization `@stdlib/Serialization`
2022-11-21T19:12:02.2730224Z   [6462fe0b] Sockets `@stdlib/Sockets`
2022-11-21T19:12:02.2730729Z   [fa267f1f] TOML v1.0.0 `@stdlib/TOML`
2022-11-21T19:12:02.2731253Z   [a4e569a6] Tar v1.10.1 `@stdlib/Tar`
2022-11-21T19:12:02.2731738Z   [8dfed614] Test `@stdlib/Test`
2022-11-21T19:12:02.2732271Z   [cf7118a7] UUIDs `@stdlib/UUIDs`
2022-11-21T19:12:02.2732915Z   [4ec0a83e] Unicode `@stdlib/Unicode`
2022-11-21T19:12:02.2735430Z   [deac9b47] LibCURL_jll v7.84.0+0 `@stdlib/LibCURL_jll`
2022-11-21T19:12:02.2736374Z   [29816b5a] LibSSH2_jll v1.10.2+0 `@stdlib/LibSSH2_jll`
2022-11-21T19:12:02.2737174Z   [c8ffd9c3] MbedTLS_jll v2.28.0+0 `@stdlib/MbedTLS_jll`
2022-11-21T19:12:02.2737725Z   [14a3606d] MozillaCACerts_jll v2022.2.1 `@stdlib/MozillaCACerts_jll`
2022-11-21T19:12:02.2738718Z   [83775a58] Zlib_jll v1.2.12+3 `@stdlib/Zlib_jll`
2022-11-21T19:12:02.2739235Z   [8e850ede] nghttp2_jll v1.48.0+0 `@stdlib/nghttp2_jll`
2022-11-21T19:12:02.2743304Z   [3f19e933] p7zip_jll v17.4.0+0 `@stdlib/p7zip_jll`
2022-11-21T19:12:02.8067512Z      Testing Running tests...
2022-11-21T19:12:25.3251341Z Test Summary: | Pass  Total   Time
2022-11-21T19:12:25.3472656Z StaticLint    |  342    342  19.9s
2022-11-21T19:12:25.3518380Z Test Summary:                             | Pass  Total  Time
2022-11-21T19:12:25.3519404Z add eval method to modules/toplevel scope |    2      2  0.0s
2022-11-21T19:12:25.5201308Z Test Summary: | Pass  Total  Time
2022-11-21T19:12:25.5202216Z reparse       |    3      3  0.2s
2022-11-21T19:12:25.5239121Z Test Summary:               | Pass  Total  Time
2022-11-21T19:12:25.5240075Z duplicate function argument |    1      1  0.0s
2022-11-21T19:12:25.5289470Z Test Summary:       | Pass  Total  Time
2022-11-21T19:12:25.5290027Z type alias bindings |    2      2  0.0s
2022-11-21T19:12:25.5323463Z Test Summary:                       | Pass  Total  Time
2022-11-21T19:12:25.5324832Z :call w/ :parameters traverse order |    1      1  0.0s
2022-11-21T19:12:25.5356483Z Test Summary:                    | Pass  Total  Time
2022-11-21T19:12:25.5357150Z handle shadow bindings on method |    1      1  0.0s
2022-11-21T19:12:25.5447481Z Test Summary:               | Pass  Total  Time
2022-11-21T19:12:25.5448203Z documented symbol resolving |    2      2  0.0s
2022-11-21T19:12:25.6715019Z Test Summary:   | Pass  Total  Time
2022-11-21T19:12:25.6716363Z unused bindings |    6      6  0.1s
2022-11-21T19:12:25.6781858Z Test Summary: | Pass  Total  Time
2022-11-21T19:12:25.6782956Z unwrap sig    |    4      4  0.0s
2022-11-21T19:12:25.6826705Z Test Summary:    | Pass  Total  Time
2022-11-21T19:12:25.6827550Z clear .type refs |    2      2  0.0s
2022-11-21T19:12:25.6868918Z Test Summary:    | Pass  Total  Time
2022-11-21T19:12:25.6869837Z clear .type refs |    2      2  0.0s
2022-11-21T19:12:25.7136641Z Test Summary:         | Pass  Total  Time
2022-11-21T19:12:25.7139300Z type inference by use |    6      6  0.0s
2022-11-21T19:12:25.7334390Z Test Summary:           | Pass  Total  Time
2022-11-21T19:12:25.7336342Z loop iterator inference |    8      8  0.0s
2022-11-21T19:12:25.7370597Z Test Summary:   | Pass  Total  Time
2022-11-21T19:12:25.7372497Z Vector{T} infer |    1      1  0.0s
2022-11-21T19:12:25.7414956Z Test Summary:          | Pass  Total  Time
2022-11-21T19:12:25.7416372Z where type param infer |    2      2  0.0s
2022-11-21T19:12:25.7487876Z Test Summary:          | Pass  Total  Time
2022-11-21T19:12:25.7489274Z where type param infer |    4      4  0.0s
2022-11-21T19:12:25.7644215Z Test Summary: | Pass  Total  Time
2022-11-21T19:12:25.7645858Z softscope     |   12     12  0.0s
2022-11-21T19:12:25.7752956Z Test Summary: | Pass  Total  Time
2022-11-21T19:12:25.7754496Z #1218         |    4      4  0.0s
2022-11-21T19:12:25.7926169Z Test Summary: | Pass  Total  Time
2022-11-21T19:12:25.7927590Z import as ... |    2      2  0.0s
2022-11-21T19:12:25.7965546Z Test Summary: | Pass  Total  Time
2022-11-21T19:12:25.7966922Z #1218         |    1      1  0.0s
2022-11-21T19:12:25.7998623Z Test Summary:             | Pass  Total  Time
2022-11-21T19:12:25.7999997Z macrocall bindings: #2187 |    1      1  0.0s
2022-11-21T19:12:25.8096510Z Test Summary:        | Pass  Total  Time
2022-11-21T19:12:25.8097888Z aliased import: #974 |    2      2  0.0s
2022-11-21T19:12:26.0068922Z Test Summary: | Pass  Total  Time
2022-11-21T19:12:26.0071925Z kwarg refs    |   12     12  0.0s
2022-11-21T19:12:26.1465868Z Test Summary:                | Pass  Total  Time
2022-11-21T19:12:26.1469326Z iteration over 1:length(...) |   15     15  0.1s
2022-11-21T19:12:26.1512935Z Test Summary:                    | Pass  Total  Time
2022-11-21T19:12:26.1515226Z assigned but not used with loops |    2      2  0.0s
2022-11-21T19:12:26.1762270Z      Testing StaticLint tests passed 
2022-11-21T19:12:27.9286406Z      Testing SymbolServer
2022-11-21T19:12:29.5664758Z       Status `/tmp/jl_BIox3a/Project.toml`
2022-11-21T19:12:29.5856882Z   [cf896787] SymbolServer v7.2.2-DEV `~/work/julia-vscode-microprint-test/julia-vscode-microprint-test/scripts/packages/SymbolServer`
2022-11-21T19:12:29.5857871Z   [b77e0a4c] InteractiveUtils `@stdlib/InteractiveUtils`
2022-11-21T19:12:29.5858469Z   [76f85450] LibGit2 `@stdlib/LibGit2`
2022-11-21T19:12:29.5858997Z   [d6f4376e] Markdown `@stdlib/Markdown`
2022-11-21T19:12:29.5859517Z   [44cfe95a] Pkg v1.8.0 `@stdlib/Pkg`
2022-11-21T19:12:29.5860010Z   [3fa0cd96] REPL `@stdlib/REPL`
2022-11-21T19:12:29.5860496Z   [ea8e919c] SHA v0.7.0 `@stdlib/SHA`
2022-11-21T19:12:29.5861051Z   [9e88b42a] Serialization `@stdlib/Serialization`
2022-11-21T19:12:29.5861594Z   [6462fe0b] Sockets `@stdlib/Sockets`
2022-11-21T19:12:29.5862084Z   [8dfed614] Test `@stdlib/Test`
2022-11-21T19:12:29.5862568Z   [cf7118a7] UUIDs `@stdlib/UUIDs`
2022-11-21T19:12:29.6019789Z       Status `/tmp/jl_BIox3a/Manifest.toml`
2022-11-21T19:12:29.6108593Z   [cf896787] SymbolServer v7.2.2-DEV `~/work/julia-vscode-microprint-test/julia-vscode-microprint-test/scripts/packages/SymbolServer`
2022-11-21T19:12:29.6109142Z   [0dad84c5] ArgTools v1.1.1 `@stdlib/ArgTools`
2022-11-21T19:12:29.6109468Z   [56f22d72] Artifacts `@stdlib/Artifacts`
2022-11-21T19:12:29.6109755Z   [2a0f44e3] Base64 `@stdlib/Base64`
2022-11-21T19:12:29.6110051Z   [ade2ca70] Dates `@stdlib/Dates`
2022-11-21T19:12:29.6110365Z   [f43a241f] Downloads v1.6.0 `@stdlib/Downloads`
2022-11-21T19:12:29.6110707Z   [7b1f6079] FileWatching `@stdlib/FileWatching`
2022-11-21T19:12:29.6111057Z   [b77e0a4c] InteractiveUtils `@stdlib/InteractiveUtils`
2022-11-21T19:12:29.6111409Z   [b27032c2] LibCURL v0.6.3 `@stdlib/LibCURL`
2022-11-21T19:12:29.6111708Z   [76f85450] LibGit2 `@stdlib/LibGit2`
2022-11-21T19:12:29.6111979Z   [8f399da3] Libdl `@stdlib/Libdl`
2022-11-21T19:12:29.6112266Z   [56ddb016] Logging `@stdlib/Logging`
2022-11-21T19:12:29.6112566Z   [d6f4376e] Markdown `@stdlib/Markdown`
2022-11-21T19:12:29.6112905Z   [ca575930] NetworkOptions v1.2.0 `@stdlib/NetworkOptions`
2022-11-21T19:12:29.6113558Z   [44cfe95a] Pkg v1.8.0 `@stdlib/Pkg`
2022-11-21T19:12:29.6113867Z   [de0858da] Printf `@stdlib/Printf`
2022-11-21T19:12:29.6114142Z   [3fa0cd96] REPL `@stdlib/REPL`
2022-11-21T19:12:29.6114425Z   [9a3f8284] Random `@stdlib/Random`
2022-11-21T19:12:29.6114710Z   [ea8e919c] SHA v0.7.0 `@stdlib/SHA`
2022-11-21T19:12:29.6115012Z   [9e88b42a] Serialization `@stdlib/Serialization`
2022-11-21T19:12:29.6115335Z   [6462fe0b] Sockets `@stdlib/Sockets`
2022-11-21T19:12:29.6115629Z   [fa267f1f] TOML v1.0.0 `@stdlib/TOML`
2022-11-21T19:12:29.6115899Z   [a4e569a6] Tar v1.10.1 `@stdlib/Tar`
2022-11-21T19:12:29.6116179Z   [8dfed614] Test `@stdlib/Test`
2022-11-21T19:12:29.6116463Z   [cf7118a7] UUIDs `@stdlib/UUIDs`
2022-11-21T19:12:29.6116752Z   [4ec0a83e] Unicode `@stdlib/Unicode`
2022-11-21T19:12:29.6117060Z   [deac9b47] LibCURL_jll v7.84.0+0 `@stdlib/LibCURL_jll`
2022-11-21T19:12:29.6117409Z   [29816b5a] LibSSH2_jll v1.10.2+0 `@stdlib/LibSSH2_jll`
2022-11-21T19:12:29.6117758Z   [c8ffd9c3] MbedTLS_jll v2.28.0+0 `@stdlib/MbedTLS_jll`
2022-11-21T19:12:29.6118121Z   [14a3606d] MozillaCACerts_jll v2022.2.1 `@stdlib/MozillaCACerts_jll`
2022-11-21T19:12:29.6118477Z   [83775a58] Zlib_jll v1.2.12+3 `@stdlib/Zlib_jll`
2022-11-21T19:12:29.6118820Z   [8e850ede] nghttp2_jll v1.48.0+0 `@stdlib/nghttp2_jll`
2022-11-21T19:12:29.6119145Z   [3f19e933] p7zip_jll v17.4.0+0 `@stdlib/p7zip_jll`
2022-11-21T19:12:30.1480107Z      Testing Running tests...
2022-11-21T19:12:40.7594338Z ┌ Warning: The active manifest file is an older format with no julia version entry. Dependencies may have been resolved with a different julia version.
2022-11-21T19:12:40.7596072Z └ @ /tmp/jl_6uie5P/Manifest.toml:0
2022-11-21T19:12:41.1039041Z    Installed IteratorInterfaceExtensions ─ v1.0.0
2022-11-21T19:12:41.6700022Z Precompiling project...
2022-11-21T19:12:41.9816996Z [32m  ✓ [39mIteratorInterfaceExtensions
2022-11-21T19:12:41.9971110Z   1 dependency successfully precompiled in 1 seconds
2022-11-21T19:12:41.9972209Z   [91m1[39m dependency errored. To see a full report either run `import Pkg; Pkg.precompile()` or load the package
2022-11-21T19:12:56.1797708Z ┌ Warning: TableTraits not stored on disc
2022-11-21T19:12:56.1799522Z └ @ SymbolServer ~/work/julia-vscode-microprint-test/julia-vscode-microprint-test/scripts/packages/SymbolServer/src/SymbolServer.jl:247
2022-11-21T19:12:56.2648340Z Test Summary: | Pass  Total   Time
2022-11-21T19:12:56.2850991Z SymbolServer  | 8054   8054  23.5s
2022-11-21T19:12:56.8718638Z Test Summary: | Pass  Total  Time
2022-11-21T19:12:56.8719799Z TypeofVararg  |   30     30  0.4s
2022-11-21T19:12:56.9685543Z Test Summary: | Pass  Total  Time
2022-11-21T19:12:56.9687286Z Pipe names    |    3      3  0.1s
2022-11-21T19:12:56.9721829Z Test Summary: | Pass  Total  Time
2022-11-21T19:12:56.9722931Z Intrinsics`   |    1      1  0.0s
2022-11-21T19:12:56.9896986Z      Testing SymbolServer tests passed 
2022-11-21T19:12:58.7120198Z      Testing DebugAdapter
2022-11-21T19:13:00.4297380Z       Status `/tmp/jl_fDZ2ac/Project.toml`
2022-11-21T19:13:00.4480931Z   [17994d07] DebugAdapter v1.0.1-DEV `~/work/julia-vscode-microprint-test/julia-vscode-microprint-test/scripts/packages/DebugAdapter`
2022-11-21T19:13:00.4482783Z   [682c06a0] JSON v0.20.1 `~/work/julia-vscode-microprint-test/julia-vscode-microprint-test/scripts/packages/JSON`
2022-11-21T19:13:00.4484073Z   [b9b8584e] JSONRPC v1.3.5-DEV `~/work/julia-vscode-microprint-test/julia-vscode-microprint-test/scripts/packages/JSONRPC`
2022-11-21T19:13:00.4537801Z   [aa1ae85d] JuliaInterpreter v0.9.15 `~/work/julia-vscode-microprint-test/julia-vscode-microprint-test/scripts/packages/JuliaInterpreter`
2022-11-21T19:13:00.4538750Z   [2a0f44e3] Base64 `@stdlib/Base64`
2022-11-21T19:13:00.4539269Z   [6462fe0b] Sockets `@stdlib/Sockets`
2022-11-21T19:13:00.4539748Z   [8dfed614] Test `@stdlib/Test`
2022-11-21T19:13:00.4540235Z   [cf7118a7] UUIDs `@stdlib/UUIDs`
2022-11-21T19:13:00.4655449Z       Status `/tmp/jl_fDZ2ac/Manifest.toml`
2022-11-21T19:13:00.4713666Z   [da1fd8a2] CodeTracking v1.1.0 `~/work/julia-vscode-microprint-test/julia-vscode-microprint-test/scripts/packages/CodeTracking`
2022-11-21T19:13:00.4714600Z   [17994d07] DebugAdapter v1.0.1-DEV `~/work/julia-vscode-microprint-test/julia-vscode-microprint-test/scripts/packages/DebugAdapter`
2022-11-21T19:13:00.4715485Z   [682c06a0] JSON v0.20.1 `~/work/julia-vscode-microprint-test/julia-vscode-microprint-test/scripts/packages/JSON`
2022-11-21T19:13:00.4716289Z   [b9b8584e] JSONRPC v1.3.5-DEV `~/work/julia-vscode-microprint-test/julia-vscode-microprint-test/scripts/packages/JSONRPC`
2022-11-21T19:13:00.4717155Z   [aa1ae85d] JuliaInterpreter v0.9.15 `~/work/julia-vscode-microprint-test/julia-vscode-microprint-test/scripts/packages/JuliaInterpreter`
2022-11-21T19:13:00.4717661Z   [2a0f44e3] Base64 `@stdlib/Base64`
2022-11-21T19:13:00.4717953Z   [ade2ca70] Dates `@stdlib/Dates`
2022-11-21T19:13:00.4718280Z   [b77e0a4c] InteractiveUtils `@stdlib/InteractiveUtils`
2022-11-21T19:13:00.4718625Z   [56ddb016] Logging `@stdlib/Logging`
2022-11-21T19:13:00.4718933Z   [d6f4376e] Markdown `@stdlib/Markdown`
2022-11-21T19:13:00.4719210Z   [a63ad114] Mmap `@stdlib/Mmap`
2022-11-21T19:13:00.4719493Z   [de0858da] Printf `@stdlib/Printf`
2022-11-21T19:13:00.4719781Z   [9a3f8284] Random `@stdlib/Random`
2022-11-21T19:13:00.4720049Z   [ea8e919c] SHA v0.7.0 `@stdlib/SHA`
2022-11-21T19:13:00.4720372Z   [9e88b42a] Serialization `@stdlib/Serialization`
2022-11-21T19:13:00.4720687Z   [6462fe0b] Sockets `@stdlib/Sockets`
2022-11-21T19:13:00.4720965Z   [8dfed614] Test `@stdlib/Test`
2022-11-21T19:13:00.4721227Z   [cf7118a7] UUIDs `@stdlib/UUIDs`
2022-11-21T19:13:00.4721510Z   [4ec0a83e] Unicode `@stdlib/Unicode`
2022-11-21T19:13:00.9917443Z Precompiling project...
2022-11-21T19:13:01.5904361Z [32m  ✓ [39m[90mCodeTracking[39m
2022-11-21T19:13:06.9410101Z [32m  ✓ [39mJuliaInterpreter
2022-11-21T19:13:08.4689637Z [32m  ✓ [39mDebugAdapter
2022-11-21T19:13:08.4839820Z   3 dependencies successfully precompiled in 8 seconds. 2 already precompiled.
2022-11-21T19:13:08.4840572Z      Testing Running tests...
2022-11-21T19:13:09.2006900Z Test Summary: |Time
2022-11-21T19:13:09.2207392Z DebugAdapter  | None  0.0s
2022-11-21T19:13:09.2315559Z      Testing DebugAdapter tests passed 
2022-11-21T19:13:10.9397804Z      Testing VSCodeDebugger
2022-11-21T19:13:12.4182950Z       Status `/tmp/jl_vrnFsZ/Project.toml`
2022-11-21T19:13:12.4211262Z   [a80fdaa1] VSCodeDebugger v0.1.0 `~/work/julia-vscode-microprint-test/julia-vscode-microprint-test/scripts/packages/VSCodeDebugger`
2022-11-21T19:13:12.4212533Z   [2a0f44e3] Base64 `@stdlib/Base64`
2022-11-21T19:13:12.4213474Z   [ade2ca70] Dates `@stdlib/Dates`
2022-11-21T19:13:12.4214228Z   [b77e0a4c] InteractiveUtils `@stdlib/InteractiveUtils`
2022-11-21T19:13:12.4214959Z   [a63ad114] Mmap `@stdlib/Mmap`
2022-11-21T19:13:12.4215768Z   [3fa0cd96] REPL `@stdlib/REPL`
2022-11-21T19:13:12.4216457Z   [9a3f8284] Random `@stdlib/Random`
2022-11-21T19:13:12.5154721Z   [6462fe0b] Sockets `@stdlib/Sockets`
2022-11-21T19:13:12.5155846Z   [8dfed614] Test `@stdlib/Test`
2022-11-21T19:13:12.5156609Z   [cf7118a7] UUIDs `@stdlib/UUIDs`
2022-11-21T19:13:12.5157415Z   [4ec0a83e] Unicode `@stdlib/Unicode`
2022-11-21T19:13:12.5338041Z       Status `/tmp/jl_vrnFsZ/Manifest.toml`
2022-11-21T19:13:12.5378182Z   [a80fdaa1] VSCodeDebugger v0.1.0 `~/work/julia-vscode-microprint-test/julia-vscode-microprint-test/scripts/packages/VSCodeDebugger`
2022-11-21T19:13:12.5382154Z   [2a0f44e3] Base64 `@stdlib/Base64`
2022-11-21T19:13:12.5382703Z   [ade2ca70] Dates `@stdlib/Dates`
2022-11-21T19:13:12.5383670Z   [b77e0a4c] InteractiveUtils `@stdlib/InteractiveUtils`
2022-11-21T19:13:12.5384178Z   [56ddb016] Logging `@stdlib/Logging`
2022-11-21T19:13:12.5384849Z   [d6f4376e] Markdown `@stdlib/Markdown`
2022-11-21T19:13:12.5385385Z   [a63ad114] Mmap `@stdlib/Mmap`
2022-11-21T19:13:12.5386090Z   [de0858da] Printf `@stdlib/Printf`
2022-11-21T19:13:12.5386608Z   [3fa0cd96] REPL `@stdlib/REPL`
2022-11-21T19:13:12.5387186Z   [9a3f8284] Random `@stdlib/Random`
2022-11-21T19:13:12.5388044Z   [ea8e919c] SHA v0.7.0 `@stdlib/SHA`
2022-11-21T19:13:12.5388898Z   [9e88b42a] Serialization `@stdlib/Serialization`
2022-11-21T19:13:12.5389456Z   [6462fe0b] Sockets `@stdlib/Sockets`
2022-11-21T19:13:12.5390039Z   [8dfed614] Test `@stdlib/Test`
2022-11-21T19:13:12.5394184Z   [cf7118a7] UUIDs `@stdlib/UUIDs`
2022-11-21T19:13:12.5394701Z   [4ec0a83e] Unicode `@stdlib/Unicode`
2022-11-21T19:13:12.9740644Z Precompiling project...
2022-11-21T19:13:20.3831160Z [32m  ✓ [39mVSCodeDebugger
2022-11-21T19:13:20.4023433Z   1 dependency successfully precompiled in 8 seconds
2022-11-21T19:13:20.4024548Z      Testing Running tests...
2022-11-21T19:13:20.8447648Z Test Summary:  |Time
2022-11-21T19:13:20.8649394Z VSCodeDebugger | None  0.0s
2022-11-21T19:13:20.8765702Z      Testing VSCodeDebugger tests passed 
2022-11-21T19:13:22.6100568Z      Testing VSCodeServer
2022-11-21T19:13:24.2216340Z       Status `/tmp/jl_p1pyCT/Project.toml`
2022-11-21T19:13:24.2257659Z   [9f5989ce] VSCodeServer v0.0.0 `~/work/julia-vscode-microprint-test/julia-vscode-microprint-test/scripts/packages/VSCodeServer`
2022-11-21T19:13:24.2258327Z   [2a0f44e3] Base64 `@stdlib/Base64`
2022-11-21T19:13:24.2258694Z   [ade2ca70] Dates `@stdlib/Dates`
2022-11-21T19:13:24.2259125Z   [b77e0a4c] InteractiveUtils `@stdlib/InteractiveUtils`
2022-11-21T19:13:24.2259657Z   [56ddb016] Logging `@stdlib/Logging`
2022-11-21T19:13:24.2260015Z   [d6f4376e] Markdown `@stdlib/Markdown`
2022-11-21T19:13:24.2260345Z   [a63ad114] Mmap `@stdlib/Mmap`
2022-11-21T19:13:24.2260905Z   [44cfe95a] Pkg v1.8.0 `@stdlib/Pkg`
2022-11-21T19:13:24.2261372Z   [de0858da] Printf `@stdlib/Printf`
2022-11-21T19:13:24.2261752Z   [9abbd945] Profile `@stdlib/Profile`
2022-11-21T19:13:24.2262104Z   [3fa0cd96] REPL `@stdlib/REPL`
2022-11-21T19:13:24.2262461Z   [9a3f8284] Random `@stdlib/Random`
2022-11-21T19:13:24.2262832Z   [6462fe0b] Sockets `@stdlib/Sockets`
2022-11-21T19:13:24.2263507Z   [8dfed614] Test `@stdlib/Test`
2022-11-21T19:13:24.2263868Z   [cf7118a7] UUIDs `@stdlib/UUIDs`
2022-11-21T19:13:24.2264239Z   [4ec0a83e] Unicode `@stdlib/Unicode`
2022-11-21T19:13:24.2431572Z       Status `/tmp/jl_p1pyCT/Manifest.toml`
2022-11-21T19:13:24.2515946Z   [9f5989ce] VSCodeServer v0.0.0 `~/work/julia-vscode-microprint-test/julia-vscode-microprint-test/scripts/packages/VSCodeServer`
2022-11-21T19:13:24.2516843Z   [0dad84c5] ArgTools v1.1.1 `@stdlib/ArgTools`
2022-11-21T19:13:24.2517623Z   [56f22d72] Artifacts `@stdlib/Artifacts`
2022-11-21T19:13:24.2518095Z   [2a0f44e3] Base64 `@stdlib/Base64`
2022-11-21T19:13:24.2518779Z   [ade2ca70] Dates `@stdlib/Dates`
2022-11-21T19:13:24.2519277Z   [f43a241f] Downloads v1.6.0 `@stdlib/Downloads`
2022-11-21T19:13:24.2519999Z   [7b1f6079] FileWatching `@stdlib/FileWatching`
2022-11-21T19:13:24.2520522Z   [b77e0a4c] InteractiveUtils `@stdlib/InteractiveUtils`
2022-11-21T19:13:24.2521256Z   [b27032c2] LibCURL v0.6.3 `@stdlib/LibCURL`
2022-11-21T19:13:24.2521741Z   [76f85450] LibGit2 `@stdlib/LibGit2`
2022-11-21T19:13:24.2522424Z   [8f399da3] Libdl `@stdlib/Libdl`
2022-11-21T19:13:24.2522908Z   [56ddb016] Logging `@stdlib/Logging`
2022-11-21T19:13:24.2523595Z   [d6f4376e] Markdown `@stdlib/Markdown`
2022-11-21T19:13:24.2524063Z   [a63ad114] Mmap `@stdlib/Mmap`
2022-11-21T19:13:24.2524768Z   [ca575930] NetworkOptions v1.2.0 `@stdlib/NetworkOptions`
2022-11-21T19:13:24.2525285Z   [44cfe95a] Pkg v1.8.0 `@stdlib/Pkg`
2022-11-21T19:13:24.2525967Z   [de0858da] Printf `@stdlib/Printf`
2022-11-21T19:13:24.2526437Z   [9abbd945] Profile `@stdlib/Profile`
2022-11-21T19:13:24.2527094Z   [3fa0cd96] REPL `@stdlib/REPL`
2022-11-21T19:13:24.2527545Z   [9a3f8284] Random `@stdlib/Random`
2022-11-21T19:13:24.2528211Z   [ea8e919c] SHA v0.7.0 `@stdlib/SHA`
2022-11-21T19:13:24.2528689Z   [9e88b42a] Serialization `@stdlib/Serialization`
2022-11-21T19:13:24.2529392Z   [6462fe0b] Sockets `@stdlib/Sockets`
2022-11-21T19:13:24.2529852Z   [fa267f1f] TOML v1.0.0 `@stdlib/TOML`
2022-11-21T19:13:24.2530525Z   [a4e569a6] Tar v1.10.1 `@stdlib/Tar`
2022-11-21T19:13:24.2531250Z   [8dfed614] Test `@stdlib/Test`
2022-11-21T19:13:24.2531970Z   [cf7118a7] UUIDs `@stdlib/UUIDs`
2022-11-21T19:13:24.2532434Z   [4ec0a83e] Unicode `@stdlib/Unicode`
2022-11-21T19:13:24.2533479Z   [deac9b47] LibCURL_jll v7.84.0+0 `@stdlib/LibCURL_jll`
2022-11-21T19:13:24.2533989Z   [29816b5a] LibSSH2_jll v1.10.2+0 `@stdlib/LibSSH2_jll`
2022-11-21T19:13:24.2535085Z   [c8ffd9c3] MbedTLS_jll v2.28.0+0 `@stdlib/MbedTLS_jll`
2022-11-21T19:13:24.2535474Z   [14a3606d] MozillaCACerts_jll v2022.2.1 `@stdlib/MozillaCACerts_jll`
2022-11-21T19:13:24.2535822Z   [83775a58] Zlib_jll v1.2.12+3 `@stdlib/Zlib_jll`
2022-11-21T19:13:24.2536162Z   [8e850ede] nghttp2_jll v1.48.0+0 `@stdlib/nghttp2_jll`
2022-11-21T19:13:24.2536504Z   [3f19e933] p7zip_jll v17.4.0+0 `@stdlib/p7zip_jll`
2022-11-21T19:13:24.7023423Z Precompiling project...
2022-11-21T19:13:34.1840516Z [32m  ✓ [39mVSCodeServer
2022-11-21T19:13:34.1995853Z   1 dependency successfully precompiled in 10 seconds. 3 already precompiled.
2022-11-21T19:13:34.1996600Z      Testing Running tests...
2022-11-21T19:13:34.6382327Z Test Summary: |Time
2022-11-21T19:13:34.6581630Z VSCodeServer  | None  0.0s
2022-11-21T19:13:34.6669921Z      Testing VSCodeServer tests passed 
2022-11-21T19:13:34.6876292Z Post job cleanup.
2022-11-21T19:13:34.8399705Z [command]/usr/bin/git version
2022-11-21T19:13:34.8457962Z git version 2.38.1
2022-11-21T19:13:34.8502553Z Temporarily overriding HOME='/home/runner/work/_temp/2e01de7b-7e24-471d-b8f5-2b80dfc7f5a8' before making global git config changes
2022-11-21T19:13:34.8503406Z Adding repository directory to the temporary git global config as a safe directory
2022-11-21T19:13:34.8507750Z [command]/usr/bin/git config --global --add safe.directory /home/runner/work/julia-vscode-microprint-test/julia-vscode-microprint-test
2022-11-21T19:13:34.8558069Z [command]/usr/bin/git config --local --name-only --get-regexp core\.sshCommand
2022-11-21T19:13:34.8601058Z [command]/usr/bin/git submodule foreach --recursive git config --local --name-only --get-regexp 'core\.sshCommand' && git config --local --unset-all 'core.sshCommand' || :
2022-11-21T19:13:34.8905401Z Entering 'libs/jl-profile'
2022-11-21T19:13:34.8950221Z Entering 'scripts/packages-old/JuliaInterpreter'
2022-11-21T19:13:34.8995095Z Entering 'scripts/packages/CSTParser'
2022-11-21T19:13:34.9039076Z Entering 'scripts/packages/CodeTracking'
2022-11-21T19:13:34.9082714Z Entering 'scripts/packages/CommonMark'
2022-11-21T19:13:34.9127561Z Entering 'scripts/packages/Compat'
2022-11-21T19:13:34.9172365Z Entering 'scripts/packages/CoverageTools'
2022-11-21T19:13:34.9216937Z Entering 'scripts/packages/Crayons'
2022-11-21T19:13:34.9259961Z Entering 'scripts/packages/DataStructures'
2022-11-21T19:13:34.9303709Z Entering 'scripts/packages/DebugAdapter'
2022-11-21T19:13:34.9346460Z Entering 'scripts/packages/FilePathsBase'
2022-11-21T19:13:34.9389879Z Entering 'scripts/packages/IJuliaCore'
2022-11-21T19:13:34.9433359Z Entering 'scripts/packages/JSON'
2022-11-21T19:13:34.9477345Z Entering 'scripts/packages/JSONRPC'
2022-11-21T19:13:34.9519985Z Entering 'scripts/packages/JuliaFormatter'
2022-11-21T19:13:34.9563490Z Entering 'scripts/packages/JuliaInterpreter'
2022-11-21T19:13:34.9606146Z Entering 'scripts/packages/LanguageServer'
2022-11-21T19:13:34.9649464Z Entering 'scripts/packages/LoweredCodeUtils'
2022-11-21T19:13:34.9692076Z Entering 'scripts/packages/OrderedCollections'
2022-11-21T19:13:34.9735659Z Entering 'scripts/packages/PackageCompiler'
2022-11-21T19:13:34.9778599Z Entering 'scripts/packages/Revise'
2022-11-21T19:13:34.9821962Z Entering 'scripts/packages/StaticLint'
2022-11-21T19:13:34.9865000Z Entering 'scripts/packages/SymbolServer'
2022-11-21T19:13:34.9907957Z Entering 'scripts/packages/TestEnv'
2022-11-21T19:13:34.9951203Z Entering 'scripts/packages/TestItemDetection'
2022-11-21T19:13:34.9993265Z Entering 'scripts/packages/Tokenize'
2022-11-21T19:13:35.0036438Z Entering 'scripts/packages/URIParser'
2022-11-21T19:13:35.0078723Z Entering 'scripts/packages/URIs'
2022-11-21T19:13:35.0135619Z [command]/usr/bin/git config --local --name-only --get-regexp http\.https\:\/\/github\.com\/\.extraheader
2022-11-21T19:13:35.0172511Z http.https://github.com/.extraheader
2022-11-21T19:13:35.0184664Z [command]/usr/bin/git config --local --unset-all http.https://github.com/.extraheader
2022-11-21T19:13:35.0230632Z [command]/usr/bin/git submodule foreach --recursive git config --local --name-only --get-regexp 'http\.https\:\/\/github\.com\/\.extraheader' && git config --local --unset-all 'http.https://github.com/.extraheader' || :
2022-11-21T19:13:35.0499734Z Entering 'libs/jl-profile'
2022-11-21T19:13:35.0522368Z http.https://github.com/.extraheader
2022-11-21T19:13:35.0563948Z Entering 'scripts/packages-old/JuliaInterpreter'
2022-11-21T19:13:35.0588341Z http.https://github.com/.extraheader
2022-11-21T19:13:35.0627996Z Entering 'scripts/packages/CSTParser'
2022-11-21T19:13:35.0651875Z http.https://github.com/.extraheader
2022-11-21T19:13:35.0694382Z Entering 'scripts/packages/CodeTracking'
2022-11-21T19:13:35.0716905Z http.https://github.com/.extraheader
2022-11-21T19:13:35.0757716Z Entering 'scripts/packages/CommonMark'
2022-11-21T19:13:35.0779714Z http.https://github.com/.extraheader
2022-11-21T19:13:35.0821879Z Entering 'scripts/packages/Compat'
2022-11-21T19:13:35.0844842Z http.https://github.com/.extraheader
2022-11-21T19:13:35.0886420Z Entering 'scripts/packages/CoverageTools'
2022-11-21T19:13:35.0909844Z http.https://github.com/.extraheader
2022-11-21T19:13:35.0951790Z Entering 'scripts/packages/Crayons'
2022-11-21T19:13:35.0976926Z http.https://github.com/.extraheader
2022-11-21T19:13:35.1019099Z Entering 'scripts/packages/DataStructures'
2022-11-21T19:13:35.1042538Z http.https://github.com/.extraheader
2022-11-21T19:13:35.1080711Z Entering 'scripts/packages/DebugAdapter'
2022-11-21T19:13:35.1104983Z http.https://github.com/.extraheader
2022-11-21T19:13:35.1146661Z Entering 'scripts/packages/FilePathsBase'
2022-11-21T19:13:35.1170389Z http.https://github.com/.extraheader
2022-11-21T19:13:35.1210706Z Entering 'scripts/packages/IJuliaCore'
2022-11-21T19:13:35.1234173Z http.https://github.com/.extraheader
2022-11-21T19:13:35.1274444Z Entering 'scripts/packages/JSON'
2022-11-21T19:13:35.1298753Z http.https://github.com/.extraheader
2022-11-21T19:13:35.1341803Z Entering 'scripts/packages/JSONRPC'
2022-11-21T19:13:35.1366421Z http.https://github.com/.extraheader
2022-11-21T19:13:35.1406723Z Entering 'scripts/packages/JuliaFormatter'
2022-11-21T19:13:35.1430478Z http.https://github.com/.extraheader
2022-11-21T19:13:35.1470257Z Entering 'scripts/packages/JuliaInterpreter'
2022-11-21T19:13:35.1493579Z http.https://github.com/.extraheader
2022-11-21T19:13:35.1535541Z Entering 'scripts/packages/LanguageServer'
2022-11-21T19:13:35.1558814Z http.https://github.com/.extraheader
2022-11-21T19:13:35.1598360Z Entering 'scripts/packages/LoweredCodeUtils'
2022-11-21T19:13:35.1622361Z http.https://github.com/.extraheader
2022-11-21T19:13:35.1662980Z Entering 'scripts/packages/OrderedCollections'
2022-11-21T19:13:35.1686470Z http.https://github.com/.extraheader
2022-11-21T19:13:35.1726109Z Entering 'scripts/packages/PackageCompiler'
2022-11-21T19:13:35.1749227Z http.https://github.com/.extraheader
2022-11-21T19:13:35.1789273Z Entering 'scripts/packages/Revise'
2022-11-21T19:13:35.1812497Z http.https://github.com/.extraheader
2022-11-21T19:13:35.1851858Z Entering 'scripts/packages/StaticLint'
2022-11-21T19:13:35.1875696Z http.https://github.com/.extraheader
2022-11-21T19:13:35.1914893Z Entering 'scripts/packages/SymbolServer'
2022-11-21T19:13:35.1937772Z http.https://github.com/.extraheader
2022-11-21T19:13:35.1981454Z Entering 'scripts/packages/TestEnv'
2022-11-21T19:13:35.2009461Z http.https://github.com/.extraheader
2022-11-21T19:13:35.2061438Z Entering 'scripts/packages/TestItemDetection'
2022-11-21T19:13:35.2084430Z http.https://github.com/.extraheader
2022-11-21T19:13:35.2130402Z Entering 'scripts/packages/Tokenize'
2022-11-21T19:13:35.2153500Z http.https://github.com/.extraheader
2022-11-21T19:13:35.2196594Z Entering 'scripts/packages/URIParser'
2022-11-21T19:13:35.2223008Z http.https://github.com/.extraheader
2022-11-21T19:13:35.2265960Z Entering 'scripts/packages/URIs'
2022-11-21T19:13:35.2292241Z http.https://github.com/.extraheader
2022-11-21T19:13:35.2625424Z Cleaning up orphan processes
