2022-12-12T11:05:43.7818483Z Requested labels: windows-latest
2022-12-12T11:05:43.7818515Z Job defined at: AlphaSteam/julia-vscode-microprint-test/.github/workflows/main.yml@refs/heads/master
2022-12-12T11:05:43.7818532Z Waiting for a runner to pick up this job...
2022-12-12T11:05:46.5080485Z Job is waiting for a hosted runner to come online.
2022-12-12T11:05:51.6836177Z Job is about to start running on the hosted runner: GitHub Actions 7 (hosted)
2022-12-12T11:05:57.6127287Z Current runner version: '2.299.1'
2022-12-12T11:05:57.6162692Z ##[group]Operating System
2022-12-12T11:05:57.6163268Z Microsoft Windows Server 2022
2022-12-12T11:05:57.6163621Z 10.0.20348
2022-12-12T11:05:57.6163894Z Datacenter
2022-12-12T11:05:57.6164302Z ##[endgroup]
2022-12-12T11:05:57.6164637Z ##[group]Runner Image
2022-12-12T11:05:57.6164944Z Image: windows-2022
2022-12-12T11:05:57.6165280Z Version: 20221204.3
2022-12-12T11:05:57.6165833Z Included Software: https://github.com/actions/runner-images/blob/win22/20221204.3/images/win/Windows2022-Readme.md
2022-12-12T11:05:57.6166457Z Image Release: https://github.com/actions/runner-images/releases/tag/win22%2F20221204.3
2022-12-12T11:05:57.6166910Z ##[endgroup]
2022-12-12T11:05:57.6167260Z ##[group]Runner Image Provisioner
2022-12-12T11:05:57.6167572Z 2.0.91.1
2022-12-12T11:05:57.6167903Z ##[endgroup]
2022-12-12T11:05:57.6168971Z ##[group]GITHUB_TOKEN Permissions
2022-12-12T11:05:57.6169700Z Actions: write
2022-12-12T11:05:57.6170166Z Checks: write
2022-12-12T11:05:57.6170606Z Contents: write
2022-12-12T11:05:57.6170950Z Deployments: write
2022-12-12T11:05:57.6171298Z Discussions: write
2022-12-12T11:05:57.6171637Z Issues: write
2022-12-12T11:05:57.6172011Z Metadata: read
2022-12-12T11:05:57.6172292Z Packages: write
2022-12-12T11:05:57.6172644Z Pages: write
2022-12-12T11:05:57.6172971Z PullRequests: write
2022-12-12T11:05:57.6173291Z RepositoryProjects: write
2022-12-12T11:05:57.6173707Z SecurityEvents: write
2022-12-12T11:05:57.6174073Z Statuses: write
2022-12-12T11:05:57.6174373Z ##[endgroup]
2022-12-12T11:05:57.6178930Z Secret source: Actions
2022-12-12T11:05:57.6179686Z Prepare workflow directory
2022-12-12T11:05:57.7363412Z Prepare all required actions
2022-12-12T11:05:57.7597877Z Getting action download info
2022-12-12T11:05:58.0136614Z Download action repository 'actions/checkout@v2' (SHA:e2f20e631ae6d7dd3b768f56a5d2af784dd54791)
2022-12-12T11:05:58.7383956Z Download action repository 'julia-actions/setup-julia@v1' (SHA:b315a4d9881690c63d53fc0175b150a3776140bd)
2022-12-12T11:05:59.6982876Z ##[group]Run actions/checkout@v2
2022-12-12T11:05:59.6983320Z with:
2022-12-12T11:05:59.6983539Z   submodules: true
2022-12-12T11:05:59.6983889Z   repository: AlphaSteam/julia-vscode-microprint-test
2022-12-12T11:05:59.6984455Z   token: ***
2022-12-12T11:05:59.6984683Z   ssh-strict: true
2022-12-12T11:05:59.6984955Z   persist-credentials: true
2022-12-12T11:05:59.6985218Z   clean: true
2022-12-12T11:05:59.6985431Z   fetch-depth: 1
2022-12-12T11:05:59.6985842Z   lfs: false
2022-12-12T11:05:59.6986204Z   set-safe-directory: true
2022-12-12T11:05:59.6986424Z env:
2022-12-12T11:05:59.6986625Z   NODE_VERSION: 16
2022-12-12T11:05:59.6986840Z ##[endgroup]
2022-12-12T11:06:05.6343606Z Syncing repository: AlphaSteam/julia-vscode-microprint-test
2022-12-12T11:06:05.6345835Z ##[group]Getting Git version info
2022-12-12T11:06:05.6346491Z Working directory is 'D:\a\julia-vscode-microprint-test\julia-vscode-microprint-test'
2022-12-12T11:06:05.6347329Z [command]"C:\Program Files\Git\bin\git.exe" version
2022-12-12T11:06:05.6347621Z git version 2.38.1.windows.1
2022-12-12T11:06:05.6348369Z ##[endgroup]
2022-12-12T11:06:05.6371789Z Temporarily overriding HOME='D:\a\_temp\db8ec912-3a61-4efd-aacd-4b9207b9b340' before making global git config changes
2022-12-12T11:06:05.6372306Z Adding repository directory to the temporary git global config as a safe directory
2022-12-12T11:06:05.6373029Z [command]"C:\Program Files\Git\bin\git.exe" config --global --add safe.directory D:\a\julia-vscode-microprint-test\julia-vscode-microprint-test
2022-12-12T11:06:05.6373834Z Deleting the contents of 'D:\a\julia-vscode-microprint-test\julia-vscode-microprint-test'
2022-12-12T11:06:05.6374486Z ##[group]Initializing the repository
2022-12-12T11:06:05.6375054Z [command]"C:\Program Files\Git\bin\git.exe" init D:\a\julia-vscode-microprint-test\julia-vscode-microprint-test
2022-12-12T11:06:05.6375719Z Initialized empty Git repository in D:/a/julia-vscode-microprint-test/julia-vscode-microprint-test/.git/
2022-12-12T11:06:05.6378324Z [command]"C:\Program Files\Git\bin\git.exe" remote add origin https://github.com/AlphaSteam/julia-vscode-microprint-test
2022-12-12T11:06:05.6379023Z ##[endgroup]
2022-12-12T11:06:05.6379451Z ##[group]Disabling automatic garbage collection
2022-12-12T11:06:05.6380045Z [command]"C:\Program Files\Git\bin\git.exe" config --local gc.auto 0
2022-12-12T11:06:05.6380743Z ##[endgroup]
2022-12-12T11:06:05.6381101Z ##[group]Setting up auth
2022-12-12T11:06:05.6381597Z [command]"C:\Program Files\Git\bin\git.exe" config --local --name-only --get-regexp core\.sshCommand
2022-12-12T11:06:05.6382421Z [command]"C:\Program Files\Git\bin\git.exe" submodule foreach --recursive "git config --local --name-only --get-regexp 'core\.sshCommand' && git config --local --unset-all 'core.sshCommand' || :"
2022-12-12T11:06:06.8965595Z [command]"C:\Program Files\Git\bin\git.exe" config --local --name-only --get-regexp http\.https\:\/\/github\.com\/\.extraheader
2022-12-12T11:06:06.9306162Z [command]"C:\Program Files\Git\bin\git.exe" submodule foreach --recursive "git config --local --name-only --get-regexp 'http\.https\:\/\/github\.com\/\.extraheader' && git config --local --unset-all 'http.https://github.com/.extraheader' || :"
2022-12-12T11:06:07.5422304Z [command]"C:\Program Files\Git\bin\git.exe" config --local http.https://github.com/.extraheader "AUTHORIZATION: basic ***"
2022-12-12T11:06:07.5710336Z ##[endgroup]
2022-12-12T11:06:07.5711259Z ##[group]Fetching the repository
2022-12-12T11:06:07.5756423Z [command]"C:\Program Files\Git\bin\git.exe" -c protocol.version=2 fetch --no-tags --prune --progress --no-recurse-submodules --depth=1 origin +d600368978a7de1cfcc087dd9d372db332a0b649:refs/remotes/origin/master
2022-12-12T11:06:08.7779825Z remote: Enumerating objects: 364, done.        
2022-12-12T11:06:08.7780421Z remote: Counting objects:   0% (1/364)        
2022-12-12T11:06:08.7780793Z remote: Counting objects:   1% (4/364)        
2022-12-12T11:06:08.7782983Z remote: Counting objects:   2% (8/364)        
2022-12-12T11:06:08.7783533Z remote: Counting objects:   3% (11/364)        
2022-12-12T11:06:08.7783870Z remote: Counting objects:   4% (15/364)        
2022-12-12T11:06:08.7784144Z remote: Counting objects:   5% (19/364)        
2022-12-12T11:06:08.7784419Z remote: Counting objects:   6% (22/364)        
2022-12-12T11:06:08.7784670Z remote: Counting objects:   7% (26/364)        
2022-12-12T11:06:08.7784930Z remote: Counting objects:   8% (30/364)        
2022-12-12T11:06:08.7785197Z remote: Counting objects:   9% (33/364)        
2022-12-12T11:06:08.7785475Z remote: Counting objects:  10% (37/364)        
2022-12-12T11:06:08.7785735Z remote: Counting objects:  11% (41/364)        
2022-12-12T11:06:08.7786133Z remote: Counting objects:  12% (44/364)        
2022-12-12T11:06:08.7786389Z remote: Counting objects:  13% (48/364)        
2022-12-12T11:06:08.7786658Z remote: Counting objects:  14% (51/364)        
2022-12-12T11:06:08.7786947Z remote: Counting objects:  15% (55/364)        
2022-12-12T11:06:08.7787206Z remote: Counting objects:  16% (59/364)        
2022-12-12T11:06:08.7787476Z remote: Counting objects:  17% (62/364)        
2022-12-12T11:06:08.7787745Z remote: Counting objects:  18% (66/364)        
2022-12-12T11:06:08.7788011Z remote: Counting objects:  19% (70/364)        
2022-12-12T11:06:08.7788268Z remote: Counting objects:  20% (73/364)        
2022-12-12T11:06:08.7788539Z remote: Counting objects:  21% (77/364)        
2022-12-12T11:06:08.7788931Z remote: Counting objects:  22% (81/364)        
2022-12-12T11:06:08.7789305Z remote: Counting objects:  23% (84/364)        
2022-12-12T11:06:08.7789672Z remote: Counting objects:  24% (88/364)        
2022-12-12T11:06:08.7789944Z remote: Counting objects:  25% (91/364)        
2022-12-12T11:06:08.7790205Z remote: Counting objects:  26% (95/364)        
2022-12-12T11:06:08.7790475Z remote: Counting objects:  27% (99/364)        
2022-12-12T11:06:08.7790755Z remote: Counting objects:  28% (102/364)        
2022-12-12T11:06:08.7791668Z remote: Counting objects:  29% (106/364)        
2022-12-12T11:06:08.7791951Z remote: Counting objects:  30% (110/364)        
2022-12-12T11:06:08.7792226Z remote: Counting objects:  31% (113/364)        
2022-12-12T11:06:08.7792506Z remote: Counting objects:  32% (117/364)        
2022-12-12T11:06:08.7792766Z remote: Counting objects:  33% (121/364)        
2022-12-12T11:06:08.7793036Z remote: Counting objects:  34% (124/364)        
2022-12-12T11:06:08.7793311Z remote: Counting objects:  35% (128/364)        
2022-12-12T11:06:08.7793567Z remote: Counting objects:  36% (132/364)        
2022-12-12T11:06:08.7793836Z remote: Counting objects:  37% (135/364)        
2022-12-12T11:06:08.7794108Z remote: Counting objects:  38% (139/364)        
2022-12-12T11:06:08.7794365Z remote: Counting objects:  39% (142/364)        
2022-12-12T11:06:08.7794632Z remote: Counting objects:  40% (146/364)        
2022-12-12T11:06:08.7794912Z remote: Counting objects:  41% (150/364)        
2022-12-12T11:06:08.7795168Z remote: Counting objects:  42% (153/364)        
2022-12-12T11:06:08.7795439Z remote: Counting objects:  43% (157/364)        
2022-12-12T11:06:08.7795710Z remote: Counting objects:  44% (161/364)        
2022-12-12T11:06:08.7795977Z remote: Counting objects:  45% (164/364)        
2022-12-12T11:06:08.7796235Z remote: Counting objects:  46% (168/364)        
2022-12-12T11:06:08.7796504Z remote: Counting objects:  47% (172/364)        
2022-12-12T11:06:08.7796777Z remote: Counting objects:  48% (175/364)        
2022-12-12T11:06:08.7797034Z remote: Counting objects:  49% (179/364)        
2022-12-12T11:06:08.7797304Z remote: Counting objects:  50% (182/364)        
2022-12-12T11:06:08.7797576Z remote: Counting objects:  51% (186/364)        
2022-12-12T11:06:08.7797835Z remote: Counting objects:  52% (190/364)        
2022-12-12T11:06:08.7798103Z remote: Counting objects:  53% (193/364)        
2022-12-12T11:06:08.7798815Z remote: Counting objects:  54% (197/364)        
2022-12-12T11:06:08.7799132Z remote: Counting objects:  55% (201/364)        
2022-12-12T11:06:08.7799409Z remote: Counting objects:  56% (204/364)        
2022-12-12T11:06:08.7799679Z remote: Counting objects:  57% (208/364)        
2022-12-12T11:06:08.7799950Z remote: Counting objects:  58% (212/364)        
2022-12-12T11:06:08.7800450Z remote: Counting objects:  59% (215/364)        
2022-12-12T11:06:08.7800719Z remote: Counting objects:  60% (219/364)        
2022-12-12T11:06:08.7800988Z remote: Counting objects:  61% (223/364)        
2022-12-12T11:06:08.7801247Z remote: Counting objects:  62% (226/364)        
2022-12-12T11:06:08.7801513Z remote: Counting objects:  63% (230/364)        
2022-12-12T11:06:08.7801796Z remote: Counting objects:  64% (233/364)        
2022-12-12T11:06:08.7802067Z remote: Counting objects:  65% (237/364)        
2022-12-12T11:06:08.7802324Z remote: Counting objects:  66% (241/364)        
2022-12-12T11:06:08.7802603Z remote: Counting objects:  67% (244/364)        
2022-12-12T11:06:08.7802872Z remote: Counting objects:  68% (248/364)        
2022-12-12T11:06:08.7803130Z remote: Counting objects:  69% (252/364)        
2022-12-12T11:06:08.7803399Z remote: Counting objects:  70% (255/364)        
2022-12-12T11:06:08.7803663Z remote: Counting objects:  71% (259/364)        
2022-12-12T11:06:08.7803932Z remote: Counting objects:  72% (263/364)        
2022-12-12T11:06:08.7804189Z remote: Counting objects:  73% (266/364)        
2022-12-12T11:06:08.7804456Z remote: Counting objects:  74% (270/364)        
2022-12-12T11:06:08.7804727Z remote: Counting objects:  75% (273/364)        
2022-12-12T11:06:08.7804982Z remote: Counting objects:  76% (277/364)        
2022-12-12T11:06:08.7805247Z remote: Counting objects:  77% (281/364)        
2022-12-12T11:06:08.7805514Z remote: Counting objects:  78% (284/364)        
2022-12-12T11:06:08.7805769Z remote: Counting objects:  79% (288/364)        
2022-12-12T11:06:08.7806142Z remote: Counting objects:  80% (292/364)        
2022-12-12T11:06:08.7806412Z remote: Counting objects:  81% (295/364)        
2022-12-12T11:06:08.7806666Z remote: Counting objects:  82% (299/364)        
2022-12-12T11:06:08.7806936Z remote: Counting objects:  83% (303/364)        
2022-12-12T11:06:08.7807205Z remote: Counting objects:  84% (306/364)        
2022-12-12T11:06:08.7807478Z remote: Counting objects:  85% (310/364)        
2022-12-12T11:06:08.7807735Z remote: Counting objects:  86% (314/364)        
2022-12-12T11:06:08.7808003Z remote: Counting objects:  87% (317/364)        
2022-12-12T11:06:08.7808271Z remote: Counting objects:  88% (321/364)        
2022-12-12T11:06:08.7808573Z remote: Counting objects:  89% (324/364)        
2022-12-12T11:06:08.7808856Z remote: Counting objects:  90% (328/364)        
2022-12-12T11:06:08.7809124Z remote: Counting objects:  91% (332/364)        
2022-12-12T11:06:08.7809379Z remote: Counting objects:  92% (335/364)        
2022-12-12T11:06:08.7809655Z remote: Counting objects:  93% (339/364)        
2022-12-12T11:06:08.7809922Z remote: Counting objects:  94% (343/364)        
2022-12-12T11:06:08.7810190Z remote: Counting objects:  95% (346/364)        
2022-12-12T11:06:08.7810445Z remote: Counting objects:  96% (350/364)        
2022-12-12T11:06:08.7810719Z remote: Counting objects:  97% (354/364)        
2022-12-12T11:06:08.7810991Z remote: Counting objects:  98% (357/364)        
2022-12-12T11:06:08.7811245Z remote: Counting objects:  99% (361/364)        
2022-12-12T11:06:08.7811611Z remote: Counting objects: 100% (364/364)        
2022-12-12T11:06:08.7811886Z remote: Counting objects: 100% (364/364), done.        
2022-12-12T11:06:08.7845454Z remote: Compressing objects:   0% (1/306)        
2022-12-12T11:06:08.7845795Z remote: Compressing objects:   1% (4/306)        
2022-12-12T11:06:08.7846090Z remote: Compressing objects:   2% (7/306)        
2022-12-12T11:06:08.7996084Z remote: Compressing objects:   3% (10/306)        
2022-12-12T11:06:08.7996603Z remote: Compressing objects:   4% (13/306)        
2022-12-12T11:06:08.7996913Z remote: Compressing objects:   5% (16/306)        
2022-12-12T11:06:08.7997211Z remote: Compressing objects:   6% (19/306)        
2022-12-12T11:06:08.7997506Z remote: Compressing objects:   7% (22/306)        
2022-12-12T11:06:08.7997784Z remote: Compressing objects:   8% (25/306)        
2022-12-12T11:06:08.7998080Z remote: Compressing objects:   9% (28/306)        
2022-12-12T11:06:08.7998370Z remote: Compressing objects:  10% (31/306)        
2022-12-12T11:06:08.7998663Z remote: Compressing objects:  11% (34/306)        
2022-12-12T11:06:08.7998938Z remote: Compressing objects:  12% (37/306)        
2022-12-12T11:06:08.8067820Z remote: Compressing objects:  13% (40/306)        
2022-12-12T11:06:08.8125818Z remote: Compressing objects:  14% (43/306)        
2022-12-12T11:06:08.8189054Z remote: Compressing objects:  15% (46/306)        
2022-12-12T11:06:08.8189422Z remote: Compressing objects:  16% (49/306)        
2022-12-12T11:06:08.8189827Z remote: Compressing objects:  17% (53/306)        
2022-12-12T11:06:08.8190122Z remote: Compressing objects:  18% (56/306)        
2022-12-12T11:06:08.8190397Z remote: Compressing objects:  19% (59/306)        
2022-12-12T11:06:08.8225489Z remote: Compressing objects:  20% (62/306)        
2022-12-12T11:06:08.8225823Z remote: Compressing objects:  21% (65/306)        
2022-12-12T11:06:08.8226128Z remote: Compressing objects:  22% (68/306)        
2022-12-12T11:06:08.9222926Z remote: Compressing objects:  23% (71/306)        
2022-12-12T11:06:08.9789725Z remote: Compressing objects:  24% (74/306)        
2022-12-12T11:06:08.9790534Z remote: Compressing objects:  25% (77/306)        
2022-12-12T11:06:08.9790844Z remote: Compressing objects:  26% (80/306)        
2022-12-12T11:06:08.9791138Z remote: Compressing objects:  27% (83/306)        
2022-12-12T11:06:08.9791418Z remote: Compressing objects:  28% (86/306)        
2022-12-12T11:06:08.9792060Z remote: Compressing objects:  29% (89/306)        
2022-12-12T11:06:08.9792356Z remote: Compressing objects:  30% (92/306)        
2022-12-12T11:06:08.9792633Z remote: Compressing objects:  31% (95/306)        
2022-12-12T11:06:08.9792927Z remote: Compressing objects:  32% (98/306)        
2022-12-12T11:06:08.9793222Z remote: Compressing objects:  33% (101/306)        
2022-12-12T11:06:08.9793524Z remote: Compressing objects:  34% (105/306)        
2022-12-12T11:06:08.9853475Z remote: Compressing objects:  35% (108/306)        
2022-12-12T11:06:08.9853941Z remote: Compressing objects:  36% (111/306)        
2022-12-12T11:06:08.9854313Z remote: Compressing objects:  37% (114/306)        
2022-12-12T11:06:08.9854674Z remote: Compressing objects:  38% (117/306)        
2022-12-12T11:06:08.9855048Z remote: Compressing objects:  39% (120/306)        
2022-12-12T11:06:08.9855458Z remote: Compressing objects:  40% (123/306)        
2022-12-12T11:06:08.9922359Z remote: Compressing objects:  41% (126/306)        
2022-12-12T11:06:08.9922828Z remote: Compressing objects:  42% (129/306)        
2022-12-12T11:06:08.9923197Z remote: Compressing objects:  43% (132/306)        
2022-12-12T11:06:08.9923570Z remote: Compressing objects:  44% (135/306)        
2022-12-12T11:06:08.9923929Z remote: Compressing objects:  45% (138/306)        
2022-12-12T11:06:08.9924783Z remote: Compressing objects:  46% (141/306)        
2022-12-12T11:06:08.9925253Z remote: Compressing objects:  47% (144/306)        
2022-12-12T11:06:08.9998545Z remote: Compressing objects:  48% (147/306)        
2022-12-12T11:06:08.9999379Z remote: Compressing objects:  49% (150/306)        
2022-12-12T11:06:08.9999678Z remote: Compressing objects:  50% (153/306)        
2022-12-12T11:06:08.9999977Z remote: Compressing objects:  51% (157/306)        
2022-12-12T11:06:09.0000281Z remote: Compressing objects:  52% (160/306)        
2022-12-12T11:06:09.0000565Z remote: Compressing objects:  53% (163/306)        
2022-12-12T11:06:09.0001098Z remote: Compressing objects:  54% (166/306)        
2022-12-12T11:06:09.0001422Z remote: Compressing objects:  55% (169/306)        
2022-12-12T11:06:09.0001702Z remote: Compressing objects:  56% (172/306)        
2022-12-12T11:06:09.0002000Z remote: Compressing objects:  57% (175/306)        
2022-12-12T11:06:09.0002296Z remote: Compressing objects:  58% (178/306)        
2022-12-12T11:06:09.0002594Z remote: Compressing objects:  59% (181/306)        
2022-12-12T11:06:09.0002870Z remote: Compressing objects:  60% (184/306)        
2022-12-12T11:06:09.0003163Z remote: Compressing objects:  61% (187/306)        
2022-12-12T11:06:09.0003455Z remote: Compressing objects:  62% (190/306)        
2022-12-12T11:06:09.0065251Z remote: Compressing objects:  63% (193/306)        
2022-12-12T11:06:09.0065693Z remote: Compressing objects:  64% (196/306)        
2022-12-12T11:06:09.0066056Z remote: Compressing objects:  65% (199/306)        
2022-12-12T11:06:09.0066416Z remote: Compressing objects:  66% (202/306)        
2022-12-12T11:06:09.0066775Z remote: Compressing objects:  67% (206/306)        
2022-12-12T11:06:09.0067134Z remote: Compressing objects:  68% (209/306)        
2022-12-12T11:06:09.0067488Z remote: Compressing objects:  69% (212/306)        
2022-12-12T11:06:09.0067829Z remote: Compressing objects:  70% (215/306)        
2022-12-12T11:06:09.0068176Z remote: Compressing objects:  71% (218/306)        
2022-12-12T11:06:09.0068533Z remote: Compressing objects:  72% (221/306)        
2022-12-12T11:06:09.0068888Z remote: Compressing objects:  73% (224/306)        
2022-12-12T11:06:09.0069225Z remote: Compressing objects:  74% (227/306)        
2022-12-12T11:06:09.0069577Z remote: Compressing objects:  75% (230/306)        
2022-12-12T11:06:09.0069924Z remote: Compressing objects:  76% (233/306)        
2022-12-12T11:06:09.0070270Z remote: Compressing objects:  77% (236/306)        
2022-12-12T11:06:09.0070602Z remote: Compressing objects:  78% (239/306)        
2022-12-12T11:06:09.0073500Z remote: Compressing objects:  79% (242/306)        
2022-12-12T11:06:09.0073860Z remote: Compressing objects:  80% (245/306)        
2022-12-12T11:06:09.0074206Z remote: Compressing objects:  81% (248/306)        
2022-12-12T11:06:09.0074548Z remote: Compressing objects:  82% (251/306)        
2022-12-12T11:06:09.0074899Z remote: Compressing objects:  83% (254/306)        
2022-12-12T11:06:09.0075247Z remote: Compressing objects:  84% (258/306)        
2022-12-12T11:06:09.0075578Z remote: Compressing objects:  85% (261/306)        
2022-12-12T11:06:09.0075928Z remote: Compressing objects:  86% (264/306)        
2022-12-12T11:06:09.0076434Z remote: Compressing objects:  87% (267/306)        
2022-12-12T11:06:09.0083496Z remote: Compressing objects:  88% (270/306)        
2022-12-12T11:06:09.0088419Z remote: Compressing objects:  89% (273/306)        
2022-12-12T11:06:09.0088863Z remote: Compressing objects:  90% (276/306)        
2022-12-12T11:06:09.0089227Z remote: Compressing objects:  91% (279/306)        
2022-12-12T11:06:09.0089597Z remote: Compressing objects:  92% (282/306)        
2022-12-12T11:06:09.0089939Z remote: Compressing objects:  93% (285/306)        
2022-12-12T11:06:09.0090295Z remote: Compressing objects:  94% (288/306)        
2022-12-12T11:06:09.0090645Z remote: Compressing objects:  95% (291/306)        
2022-12-12T11:06:09.0090993Z remote: Compressing objects:  96% (294/306)        
2022-12-12T11:06:09.0091325Z remote: Compressing objects:  97% (297/306)        
2022-12-12T11:06:09.0091893Z remote: Compressing objects:  98% (300/306)        
2022-12-12T11:06:09.0092268Z remote: Compressing objects:  99% (303/306)        
2022-12-12T11:06:09.0092601Z remote: Compressing objects: 100% (306/306)        
2022-12-12T11:06:09.0092965Z remote: Compressing objects: 100% (306/306), done.        
2022-12-12T11:06:09.0680825Z Receiving objects:   0% (1/364)
2022-12-12T11:06:09.0682191Z Receiving objects:   1% (4/364)
2022-12-12T11:06:09.0688726Z Receiving objects:   2% (8/364)
2022-12-12T11:06:09.0692211Z Receiving objects:   3% (11/364)
2022-12-12T11:06:09.0704138Z Receiving objects:   4% (15/364)
2022-12-12T11:06:09.0704582Z Receiving objects:   5% (19/364)
2022-12-12T11:06:09.0711332Z Receiving objects:   6% (22/364)
2022-12-12T11:06:09.0714182Z Receiving objects:   7% (26/364)
2022-12-12T11:06:09.0721538Z Receiving objects:   8% (30/364)
2022-12-12T11:06:09.0740516Z Receiving objects:   9% (33/364)
2022-12-12T11:06:09.0893317Z Receiving objects:  10% (37/364)
2022-12-12T11:06:09.0929594Z Receiving objects:  11% (41/364)
2022-12-12T11:06:09.0940197Z Receiving objects:  12% (44/364)
2022-12-12T11:06:09.0956637Z Receiving objects:  13% (48/364)
2022-12-12T11:06:09.0983413Z Receiving objects:  14% (51/364)
2022-12-12T11:06:09.0999586Z Receiving objects:  15% (55/364)
2022-12-12T11:06:09.1011841Z Receiving objects:  16% (59/364)
2022-12-12T11:06:09.1022385Z Receiving objects:  17% (62/364)
2022-12-12T11:06:09.1048114Z Receiving objects:  18% (66/364)
2022-12-12T11:06:09.1073958Z Receiving objects:  19% (70/364)
2022-12-12T11:06:09.1094997Z Receiving objects:  20% (73/364)
2022-12-12T11:06:09.1132138Z Receiving objects:  21% (77/364)
2022-12-12T11:06:09.1172834Z Receiving objects:  22% (81/364)
2022-12-12T11:06:09.1194446Z Receiving objects:  23% (84/364)
2022-12-12T11:06:09.1205830Z Receiving objects:  24% (88/364)
2022-12-12T11:06:09.1217441Z Receiving objects:  25% (91/364)
2022-12-12T11:06:09.1230814Z Receiving objects:  26% (95/364)
2022-12-12T11:06:09.1236734Z Receiving objects:  27% (99/364)
2022-12-12T11:06:09.1241140Z Receiving objects:  28% (102/364)
2022-12-12T11:06:09.1247163Z Receiving objects:  29% (106/364)
2022-12-12T11:06:09.1259147Z Receiving objects:  30% (110/364)
2022-12-12T11:06:09.1929526Z Receiving objects:  31% (113/364)
2022-12-12T11:06:09.2388421Z Receiving objects:  32% (117/364)
2022-12-12T11:06:09.2449965Z Receiving objects:  33% (121/364)
2022-12-12T11:06:09.2581793Z Receiving objects:  34% (124/364)
2022-12-12T11:06:09.2617302Z Receiving objects:  35% (128/364)
2022-12-12T11:06:09.2737853Z Receiving objects:  36% (132/364)
2022-12-12T11:06:09.2740876Z Receiving objects:  37% (135/364)
2022-12-12T11:06:09.2851975Z Receiving objects:  38% (139/364)
2022-12-12T11:06:09.2991206Z Receiving objects:  39% (142/364)
2022-12-12T11:06:09.3064100Z Receiving objects:  40% (146/364)
2022-12-12T11:06:09.3084036Z Receiving objects:  41% (150/364)
2022-12-12T11:06:09.3090230Z Receiving objects:  42% (153/364)
2022-12-12T11:06:09.3094741Z Receiving objects:  43% (157/364)
2022-12-12T11:06:09.3095172Z Receiving objects:  44% (161/364)
2022-12-12T11:06:09.3095535Z Receiving objects:  45% (164/364)
2022-12-12T11:06:09.3097185Z Receiving objects:  46% (168/364)
2022-12-12T11:06:09.3099126Z Receiving objects:  47% (172/364)
2022-12-12T11:06:09.3101357Z Receiving objects:  48% (175/364)
2022-12-12T11:06:09.3104834Z Receiving objects:  49% (179/364)
2022-12-12T11:06:09.3106368Z Receiving objects:  50% (182/364)
2022-12-12T11:06:09.3106787Z Receiving objects:  51% (186/364)
2022-12-12T11:06:09.3107144Z Receiving objects:  52% (190/364)
2022-12-12T11:06:09.3114946Z Receiving objects:  53% (193/364)
2022-12-12T11:06:09.3115487Z Receiving objects:  54% (197/364)
2022-12-12T11:06:09.3118292Z Receiving objects:  55% (201/364)
2022-12-12T11:06:09.3118829Z Receiving objects:  56% (204/364)
2022-12-12T11:06:09.3119336Z Receiving objects:  57% (208/364)
2022-12-12T11:06:09.3119926Z Receiving objects:  58% (212/364)
2022-12-12T11:06:09.3120399Z Receiving objects:  59% (215/364)
2022-12-12T11:06:09.3120749Z Receiving objects:  60% (219/364)
2022-12-12T11:06:09.3121098Z Receiving objects:  61% (223/364)
2022-12-12T11:06:09.3123997Z Receiving objects:  62% (226/364)
2022-12-12T11:06:09.3124413Z Receiving objects:  63% (230/364)
2022-12-12T11:06:09.3124892Z Receiving objects:  64% (233/364)
2022-12-12T11:06:09.3125231Z Receiving objects:  65% (237/364)
2022-12-12T11:06:09.3125557Z Receiving objects:  66% (241/364)
2022-12-12T11:06:09.3127424Z Receiving objects:  67% (244/364)
2022-12-12T11:06:09.3130243Z Receiving objects:  68% (248/364)
2022-12-12T11:06:09.3130662Z Receiving objects:  69% (252/364)
2022-12-12T11:06:09.3130990Z Receiving objects:  70% (255/364)
2022-12-12T11:06:09.3131312Z Receiving objects:  71% (259/364)
2022-12-12T11:06:09.3131824Z Receiving objects:  72% (263/364)
2022-12-12T11:06:09.3132344Z Receiving objects:  73% (266/364)
2022-12-12T11:06:09.3132990Z Receiving objects:  74% (270/364)
2022-12-12T11:06:09.3133357Z Receiving objects:  75% (273/364)
2022-12-12T11:06:09.3133694Z Receiving objects:  76% (277/364)
2022-12-12T11:06:09.3134012Z Receiving objects:  77% (281/364)
2022-12-12T11:06:09.3134340Z Receiving objects:  78% (284/364)
2022-12-12T11:06:09.3134675Z Receiving objects:  79% (288/364)
2022-12-12T11:06:09.3135011Z Receiving objects:  80% (292/364)
2022-12-12T11:06:09.3135335Z Receiving objects:  81% (295/364)
2022-12-12T11:06:09.3135662Z Receiving objects:  82% (299/364)
2022-12-12T11:06:09.3136005Z Receiving objects:  83% (303/364)
2022-12-12T11:06:09.3136325Z Receiving objects:  84% (306/364)
2022-12-12T11:06:09.3136758Z Receiving objects:  85% (310/364)
2022-12-12T11:06:09.3137093Z Receiving objects:  86% (314/364)
2022-12-12T11:06:09.3137421Z Receiving objects:  87% (317/364)
2022-12-12T11:06:09.3177306Z Receiving objects:  88% (321/364)
2022-12-12T11:06:09.3184781Z Receiving objects:  89% (324/364)
2022-12-12T11:06:09.3210970Z Receiving objects:  90% (328/364)
2022-12-12T11:06:09.3223732Z Receiving objects:  91% (332/364)
2022-12-12T11:06:09.3230152Z Receiving objects:  92% (335/364)
2022-12-12T11:06:09.3238383Z Receiving objects:  93% (339/364)
2022-12-12T11:06:09.3319983Z Receiving objects:  94% (343/364)
2022-12-12T11:06:09.3320498Z Receiving objects:  95% (346/364)
2022-12-12T11:06:09.3321011Z Receiving objects:  96% (350/364)
2022-12-12T11:06:09.3321463Z Receiving objects:  97% (354/364)
2022-12-12T11:06:09.3321895Z Receiving objects:  98% (357/364)
2022-12-12T11:06:09.3323026Z remote: Total 364 (delta 51), reused 217 (delta 30), pack-reused 0        
2022-12-12T11:06:09.3323812Z Receiving objects:  99% (361/364)
2022-12-12T11:06:09.3324478Z Receiving objects: 100% (364/364)
2022-12-12T11:06:09.3325066Z Receiving objects: 100% (364/364), 3.55 MiB | 13.09 MiB/s, done.
2022-12-12T11:06:09.3325549Z Resolving deltas:   0% (0/51)
2022-12-12T11:06:09.3326127Z Resolving deltas:   1% (1/51)
2022-12-12T11:06:09.3327261Z Resolving deltas:   3% (2/51)
2022-12-12T11:06:09.3327739Z Resolving deltas:   5% (3/51)
2022-12-12T11:06:09.3328342Z Resolving deltas:   7% (4/51)
2022-12-12T11:06:09.3328825Z Resolving deltas:   9% (5/51)
2022-12-12T11:06:09.3329244Z Resolving deltas:  11% (6/51)
2022-12-12T11:06:09.3329852Z Resolving deltas:  13% (7/51)
2022-12-12T11:06:09.3331030Z Resolving deltas:  15% (8/51)
2022-12-12T11:06:09.3331977Z Resolving deltas:  17% (9/51)
2022-12-12T11:06:09.3332445Z Resolving deltas:  19% (10/51)
2022-12-12T11:06:09.3333147Z Resolving deltas:  21% (11/51)
2022-12-12T11:06:09.3333558Z Resolving deltas:  23% (12/51)
2022-12-12T11:06:09.3333996Z Resolving deltas:  25% (13/51)
2022-12-12T11:06:09.3334420Z Resolving deltas:  27% (14/51)
2022-12-12T11:06:09.3334860Z Resolving deltas:  29% (15/51)
2022-12-12T11:06:09.3335301Z Resolving deltas:  31% (16/51)
2022-12-12T11:06:09.3335726Z Resolving deltas:  33% (17/51)
2022-12-12T11:06:09.3336145Z Resolving deltas:  35% (18/51)
2022-12-12T11:06:09.3336513Z Resolving deltas:  37% (19/51)
2022-12-12T11:06:09.3336940Z Resolving deltas:  39% (20/51)
2022-12-12T11:06:09.3337384Z Resolving deltas:  41% (21/51)
2022-12-12T11:06:09.3337807Z Resolving deltas:  43% (22/51)
2022-12-12T11:06:09.3338185Z Resolving deltas:  45% (23/51)
2022-12-12T11:06:09.3338595Z Resolving deltas:  47% (24/51)
2022-12-12T11:06:09.3339025Z Resolving deltas:  49% (25/51)
2022-12-12T11:06:09.3339394Z Resolving deltas:  50% (26/51)
2022-12-12T11:06:09.3339985Z Resolving deltas:  52% (27/51)
2022-12-12T11:06:09.3340409Z Resolving deltas:  54% (28/51)
2022-12-12T11:06:09.3340933Z Resolving deltas:  56% (29/51)
2022-12-12T11:06:09.3341218Z Resolving deltas:  58% (30/51)
2022-12-12T11:06:09.3341519Z Resolving deltas:  60% (31/51)
2022-12-12T11:06:09.3341831Z Resolving deltas:  62% (32/51)
2022-12-12T11:06:09.3342091Z Resolving deltas:  64% (33/51)
2022-12-12T11:06:09.3342415Z Resolving deltas:  66% (34/51)
2022-12-12T11:06:09.3342732Z Resolving deltas:  68% (35/51)
2022-12-12T11:06:09.3342985Z Resolving deltas:  70% (36/51)
2022-12-12T11:06:09.3343291Z Resolving deltas:  72% (37/51)
2022-12-12T11:06:09.3343805Z Resolving deltas:  74% (38/51)
2022-12-12T11:06:09.3344089Z Resolving deltas:  76% (39/51)
2022-12-12T11:06:09.3344695Z Resolving deltas:  78% (40/51)
2022-12-12T11:06:09.3345262Z Resolving deltas:  80% (41/51)
2022-12-12T11:06:09.3345736Z Resolving deltas:  82% (42/51)
2022-12-12T11:06:09.3345991Z Resolving deltas:  84% (43/51)
2022-12-12T11:06:09.3346309Z Resolving deltas:  86% (44/51)
2022-12-12T11:06:09.3346616Z Resolving deltas:  88% (45/51)
2022-12-12T11:06:09.3346869Z Resolving deltas:  90% (46/51)
2022-12-12T11:06:09.3347192Z Resolving deltas:  92% (47/51)
2022-12-12T11:06:09.3347488Z Resolving deltas:  94% (48/51)
2022-12-12T11:06:09.3347863Z Resolving deltas:  96% (49/51)
2022-12-12T11:06:09.3348173Z Resolving deltas:  98% (50/51)
2022-12-12T11:06:09.3348536Z Resolving deltas: 100% (51/51)
2022-12-12T11:06:09.3348812Z Resolving deltas: 100% (51/51), done.
2022-12-12T11:06:09.3981093Z From https://github.com/AlphaSteam/julia-vscode-microprint-test
2022-12-12T11:06:09.3982249Z  * [new ref]         d600368978a7de1cfcc087dd9d372db332a0b649 -> origin/master
2022-12-12T11:06:09.4258754Z ##[endgroup]
2022-12-12T11:06:09.4259385Z ##[group]Determining the checkout info
2022-12-12T11:06:09.4261118Z ##[endgroup]
2022-12-12T11:06:09.4261895Z ##[group]Checking out the ref
2022-12-12T11:06:09.4272431Z [command]"C:\Program Files\Git\bin\git.exe" checkout --progress --force -B master refs/remotes/origin/master
2022-12-12T11:06:09.6436342Z branch 'master' set up to track 'origin/master'.
2022-12-12T11:06:09.6457165Z Reset branch 'master'
2022-12-12T11:06:09.6512471Z ##[endgroup]
2022-12-12T11:06:09.6534363Z ##[group]Setting up auth for fetching submodules
2022-12-12T11:06:09.6537566Z [command]"C:\Program Files\Git\bin\git.exe" config --global http.https://github.com/.extraheader "AUTHORIZATION: basic ***"
2022-12-12T11:06:09.6794572Z [command]"C:\Program Files\Git\bin\git.exe" config --global --unset-all url.https://github.com/.insteadOf
2022-12-12T11:06:09.7068501Z [command]"C:\Program Files\Git\bin\git.exe" config --global --add url.https://github.com/.insteadOf git@github.com:
2022-12-12T11:06:09.7347418Z [command]"C:\Program Files\Git\bin\git.exe" config --global --add url.https://github.com/.insteadOf org-30818940@github.com:
2022-12-12T11:06:09.7638050Z ##[endgroup]
2022-12-12T11:06:09.7639002Z ##[group]Fetching submodules
2022-12-12T11:06:09.7653555Z [command]"C:\Program Files\Git\bin\git.exe" submodule sync
2022-12-12T11:06:10.4455085Z [command]"C:\Program Files\Git\bin\git.exe" -c protocol.version=2 submodule update --init --force --depth=1
2022-12-12T11:06:11.1831597Z Submodule 'libs/jl-profile' (https://github.com/pfitzseb/jl-profile.js.git) registered for path 'libs/jl-profile'
2022-12-12T11:06:11.1845966Z Submodule 'scripts/packages-old/JuliaInterpreter' (https://github.com/JuliaDebug/JuliaInterpreter.jl.git) registered for path 'scripts/packages-old/JuliaInterpreter'
2022-12-12T11:06:11.1848095Z Submodule 'scripts/packages/CSTParser' (https://github.com/julia-vscode/CSTParser.jl.git) registered for path 'scripts/packages/CSTParser'
2022-12-12T11:06:11.1852773Z Submodule 'scripts/packages/CodeTracking' (https://github.com/timholy/CodeTracking.jl.git) registered for path 'scripts/packages/CodeTracking'
2022-12-12T11:06:11.1855011Z Submodule 'scripts/packages/CommonMark' (https://github.com/MichaelHatherly/CommonMark.jl.git) registered for path 'scripts/packages/CommonMark'
2022-12-12T11:06:11.1856398Z Submodule 'scripts/packages/Compat' (https://github.com/JuliaLang/Compat.jl.git) registered for path 'scripts/packages/Compat'
2022-12-12T11:06:11.1857513Z Submodule 'scripts/packages/CoverageTools' (https://github.com/JuliaCI/CoverageTools.jl.git) registered for path 'scripts/packages/CoverageTools'
2022-12-12T11:06:11.1858465Z Submodule 'scripts/packages/Crayons' (https://github.com/KristofferC/Crayons.jl.git) registered for path 'scripts/packages/Crayons'
2022-12-12T11:06:11.1859650Z Submodule 'scripts/packages/DataStructures' (https://github.com/JuliaCollections/DataStructures.jl.git) registered for path 'scripts/packages/DataStructures'
2022-12-12T11:06:11.1860724Z Submodule 'scripts/packages/DebugAdapter' (https://github.com/julia-vscode/DebugAdapter.jl.git) registered for path 'scripts/packages/DebugAdapter'
2022-12-12T11:06:11.1861753Z Submodule 'scripts/packages/FilePathsBase' (https://github.com/rofinn/FilePathsBase.jl.git) registered for path 'scripts/packages/FilePathsBase'
2022-12-12T11:06:11.1862890Z Submodule 'scripts/packages/IJuliaCore' (https://github.com/JuliaLang/IJuliaCore.jl.git) registered for path 'scripts/packages/IJuliaCore'
2022-12-12T11:06:11.1863785Z Submodule 'scripts/packages/JSON' (https://github.com/JuliaIO/JSON.jl.git) registered for path 'scripts/packages/JSON'
2022-12-12T11:06:11.1864726Z Submodule 'scripts/packages/JSONRPC' (https://github.com/julia-vscode/JSONRPC.jl.git) registered for path 'scripts/packages/JSONRPC'
2022-12-12T11:06:11.1865787Z Submodule 'scripts/packages/JuliaFormatter' (https://github.com/domluna/JuliaFormatter.jl.git) registered for path 'scripts/packages/JuliaFormatter'
2022-12-12T11:06:11.1866856Z Submodule 'scripts/packages/JuliaInterpreter' (https://github.com/JuliaDebug/JuliaInterpreter.jl.git) registered for path 'scripts/packages/JuliaInterpreter'
2022-12-12T11:06:11.1867943Z Submodule 'scripts/packages/LanguageServer' (https://github.com/julia-vscode/LanguageServer.jl.git) registered for path 'scripts/packages/LanguageServer'
2022-12-12T11:06:11.1870477Z Submodule 'scripts/packages/LoweredCodeUtils' (https://github.com/JuliaDebug/LoweredCodeUtils.jl.git) registered for path 'scripts/packages/LoweredCodeUtils'
2022-12-12T11:06:11.1871897Z Submodule 'scripts/packages/OrderedCollections' (https://github.com/JuliaCollections/OrderedCollections.jl.git) registered for path 'scripts/packages/OrderedCollections'
2022-12-12T11:06:11.1873117Z Submodule 'scripts/packages/PackageCompiler' (https://github.com/JuliaLang/PackageCompiler.jl.git) registered for path 'scripts/packages/PackageCompiler'
2022-12-12T11:06:11.1874437Z Submodule 'scripts/packages/Revise' (https://github.com/timholy/Revise.jl) registered for path 'scripts/packages/Revise'
2022-12-12T11:06:11.1875432Z Submodule 'scripts/packages/StaticLint' (https://github.com/julia-vscode/StaticLint.jl) registered for path 'scripts/packages/StaticLint'
2022-12-12T11:06:11.1876515Z Submodule 'scripts/packages/SymbolServer' (https://github.com/julia-vscode/SymbolServer.jl.git) registered for path 'scripts/packages/SymbolServer'
2022-12-12T11:06:11.1877620Z Submodule 'scripts/packages/TestEnv' (https://github.com/davidanthoff/TestEnv.jl) registered for path 'scripts/packages/TestEnv'
2022-12-12T11:06:11.1878713Z Submodule 'scripts/packages/TestItemDetection' (https://github.com/julia-vscode/TestItemDetection.jl) registered for path 'scripts/packages/TestItemDetection'
2022-12-12T11:06:11.1879713Z Submodule 'scripts/packages/Tokenize' (https://github.com/JuliaLang/Tokenize.jl.git) registered for path 'scripts/packages/Tokenize'
2022-12-12T11:06:11.1880806Z Submodule 'scripts/packages/URIParser' (https://github.com/JuliaWeb/URIParser.jl.git) registered for path 'scripts/packages/URIParser'
2022-12-12T11:06:11.1884205Z Submodule 'scripts/packages/URIs' (https://github.com/JuliaWeb/URIs.jl.git) registered for path 'scripts/packages/URIs'
2022-12-12T11:06:11.9047740Z Cloning into 'D:/a/julia-vscode-microprint-test/julia-vscode-microprint-test/libs/jl-profile'...
2022-12-12T11:06:12.6704703Z Cloning into 'D:/a/julia-vscode-microprint-test/julia-vscode-microprint-test/scripts/packages-old/JuliaInterpreter'...
2022-12-12T11:06:13.4205805Z Cloning into 'D:/a/julia-vscode-microprint-test/julia-vscode-microprint-test/scripts/packages/CSTParser'...
2022-12-12T11:06:14.1241668Z Cloning into 'D:/a/julia-vscode-microprint-test/julia-vscode-microprint-test/scripts/packages/CodeTracking'...
2022-12-12T11:06:14.8436927Z Cloning into 'D:/a/julia-vscode-microprint-test/julia-vscode-microprint-test/scripts/packages/CommonMark'...
2022-12-12T11:06:15.6254817Z Cloning into 'D:/a/julia-vscode-microprint-test/julia-vscode-microprint-test/scripts/packages/Compat'...
2022-12-12T11:06:16.7204314Z Cloning into 'D:/a/julia-vscode-microprint-test/julia-vscode-microprint-test/scripts/packages/CoverageTools'...
2022-12-12T11:06:17.5979262Z Cloning into 'D:/a/julia-vscode-microprint-test/julia-vscode-microprint-test/scripts/packages/Crayons'...
2022-12-12T11:06:18.6271477Z Cloning into 'D:/a/julia-vscode-microprint-test/julia-vscode-microprint-test/scripts/packages/DataStructures'...
2022-12-12T11:06:19.3158312Z Cloning into 'D:/a/julia-vscode-microprint-test/julia-vscode-microprint-test/scripts/packages/DebugAdapter'...
2022-12-12T11:06:20.0201665Z Cloning into 'D:/a/julia-vscode-microprint-test/julia-vscode-microprint-test/scripts/packages/FilePathsBase'...
2022-12-12T11:06:20.7385984Z Cloning into 'D:/a/julia-vscode-microprint-test/julia-vscode-microprint-test/scripts/packages/IJuliaCore'...
2022-12-12T11:06:21.4887650Z Cloning into 'D:/a/julia-vscode-microprint-test/julia-vscode-microprint-test/scripts/packages/JSON'...
2022-12-12T11:06:22.1931288Z Cloning into 'D:/a/julia-vscode-microprint-test/julia-vscode-microprint-test/scripts/packages/JSONRPC'...
2022-12-12T11:06:23.0050544Z Cloning into 'D:/a/julia-vscode-microprint-test/julia-vscode-microprint-test/scripts/packages/JuliaFormatter'...
2022-12-12T11:06:23.7711077Z Cloning into 'D:/a/julia-vscode-microprint-test/julia-vscode-microprint-test/scripts/packages/JuliaInterpreter'...
2022-12-12T11:06:24.4438579Z Cloning into 'D:/a/julia-vscode-microprint-test/julia-vscode-microprint-test/scripts/packages/LanguageServer'...
2022-12-12T11:06:25.2563390Z Cloning into 'D:/a/julia-vscode-microprint-test/julia-vscode-microprint-test/scripts/packages/LoweredCodeUtils'...
2022-12-12T11:06:25.9601800Z Cloning into 'D:/a/julia-vscode-microprint-test/julia-vscode-microprint-test/scripts/packages/OrderedCollections'...
2022-12-12T11:06:26.7733567Z Cloning into 'D:/a/julia-vscode-microprint-test/julia-vscode-microprint-test/scripts/packages/PackageCompiler'...
2022-12-12T11:06:27.4920663Z Cloning into 'D:/a/julia-vscode-microprint-test/julia-vscode-microprint-test/scripts/packages/Revise'...
2022-12-12T11:06:28.2426875Z Cloning into 'D:/a/julia-vscode-microprint-test/julia-vscode-microprint-test/scripts/packages/StaticLint'...
2022-12-12T11:06:28.9621001Z Cloning into 'D:/a/julia-vscode-microprint-test/julia-vscode-microprint-test/scripts/packages/SymbolServer'...
2022-12-12T11:06:29.6189540Z Cloning into 'D:/a/julia-vscode-microprint-test/julia-vscode-microprint-test/scripts/packages/TestEnv'...
2022-12-12T11:06:30.3064927Z Cloning into 'D:/a/julia-vscode-microprint-test/julia-vscode-microprint-test/scripts/packages/TestItemDetection'...
2022-12-12T11:06:31.0567569Z Cloning into 'D:/a/julia-vscode-microprint-test/julia-vscode-microprint-test/scripts/packages/Tokenize'...
2022-12-12T11:06:31.7761129Z Cloning into 'D:/a/julia-vscode-microprint-test/julia-vscode-microprint-test/scripts/packages/URIParser'...
2022-12-12T11:06:32.8232440Z Cloning into 'D:/a/julia-vscode-microprint-test/julia-vscode-microprint-test/scripts/packages/URIs'...
2022-12-12T11:06:33.9558160Z From https://github.com/pfitzseb/jl-profile.js
2022-12-12T11:06:33.9559084Z  * branch            44fe7c33bc23a8e4cdb3b67674994fe2564245bf -> FETCH_HEAD
2022-12-12T11:06:34.0222026Z Submodule path 'libs/jl-profile': checked out '44fe7c33bc23a8e4cdb3b67674994fe2564245bf'
2022-12-12T11:06:35.8644250Z From https://github.com/JuliaDebug/JuliaInterpreter.jl
2022-12-12T11:06:36.3754830Z  * branch            398721d10be2edf40883a11b98e210ccda5393e3 -> FETCH_HEAD
2022-12-12T11:06:36.3755817Z Submodule path 'scripts/packages-old/JuliaInterpreter': checked out '398721d10be2edf40883a11b98e210ccda5393e3'
2022-12-12T11:06:37.2651876Z From https://github.com/julia-vscode/CSTParser.jl
2022-12-12T11:06:37.2652500Z  * branch            b5cb953e12d8c5c8191e1fcb6aef80ecab7f6a06 -> FETCH_HEAD
2022-12-12T11:06:37.3335278Z Submodule path 'scripts/packages/CSTParser': checked out 'b5cb953e12d8c5c8191e1fcb6aef80ecab7f6a06'
2022-12-12T11:06:38.7635040Z From https://github.com/timholy/CodeTracking.jl
2022-12-12T11:06:38.7636161Z  * branch            426fc0e5af69ca410f3a1b77458db5fc5d68e864 -> FETCH_HEAD
2022-12-12T11:06:38.8182069Z Submodule path 'scripts/packages/CodeTracking': checked out '426fc0e5af69ca410f3a1b77458db5fc5d68e864'
2022-12-12T11:06:40.6122387Z From https://github.com/MichaelHatherly/CommonMark.jl
2022-12-12T11:06:40.6123990Z  * branch            287e39ae128e80a6647d2d9762bf22040adffea1 -> FETCH_HEAD
2022-12-12T11:06:40.7155776Z Submodule path 'scripts/packages/CommonMark': checked out '287e39ae128e80a6647d2d9762bf22040adffea1'
2022-12-12T11:06:42.3098343Z From https://github.com/JuliaLang/Compat.jl
2022-12-12T11:06:42.3099248Z  * branch            3ae185fa45a3091b387b67b6fd8f58f761854238 -> FETCH_HEAD
2022-12-12T11:06:42.3672704Z Submodule path 'scripts/packages/Compat': checked out '3ae185fa45a3091b387b67b6fd8f58f761854238'
2022-12-12T11:06:42.4594134Z Submodule path 'scripts/packages/CoverageTools': checked out '9d8fba371f4c65a7e9ca3bdaae753a52bcb22218'
2022-12-12T11:06:43.8676222Z From https://github.com/KristofferC/Crayons.jl
2022-12-12T11:06:43.8677568Z  * branch            4cf50b8e5e1a250a5b3466937fa0421c78bafdf4 -> FETCH_HEAD
2022-12-12T11:06:43.9292304Z Submodule path 'scripts/packages/Crayons': checked out '4cf50b8e5e1a250a5b3466937fa0421c78bafdf4'
2022-12-12T11:06:45.5266308Z From https://github.com/JuliaCollections/DataStructures.jl
2022-12-12T11:06:45.5267826Z  * branch            d0dd2a012ebd07ff31193b21130109baa50cfe2b -> FETCH_HEAD
2022-12-12T11:06:45.6263034Z Submodule path 'scripts/packages/DataStructures': checked out 'd0dd2a012ebd07ff31193b21130109baa50cfe2b'
2022-12-12T11:06:47.0013980Z From https://github.com/julia-vscode/DebugAdapter.jl
2022-12-12T11:06:47.0015044Z  * branch            b0991c1664d948d9bbb1ab2cac56606511981df5 -> FETCH_HEAD
2022-12-12T11:06:47.0589218Z Submodule path 'scripts/packages/DebugAdapter': checked out 'b0991c1664d948d9bbb1ab2cac56606511981df5'
2022-12-12T11:06:47.1592145Z Submodule path 'scripts/packages/FilePathsBase': checked out '336666220f9ddd7a15a7f059925a359d51c6cead'
2022-12-12T11:06:47.2617139Z Submodule path 'scripts/packages/IJuliaCore': checked out 'c3e48ef9ee9a34d9be6abe1fe9033317638950ba'
2022-12-12T11:06:48.8488166Z From https://github.com/JuliaIO/JSON.jl
2022-12-12T11:06:48.8490079Z  * branch            4b3913d58f04cc5bb2f8d23c6ef82e0fbed20525 -> FETCH_HEAD
2022-12-12T11:06:48.9316488Z Submodule path 'scripts/packages/JSON': checked out '4b3913d58f04cc5bb2f8d23c6ef82e0fbed20525'
2022-12-12T11:06:50.5719967Z From https://github.com/julia-vscode/JSONRPC.jl
2022-12-12T11:06:50.5721146Z  * branch            982acfdb112b7198a025edcf3930c6a6a27913e1 -> FETCH_HEAD
2022-12-12T11:06:50.6275391Z Submodule path 'scripts/packages/JSONRPC': checked out '982acfdb112b7198a025edcf3930c6a6a27913e1'
2022-12-12T11:06:52.2136877Z From https://github.com/domluna/JuliaFormatter.jl
2022-12-12T11:06:52.2138480Z  * branch            6c0f94468eaef63405fbcbb11943314a164262d6 -> FETCH_HEAD
2022-12-12T11:06:52.3230879Z Submodule path 'scripts/packages/JuliaFormatter': checked out '6c0f94468eaef63405fbcbb11943314a164262d6'
2022-12-12T11:06:54.1955910Z From https://github.com/JuliaDebug/JuliaInterpreter.jl
2022-12-12T11:06:54.1956975Z  * branch            a840f1ad085e7606bb3a7cdc705d863f3c49ab92 -> FETCH_HEAD
2022-12-12T11:06:54.2621444Z Submodule path 'scripts/packages/JuliaInterpreter': checked out 'a840f1ad085e7606bb3a7cdc705d863f3c49ab92'
2022-12-12T11:06:55.8199462Z From https://github.com/julia-vscode/LanguageServer.jl
2022-12-12T11:06:55.8200716Z  * branch            fe1ae60fdf795218b82dba4ba35028adab0bd348 -> FETCH_HEAD
2022-12-12T11:06:55.8976596Z Submodule path 'scripts/packages/LanguageServer': checked out 'fe1ae60fdf795218b82dba4ba35028adab0bd348'
2022-12-12T11:06:55.9900126Z Submodule path 'scripts/packages/LoweredCodeUtils': checked out 'b71c05b0d28cb5b3ad0301b816e0a1c4e531ea0d'
2022-12-12T11:06:57.5531538Z From https://github.com/JuliaCollections/OrderedCollections.jl
2022-12-12T11:06:57.5533022Z  * branch            adb9415570faeba7e8c6d800cd743de06104e97e -> FETCH_HEAD
2022-12-12T11:06:57.6133835Z Submodule path 'scripts/packages/OrderedCollections': checked out 'adb9415570faeba7e8c6d800cd743de06104e97e'
2022-12-12T11:06:59.3732230Z From https://github.com/JuliaLang/PackageCompiler.jl
2022-12-12T11:06:59.3733674Z  * branch            78f4d52026c4895fa08c8ee0d61905a6914ea8c3 -> FETCH_HEAD
2022-12-12T11:06:59.4451183Z Submodule path 'scripts/packages/PackageCompiler': checked out '78f4d52026c4895fa08c8ee0d61905a6914ea8c3'
2022-12-12T11:07:00.9505539Z From https://github.com/timholy/Revise.jl
2022-12-12T11:07:00.9513458Z  * branch            ca3b5cffd26325e3a3fd69932f5dc827ff156a3b -> FETCH_HEAD
2022-12-12T11:07:01.0350552Z Submodule path 'scripts/packages/Revise': checked out 'ca3b5cffd26325e3a3fd69932f5dc827ff156a3b'
2022-12-12T11:07:02.7583588Z From https://github.com/julia-vscode/StaticLint.jl
2022-12-12T11:07:02.7584834Z  * branch            6235a532ff6b51a33ef56955286b7d0602912fd6 -> FETCH_HEAD
2022-12-12T11:07:02.8204013Z Submodule path 'scripts/packages/StaticLint': checked out '6235a532ff6b51a33ef56955286b7d0602912fd6'
2022-12-12T11:07:04.3445768Z From https://github.com/julia-vscode/SymbolServer.jl
2022-12-12T11:07:04.3447198Z  * branch            99500d621b17cca5a46232808e8ad388370d2ae8 -> FETCH_HEAD
2022-12-12T11:07:04.4151941Z Submodule path 'scripts/packages/SymbolServer': checked out '99500d621b17cca5a46232808e8ad388370d2ae8'
2022-12-12T11:07:05.8416319Z From https://github.com/davidanthoff/TestEnv.jl
2022-12-12T11:07:05.8417596Z  * branch            14dd0d9a3df31dcd29bb6434dd9b287fe4a2803b -> FETCH_HEAD
2022-12-12T11:07:05.9085260Z Submodule path 'scripts/packages/TestEnv': checked out '14dd0d9a3df31dcd29bb6434dd9b287fe4a2803b'
2022-12-12T11:07:07.3771712Z From https://github.com/julia-vscode/TestItemDetection.jl
2022-12-12T11:07:07.3772927Z  * branch            d9db8c5707c5e7a6e167e0e583eb06261ef5408b -> FETCH_HEAD
2022-12-12T11:07:07.4331794Z Submodule path 'scripts/packages/TestItemDetection': checked out 'd9db8c5707c5e7a6e167e0e583eb06261ef5408b'
2022-12-12T11:07:08.8474378Z From https://github.com/JuliaLang/Tokenize.jl
2022-12-12T11:07:08.8475948Z  * branch            49b112248e846040c13f28e223493f90cc717fa5 -> FETCH_HEAD
2022-12-12T11:07:08.9050289Z Submodule path 'scripts/packages/Tokenize': checked out '49b112248e846040c13f28e223493f90cc717fa5'
2022-12-12T11:07:10.3780978Z From https://github.com/JuliaWeb/URIParser.jl
2022-12-12T11:07:10.3905945Z  * branch            1d3532dfe5330f567a8eb64a37a37b1b8c536628 -> FETCH_HEAD
2022-12-12T11:07:10.4330725Z Submodule path 'scripts/packages/URIParser': checked out '1d3532dfe5330f567a8eb64a37a37b1b8c536628'
2022-12-12T11:07:11.8854187Z From https://github.com/JuliaWeb/URIs.jl
2022-12-12T11:07:11.8856182Z  * branch            0ce3d89b81dadaae52b104353843ef67ceecd176 -> FETCH_HEAD
2022-12-12T11:07:11.9448098Z Submodule path 'scripts/packages/URIs': checked out '0ce3d89b81dadaae52b104353843ef67ceecd176'
2022-12-12T11:07:11.9546244Z [command]"C:\Program Files\Git\bin\git.exe" submodule foreach "git config --local gc.auto 0"
2022-12-12T11:07:12.5104182Z Entering 'libs/jl-profile'
2022-12-12T11:07:12.5574880Z Entering 'scripts/packages-old/JuliaInterpreter'
2022-12-12T11:07:12.6035718Z Entering 'scripts/packages/CSTParser'
2022-12-12T11:07:12.6481772Z Entering 'scripts/packages/CodeTracking'
2022-12-12T11:07:12.6941389Z Entering 'scripts/packages/CommonMark'
2022-12-12T11:07:12.7380805Z Entering 'scripts/packages/Compat'
2022-12-12T11:07:12.7825423Z Entering 'scripts/packages/CoverageTools'
2022-12-12T11:07:12.8274884Z Entering 'scripts/packages/Crayons'
2022-12-12T11:07:12.8747043Z Entering 'scripts/packages/DataStructures'
2022-12-12T11:07:12.9192764Z Entering 'scripts/packages/DebugAdapter'
2022-12-12T11:07:12.9660702Z Entering 'scripts/packages/FilePathsBase'
2022-12-12T11:07:13.0122855Z Entering 'scripts/packages/IJuliaCore'
2022-12-12T11:07:13.0604377Z Entering 'scripts/packages/JSON'
2022-12-12T11:07:13.1068223Z Entering 'scripts/packages/JSONRPC'
2022-12-12T11:07:13.1519689Z Entering 'scripts/packages/JuliaFormatter'
2022-12-12T11:07:13.1971220Z Entering 'scripts/packages/JuliaInterpreter'
2022-12-12T11:07:13.2426357Z Entering 'scripts/packages/LanguageServer'
2022-12-12T11:07:13.2916391Z Entering 'scripts/packages/LoweredCodeUtils'
2022-12-12T11:07:13.3386869Z Entering 'scripts/packages/OrderedCollections'
2022-12-12T11:07:13.3850764Z Entering 'scripts/packages/PackageCompiler'
2022-12-12T11:07:13.4305311Z Entering 'scripts/packages/Revise'
2022-12-12T11:07:13.4776792Z Entering 'scripts/packages/StaticLint'
2022-12-12T11:07:13.5235892Z Entering 'scripts/packages/SymbolServer'
2022-12-12T11:07:13.5702162Z Entering 'scripts/packages/TestEnv'
2022-12-12T11:07:13.6200360Z Entering 'scripts/packages/TestItemDetection'
2022-12-12T11:07:13.6667121Z Entering 'scripts/packages/Tokenize'
2022-12-12T11:07:13.7157226Z Entering 'scripts/packages/URIParser'
2022-12-12T11:07:13.7651393Z Entering 'scripts/packages/URIs'
2022-12-12T11:07:13.8194966Z ##[endgroup]
2022-12-12T11:07:13.8195579Z ##[group]Persisting credentials for submodules
2022-12-12T11:07:13.8233304Z [command]"C:\Program Files\Git\bin\git.exe" submodule foreach --recursive "git config --local --name-only --get-regexp 'url\.https\:\/\/github\.com\/\.insteadOf' && git config --local --unset-all 'url.https://github.com/.insteadOf' || :"
2022-12-12T11:07:14.3700884Z Entering 'libs/jl-profile'
2022-12-12T11:07:14.4442070Z Entering 'scripts/packages-old/JuliaInterpreter'
2022-12-12T11:07:14.5172659Z Entering 'scripts/packages/CSTParser'
2022-12-12T11:07:14.5914884Z Entering 'scripts/packages/CodeTracking'
2022-12-12T11:07:14.6680595Z Entering 'scripts/packages/CommonMark'
2022-12-12T11:07:14.7427058Z Entering 'scripts/packages/Compat'
2022-12-12T11:07:14.8210820Z Entering 'scripts/packages/CoverageTools'
2022-12-12T11:07:14.8949837Z Entering 'scripts/packages/Crayons'
2022-12-12T11:07:14.9711643Z Entering 'scripts/packages/DataStructures'
2022-12-12T11:07:15.0458508Z Entering 'scripts/packages/DebugAdapter'
2022-12-12T11:07:15.1262555Z Entering 'scripts/packages/FilePathsBase'
2022-12-12T11:07:15.2135732Z Entering 'scripts/packages/IJuliaCore'
2022-12-12T11:07:15.2953278Z Entering 'scripts/packages/JSON'
2022-12-12T11:07:15.3724329Z Entering 'scripts/packages/JSONRPC'
2022-12-12T11:07:15.4465412Z Entering 'scripts/packages/JuliaFormatter'
2022-12-12T11:07:15.5303608Z Entering 'scripts/packages/JuliaInterpreter'
2022-12-12T11:07:15.6169310Z Entering 'scripts/packages/LanguageServer'
2022-12-12T11:07:15.6907227Z Entering 'scripts/packages/LoweredCodeUtils'
2022-12-12T11:07:15.7641836Z Entering 'scripts/packages/OrderedCollections'
2022-12-12T11:07:15.8423878Z Entering 'scripts/packages/PackageCompiler'
2022-12-12T11:07:15.9177387Z Entering 'scripts/packages/Revise'
2022-12-12T11:07:15.9928018Z Entering 'scripts/packages/StaticLint'
2022-12-12T11:07:16.0701743Z Entering 'scripts/packages/SymbolServer'
2022-12-12T11:07:16.1439745Z Entering 'scripts/packages/TestEnv'
2022-12-12T11:07:16.2186252Z Entering 'scripts/packages/TestItemDetection'
2022-12-12T11:07:16.2942452Z Entering 'scripts/packages/Tokenize'
2022-12-12T11:07:16.3689300Z Entering 'scripts/packages/URIParser'
2022-12-12T11:07:16.4446375Z Entering 'scripts/packages/URIs'
2022-12-12T11:07:16.5296825Z [command]"C:\Program Files\Git\bin\git.exe" submodule foreach "git config --local 'http.https://github.com/.extraheader' 'AUTHORIZATION: basic ***' && git config --local --show-origin --name-only --get-regexp remote.origin.url"
2022-12-12T11:07:17.0989702Z Entering 'libs/jl-profile'
2022-12-12T11:07:17.1809154Z file:D:/a/julia-vscode-microprint-test/julia-vscode-microprint-test/.git/modules/libs/jl-profile/config	remote.origin.url
2022-12-12T11:07:17.1853012Z Entering 'scripts/packages-old/JuliaInterpreter'
2022-12-12T11:07:17.2667475Z file:D:/a/julia-vscode-microprint-test/julia-vscode-microprint-test/.git/modules/scripts/packages-old/JuliaInterpreter/config	remote.origin.url
2022-12-12T11:07:17.2709305Z Entering 'scripts/packages/CSTParser'
2022-12-12T11:07:17.3550541Z file:D:/a/julia-vscode-microprint-test/julia-vscode-microprint-test/.git/modules/scripts/packages/CSTParser/config	remote.origin.url
2022-12-12T11:07:17.3594447Z Entering 'scripts/packages/CodeTracking'
2022-12-12T11:07:17.4434275Z file:D:/a/julia-vscode-microprint-test/julia-vscode-microprint-test/.git/modules/scripts/packages/CodeTracking/config	remote.origin.url
2022-12-12T11:07:17.4477215Z Entering 'scripts/packages/CommonMark'
2022-12-12T11:07:17.5351233Z file:D:/a/julia-vscode-microprint-test/julia-vscode-microprint-test/.git/modules/scripts/packages/CommonMark/config	remote.origin.url
2022-12-12T11:07:17.5393410Z Entering 'scripts/packages/Compat'
2022-12-12T11:07:17.6217305Z file:D:/a/julia-vscode-microprint-test/julia-vscode-microprint-test/.git/modules/scripts/packages/Compat/config	remote.origin.url
2022-12-12T11:07:17.6263427Z Entering 'scripts/packages/CoverageTools'
2022-12-12T11:07:17.7080716Z file:D:/a/julia-vscode-microprint-test/julia-vscode-microprint-test/.git/modules/scripts/packages/CoverageTools/config	remote.origin.url
2022-12-12T11:07:17.7125884Z Entering 'scripts/packages/Crayons'
2022-12-12T11:07:17.7940783Z file:D:/a/julia-vscode-microprint-test/julia-vscode-microprint-test/.git/modules/scripts/packages/Crayons/config	remote.origin.url
2022-12-12T11:07:17.7989508Z Entering 'scripts/packages/DataStructures'
2022-12-12T11:07:17.8831840Z file:D:/a/julia-vscode-microprint-test/julia-vscode-microprint-test/.git/modules/scripts/packages/DataStructures/config	remote.origin.url
2022-12-12T11:07:17.8874143Z Entering 'scripts/packages/DebugAdapter'
2022-12-12T11:07:17.9703054Z file:D:/a/julia-vscode-microprint-test/julia-vscode-microprint-test/.git/modules/scripts/packages/DebugAdapter/config	remote.origin.url
2022-12-12T11:07:17.9746165Z Entering 'scripts/packages/FilePathsBase'
2022-12-12T11:07:18.0605414Z file:D:/a/julia-vscode-microprint-test/julia-vscode-microprint-test/.git/modules/scripts/packages/FilePathsBase/config	remote.origin.url
2022-12-12T11:07:18.0650767Z Entering 'scripts/packages/IJuliaCore'
2022-12-12T11:07:18.1471096Z file:D:/a/julia-vscode-microprint-test/julia-vscode-microprint-test/.git/modules/scripts/packages/IJuliaCore/config	remote.origin.url
2022-12-12T11:07:18.1513394Z Entering 'scripts/packages/JSON'
2022-12-12T11:07:18.2336906Z file:D:/a/julia-vscode-microprint-test/julia-vscode-microprint-test/.git/modules/scripts/packages/JSON/config	remote.origin.url
2022-12-12T11:07:18.2379058Z Entering 'scripts/packages/JSONRPC'
2022-12-12T11:07:18.3208474Z file:D:/a/julia-vscode-microprint-test/julia-vscode-microprint-test/.git/modules/scripts/packages/JSONRPC/config	remote.origin.url
2022-12-12T11:07:18.3252971Z Entering 'scripts/packages/JuliaFormatter'
2022-12-12T11:07:18.4092203Z file:D:/a/julia-vscode-microprint-test/julia-vscode-microprint-test/.git/modules/scripts/packages/JuliaFormatter/config	remote.origin.url
2022-12-12T11:07:18.4138141Z Entering 'scripts/packages/JuliaInterpreter'
2022-12-12T11:07:18.4965357Z file:D:/a/julia-vscode-microprint-test/julia-vscode-microprint-test/.git/modules/scripts/packages/JuliaInterpreter/config	remote.origin.url
2022-12-12T11:07:18.5009804Z Entering 'scripts/packages/LanguageServer'
2022-12-12T11:07:18.5828562Z file:D:/a/julia-vscode-microprint-test/julia-vscode-microprint-test/.git/modules/scripts/packages/LanguageServer/config	remote.origin.url
2022-12-12T11:07:18.5880109Z Entering 'scripts/packages/LoweredCodeUtils'
2022-12-12T11:07:18.6704364Z file:D:/a/julia-vscode-microprint-test/julia-vscode-microprint-test/.git/modules/scripts/packages/LoweredCodeUtils/config	remote.origin.url
2022-12-12T11:07:18.6749597Z Entering 'scripts/packages/OrderedCollections'
2022-12-12T11:07:18.7591582Z file:D:/a/julia-vscode-microprint-test/julia-vscode-microprint-test/.git/modules/scripts/packages/OrderedCollections/config	remote.origin.url
2022-12-12T11:07:18.7660164Z Entering 'scripts/packages/PackageCompiler'
2022-12-12T11:07:18.8484704Z file:D:/a/julia-vscode-microprint-test/julia-vscode-microprint-test/.git/modules/scripts/packages/PackageCompiler/config	remote.origin.url
2022-12-12T11:07:18.8529325Z Entering 'scripts/packages/Revise'
2022-12-12T11:07:18.9329731Z file:D:/a/julia-vscode-microprint-test/julia-vscode-microprint-test/.git/modules/scripts/packages/Revise/config	remote.origin.url
2022-12-12T11:07:18.9373853Z Entering 'scripts/packages/StaticLint'
2022-12-12T11:07:19.0179597Z file:D:/a/julia-vscode-microprint-test/julia-vscode-microprint-test/.git/modules/scripts/packages/StaticLint/config	remote.origin.url
2022-12-12T11:07:19.0221581Z Entering 'scripts/packages/SymbolServer'
2022-12-12T11:07:19.1039947Z file:D:/a/julia-vscode-microprint-test/julia-vscode-microprint-test/.git/modules/scripts/packages/SymbolServer/config	remote.origin.url
2022-12-12T11:07:19.1082931Z Entering 'scripts/packages/TestEnv'
2022-12-12T11:07:19.1902520Z file:D:/a/julia-vscode-microprint-test/julia-vscode-microprint-test/.git/modules/scripts/packages/TestEnv/config	remote.origin.url
2022-12-12T11:07:19.1948743Z Entering 'scripts/packages/TestItemDetection'
2022-12-12T11:07:19.2764770Z file:D:/a/julia-vscode-microprint-test/julia-vscode-microprint-test/.git/modules/scripts/packages/TestItemDetection/config	remote.origin.url
2022-12-12T11:07:19.2807201Z Entering 'scripts/packages/Tokenize'
2022-12-12T11:07:19.3680004Z file:D:/a/julia-vscode-microprint-test/julia-vscode-microprint-test/.git/modules/scripts/packages/Tokenize/config	remote.origin.url
2022-12-12T11:07:19.3731415Z Entering 'scripts/packages/URIParser'
2022-12-12T11:07:19.4659032Z file:D:/a/julia-vscode-microprint-test/julia-vscode-microprint-test/.git/modules/scripts/packages/URIParser/config	remote.origin.url
2022-12-12T11:07:19.4704826Z Entering 'scripts/packages/URIs'
2022-12-12T11:07:19.5710751Z file:D:/a/julia-vscode-microprint-test/julia-vscode-microprint-test/.git/modules/scripts/packages/URIs/config	remote.origin.url
2022-12-12T11:07:19.6187581Z [command]"C:\Program Files\Git\bin\git.exe" submodule foreach "git config --local --add 'url.https://github.com/.insteadOf' 'git@github.com:'"
2022-12-12T11:07:20.2171678Z Entering 'libs/jl-profile'
2022-12-12T11:07:20.2746236Z Entering 'scripts/packages-old/JuliaInterpreter'
2022-12-12T11:07:20.3307581Z Entering 'scripts/packages/CSTParser'
2022-12-12T11:07:20.3823075Z Entering 'scripts/packages/CodeTracking'
2022-12-12T11:07:20.4352910Z Entering 'scripts/packages/CommonMark'
2022-12-12T11:07:20.4840878Z Entering 'scripts/packages/Compat'
2022-12-12T11:07:20.5344430Z Entering 'scripts/packages/CoverageTools'
2022-12-12T11:07:20.5842728Z Entering 'scripts/packages/Crayons'
2022-12-12T11:07:20.6368166Z Entering 'scripts/packages/DataStructures'
2022-12-12T11:07:20.6842741Z Entering 'scripts/packages/DebugAdapter'
2022-12-12T11:07:20.7326445Z Entering 'scripts/packages/FilePathsBase'
2022-12-12T11:07:20.7810973Z Entering 'scripts/packages/IJuliaCore'
2022-12-12T11:07:20.8318274Z Entering 'scripts/packages/JSON'
2022-12-12T11:07:20.8801004Z Entering 'scripts/packages/JSONRPC'
2022-12-12T11:07:20.9291127Z Entering 'scripts/packages/JuliaFormatter'
2022-12-12T11:07:20.9776619Z Entering 'scripts/packages/JuliaInterpreter'
2022-12-12T11:07:21.0280227Z Entering 'scripts/packages/LanguageServer'
2022-12-12T11:07:21.0755965Z Entering 'scripts/packages/LoweredCodeUtils'
2022-12-12T11:07:21.1225949Z Entering 'scripts/packages/OrderedCollections'
2022-12-12T11:07:21.1702525Z Entering 'scripts/packages/PackageCompiler'
2022-12-12T11:07:21.2160120Z Entering 'scripts/packages/Revise'
2022-12-12T11:07:21.2623471Z Entering 'scripts/packages/StaticLint'
2022-12-12T11:07:21.3100752Z Entering 'scripts/packages/SymbolServer'
2022-12-12T11:07:21.3566343Z Entering 'scripts/packages/TestEnv'
2022-12-12T11:07:21.4037772Z Entering 'scripts/packages/TestItemDetection'
2022-12-12T11:07:21.4510621Z Entering 'scripts/packages/Tokenize'
2022-12-12T11:07:21.5004871Z Entering 'scripts/packages/URIParser'
2022-12-12T11:07:21.5484892Z Entering 'scripts/packages/URIs'
2022-12-12T11:07:21.6055291Z [command]"C:\Program Files\Git\bin\git.exe" submodule foreach "git config --local --add 'url.https://github.com/.insteadOf' 'org-30818940@github.com:'"
2022-12-12T11:07:22.1703900Z Entering 'libs/jl-profile'
2022-12-12T11:07:22.2201695Z Entering 'scripts/packages-old/JuliaInterpreter'
2022-12-12T11:07:22.2681848Z Entering 'scripts/packages/CSTParser'
2022-12-12T11:07:22.3186183Z Entering 'scripts/packages/CodeTracking'
2022-12-12T11:07:22.3671875Z Entering 'scripts/packages/CommonMark'
2022-12-12T11:07:22.4152824Z Entering 'scripts/packages/Compat'
2022-12-12T11:07:22.4630296Z Entering 'scripts/packages/CoverageTools'
2022-12-12T11:07:22.5111501Z Entering 'scripts/packages/Crayons'
2022-12-12T11:07:22.5605333Z Entering 'scripts/packages/DataStructures'
2022-12-12T11:07:22.6099878Z Entering 'scripts/packages/DebugAdapter'
2022-12-12T11:07:22.6606936Z Entering 'scripts/packages/FilePathsBase'
2022-12-12T11:07:22.7098938Z Entering 'scripts/packages/IJuliaCore'
2022-12-12T11:07:22.7567987Z Entering 'scripts/packages/JSON'
2022-12-12T11:07:22.8061258Z Entering 'scripts/packages/JSONRPC'
2022-12-12T11:07:22.8538370Z Entering 'scripts/packages/JuliaFormatter'
2022-12-12T11:07:22.9026267Z Entering 'scripts/packages/JuliaInterpreter'
2022-12-12T11:07:22.9598334Z Entering 'scripts/packages/LanguageServer'
2022-12-12T11:07:23.0094797Z Entering 'scripts/packages/LoweredCodeUtils'
2022-12-12T11:07:23.0593749Z Entering 'scripts/packages/OrderedCollections'
2022-12-12T11:07:23.1157673Z Entering 'scripts/packages/PackageCompiler'
2022-12-12T11:07:23.1658600Z Entering 'scripts/packages/Revise'
2022-12-12T11:07:23.2133001Z Entering 'scripts/packages/StaticLint'
2022-12-12T11:07:23.2606629Z Entering 'scripts/packages/SymbolServer'
2022-12-12T11:07:23.3095442Z Entering 'scripts/packages/TestEnv'
2022-12-12T11:07:23.3606693Z Entering 'scripts/packages/TestItemDetection'
2022-12-12T11:07:23.4112861Z Entering 'scripts/packages/Tokenize'
2022-12-12T11:07:23.4604508Z Entering 'scripts/packages/URIParser'
2022-12-12T11:07:23.5092344Z Entering 'scripts/packages/URIs'
2022-12-12T11:07:23.5741163Z ##[endgroup]
2022-12-12T11:07:23.6213611Z [command]"C:\Program Files\Git\bin\git.exe" log -1 --format='%H'
2022-12-12T11:07:23.6495375Z 'd600368978a7de1cfcc087dd9d372db332a0b649'
2022-12-12T11:07:23.7193742Z ##[group]Run julia-actions/setup-julia@v1
2022-12-12T11:07:23.7194110Z with:
2022-12-12T11:07:23.7194313Z   version: 1.8
2022-12-12T11:07:23.7194554Z   include-all-prereleases: false
2022-12-12T11:07:23.7194810Z   arch: X64
2022-12-12T11:07:23.7195037Z   show-versioninfo: false
2022-12-12T11:07:23.7195239Z env:
2022-12-12T11:07:23.7195435Z   NODE_VERSION: 16
2022-12-12T11:07:23.7195649Z ##[endgroup]
2022-12-12T11:07:27.2405578Z [command]powershell -Command "Start-Process -FilePath D:\a\_temp\540062d6-20f6-4b25-9445-4bd5f93269eb -ArgumentList \"/SILENT /dir=D:\a\julia-vscode-microprint-test\julia-vscode-microprint-test\julia-x64-1.8.3-Lnt8I5\" -NoNewWindow -Wait"
2022-12-12T11:07:51.1985717Z [command]julia --version
2022-12-12T11:07:51.2088465Z (node:4364) [DEP0147] DeprecationWarning: In future versions of Node.js, fs.rmdir(path, { recursive: true }) will be removed. Use fs.rm(path, { recursive: true }) instead
2022-12-12T11:07:51.2089553Z (Use `node --trace-deprecation ...` to show where the warning was created)
2022-12-12T11:07:51.2870187Z julia version 1.8.3
2022-12-12T11:07:51.3339752Z ##[group]Run julia -e 'using InteractiveUtils; versioninfo()'
2022-12-12T11:07:51.3340294Z [36;1mjulia -e 'using InteractiveUtils; versioninfo()'[0m
2022-12-12T11:07:51.3340799Z [36;1mjulia --project=./scripts/environments/languageserver/v1.8 -e 'using Pkg; Pkg.resolve()'[0m
2022-12-12T11:07:51.3341326Z [36;1mjulia --project=./scripts/environments/languageserver/v1.8 -e 'using Pkg; Pkg.test("CSTParser", coverage=true)'[0m
2022-12-12T11:07:51.3341860Z [36;1mjulia --project=./scripts/environments/languageserver/v1.8 -e 'using Pkg; Pkg.test("JSONRPC", coverage=true)'[0m
2022-12-12T11:07:51.3342390Z [36;1mjulia --project=./scripts/environments/languageserver/v1.8 -e 'using Pkg; Pkg.test("LanguageServer", coverage=true)'[0m
2022-12-12T11:07:51.3342920Z [36;1mjulia --project=./scripts/environments/languageserver/v1.8 -e 'using Pkg; Pkg.test("StaticLint", coverage=true)'[0m
2022-12-12T11:07:51.3343644Z [36;1mjulia --project=./scripts/environments/languageserver/v1.8 -e 'using Pkg; Pkg.test("SymbolServer", coverage=true)'[0m
2022-12-12T11:07:51.3344181Z [36;1mjulia --project=./scripts/testenvironments/debugadapter/v1.8 -e 'using Pkg; Pkg.test("DebugAdapter", coverage=true)'[0m
2022-12-12T11:07:51.3344707Z [36;1mjulia --project=./scripts/testenvironments/vscodedebugger/v1.8 -e 'using Pkg; Pkg.test("VSCodeDebugger", coverage=true)'[0m
2022-12-12T11:07:51.3345249Z [36;1mjulia --project=./scripts/testenvironments/vscodeserver/v1.8 -e 'using Pkg; Pkg.test("VSCodeServer", coverage=true)'[0m
2022-12-12T11:07:51.3368103Z shell: C:\Program Files\Git\bin\bash.EXE --noprofile --norc -e -o pipefail {0}
2022-12-12T11:07:51.3368458Z env:
2022-12-12T11:07:51.3368643Z   NODE_VERSION: 16
2022-12-12T11:07:51.3368872Z ##[endgroup]
2022-12-12T11:07:55.8013829Z Julia Version 1.8.3
2022-12-12T11:07:55.8015688Z Commit 0434deb161 (2022-11-14 20:14 UTC)
2022-12-12T11:07:55.8016103Z Platform Info:
2022-12-12T11:07:55.8018671Z   OS: Windows (x86_64-w64-mingw32)
2022-12-12T11:07:55.8200057Z   CPU: 2 × Intel(R) Xeon(R) CPU E5-2673 v3 @ 2.40GHz
2022-12-12T11:07:55.8200750Z   WORD_SIZE: 64
2022-12-12T11:07:55.8200981Z   LIBM: libopenlibm
2022-12-12T11:07:55.8340741Z   LLVM: libLLVM-13.0.1 (ORCJIT, haswell)
2022-12-12T11:07:55.8344653Z   Threads: 1 on 2 virtual cores
2022-12-12T11:07:58.0949615Z   No Changes to `D:\a\julia-vscode-microprint-test\julia-vscode-microprint-test\scripts\environments\languageserver\v1.8\Project.toml`
2022-12-12T11:07:58.1342388Z   No Changes to `D:\a\julia-vscode-microprint-test\julia-vscode-microprint-test\scripts\environments\languageserver\v1.8\Manifest.toml`
2022-12-12T11:07:59.7528103Z   Installing known registries into `C:\Users\runneradmin\.julia`
2022-12-12T11:08:01.7312583Z      Testing CSTParser
2022-12-12T11:08:03.7896189Z       Status `C:\Users\runneradmin\AppData\Local\Temp\jl_pdagOo\Project.toml`
2022-12-12T11:08:03.8137089Z   [00ebfdb7] CSTParser v3.3.7-DEV `D:\a\julia-vscode-microprint-test\julia-vscode-microprint-test\scripts\packages\CSTParser`
2022-12-12T11:08:03.8138117Z   [0796e94c] Tokenize v0.5.24 `D:\a\julia-vscode-microprint-test\julia-vscode-microprint-test\scripts\packages\Tokenize`
2022-12-12T11:08:03.8140027Z   [8dfed614] Test `@stdlib/Test`
2022-12-12T11:08:03.8360154Z       Status `C:\Users\runneradmin\AppData\Local\Temp\jl_pdagOo\Manifest.toml`
2022-12-12T11:08:03.8419085Z   [00ebfdb7] CSTParser v3.3.7-DEV `D:\a\julia-vscode-microprint-test\julia-vscode-microprint-test\scripts\packages\CSTParser`
2022-12-12T11:08:03.8420576Z   [0796e94c] Tokenize v0.5.24 `D:\a\julia-vscode-microprint-test\julia-vscode-microprint-test\scripts\packages\Tokenize`
2022-12-12T11:08:03.8422436Z   [2a0f44e3] Base64 `@stdlib/Base64`
2022-12-12T11:08:03.8425319Z   [b77e0a4c] InteractiveUtils `@stdlib/InteractiveUtils`
2022-12-12T11:08:03.8427362Z   [56ddb016] Logging `@stdlib/Logging`
2022-12-12T11:08:03.8429232Z   [d6f4376e] Markdown `@stdlib/Markdown`
2022-12-12T11:08:03.8431080Z   [9a3f8284] Random `@stdlib/Random`
2022-12-12T11:08:03.8435043Z   [ea8e919c] SHA v0.7.0 `@stdlib/SHA`
2022-12-12T11:08:03.8435548Z   [9e88b42a] Serialization `@stdlib/Serialization`
2022-12-12T11:08:03.8437091Z   [8dfed614] Test `@stdlib/Test`
2022-12-12T11:08:04.4971965Z Precompiling project...
2022-12-12T11:08:06.9770613Z [32m  ✓ [39mTokenize
2022-12-12T11:08:10.9767753Z [32m  ✓ [39mCSTParser
2022-12-12T11:08:10.9976727Z   2 dependencies successfully precompiled in 7 seconds
2022-12-12T11:08:10.9977197Z      Testing Running tests...
2022-12-12T11:09:21.1695295Z [ Info: checking check_err_parse against ..\docs\make.jl
2022-12-12T11:09:21.4034111Z [ Info: checking check_err_parse against ..\src\CSTParser.jl
2022-12-12T11:09:23.0252533Z [ Info: checking check_err_parse against ..\src\conversion.jl
2022-12-12T11:09:24.9887000Z [ Info: checking check_err_parse against ..\src\display.jl
2022-12-12T11:09:25.0375574Z [ Info: checking check_err_parse against ..\src\interface.jl
2022-12-12T11:09:26.7714022Z [ Info: checking check_err_parse against ..\src\iterate.jl
2022-12-12T11:09:35.7135203Z [ Info: checking check_err_parse against ..\src\lexer.jl
2022-12-12T11:09:36.3261886Z [ Info: checking check_err_parse against ..\src\precompile.jl
2022-12-12T11:09:36.9015588Z [ Info: checking check_err_parse against ..\src\recovery.jl
2022-12-12T11:09:36.9453201Z [ Info: checking check_err_parse against ..\src\spec.jl
2022-12-12T11:09:39.2005789Z [ Info: checking check_err_parse against ..\src\utils.jl
2022-12-12T11:09:45.3389819Z [ Info: checking check_err_parse against ..\src\components\internals.jl
2022-12-12T11:09:49.1664242Z [ Info: checking check_err_parse against ..\src\components\keywords.jl
2022-12-12T11:09:52.1388216Z [ Info: checking check_err_parse against ..\src\components\lists.jl
2022-12-12T11:09:54.0713641Z [ Info: checking check_err_parse against ..\src\components\operators.jl
2022-12-12T11:10:12.4122575Z [ Info: checking check_err_parse against ..\src\components\strings.jl
2022-12-12T11:10:16.2777796Z [ Info: checking check_err_parse against ..\test\check_base.jl
2022-12-12T11:10:16.5782060Z [ Info: checking check_err_parse against ..\test\display.jl
2022-12-12T11:10:16.5796491Z [ Info: checking check_err_parse against ..\test\errparse.jl
2022-12-12T11:10:16.9167643Z [ Info: checking check_err_parse against ..\test\interface.jl
2022-12-12T11:10:17.1878552Z [ Info: checking check_err_parse against ..\test\iterate.jl
2022-12-12T11:10:35.1433928Z [ Info: checking check_err_parse against ..\test\parser.jl
2022-12-12T11:11:05.2586427Z [ Info: checking check_err_parse against ..\test\runtests.jl
2022-12-12T11:11:05.2615533Z [ Info: checking check_err_parse against ..\test\spec.jl
2022-12-12T11:11:07.0559911Z [ Info: checking check_reparse against ..\docs\make.jl
2022-12-12T11:11:07.2120870Z [ Info: checking check_reparse against ..\src\CSTParser.jl
2022-12-12T11:11:07.2367140Z [ Info: checking check_reparse against ..\src\conversion.jl
2022-12-12T11:11:07.2513199Z [ Info: checking check_reparse against ..\src\display.jl
2022-12-12T11:11:07.2584770Z [ Info: checking check_reparse against ..\src\interface.jl
2022-12-12T11:11:07.2877540Z [ Info: checking check_reparse against ..\src\iterate.jl
2022-12-12T11:11:07.3352532Z [ Info: checking check_reparse against ..\src\lexer.jl
2022-12-12T11:11:07.3671304Z [ Info: checking check_reparse against ..\src\precompile.jl
2022-12-12T11:11:07.3915269Z [ Info: checking check_reparse against ..\src\recovery.jl
2022-12-12T11:11:07.3940445Z [ Info: checking check_reparse against ..\src\spec.jl
2022-12-12T11:11:07.4462984Z [ Info: checking check_reparse against ..\src\utils.jl
2022-12-12T11:11:07.4735963Z [ Info: checking check_reparse against ..\src\components\internals.jl
2022-12-12T11:11:07.5115050Z [ Info: checking check_reparse against ..\src\components\keywords.jl
2022-12-12T11:11:07.5330960Z [ Info: checking check_reparse against ..\src\components\lists.jl
2022-12-12T11:11:07.5614452Z [ Info: checking check_reparse against ..\src\components\operators.jl
2022-12-12T11:11:07.6453323Z [ Info: checking check_reparse against ..\src\components\strings.jl
2022-12-12T11:11:07.6759028Z [ Info: checking check_reparse against ..\test\check_base.jl
2022-12-12T11:11:07.6821080Z [ Info: checking check_reparse against ..\test\display.jl
2022-12-12T11:11:07.6829598Z [ Info: checking check_reparse against ..\test\errparse.jl
2022-12-12T11:11:07.6932452Z [ Info: checking check_reparse against ..\test\interface.jl
2022-12-12T11:11:07.6992952Z [ Info: checking check_reparse against ..\test\iterate.jl
2022-12-12T11:11:07.7393866Z [ Info: checking check_reparse against ..\test\parser.jl
2022-12-12T11:11:07.8061272Z [ Info: checking check_reparse against ..\test\runtests.jl
2022-12-12T11:11:07.8070192Z [ Info: checking check_reparse against ..\test\spec.jl
2022-12-12T11:11:08.0550443Z Test Summary: |  Pass  Broken  Total     Time
2022-12-12T11:11:08.0802107Z CSTParser     | 87032       2  87034  2m55.8s
2022-12-12T11:11:08.1654402Z      Testing CSTParser tests passed 
2022-12-12T11:11:10.9414124Z      Testing JSONRPC
2022-12-12T11:11:12.9644736Z       Status `C:\Users\runneradmin\AppData\Local\Temp\jl_vEfAg0\Project.toml`
2022-12-12T11:11:12.9870449Z   [682c06a0] JSON v0.20.1 `D:\a\julia-vscode-microprint-test\julia-vscode-microprint-test\scripts\packages\JSON`
2022-12-12T11:11:12.9871511Z   [b9b8584e] JSONRPC v1.3.5-DEV `D:\a\julia-vscode-microprint-test\julia-vscode-microprint-test\scripts\packages\JSONRPC`
2022-12-12T11:11:12.9872858Z   [6462fe0b] Sockets `@stdlib/Sockets`
2022-12-12T11:11:12.9875114Z   [8dfed614] Test `@stdlib/Test`
2022-12-12T11:11:12.9876857Z   [cf7118a7] UUIDs `@stdlib/UUIDs`
2022-12-12T11:11:13.0083119Z       Status `C:\Users\runneradmin\AppData\Local\Temp\jl_vEfAg0\Manifest.toml`
2022-12-12T11:11:13.0168226Z   [682c06a0] JSON v0.20.1 `D:\a\julia-vscode-microprint-test\julia-vscode-microprint-test\scripts\packages\JSON`
2022-12-12T11:11:13.0169770Z   [b9b8584e] JSONRPC v1.3.5-DEV `D:\a\julia-vscode-microprint-test\julia-vscode-microprint-test\scripts\packages\JSONRPC`
2022-12-12T11:11:13.0171615Z   [2a0f44e3] Base64 `@stdlib/Base64`
2022-12-12T11:11:13.0173686Z   [ade2ca70] Dates `@stdlib/Dates`
2022-12-12T11:11:13.0175308Z   [b77e0a4c] InteractiveUtils `@stdlib/InteractiveUtils`
2022-12-12T11:11:13.0176936Z   [56ddb016] Logging `@stdlib/Logging`
2022-12-12T11:11:13.0178760Z   [d6f4376e] Markdown `@stdlib/Markdown`
2022-12-12T11:11:13.0180428Z   [a63ad114] Mmap `@stdlib/Mmap`
2022-12-12T11:11:13.0182115Z   [de0858da] Printf `@stdlib/Printf`
2022-12-12T11:11:13.0183375Z   [9a3f8284] Random `@stdlib/Random`
2022-12-12T11:11:13.0185341Z   [ea8e919c] SHA v0.7.0 `@stdlib/SHA`
2022-12-12T11:11:13.0186995Z   [9e88b42a] Serialization `@stdlib/Serialization`
2022-12-12T11:11:13.0188583Z   [6462fe0b] Sockets `@stdlib/Sockets`
2022-12-12T11:11:13.0190380Z   [8dfed614] Test `@stdlib/Test`
2022-12-12T11:11:13.0191573Z   [cf7118a7] UUIDs `@stdlib/UUIDs`
2022-12-12T11:11:13.0193451Z   [4ec0a83e] Unicode `@stdlib/Unicode`
2022-12-12T11:11:13.5524948Z Precompiling project...
2022-12-12T11:11:14.7474727Z [32m  ✓ [39mJSON
2022-12-12T11:11:15.2310207Z [32m  ✓ [39mJSONRPC
2022-12-12T11:11:15.2514723Z   2 dependencies successfully precompiled in 2 seconds
2022-12-12T11:11:15.2520830Z      Testing Running tests...
2022-12-12T11:11:21.1226494Z Test Summary: | Pass  Total  Time
2022-12-12T11:11:21.1482221Z JSONRPC       |   39     39  4.4s
2022-12-12T11:11:21.1785999Z      Testing JSONRPC tests passed 
2022-12-12T11:11:23.8380981Z      Testing LanguageServer
2022-12-12T11:11:26.7097600Z       Status `C:\Users\runneradmin\AppData\Local\Temp\jl_hHFzQ2\Project.toml`
2022-12-12T11:11:26.7455330Z   [00ebfdb7] CSTParser v3.3.7-DEV `D:\a\julia-vscode-microprint-test\julia-vscode-microprint-test\scripts\packages\CSTParser`
2022-12-12T11:11:26.7456258Z   [682c06a0] JSON v0.20.1 `D:\a\julia-vscode-microprint-test\julia-vscode-microprint-test\scripts\packages\JSON`
2022-12-12T11:11:26.7458704Z   [b9b8584e] JSONRPC v1.3.5-DEV `D:\a\julia-vscode-microprint-test\julia-vscode-microprint-test\scripts\packages\JSONRPC`
2022-12-12T11:11:26.7460461Z   [98e50ef6] JuliaFormatter v1.0.10 `D:\a\julia-vscode-microprint-test\julia-vscode-microprint-test\scripts\packages\JuliaFormatter`
2022-12-12T11:11:26.7462435Z   [2b0e0bc5] LanguageServer v4.3.2-DEV `D:\a\julia-vscode-microprint-test\julia-vscode-microprint-test\scripts\packages\LanguageServer`
2022-12-12T11:11:26.7464449Z   [b3cc710f] StaticLint v8.1.1-DEV `D:\a\julia-vscode-microprint-test\julia-vscode-microprint-test\scripts\packages\StaticLint`
2022-12-12T11:11:26.7466338Z   [cf896787] SymbolServer v7.2.2-DEV `D:\a\julia-vscode-microprint-test\julia-vscode-microprint-test\scripts\packages\SymbolServer`
2022-12-12T11:11:26.7468200Z   [76b0de8b] TestItemDetection v0.1.2-DEV `D:\a\julia-vscode-microprint-test\julia-vscode-microprint-test\scripts\packages\TestItemDetection`
2022-12-12T11:11:26.7469344Z   [f8b46487] TestItemRunner v0.2.1
2022-12-12T11:11:26.7472073Z   [0796e94c] Tokenize v0.5.24 `D:\a\julia-vscode-microprint-test\julia-vscode-microprint-test\scripts\packages\Tokenize`
2022-12-12T11:11:26.7473576Z   [5c2747f8] URIs v1.4.0 `D:\a\julia-vscode-microprint-test\julia-vscode-microprint-test\scripts\packages\URIs`
2022-12-12T11:11:26.7475340Z   [76f85450] LibGit2 `@stdlib/LibGit2`
2022-12-12T11:11:26.7477178Z   [d6f4376e] Markdown `@stdlib/Markdown`
2022-12-12T11:11:26.7478974Z   [44cfe95a] Pkg v1.8.0 `@stdlib/Pkg`
2022-12-12T11:11:26.7480629Z   [3fa0cd96] REPL `@stdlib/REPL`
2022-12-12T11:11:26.7482569Z   [ea8e919c] SHA v0.7.0 `@stdlib/SHA`
2022-12-12T11:11:26.7484696Z   [9e88b42a] Serialization `@stdlib/Serialization`
2022-12-12T11:11:26.7486393Z   [6462fe0b] Sockets `@stdlib/Sockets`
2022-12-12T11:11:26.7488229Z   [8dfed614] Test `@stdlib/Test`
2022-12-12T11:11:26.7490004Z   [cf7118a7] UUIDs `@stdlib/UUIDs`
2022-12-12T11:11:26.7703024Z       Status `C:\Users\runneradmin\AppData\Local\Temp\jl_hHFzQ2\Manifest.toml`
2022-12-12T11:11:26.8057882Z   [00ebfdb7] CSTParser v3.3.7-DEV `D:\a\julia-vscode-microprint-test\julia-vscode-microprint-test\scripts\packages\CSTParser`
2022-12-12T11:11:26.8072684Z   [a80b9123] CommonMark v0.8.6 `D:\a\julia-vscode-microprint-test\julia-vscode-microprint-test\scripts\packages\CommonMark`
2022-12-12T11:11:26.8079114Z   [34da2185] Compat v3.43.0 `D:\a\julia-vscode-microprint-test\julia-vscode-microprint-test\scripts\packages\Compat`
2022-12-12T11:11:26.8083236Z   [a8cc5b0e] Crayons v4.0.4 `D:\a\julia-vscode-microprint-test\julia-vscode-microprint-test\scripts\packages\Crayons`
2022-12-12T11:11:26.8088957Z   [864edb3b] DataStructures v0.18.13 `D:\a\julia-vscode-microprint-test\julia-vscode-microprint-test\scripts\packages\DataStructures`
2022-12-12T11:11:26.8091879Z   [682c06a0] JSON v0.20.1 `D:\a\julia-vscode-microprint-test\julia-vscode-microprint-test\scripts\packages\JSON`
2022-12-12T11:11:26.8095869Z   [b9b8584e] JSONRPC v1.3.5-DEV `D:\a\julia-vscode-microprint-test\julia-vscode-microprint-test\scripts\packages\JSONRPC`
2022-12-12T11:11:26.8097897Z   [98e50ef6] JuliaFormatter v1.0.10 `D:\a\julia-vscode-microprint-test\julia-vscode-microprint-test\scripts\packages\JuliaFormatter`
2022-12-12T11:11:26.8099970Z   [2b0e0bc5] LanguageServer v4.3.2-DEV `D:\a\julia-vscode-microprint-test\julia-vscode-microprint-test\scripts\packages\LanguageServer`
2022-12-12T11:11:26.8102149Z   [bac558e1] OrderedCollections v1.4.1 `D:\a\julia-vscode-microprint-test\julia-vscode-microprint-test\scripts\packages\OrderedCollections`
2022-12-12T11:11:26.8103913Z   [b3cc710f] StaticLint v8.1.1-DEV `D:\a\julia-vscode-microprint-test\julia-vscode-microprint-test\scripts\packages\StaticLint`
2022-12-12T11:11:26.8105862Z   [cf896787] SymbolServer v7.2.2-DEV `D:\a\julia-vscode-microprint-test\julia-vscode-microprint-test\scripts\packages\SymbolServer`
2022-12-12T11:11:26.8107718Z   [76b0de8b] TestItemDetection v0.1.2-DEV `D:\a\julia-vscode-microprint-test\julia-vscode-microprint-test\scripts\packages\TestItemDetection`
2022-12-12T11:11:26.8109130Z   [f8b46487] TestItemRunner v0.2.1
2022-12-12T11:11:26.8111199Z   [1c621080] TestItems v0.1.0
2022-12-12T11:11:26.8112680Z   [0796e94c] Tokenize v0.5.24 `D:\a\julia-vscode-microprint-test\julia-vscode-microprint-test\scripts\packages\Tokenize`
2022-12-12T11:11:26.8114797Z   [5c2747f8] URIs v1.4.0 `D:\a\julia-vscode-microprint-test\julia-vscode-microprint-test\scripts\packages\URIs`
2022-12-12T11:11:26.8116256Z   [0dad84c5] ArgTools v1.1.1 `@stdlib/ArgTools`
2022-12-12T11:11:26.8118550Z   [56f22d72] Artifacts `@stdlib/Artifacts`
2022-12-12T11:11:26.8120166Z   [2a0f44e3] Base64 `@stdlib/Base64`
2022-12-12T11:11:26.8122368Z   [ade2ca70] Dates `@stdlib/Dates`
2022-12-12T11:11:26.8124380Z   [8bb1440f] DelimitedFiles `@stdlib/DelimitedFiles`
2022-12-12T11:11:26.8126189Z   [8ba89e20] Distributed `@stdlib/Distributed`
2022-12-12T11:11:26.8128029Z   [f43a241f] Downloads v1.6.0 `@stdlib/Downloads`
2022-12-12T11:11:26.8129779Z   [7b1f6079] FileWatching `@stdlib/FileWatching`
2022-12-12T11:11:26.8131375Z   [b77e0a4c] InteractiveUtils `@stdlib/InteractiveUtils`
2022-12-12T11:11:26.8133382Z   [b27032c2] LibCURL v0.6.3 `@stdlib/LibCURL`
2022-12-12T11:11:26.8135070Z   [76f85450] LibGit2 `@stdlib/LibGit2`
2022-12-12T11:11:26.8137809Z   [8f399da3] Libdl `@stdlib/Libdl`
2022-12-12T11:11:26.8141282Z   [37e2e46d] LinearAlgebra `@stdlib/LinearAlgebra`
2022-12-12T11:11:26.8143462Z   [56ddb016] Logging `@stdlib/Logging`
2022-12-12T11:11:26.8147945Z   [d6f4376e] Markdown `@stdlib/Markdown`
2022-12-12T11:11:26.8148897Z   [a63ad114] Mmap `@stdlib/Mmap`
2022-12-12T11:11:26.8151147Z   [ca575930] NetworkOptions v1.2.0 `@stdlib/NetworkOptions`
2022-12-12T11:11:26.8152886Z   [44cfe95a] Pkg v1.8.0 `@stdlib/Pkg`
2022-12-12T11:11:26.8154696Z   [de0858da] Printf `@stdlib/Printf`
2022-12-12T11:11:26.8156513Z   [3fa0cd96] REPL `@stdlib/REPL`
2022-12-12T11:11:26.8158099Z   [9a3f8284] Random `@stdlib/Random`
2022-12-12T11:11:26.8160470Z   [ea8e919c] SHA v0.7.0 `@stdlib/SHA`
2022-12-12T11:11:26.8161774Z   [9e88b42a] Serialization `@stdlib/Serialization`
2022-12-12T11:11:26.8164183Z   [1a1011a3] SharedArrays `@stdlib/SharedArrays`
2022-12-12T11:11:26.8165674Z   [6462fe0b] Sockets `@stdlib/Sockets`
2022-12-12T11:11:26.8167480Z   [2f01184e] SparseArrays `@stdlib/SparseArrays`
2022-12-12T11:11:26.8169126Z   [10745b16] Statistics `@stdlib/Statistics`
2022-12-12T11:11:26.8171465Z   [fa267f1f] TOML v1.0.0 `@stdlib/TOML`
2022-12-12T11:11:26.8173635Z   [a4e569a6] Tar v1.10.1 `@stdlib/Tar`
2022-12-12T11:11:26.8175276Z   [8dfed614] Test `@stdlib/Test`
2022-12-12T11:11:26.8176668Z   [cf7118a7] UUIDs `@stdlib/UUIDs`
2022-12-12T11:11:26.8178823Z   [4ec0a83e] Unicode `@stdlib/Unicode`
2022-12-12T11:11:26.8180579Z   [e66e0078] CompilerSupportLibraries_jll v0.5.2+0 `@stdlib/CompilerSupportLibraries_jll`
2022-12-12T11:11:26.8189001Z   [deac9b47] LibCURL_jll v7.84.0+0 `@stdlib/LibCURL_jll`
2022-12-12T11:11:26.8192237Z   [29816b5a] LibSSH2_jll v1.10.2+0 `@stdlib/LibSSH2_jll`
2022-12-12T11:11:26.8192638Z   [c8ffd9c3] MbedTLS_jll v2.28.0+0 `@stdlib/MbedTLS_jll`
2022-12-12T11:11:26.8193429Z   [14a3606d] MozillaCACerts_jll v2022.2.1 `@stdlib/MozillaCACerts_jll`
2022-12-12T11:11:26.8195688Z   [4536629a] OpenBLAS_jll v0.3.20+0 `@stdlib/OpenBLAS_jll`
2022-12-12T11:11:26.8197466Z   [83775a58] Zlib_jll v1.2.12+3 `@stdlib/Zlib_jll`
2022-12-12T11:11:26.8199117Z   [8e850b90] libblastrampoline_jll v5.1.1+0 `@stdlib/libblastrampoline_jll`
2022-12-12T11:11:26.8201240Z   [8e850ede] nghttp2_jll v1.48.0+0 `@stdlib/nghttp2_jll`
2022-12-12T11:11:26.8203086Z   [3f19e933] p7zip_jll v17.4.0+0 `@stdlib/p7zip_jll`
2022-12-12T11:11:27.4850505Z Precompiling project...
2022-12-12T11:11:28.2213472Z [32m  ✓ [39mURIs
2022-12-12T11:11:29.0703065Z [32m  ✓ [39m[90mCompat[39m
2022-12-12T11:11:29.4838118Z [32m  ✓ [39m[90mCompilerSupportLibraries_jll[39m
2022-12-12T11:11:30.5156368Z [32m  ✓ [39m[90mCrayons[39m
2022-12-12T11:11:31.0937094Z [32m  ✓ [39m[90mOrderedCollections[39m
2022-12-12T11:11:31.5611572Z [32m  ✓ [39m[90mMbedTLS_jll[39m
2022-12-12T11:11:32.0245470Z [32m  ✓ [39m[90mZlib_jll[39m
2022-12-12T11:11:32.3726472Z [32m  ✓ [39m[90mTestItems[39m
2022-12-12T11:11:33.3015046Z [32m  ✓ [39mTestItemDetection
2022-12-12T11:11:33.6806089Z [32m  ✓ [39m[90mOpenBLAS_jll[39m
2022-12-12T11:11:36.3359753Z [32m  ✓ [39m[90mCommonMark[39m
2022-12-12T11:11:38.6164104Z [32m  ✓ [39m[90mDataStructures[39m
2022-12-12T11:11:38.9900307Z [32m  ✓ [39m[90mLibSSH2_jll[39m
2022-12-12T11:11:41.8859915Z [32m  ✓ [39mSymbolServer
2022-12-12T11:11:42.2555228Z [32m  ✓ [39m[90mlibblastrampoline_jll[39m
2022-12-12T11:11:44.9165615Z [32m  ✓ [39mTestItemRunner
2022-12-12T11:11:46.9088133Z [32m  ✓ [39mJuliaFormatter
2022-12-12T11:11:47.3918629Z [32m  ✓ [39mStaticLint
2022-12-12T11:11:51.8127931Z [32m  ✓ [39mLanguageServer
2022-12-12T11:11:51.8324487Z   19 dependencies successfully precompiled in 25 seconds. 4 already precompiled.
2022-12-12T11:11:51.8325595Z      Testing Running tests...
2022-12-12T11:12:40.4552760Z [ Info: Self-parse test
2022-12-12T11:12:41.6837571Z ERROR: InvalidStateException: Channel is closed.
2022-12-12T11:12:41.6838006Z Stacktrace:
2022-12-12T11:12:41.6923784Z  [1] try_yieldto(undo::typeof(Base.ensure_rescheduled))
2022-12-12T11:12:41.6924919Z    @ Base .\task.jl:871
2022-12-12T11:12:46.3652229Z  [2] wait()
2022-12-12T11:12:46.3652671Z    @ Base .\task.jl:931
2022-12-12T11:12:46.3653080Z  [3] wait(c::Base.GenericCondition{ReentrantLock})
2022-12-12T11:12:46.3653446Z    @ Base .\condition.jl:124
2022-12-12T11:12:46.3653725Z  [4] take_buffered(c::Channel{Any})
2022-12-12T11:12:46.3654045Z    @ Base .\channels.jl:416
2022-12-12T11:12:46.3654360Z  [5] take!
2022-12-12T11:12:46.3654599Z    @ .\channels.jl:410 [inlined]
2022-12-12T11:12:46.3654895Z  [6] get_next_message
2022-12-12T11:12:46.3655819Z    @ D:\a\julia-vscode-microprint-test\julia-vscode-microprint-test\scripts\packages\JSONRPC\src\core.jl:202 [inlined]
2022-12-12T11:12:46.3656264Z  [7] macro expansion
2022-12-12T11:12:46.3657843Z    @ D:\a\julia-vscode-microprint-test\julia-vscode-microprint-test\scripts\packages\LanguageServer\src\languageserverinstance.jl:288 [inlined]
2022-12-12T11:12:46.3658655Z  [8] (::LanguageServer.var"#111#114"{LanguageServer.LanguageServerInstance})()
2022-12-12T11:12:46.3659210Z    @ LanguageServer .\task.jl:484
2022-12-12T11:12:46.3659607Z [ Info: skipping brute-force tests on CI
2022-12-12T11:12:46.3659962Z [ Info: Shutting down server instance.
2022-12-12T11:14:04.6311421Z [ Info: Processing Pkg...
2022-12-12T11:14:05.3795846Z ERROR: InvalidStateException: Channel is closed.
2022-12-12T11:14:05.3796543Z Stacktrace:
2022-12-12T11:14:05.3797021Z  [1] check_channel_state
2022-12-12T11:14:05.3797494Z    @ .\channels.jl:174 [inlined]
2022-12-12T11:14:05.3798197Z  [2] put!(c::Channel{Any}, v::NamedTuple{(:type, :msg), Tuple{Symbol, Dict{Symbol, SymbolServer.ModuleStore}}})
2022-12-12T11:14:05.3799218Z    @ Base .\channels.jl:319
2022-12-12T11:14:05.3799737Z  [3] macro expansion
2022-12-12T11:14:05.3801152Z    @ D:\a\julia-vscode-microprint-test\julia-vscode-microprint-test\scripts\packages\LanguageServer\src\languageserverinstance.jl:312 [inlined]
2022-12-12T11:14:05.3801986Z  [4] (::LanguageServer.var"#112#115"{LanguageServer.LanguageServerInstance})()
2022-12-12T11:14:05.3802535Z    @ LanguageServer .\task.jl:484
2022-12-12T11:14:35.4464607Z Test Summary: | Pass  Broken  Total     Time
2022-12-12T11:14:35.4722823Z Package       |  419      11    430  2m33.1s
2022-12-12T11:14:35.7256451Z      Testing LanguageServer tests passed 
2022-12-12T11:14:38.5757774Z      Testing StaticLint
2022-12-12T11:14:40.6864405Z       Status `C:\Users\runneradmin\AppData\Local\Temp\jl_OtxeTT\Project.toml`
2022-12-12T11:14:40.7130235Z   [00ebfdb7] CSTParser v3.3.7-DEV `D:\a\julia-vscode-microprint-test\julia-vscode-microprint-test\scripts\packages\CSTParser`
2022-12-12T11:14:40.7131269Z   [b3cc710f] StaticLint v8.1.1-DEV `D:\a\julia-vscode-microprint-test\julia-vscode-microprint-test\scripts\packages\StaticLint`
2022-12-12T11:14:40.7133551Z   [cf896787] SymbolServer v7.2.2-DEV `D:\a\julia-vscode-microprint-test\julia-vscode-microprint-test\scripts\packages\SymbolServer`
2022-12-12T11:14:40.7134939Z   [76f85450] LibGit2 `@stdlib/LibGit2`
2022-12-12T11:14:40.7138434Z   [44cfe95a] Pkg v1.8.0 `@stdlib/Pkg`
2022-12-12T11:14:40.7140948Z   [ea8e919c] SHA v0.7.0 `@stdlib/SHA`
2022-12-12T11:14:40.7143238Z   [9e88b42a] Serialization `@stdlib/Serialization`
2022-12-12T11:14:40.7145030Z   [8dfed614] Test `@stdlib/Test`
2022-12-12T11:14:40.7374318Z       Status `C:\Users\runneradmin\AppData\Local\Temp\jl_OtxeTT\Manifest.toml`
2022-12-12T11:14:40.7592459Z   [00ebfdb7] CSTParser v3.3.7-DEV `D:\a\julia-vscode-microprint-test\julia-vscode-microprint-test\scripts\packages\CSTParser`
2022-12-12T11:14:40.7593550Z   [b3cc710f] StaticLint v8.1.1-DEV `D:\a\julia-vscode-microprint-test\julia-vscode-microprint-test\scripts\packages\StaticLint`
2022-12-12T11:14:40.7596137Z   [cf896787] SymbolServer v7.2.2-DEV `D:\a\julia-vscode-microprint-test\julia-vscode-microprint-test\scripts\packages\SymbolServer`
2022-12-12T11:14:40.7597706Z   [0796e94c] Tokenize v0.5.24 `D:\a\julia-vscode-microprint-test\julia-vscode-microprint-test\scripts\packages\Tokenize`
2022-12-12T11:14:40.7599548Z   [0dad84c5] ArgTools v1.1.1 `@stdlib/ArgTools`
2022-12-12T11:14:40.7601350Z   [56f22d72] Artifacts `@stdlib/Artifacts`
2022-12-12T11:14:40.7603320Z   [2a0f44e3] Base64 `@stdlib/Base64`
2022-12-12T11:14:40.7605138Z   [ade2ca70] Dates `@stdlib/Dates`
2022-12-12T11:14:40.7606601Z   [f43a241f] Downloads v1.6.0 `@stdlib/Downloads`
2022-12-12T11:14:40.7608349Z   [7b1f6079] FileWatching `@stdlib/FileWatching`
2022-12-12T11:14:40.7610287Z   [b77e0a4c] InteractiveUtils `@stdlib/InteractiveUtils`
2022-12-12T11:14:40.7611068Z   [b27032c2] LibCURL v0.6.3 `@stdlib/LibCURL`
2022-12-12T11:14:40.7613287Z   [76f85450] LibGit2 `@stdlib/LibGit2`
2022-12-12T11:14:40.7614967Z   [8f399da3] Libdl `@stdlib/Libdl`
2022-12-12T11:14:40.7616900Z   [56ddb016] Logging `@stdlib/Logging`
2022-12-12T11:14:40.7618555Z   [d6f4376e] Markdown `@stdlib/Markdown`
2022-12-12T11:14:40.7623112Z   [ca575930] NetworkOptions v1.2.0 `@stdlib/NetworkOptions`
2022-12-12T11:14:40.7625854Z   [44cfe95a] Pkg v1.8.0 `@stdlib/Pkg`
2022-12-12T11:14:40.7627654Z   [de0858da] Printf `@stdlib/Printf`
2022-12-12T11:14:40.7630014Z   [3fa0cd96] REPL `@stdlib/REPL`
2022-12-12T11:14:40.7632054Z   [9a3f8284] Random `@stdlib/Random`
2022-12-12T11:14:40.7634611Z   [ea8e919c] SHA v0.7.0 `@stdlib/SHA`
2022-12-12T11:14:40.7637113Z   [9e88b42a] Serialization `@stdlib/Serialization`
2022-12-12T11:14:40.7638160Z   [6462fe0b] Sockets `@stdlib/Sockets`
2022-12-12T11:14:40.7640398Z   [fa267f1f] TOML v1.0.0 `@stdlib/TOML`
2022-12-12T11:14:40.7642179Z   [a4e569a6] Tar v1.10.1 `@stdlib/Tar`
2022-12-12T11:14:40.7644053Z   [8dfed614] Test `@stdlib/Test`
2022-12-12T11:14:40.7645882Z   [cf7118a7] UUIDs `@stdlib/UUIDs`
2022-12-12T11:14:40.7647737Z   [4ec0a83e] Unicode `@stdlib/Unicode`
2022-12-12T11:14:40.7649638Z   [deac9b47] LibCURL_jll v7.84.0+0 `@stdlib/LibCURL_jll`
2022-12-12T11:14:40.7651553Z   [29816b5a] LibSSH2_jll v1.10.2+0 `@stdlib/LibSSH2_jll`
2022-12-12T11:14:40.7653638Z   [c8ffd9c3] MbedTLS_jll v2.28.0+0 `@stdlib/MbedTLS_jll`
2022-12-12T11:14:40.7655462Z   [14a3606d] MozillaCACerts_jll v2022.2.1 `@stdlib/MozillaCACerts_jll`
2022-12-12T11:14:40.7657535Z   [83775a58] Zlib_jll v1.2.12+3 `@stdlib/Zlib_jll`
2022-12-12T11:14:40.7659835Z   [8e850ede] nghttp2_jll v1.48.0+0 `@stdlib/nghttp2_jll`
2022-12-12T11:14:40.7661775Z   [3f19e933] p7zip_jll v17.4.0+0 `@stdlib/p7zip_jll`
2022-12-12T11:14:41.4492892Z      Testing Running tests...
2022-12-12T11:15:08.3768125Z Test Summary: | Pass  Total   Time
2022-12-12T11:15:08.4029153Z StaticLint    |  342    342  23.5s
2022-12-12T11:15:08.4080914Z Test Summary:                             | Pass  Total  Time
2022-12-12T11:15:08.4084212Z add eval method to modules/toplevel scope |    2      2  0.0s
2022-12-12T11:15:08.6035337Z Test Summary: | Pass  Total  Time
2022-12-12T11:15:08.6038026Z reparse       |    3      3  0.2s
2022-12-12T11:15:08.6079223Z Test Summary:               | Pass  Total  Time
2022-12-12T11:15:08.6080967Z duplicate function argument |    1      1  0.0s
2022-12-12T11:15:08.6136886Z Test Summary:       | Pass  Total  Time
2022-12-12T11:15:08.6138555Z type alias bindings |    2      2  0.0s
2022-12-12T11:15:08.6177337Z Test Summary:                       | Pass  Total  Time
2022-12-12T11:15:08.6180053Z :call w/ :parameters traverse order |    1      1  0.0s
2022-12-12T11:15:08.6218020Z Test Summary:                    | Pass  Total  Time
2022-12-12T11:15:08.6220984Z handle shadow bindings on method |    1      1  0.0s
2022-12-12T11:15:08.6326597Z Test Summary:               | Pass  Total  Time
2022-12-12T11:15:08.6328634Z documented symbol resolving |    2      2  0.0s
2022-12-12T11:15:08.7448460Z Test Summary:   | Pass  Total  Time
2022-12-12T11:15:08.7451649Z unused bindings |    6      6  0.1s
2022-12-12T11:15:08.7524437Z Test Summary: | Pass  Total  Time
2022-12-12T11:15:08.7528666Z unwrap sig    |    4      4  0.0s
2022-12-12T11:15:08.7871752Z Test Summary:    | Pass  Total  Time
2022-12-12T11:15:08.7874304Z clear .type refs |    2      2  0.0s
2022-12-12T11:15:08.7932439Z Test Summary:    | Pass  Total  Time
2022-12-12T11:15:08.7935588Z clear .type refs |    2      2  0.0s
2022-12-12T11:15:08.8276327Z Test Summary:         | Pass  Total  Time
2022-12-12T11:15:08.8278699Z type inference by use |    6      6  0.0s
2022-12-12T11:15:08.8497672Z Test Summary:           | Pass  Total  Time
2022-12-12T11:15:08.8500569Z loop iterator inference |    8      8  0.0s
2022-12-12T11:15:08.8542967Z Test Summary:   | Pass  Total  Time
2022-12-12T11:15:08.8546087Z Vector{T} infer |    1      1  0.0s
2022-12-12T11:15:08.8593996Z Test Summary:          | Pass  Total  Time
2022-12-12T11:15:08.8597082Z where type param infer |    2      2  0.0s
2022-12-12T11:15:08.8671697Z Test Summary:          | Pass  Total  Time
2022-12-12T11:15:08.8674786Z where type param infer |    4      4  0.0s
2022-12-12T11:15:08.8845137Z Test Summary: | Pass  Total  Time
2022-12-12T11:15:08.8848910Z softscope     |   12     12  0.0s
2022-12-12T11:15:08.8986322Z Test Summary: | Pass  Total  Time
2022-12-12T11:15:08.8989362Z #1218         |    4      4  0.0s
2022-12-12T11:15:08.9185567Z Test Summary: | Pass  Total  Time
2022-12-12T11:15:08.9188436Z import as ... |    2      2  0.0s
2022-12-12T11:15:08.9226087Z Test Summary: | Pass  Total  Time
2022-12-12T11:15:08.9229397Z #1218         |    1      1  0.0s
2022-12-12T11:15:08.9268165Z Test Summary:             | Pass  Total  Time
2022-12-12T11:15:08.9271298Z macrocall bindings: #2187 |    1      1  0.0s
2022-12-12T11:15:08.9389477Z Test Summary:        | Pass  Total  Time
2022-12-12T11:15:08.9392377Z aliased import: #974 |    2      2  0.0s
2022-12-12T11:15:09.1549461Z Test Summary: | Pass  Total  Time
2022-12-12T11:15:09.1553885Z kwarg refs    |   12     12  0.0s
2022-12-12T11:15:09.3357641Z Test Summary:                | Pass  Total  Time
2022-12-12T11:15:09.3360390Z iteration over 1:length(...) |   15     15  0.2s
2022-12-12T11:15:09.3415101Z Test Summary:                    | Pass  Total  Time
2022-12-12T11:15:09.3418177Z assigned but not used with loops |    2      2  0.0s
2022-12-12T11:15:09.4052446Z      Testing StaticLint tests passed 
2022-12-12T11:15:12.1291792Z      Testing SymbolServer
2022-12-12T11:15:14.1309476Z       Status `C:\Users\runneradmin\AppData\Local\Temp\jl_RhOf4s\Project.toml`
2022-12-12T11:15:14.1582523Z   [cf896787] SymbolServer v7.2.2-DEV `D:\a\julia-vscode-microprint-test\julia-vscode-microprint-test\scripts\packages\SymbolServer`
2022-12-12T11:15:14.1583118Z   [b77e0a4c] InteractiveUtils `@stdlib/InteractiveUtils`
2022-12-12T11:15:14.1584399Z   [76f85450] LibGit2 `@stdlib/LibGit2`
2022-12-12T11:15:14.1586630Z   [d6f4376e] Markdown `@stdlib/Markdown`
2022-12-12T11:15:14.1588428Z   [44cfe95a] Pkg v1.8.0 `@stdlib/Pkg`
2022-12-12T11:15:14.1590298Z   [3fa0cd96] REPL `@stdlib/REPL`
2022-12-12T11:15:14.1591845Z   [ea8e919c] SHA v0.7.0 `@stdlib/SHA`
2022-12-12T11:15:14.1594093Z   [9e88b42a] Serialization `@stdlib/Serialization`
2022-12-12T11:15:14.1596743Z   [6462fe0b] Sockets `@stdlib/Sockets`
2022-12-12T11:15:14.1600668Z   [8dfed614] Test `@stdlib/Test`
2022-12-12T11:15:14.1601235Z   [cf7118a7] UUIDs `@stdlib/UUIDs`
2022-12-12T11:15:14.1835155Z       Status `C:\Users\runneradmin\AppData\Local\Temp\jl_RhOf4s\Manifest.toml`
2022-12-12T11:15:14.2018452Z   [cf896787] SymbolServer v7.2.2-DEV `D:\a\julia-vscode-microprint-test\julia-vscode-microprint-test\scripts\packages\SymbolServer`
2022-12-12T11:15:14.2019477Z   [0dad84c5] ArgTools v1.1.1 `@stdlib/ArgTools`
2022-12-12T11:15:14.2021610Z   [56f22d72] Artifacts `@stdlib/Artifacts`
2022-12-12T11:15:14.2023327Z   [2a0f44e3] Base64 `@stdlib/Base64`
2022-12-12T11:15:14.2025881Z   [ade2ca70] Dates `@stdlib/Dates`
2022-12-12T11:15:14.2027848Z   [f43a241f] Downloads v1.6.0 `@stdlib/Downloads`
2022-12-12T11:15:14.2029730Z   [7b1f6079] FileWatching `@stdlib/FileWatching`
2022-12-12T11:15:14.2031726Z   [b77e0a4c] InteractiveUtils `@stdlib/InteractiveUtils`
2022-12-12T11:15:14.2033551Z   [b27032c2] LibCURL v0.6.3 `@stdlib/LibCURL`
2022-12-12T11:15:14.2035378Z   [76f85450] LibGit2 `@stdlib/LibGit2`
2022-12-12T11:15:14.2037213Z   [8f399da3] Libdl `@stdlib/Libdl`
2022-12-12T11:15:14.2039022Z   [56ddb016] Logging `@stdlib/Logging`
2022-12-12T11:15:14.2040549Z   [d6f4376e] Markdown `@stdlib/Markdown`
2022-12-12T11:15:14.2042057Z   [ca575930] NetworkOptions v1.2.0 `@stdlib/NetworkOptions`
2022-12-12T11:15:14.2043673Z   [44cfe95a] Pkg v1.8.0 `@stdlib/Pkg`
2022-12-12T11:15:14.2045156Z   [de0858da] Printf `@stdlib/Printf`
2022-12-12T11:15:14.2046849Z   [3fa0cd96] REPL `@stdlib/REPL`
2022-12-12T11:15:14.2048543Z   [9a3f8284] Random `@stdlib/Random`
2022-12-12T11:15:14.2050285Z   [ea8e919c] SHA v0.7.0 `@stdlib/SHA`
2022-12-12T11:15:14.2052170Z   [9e88b42a] Serialization `@stdlib/Serialization`
2022-12-12T11:15:14.2053677Z   [6462fe0b] Sockets `@stdlib/Sockets`
2022-12-12T11:15:14.2055153Z   [fa267f1f] TOML v1.0.0 `@stdlib/TOML`
2022-12-12T11:15:14.2057549Z   [a4e569a6] Tar v1.10.1 `@stdlib/Tar`
2022-12-12T11:15:14.2059398Z   [8dfed614] Test `@stdlib/Test`
2022-12-12T11:15:14.2061145Z   [cf7118a7] UUIDs `@stdlib/UUIDs`
2022-12-12T11:15:14.2063013Z   [4ec0a83e] Unicode `@stdlib/Unicode`
2022-12-12T11:15:14.2064831Z   [deac9b47] LibCURL_jll v7.84.0+0 `@stdlib/LibCURL_jll`
2022-12-12T11:15:14.2067085Z   [29816b5a] LibSSH2_jll v1.10.2+0 `@stdlib/LibSSH2_jll`
2022-12-12T11:15:14.2067786Z   [c8ffd9c3] MbedTLS_jll v2.28.0+0 `@stdlib/MbedTLS_jll`
2022-12-12T11:15:14.2070347Z   [14a3606d] MozillaCACerts_jll v2022.2.1 `@stdlib/MozillaCACerts_jll`
2022-12-12T11:15:14.2073107Z   [83775a58] Zlib_jll v1.2.12+3 `@stdlib/Zlib_jll`
2022-12-12T11:15:14.2074943Z   [8e850ede] nghttp2_jll v1.48.0+0 `@stdlib/nghttp2_jll`
2022-12-12T11:15:14.2076719Z   [3f19e933] p7zip_jll v17.4.0+0 `@stdlib/p7zip_jll`
2022-12-12T11:15:14.8690409Z      Testing Running tests...
2022-12-12T11:15:32.0149162Z ┌ Warning: The active manifest file is an older format with no julia version entry. Dependencies may have been resolved with a different julia version.
2022-12-12T11:15:32.0150271Z └ @ C:\Users\runneradmin\AppData\Local\Temp\jl_YhbZEK\Manifest.toml:0
2022-12-12T11:15:32.4774819Z    Installed IteratorInterfaceExtensions ─ v1.0.0
2022-12-12T11:15:33.1772085Z Precompiling project...
2022-12-12T11:15:33.5805172Z [32m  ✓ [39mIteratorInterfaceExtensions
2022-12-12T11:15:33.5992438Z   1 dependency successfully precompiled in 1 seconds
2022-12-12T11:15:33.5993861Z   [91m1[39m dependency errored. To see a full report either run `import Pkg; Pkg.precompile()` or load the package
2022-12-12T11:15:55.4803488Z ┌ Warning: TableTraits not stored on disc
2022-12-12T11:15:55.4804980Z └ @ SymbolServer D:\a\julia-vscode-microprint-test\julia-vscode-microprint-test\scripts\packages\SymbolServer\src\SymbolServer.jl:247
2022-12-12T11:15:55.6044270Z Test Summary: | Pass  Total   Time
2022-12-12T11:15:55.6298277Z SymbolServer  | 8056   8056  37.1s
2022-12-12T11:15:56.3590039Z Test Summary: | Pass  Total  Time
2022-12-12T11:15:56.3590685Z TypeofVararg  |   30     30  0.5s
2022-12-12T11:15:56.3918296Z Test Summary: | Pass  Total  Time
2022-12-12T11:15:56.3922716Z Pipe names    |    1      1  0.0s
2022-12-12T11:15:56.3960445Z Test Summary: | Pass  Total  Time
2022-12-12T11:15:56.3963377Z Intrinsics`   |    1      1  0.0s
2022-12-12T11:15:56.4475920Z      Testing SymbolServer tests passed 
2022-12-12T11:15:59.1077694Z      Testing DebugAdapter
2022-12-12T11:16:01.2161274Z       Status `C:\Users\runneradmin\AppData\Local\Temp\jl_E2HgVL\Project.toml`
2022-12-12T11:16:02.0721976Z   [17994d07] DebugAdapter v1.0.1-DEV `D:\a\julia-vscode-microprint-test\julia-vscode-microprint-test\scripts\packages\DebugAdapter`
2022-12-12T11:16:02.0722923Z   [682c06a0] JSON v0.20.1 `D:\a\julia-vscode-microprint-test\julia-vscode-microprint-test\scripts\packages\JSON`
2022-12-12T11:16:02.0726806Z   [b9b8584e] JSONRPC v1.3.5-DEV `D:\a\julia-vscode-microprint-test\julia-vscode-microprint-test\scripts\packages\JSONRPC`
2022-12-12T11:16:02.0727818Z   [aa1ae85d] JuliaInterpreter v0.9.15 `D:\a\julia-vscode-microprint-test\julia-vscode-microprint-test\scripts\packages\JuliaInterpreter`
2022-12-12T11:16:02.0728383Z   [2a0f44e3] Base64 `@stdlib/Base64`
2022-12-12T11:16:02.0728766Z   [6462fe0b] Sockets `@stdlib/Sockets`
2022-12-12T11:16:02.0729136Z   [8dfed614] Test `@stdlib/Test`
2022-12-12T11:16:02.0729461Z   [cf7118a7] UUIDs `@stdlib/UUIDs`
2022-12-12T11:16:02.0729923Z       Status `C:\Users\runneradmin\AppData\Local\Temp\jl_E2HgVL\Manifest.toml`
2022-12-12T11:16:02.0730864Z   [da1fd8a2] CodeTracking v1.1.0 `D:\a\julia-vscode-microprint-test\julia-vscode-microprint-test\scripts\packages\CodeTracking`
2022-12-12T11:16:02.0731801Z   [17994d07] DebugAdapter v1.0.1-DEV `D:\a\julia-vscode-microprint-test\julia-vscode-microprint-test\scripts\packages\DebugAdapter`
2022-12-12T11:16:02.0732716Z   [682c06a0] JSON v0.20.1 `D:\a\julia-vscode-microprint-test\julia-vscode-microprint-test\scripts\packages\JSON`
2022-12-12T11:16:02.0733784Z   [b9b8584e] JSONRPC v1.3.5-DEV `D:\a\julia-vscode-microprint-test\julia-vscode-microprint-test\scripts\packages\JSONRPC`
2022-12-12T11:16:02.0734735Z   [aa1ae85d] JuliaInterpreter v0.9.15 `D:\a\julia-vscode-microprint-test\julia-vscode-microprint-test\scripts\packages\JuliaInterpreter`
2022-12-12T11:16:02.0735338Z   [2a0f44e3] Base64 `@stdlib/Base64`
2022-12-12T11:16:02.0735703Z   [ade2ca70] Dates `@stdlib/Dates`
2022-12-12T11:16:02.0736082Z   [b77e0a4c] InteractiveUtils `@stdlib/InteractiveUtils`
2022-12-12T11:16:02.0736484Z   [56ddb016] Logging `@stdlib/Logging`
2022-12-12T11:16:02.0736851Z   [d6f4376e] Markdown `@stdlib/Markdown`
2022-12-12T11:16:02.0737176Z   [a63ad114] Mmap `@stdlib/Mmap`
2022-12-12T11:16:02.0737522Z   [de0858da] Printf `@stdlib/Printf`
2022-12-12T11:16:02.0737867Z   [9a3f8284] Random `@stdlib/Random`
2022-12-12T11:16:02.0738220Z   [ea8e919c] SHA v0.7.0 `@stdlib/SHA`
2022-12-12T11:16:02.0738604Z   [9e88b42a] Serialization `@stdlib/Serialization`
2022-12-12T11:16:02.0739025Z   [6462fe0b] Sockets `@stdlib/Sockets`
2022-12-12T11:16:02.0739417Z   [8dfed614] Test `@stdlib/Test`
2022-12-12T11:16:02.0739761Z   [cf7118a7] UUIDs `@stdlib/UUIDs`
2022-12-12T11:16:02.0740062Z   [4ec0a83e] Unicode `@stdlib/Unicode`
2022-12-12T11:16:02.0740442Z Precompiling project...
2022-12-12T11:16:02.9776482Z [32m  ✓ [39m[90mCodeTracking[39m
2022-12-12T11:16:09.9476273Z [32m  ✓ [39mJuliaInterpreter
2022-12-12T11:16:12.0675660Z [32m  ✓ [39mDebugAdapter
2022-12-12T11:16:12.0881059Z   3 dependencies successfully precompiled in 11 seconds. 2 already precompiled.
2022-12-12T11:16:12.0888845Z      Testing Running tests...
2022-12-12T11:16:13.2735682Z Test Summary: |Time
2022-12-12T11:16:13.2991600Z DebugAdapter  | None  0.0s
2022-12-12T11:16:13.3277096Z      Testing DebugAdapter tests passed 
2022-12-12T11:16:15.9750535Z      Testing VSCodeDebugger
2022-12-12T11:16:17.8854274Z       Status `C:\Users\runneradmin\AppData\Local\Temp\jl_DaW5wK\Project.toml`
2022-12-12T11:16:17.8919785Z   [a80fdaa1] VSCodeDebugger v0.1.0 `D:\a\julia-vscode-microprint-test\julia-vscode-microprint-test\scripts\packages\VSCodeDebugger`
2022-12-12T11:16:17.8920891Z   [2a0f44e3] Base64 `@stdlib/Base64`
2022-12-12T11:16:17.8923085Z   [ade2ca70] Dates `@stdlib/Dates`
2022-12-12T11:16:17.8925337Z   [b77e0a4c] InteractiveUtils `@stdlib/InteractiveUtils`
2022-12-12T11:16:17.8926909Z   [a63ad114] Mmap `@stdlib/Mmap`
2022-12-12T11:16:17.8928994Z   [3fa0cd96] REPL `@stdlib/REPL`
2022-12-12T11:16:17.8930833Z   [9a3f8284] Random `@stdlib/Random`
2022-12-12T11:16:17.8932694Z   [6462fe0b] Sockets `@stdlib/Sockets`
2022-12-12T11:16:17.8934474Z   [8dfed614] Test `@stdlib/Test`
2022-12-12T11:16:17.8936290Z   [cf7118a7] UUIDs `@stdlib/UUIDs`
2022-12-12T11:16:17.8938139Z   [4ec0a83e] Unicode `@stdlib/Unicode`
2022-12-12T11:16:17.9143667Z       Status `C:\Users\runneradmin\AppData\Local\Temp\jl_DaW5wK\Manifest.toml`
2022-12-12T11:16:17.9228918Z   [a80fdaa1] VSCodeDebugger v0.1.0 `D:\a\julia-vscode-microprint-test\julia-vscode-microprint-test\scripts\packages\VSCodeDebugger`
2022-12-12T11:16:17.9229601Z   [2a0f44e3] Base64 `@stdlib/Base64`
2022-12-12T11:16:17.9231630Z   [ade2ca70] Dates `@stdlib/Dates`
2022-12-12T11:16:17.9233602Z   [b77e0a4c] InteractiveUtils `@stdlib/InteractiveUtils`
2022-12-12T11:16:17.9235559Z   [56ddb016] Logging `@stdlib/Logging`
2022-12-12T11:16:17.9237466Z   [d6f4376e] Markdown `@stdlib/Markdown`
2022-12-12T11:16:17.9239304Z   [a63ad114] Mmap `@stdlib/Mmap`
2022-12-12T11:16:17.9241012Z   [de0858da] Printf `@stdlib/Printf`
2022-12-12T11:16:17.9243073Z   [3fa0cd96] REPL `@stdlib/REPL`
2022-12-12T11:16:17.9245043Z   [9a3f8284] Random `@stdlib/Random`
2022-12-12T11:16:17.9246770Z   [ea8e919c] SHA v0.7.0 `@stdlib/SHA`
2022-12-12T11:16:17.9248680Z   [9e88b42a] Serialization `@stdlib/Serialization`
2022-12-12T11:16:17.9250441Z   [6462fe0b] Sockets `@stdlib/Sockets`
2022-12-12T11:16:17.9252315Z   [8dfed614] Test `@stdlib/Test`
2022-12-12T11:16:17.9253782Z   [cf7118a7] UUIDs `@stdlib/UUIDs`
2022-12-12T11:16:17.9257314Z   [4ec0a83e] Unicode `@stdlib/Unicode`
2022-12-12T11:16:18.4692667Z Precompiling project...
2022-12-12T11:16:27.8907602Z [32m  ✓ [39mVSCodeDebugger
2022-12-12T11:16:27.9112427Z   1 dependency successfully precompiled in 10 seconds
2022-12-12T11:16:27.9113349Z      Testing Running tests...
2022-12-12T11:16:28.4559052Z Test Summary:  |Time
2022-12-12T11:16:28.4808952Z VSCodeDebugger | None  0.0s
2022-12-12T11:16:28.5007447Z      Testing VSCodeDebugger tests passed 
2022-12-12T11:16:31.2008460Z      Testing VSCodeServer
2022-12-12T11:16:33.1882145Z       Status `C:\Users\runneradmin\AppData\Local\Temp\jl_42mHFu\Project.toml`
2022-12-12T11:16:33.1970923Z   [9f5989ce] VSCodeServer v0.0.0 `D:\a\julia-vscode-microprint-test\julia-vscode-microprint-test\scripts\packages\VSCodeServer`
2022-12-12T11:16:33.1971885Z   [2a0f44e3] Base64 `@stdlib/Base64`
2022-12-12T11:16:33.1974061Z   [ade2ca70] Dates `@stdlib/Dates`
2022-12-12T11:16:33.1975836Z   [b77e0a4c] InteractiveUtils `@stdlib/InteractiveUtils`
2022-12-12T11:16:33.1977543Z   [56ddb016] Logging `@stdlib/Logging`
2022-12-12T11:16:33.1979300Z   [d6f4376e] Markdown `@stdlib/Markdown`
2022-12-12T11:16:33.1980949Z   [a63ad114] Mmap `@stdlib/Mmap`
2022-12-12T11:16:33.1984043Z   [44cfe95a] Pkg v1.8.0 `@stdlib/Pkg`
2022-12-12T11:16:33.1985865Z   [de0858da] Printf `@stdlib/Printf`
2022-12-12T11:16:33.1987613Z   [9abbd945] Profile `@stdlib/Profile`
2022-12-12T11:16:33.1989321Z   [3fa0cd96] REPL `@stdlib/REPL`
2022-12-12T11:16:33.1991022Z   [9a3f8284] Random `@stdlib/Random`
2022-12-12T11:16:33.1992963Z   [6462fe0b] Sockets `@stdlib/Sockets`
2022-12-12T11:16:33.1994762Z   [8dfed614] Test `@stdlib/Test`
2022-12-12T11:16:33.1997783Z   [cf7118a7] UUIDs `@stdlib/UUIDs`
2022-12-12T11:16:33.1999646Z   [4ec0a83e] Unicode `@stdlib/Unicode`
2022-12-12T11:16:33.7969939Z       Status `C:\Users\runneradmin\AppData\Local\Temp\jl_42mHFu\Manifest.toml`
2022-12-12T11:16:34.7984022Z   [9f5989ce] VSCodeServer v0.0.0 `D:\a\julia-vscode-microprint-test\julia-vscode-microprint-test\scripts\packages\VSCodeServer`
2022-12-12T11:16:34.7984694Z   [0dad84c5] ArgTools v1.1.1 `@stdlib/ArgTools`
2022-12-12T11:16:34.7985057Z   [56f22d72] Artifacts `@stdlib/Artifacts`
2022-12-12T11:16:34.7985388Z   [2a0f44e3] Base64 `@stdlib/Base64`
2022-12-12T11:16:34.7985708Z   [ade2ca70] Dates `@stdlib/Dates`
2022-12-12T11:16:34.7986005Z   [f43a241f] Downloads v1.6.0 `@stdlib/Downloads`
2022-12-12T11:16:34.7986367Z   [7b1f6079] FileWatching `@stdlib/FileWatching`
2022-12-12T11:16:34.7986760Z   [b77e0a4c] InteractiveUtils `@stdlib/InteractiveUtils`
2022-12-12T11:16:34.7987091Z   [b27032c2] LibCURL v0.6.3 `@stdlib/LibCURL`
2022-12-12T11:16:34.7987390Z   [76f85450] LibGit2 `@stdlib/LibGit2`
2022-12-12T11:16:34.7987678Z   [8f399da3] Libdl `@stdlib/Libdl`
2022-12-12T11:16:34.7988166Z   [56ddb016] Logging `@stdlib/Logging`
2022-12-12T11:16:34.7988511Z   [d6f4376e] Markdown `@stdlib/Markdown`
2022-12-12T11:16:34.7988824Z   [a63ad114] Mmap `@stdlib/Mmap`
2022-12-12T11:16:34.7989148Z   [ca575930] NetworkOptions v1.2.0 `@stdlib/NetworkOptions`
2022-12-12T11:16:34.7995245Z   [44cfe95a] Pkg v1.8.0 `@stdlib/Pkg`
2022-12-12T11:16:34.7995650Z   [de0858da] Printf `@stdlib/Printf`
2022-12-12T11:16:34.7995935Z   [9abbd945] Profile `@stdlib/Profile`
2022-12-12T11:16:34.7996235Z   [3fa0cd96] REPL `@stdlib/REPL`
2022-12-12T11:16:34.7996542Z   [9a3f8284] Random `@stdlib/Random`
2022-12-12T11:16:34.7996807Z   [ea8e919c] SHA v0.7.0 `@stdlib/SHA`
2022-12-12T11:16:34.7997160Z   [9e88b42a] Serialization `@stdlib/Serialization`
2022-12-12T11:16:34.7997497Z   [6462fe0b] Sockets `@stdlib/Sockets`
2022-12-12T11:16:34.7997813Z   [fa267f1f] TOML v1.0.0 `@stdlib/TOML`
2022-12-12T11:16:34.7998538Z   [a4e569a6] Tar v1.10.1 `@stdlib/Tar`
2022-12-12T11:16:34.7998802Z   [8dfed614] Test `@stdlib/Test`
2022-12-12T11:16:34.7999089Z   [cf7118a7] UUIDs `@stdlib/UUIDs`
2022-12-12T11:16:34.8000275Z   [4ec0a83e] Unicode `@stdlib/Unicode`
2022-12-12T11:16:34.8000691Z   [deac9b47] LibCURL_jll v7.84.0+0 `@stdlib/LibCURL_jll`
2022-12-12T11:16:34.8001063Z   [29816b5a] LibSSH2_jll v1.10.2+0 `@stdlib/LibSSH2_jll`
2022-12-12T11:16:34.8001374Z   [c8ffd9c3] MbedTLS_jll v2.28.0+0 `@stdlib/MbedTLS_jll`
2022-12-12T11:16:34.8001763Z   [14a3606d] MozillaCACerts_jll v2022.2.1 `@stdlib/MozillaCACerts_jll`
2022-12-12T11:16:34.8002147Z   [83775a58] Zlib_jll v1.2.12+3 `@stdlib/Zlib_jll`
2022-12-12T11:16:34.8002463Z   [8e850ede] nghttp2_jll v1.48.0+0 `@stdlib/nghttp2_jll`
2022-12-12T11:16:34.8002831Z   [3f19e933] p7zip_jll v17.4.0+0 `@stdlib/p7zip_jll`
2022-12-12T11:16:34.8003141Z Precompiling project...
2022-12-12T11:16:45.9026842Z [32m  ✓ [39mVSCodeServer
2022-12-12T11:16:45.9222273Z   1 dependency successfully precompiled in 13 seconds. 3 already precompiled.
2022-12-12T11:16:45.9224012Z      Testing Running tests...
2022-12-12T11:16:46.5025250Z Test Summary: |Time
2022-12-12T11:16:46.5280359Z VSCodeServer  | None  0.0s
2022-12-12T11:16:46.5487073Z      Testing VSCodeServer tests passed 
2022-12-12T11:16:46.6202609Z Post job cleanup.
2022-12-12T11:16:49.9150123Z [command]"C:\Program Files\Git\bin\git.exe" version
2022-12-12T11:16:49.9405272Z git version 2.38.1.windows.1
2022-12-12T11:16:49.9502836Z Temporarily overriding HOME='D:\a\_temp\a056d9df-bf75-4d9e-b766-2b21011354fc' before making global git config changes
2022-12-12T11:16:49.9515591Z Adding repository directory to the temporary git global config as a safe directory
2022-12-12T11:16:49.9516953Z [command]"C:\Program Files\Git\bin\git.exe" config --global --add safe.directory D:\a\julia-vscode-microprint-test\julia-vscode-microprint-test
2022-12-12T11:16:49.9801378Z [command]"C:\Program Files\Git\bin\git.exe" config --local --name-only --get-regexp core\.sshCommand
2022-12-12T11:16:50.0092549Z [command]"C:\Program Files\Git\bin\git.exe" submodule foreach --recursive "git config --local --name-only --get-regexp 'core\.sshCommand' && git config --local --unset-all 'core.sshCommand' || :"
2022-12-12T11:16:50.5874027Z Entering 'libs/jl-profile'
2022-12-12T11:16:50.6656951Z Entering 'scripts/packages-old/JuliaInterpreter'
2022-12-12T11:16:50.7409317Z Entering 'scripts/packages/CSTParser'
2022-12-12T11:16:50.8186679Z Entering 'scripts/packages/CodeTracking'
2022-12-12T11:16:50.9003149Z Entering 'scripts/packages/CommonMark'
2022-12-12T11:16:50.9761040Z Entering 'scripts/packages/Compat'
2022-12-12T11:16:51.0550173Z Entering 'scripts/packages/CoverageTools'
2022-12-12T11:16:51.1367465Z Entering 'scripts/packages/Crayons'
2022-12-12T11:16:51.2139142Z Entering 'scripts/packages/DataStructures'
2022-12-12T11:16:51.8097260Z Entering 'scripts/packages/DebugAdapter'
2022-12-12T11:16:51.8097749Z Entering 'scripts/packages/FilePathsBase'
2022-12-12T11:16:51.8098355Z Entering 'scripts/packages/IJuliaCore'
2022-12-12T11:16:51.8098742Z Entering 'scripts/packages/JSON'
2022-12-12T11:16:51.8099153Z Entering 'scripts/packages/JSONRPC'
2022-12-12T11:16:51.8099613Z Entering 'scripts/packages/JuliaFormatter'
2022-12-12T11:16:51.8100087Z Entering 'scripts/packages/JuliaInterpreter'
2022-12-12T11:16:52.8096451Z Entering 'scripts/packages/LanguageServer'
2022-12-12T11:16:52.8097015Z Entering 'scripts/packages/LoweredCodeUtils'
2022-12-12T11:16:52.8097527Z Entering 'scripts/packages/OrderedCollections'
2022-12-12T11:16:52.8098010Z Entering 'scripts/packages/PackageCompiler'
2022-12-12T11:16:52.8098409Z Entering 'scripts/packages/Revise'
2022-12-12T11:16:52.8098836Z Entering 'scripts/packages/StaticLint'
2022-12-12T11:16:52.8099397Z Entering 'scripts/packages/SymbolServer'
2022-12-12T11:16:52.8099815Z Entering 'scripts/packages/TestEnv'
2022-12-12T11:16:52.8100203Z Entering 'scripts/packages/TestItemDetection'
2022-12-12T11:16:52.8100627Z Entering 'scripts/packages/Tokenize'
2022-12-12T11:16:52.8102533Z Entering 'scripts/packages/URIParser'
2022-12-12T11:16:52.8103032Z Entering 'scripts/packages/URIs'
2022-12-12T11:16:52.8103697Z [command]"C:\Program Files\Git\bin\git.exe" config --local --name-only --get-regexp http\.https\:\/\/github\.com\/\.extraheader
2022-12-12T11:16:52.8180984Z http.https://github.com/.extraheader
2022-12-12T11:16:52.8228371Z [command]"C:\Program Files\Git\bin\git.exe" config --local --unset-all http.https://github.com/.extraheader
2022-12-12T11:16:52.8538374Z [command]"C:\Program Files\Git\bin\git.exe" submodule foreach --recursive "git config --local --name-only --get-regexp 'http\.https\:\/\/github\.com\/\.extraheader' && git config --local --unset-all 'http.https://github.com/.extraheader' || :"
2022-12-12T11:16:53.4770417Z Entering 'libs/jl-profile'
2022-12-12T11:16:53.5391871Z http.https://github.com/.extraheader
2022-12-12T11:16:53.6050767Z Entering 'scripts/packages-old/JuliaInterpreter'
2022-12-12T11:16:53.6609011Z http.https://github.com/.extraheader
2022-12-12T11:16:53.7161664Z Entering 'scripts/packages/CSTParser'
2022-12-12T11:16:53.7746853Z http.https://github.com/.extraheader
2022-12-12T11:16:53.8275641Z Entering 'scripts/packages/CodeTracking'
2022-12-12T11:16:53.8837450Z http.https://github.com/.extraheader
2022-12-12T11:16:53.9341956Z Entering 'scripts/packages/CommonMark'
2022-12-12T11:16:53.9907591Z http.https://github.com/.extraheader
2022-12-12T11:16:54.0410690Z Entering 'scripts/packages/Compat'
2022-12-12T11:16:54.0998669Z http.https://github.com/.extraheader
2022-12-12T11:16:54.1513493Z Entering 'scripts/packages/CoverageTools'
2022-12-12T11:16:54.2079448Z http.https://github.com/.extraheader
2022-12-12T11:16:54.2593550Z Entering 'scripts/packages/Crayons'
2022-12-12T11:16:54.3166906Z http.https://github.com/.extraheader
2022-12-12T11:16:54.3684542Z Entering 'scripts/packages/DataStructures'
2022-12-12T11:16:54.4272323Z http.https://github.com/.extraheader
2022-12-12T11:16:54.4804567Z Entering 'scripts/packages/DebugAdapter'
2022-12-12T11:16:54.5343795Z http.https://github.com/.extraheader
2022-12-12T11:16:54.5831141Z Entering 'scripts/packages/FilePathsBase'
2022-12-12T11:16:54.6377521Z http.https://github.com/.extraheader
2022-12-12T11:16:54.6923216Z Entering 'scripts/packages/IJuliaCore'
2022-12-12T11:16:54.7531015Z http.https://github.com/.extraheader
2022-12-12T11:16:54.8068599Z Entering 'scripts/packages/JSON'
2022-12-12T11:16:54.8681839Z http.https://github.com/.extraheader
2022-12-12T11:16:54.9197249Z Entering 'scripts/packages/JSONRPC'
2022-12-12T11:16:54.9848960Z http.https://github.com/.extraheader
2022-12-12T11:16:55.0344193Z Entering 'scripts/packages/JuliaFormatter'
2022-12-12T11:16:55.0894024Z http.https://github.com/.extraheader
2022-12-12T11:16:55.1389641Z Entering 'scripts/packages/JuliaInterpreter'
2022-12-12T11:16:55.1947876Z http.https://github.com/.extraheader
2022-12-12T11:16:55.2443950Z Entering 'scripts/packages/LanguageServer'
2022-12-12T11:16:55.3084083Z http.https://github.com/.extraheader
2022-12-12T11:16:55.3602147Z Entering 'scripts/packages/LoweredCodeUtils'
2022-12-12T11:16:55.4154608Z http.https://github.com/.extraheader
2022-12-12T11:16:55.4666152Z Entering 'scripts/packages/OrderedCollections'
2022-12-12T11:16:55.5224764Z http.https://github.com/.extraheader
2022-12-12T11:16:55.5738556Z Entering 'scripts/packages/PackageCompiler'
2022-12-12T11:16:55.6304680Z http.https://github.com/.extraheader
2022-12-12T11:16:55.6814368Z Entering 'scripts/packages/Revise'
2022-12-12T11:16:55.7371247Z http.https://github.com/.extraheader
2022-12-12T11:16:55.7898488Z Entering 'scripts/packages/StaticLint'
2022-12-12T11:16:55.8484180Z http.https://github.com/.extraheader
2022-12-12T11:16:55.9046824Z Entering 'scripts/packages/SymbolServer'
2022-12-12T11:16:55.9654382Z http.https://github.com/.extraheader
2022-12-12T11:16:56.0315655Z Entering 'scripts/packages/TestEnv'
2022-12-12T11:16:56.0924393Z http.https://github.com/.extraheader
2022-12-12T11:16:56.1423464Z Entering 'scripts/packages/TestItemDetection'
2022-12-12T11:16:56.1995155Z http.https://github.com/.extraheader
2022-12-12T11:16:56.2525498Z Entering 'scripts/packages/Tokenize'
2022-12-12T11:16:56.3115735Z http.https://github.com/.extraheader
2022-12-12T11:16:56.3608377Z Entering 'scripts/packages/URIParser'
2022-12-12T11:16:56.4142590Z http.https://github.com/.extraheader
2022-12-12T11:16:56.4635899Z Entering 'scripts/packages/URIs'
2022-12-12T11:16:56.5196235Z http.https://github.com/.extraheader
2022-12-12T11:16:56.6196797Z Cleaning up orphan processes
