2022-11-21T19:29:20.6495638Z Requested labels: ubuntu-latest
2022-11-21T19:29:20.6495699Z Job defined at: AlphaSteam/julia-vscode-microprint-test/.github/workflows/main.yml@refs/heads/master
2022-11-21T19:29:20.6495721Z Waiting for a runner to pick up this job...
2022-11-21T19:29:28.0939100Z Job is waiting for a hosted runner to come online.
2022-11-21T19:29:29.0219127Z Job is about to start running on the hosted runner: GitHub Actions 5 (hosted)
2022-11-21T19:29:31.8984009Z Current runner version: '2.299.1'
2022-11-21T19:29:31.9007420Z ##[group]Operating System
2022-11-21T19:29:31.9007868Z Ubuntu
2022-11-21T19:29:31.9008217Z 20.04.5
2022-11-21T19:29:31.9008493Z LTS
2022-11-21T19:29:31.9008725Z ##[endgroup]
2022-11-21T19:29:31.9009026Z ##[group]Runner Image
2022-11-21T19:29:31.9009358Z Image: ubuntu-20.04
2022-11-21T19:29:31.9009660Z Version: 20221027.1
2022-11-21T19:29:31.9010141Z Included Software: https://github.com/actions/runner-images/blob/ubuntu20/20221027.1/images/linux/Ubuntu2004-Readme.md
2022-11-21T19:29:31.9010741Z Image Release: https://github.com/actions/runner-images/releases/tag/ubuntu20%2F20221027.1
2022-11-21T19:29:31.9011112Z ##[endgroup]
2022-11-21T19:29:31.9011440Z ##[group]Runner Image Provisioner
2022-11-21T19:29:31.9011794Z 2.0.91.1
2022-11-21T19:29:31.9012070Z ##[endgroup]
2022-11-21T19:29:31.9012904Z ##[group]GITHUB_TOKEN Permissions
2022-11-21T19:29:31.9013474Z Actions: write
2022-11-21T19:29:31.9013799Z Checks: write
2022-11-21T19:29:31.9014235Z Contents: write
2022-11-21T19:29:31.9014555Z Deployments: write
2022-11-21T19:29:31.9014895Z Discussions: write
2022-11-21T19:29:31.9015150Z Issues: write
2022-11-21T19:29:31.9015434Z Metadata: read
2022-11-21T19:29:31.9015727Z Packages: write
2022-11-21T19:29:31.9015986Z Pages: write
2022-11-21T19:29:31.9016308Z PullRequests: write
2022-11-21T19:29:31.9016640Z RepositoryProjects: write
2022-11-21T19:29:31.9016931Z SecurityEvents: write
2022-11-21T19:29:31.9017235Z Statuses: write
2022-11-21T19:29:31.9017537Z ##[endgroup]
2022-11-21T19:29:31.9021324Z Secret source: Actions
2022-11-21T19:29:31.9021817Z Prepare workflow directory
2022-11-21T19:29:32.0057941Z Prepare all required actions
2022-11-21T19:29:32.0240370Z Getting action download info
2022-11-21T19:29:32.2244116Z Download action repository 'actions/checkout@v2' (SHA:e2f20e631ae6d7dd3b768f56a5d2af784dd54791)
2022-11-21T19:29:32.5501443Z Download action repository 'julia-actions/setup-julia@v1' (SHA:e802804276a3d8bda6eeb8ec5c3a250216f9687b)
2022-11-21T19:29:33.0101592Z ##[group]Run actions/checkout@v2
2022-11-21T19:29:33.0102049Z with:
2022-11-21T19:29:33.0102290Z   submodules: true
2022-11-21T19:29:33.0102686Z   repository: AlphaSteam/julia-vscode-microprint-test
2022-11-21T19:29:33.0103307Z   token: ***
2022-11-21T19:29:33.0103638Z   ssh-strict: true
2022-11-21T19:29:33.0103918Z   persist-credentials: true
2022-11-21T19:29:33.0104239Z   clean: true
2022-11-21T19:29:33.0104539Z   fetch-depth: 1
2022-11-21T19:29:33.0104779Z   lfs: false
2022-11-21T19:29:33.0105106Z   set-safe-directory: true
2022-11-21T19:29:33.0105409Z env:
2022-11-21T19:29:33.0105662Z   NODE_VERSION: 16
2022-11-21T19:29:33.0105954Z ##[endgroup]
2022-11-21T19:29:33.2375471Z Syncing repository: AlphaSteam/julia-vscode-microprint-test
2022-11-21T19:29:33.2377484Z ##[group]Getting Git version info
2022-11-21T19:29:33.2378180Z Working directory is '/home/runner/work/julia-vscode-microprint-test/julia-vscode-microprint-test'
2022-11-21T19:29:33.2379649Z [command]/usr/bin/git version
2022-11-21T19:29:33.2464297Z git version 2.38.1
2022-11-21T19:29:33.2484296Z ##[endgroup]
2022-11-21T19:29:33.2501000Z Temporarily overriding HOME='/home/runner/work/_temp/3e8f1d9e-0f3c-40f2-a159-3c217c511599' before making global git config changes
2022-11-21T19:29:33.2501857Z Adding repository directory to the temporary git global config as a safe directory
2022-11-21T19:29:33.2505146Z [command]/usr/bin/git config --global --add safe.directory /home/runner/work/julia-vscode-microprint-test/julia-vscode-microprint-test
2022-11-21T19:29:33.2547642Z Deleting the contents of '/home/runner/work/julia-vscode-microprint-test/julia-vscode-microprint-test'
2022-11-21T19:29:33.2552593Z ##[group]Initializing the repository
2022-11-21T19:29:33.2556983Z [command]/usr/bin/git init /home/runner/work/julia-vscode-microprint-test/julia-vscode-microprint-test
2022-11-21T19:29:33.2609884Z hint: Using 'master' as the name for the initial branch. This default branch name
2022-11-21T19:29:33.2610705Z hint: is subject to change. To configure the initial branch name to use in all
2022-11-21T19:29:33.2612020Z hint: of your new repositories, which will suppress this warning, call:
2022-11-21T19:29:33.2612507Z hint: 
2022-11-21T19:29:33.2613194Z hint: 	git config --global init.defaultBranch <name>
2022-11-21T19:29:33.2613635Z hint: 
2022-11-21T19:29:33.2614502Z hint: Names commonly chosen instead of 'master' are 'main', 'trunk' and
2022-11-21T19:29:33.2615122Z hint: 'development'. The just-created branch can be renamed via this command:
2022-11-21T19:29:33.2615648Z hint: 
2022-11-21T19:29:33.2616326Z hint: 	git branch -m <name>
2022-11-21T19:29:33.2622894Z Initialized empty Git repository in /home/runner/work/julia-vscode-microprint-test/julia-vscode-microprint-test/.git/
2022-11-21T19:29:33.2631718Z [command]/usr/bin/git remote add origin https://github.com/AlphaSteam/julia-vscode-microprint-test
2022-11-21T19:29:33.2666022Z ##[endgroup]
2022-11-21T19:29:33.2666904Z ##[group]Disabling automatic garbage collection
2022-11-21T19:29:33.2670525Z [command]/usr/bin/git config --local gc.auto 0
2022-11-21T19:29:33.2698797Z ##[endgroup]
2022-11-21T19:29:33.2699662Z ##[group]Setting up auth
2022-11-21T19:29:33.2707258Z [command]/usr/bin/git config --local --name-only --get-regexp core\.sshCommand
2022-11-21T19:29:33.2738666Z [command]/usr/bin/git submodule foreach --recursive git config --local --name-only --get-regexp 'core\.sshCommand' && git config --local --unset-all 'core.sshCommand' || :
2022-11-21T19:29:33.3036123Z [command]/usr/bin/git config --local --name-only --get-regexp http\.https\:\/\/github\.com\/\.extraheader
2022-11-21T19:29:33.3061555Z [command]/usr/bin/git submodule foreach --recursive git config --local --name-only --get-regexp 'http\.https\:\/\/github\.com\/\.extraheader' && git config --local --unset-all 'http.https://github.com/.extraheader' || :
2022-11-21T19:29:33.3280218Z [command]/usr/bin/git config --local http.https://github.com/.extraheader AUTHORIZATION: basic ***
2022-11-21T19:29:33.3310146Z ##[endgroup]
2022-11-21T19:29:33.3311239Z ##[group]Fetching the repository
2022-11-21T19:29:33.3319103Z [command]/usr/bin/git -c protocol.version=2 fetch --no-tags --prune --progress --no-recurse-submodules --depth=1 origin +60ccabb18abdf4f5b1afd718ce4e98a07a0a6a10:refs/remotes/origin/master
2022-11-21T19:29:33.5431857Z remote: Enumerating objects: 364, done.        
2022-11-21T19:29:33.5435544Z remote: Counting objects:   0% (1/364)        
2022-11-21T19:29:33.5435995Z remote: Counting objects:   1% (4/364)        
2022-11-21T19:29:33.5436481Z remote: Counting objects:   2% (8/364)        
2022-11-21T19:29:33.5437125Z remote: Counting objects:   3% (11/364)        
2022-11-21T19:29:33.5437554Z remote: Counting objects:   4% (15/364)        
2022-11-21T19:29:33.5438068Z remote: Counting objects:   5% (19/364)        
2022-11-21T19:29:33.5438620Z remote: Counting objects:   6% (22/364)        
2022-11-21T19:29:33.5439217Z remote: Counting objects:   7% (26/364)        
2022-11-21T19:29:33.5439786Z remote: Counting objects:   8% (30/364)        
2022-11-21T19:29:33.5440200Z remote: Counting objects:   9% (33/364)        
2022-11-21T19:29:33.5441376Z remote: Counting objects:  10% (37/364)        
2022-11-21T19:29:33.5442033Z remote: Counting objects:  11% (41/364)        
2022-11-21T19:29:33.5442396Z remote: Counting objects:  12% (44/364)        
2022-11-21T19:29:33.5442857Z remote: Counting objects:  13% (48/364)        
2022-11-21T19:29:33.5443324Z remote: Counting objects:  14% (51/364)        
2022-11-21T19:29:33.5443750Z remote: Counting objects:  15% (55/364)        
2022-11-21T19:29:33.5444199Z remote: Counting objects:  16% (59/364)        
2022-11-21T19:29:33.5444622Z remote: Counting objects:  17% (62/364)        
2022-11-21T19:29:33.5445243Z remote: Counting objects:  18% (66/364)        
2022-11-21T19:29:33.5445676Z remote: Counting objects:  19% (70/364)        
2022-11-21T19:29:33.5446161Z remote: Counting objects:  20% (73/364)        
2022-11-21T19:29:33.5446522Z remote: Counting objects:  21% (77/364)        
2022-11-21T19:29:33.5447239Z remote: Counting objects:  22% (81/364)        
2022-11-21T19:29:33.5447865Z remote: Counting objects:  23% (84/364)        
2022-11-21T19:29:33.5448296Z remote: Counting objects:  24% (88/364)        
2022-11-21T19:29:33.5449075Z remote: Counting objects:  25% (91/364)        
2022-11-21T19:29:33.5449695Z remote: Counting objects:  26% (95/364)        
2022-11-21T19:29:33.5450105Z remote: Counting objects:  27% (99/364)        
2022-11-21T19:29:33.5450925Z remote: Counting objects:  28% (102/364)        
2022-11-21T19:29:33.5451480Z remote: Counting objects:  29% (106/364)        
2022-11-21T19:29:33.5451936Z remote: Counting objects:  30% (110/364)        
2022-11-21T19:29:33.5452326Z remote: Counting objects:  31% (113/364)        
2022-11-21T19:29:33.5452765Z remote: Counting objects:  32% (117/364)        
2022-11-21T19:29:33.5453483Z remote: Counting objects:  33% (121/364)        
2022-11-21T19:29:33.5453982Z remote: Counting objects:  34% (124/364)        
2022-11-21T19:29:33.5454701Z remote: Counting objects:  35% (128/364)        
2022-11-21T19:29:33.5455119Z remote: Counting objects:  36% (132/364)        
2022-11-21T19:29:33.5455963Z remote: Counting objects:  37% (135/364)        
2022-11-21T19:29:33.5456459Z remote: Counting objects:  38% (139/364)        
2022-11-21T19:29:33.5456884Z remote: Counting objects:  39% (142/364)        
2022-11-21T19:29:33.5457399Z remote: Counting objects:  40% (146/364)        
2022-11-21T19:29:33.5458027Z remote: Counting objects:  41% (150/364)        
2022-11-21T19:29:33.5458447Z remote: Counting objects:  42% (153/364)        
2022-11-21T19:29:33.5643051Z remote: Counting objects:  43% (157/364)        
2022-11-21T19:29:33.5654596Z remote: Counting objects:  44% (161/364)        
2022-11-21T19:29:33.5654989Z remote: Counting objects:  45% (164/364)        
2022-11-21T19:29:33.5655932Z remote: Counting objects:  46% (168/364)        
2022-11-21T19:29:33.5656349Z remote: Counting objects:  47% (172/364)        
2022-11-21T19:29:33.5657240Z remote: Counting objects:  48% (175/364)        
2022-11-21T19:29:33.5657621Z remote: Counting objects:  49% (179/364)        
2022-11-21T19:29:33.5658368Z remote: Counting objects:  50% (182/364)        
2022-11-21T19:29:33.5659073Z remote: Counting objects:  51% (186/364)        
2022-11-21T19:29:33.5659603Z remote: Counting objects:  52% (190/364)        
2022-11-21T19:29:33.5660169Z remote: Counting objects:  53% (193/364)        
2022-11-21T19:29:33.5660803Z remote: Counting objects:  54% (197/364)        
2022-11-21T19:29:33.5661499Z remote: Counting objects:  55% (201/364)        
2022-11-21T19:29:33.5662167Z remote: Counting objects:  56% (204/364)        
2022-11-21T19:29:33.5662742Z remote: Counting objects:  57% (208/364)        
2022-11-21T19:29:33.5663515Z remote: Counting objects:  58% (212/364)        
2022-11-21T19:29:33.5663834Z remote: Counting objects:  59% (215/364)        
2022-11-21T19:29:33.5664542Z remote: Counting objects:  60% (219/364)        
2022-11-21T19:29:33.5665258Z remote: Counting objects:  61% (223/364)        
2022-11-21T19:29:33.5665790Z remote: Counting objects:  62% (226/364)        
2022-11-21T19:29:33.5666434Z remote: Counting objects:  63% (230/364)        
2022-11-21T19:29:33.5667033Z remote: Counting objects:  64% (233/364)        
2022-11-21T19:29:33.5667452Z remote: Counting objects:  65% (237/364)        
2022-11-21T19:29:33.5668088Z remote: Counting objects:  66% (241/364)        
2022-11-21T19:29:33.5668697Z remote: Counting objects:  67% (244/364)        
2022-11-21T19:29:33.5669317Z remote: Counting objects:  68% (248/364)        
2022-11-21T19:29:33.5670002Z remote: Counting objects:  69% (252/364)        
2022-11-21T19:29:33.5670526Z remote: Counting objects:  70% (255/364)        
2022-11-21T19:29:33.5671141Z remote: Counting objects:  71% (259/364)        
2022-11-21T19:29:33.5671804Z remote: Counting objects:  72% (263/364)        
2022-11-21T19:29:33.5672334Z remote: Counting objects:  73% (266/364)        
2022-11-21T19:29:33.5672971Z remote: Counting objects:  74% (270/364)        
2022-11-21T19:29:33.5673469Z remote: Counting objects:  75% (273/364)        
2022-11-21T19:29:33.5674080Z remote: Counting objects:  76% (277/364)        
2022-11-21T19:29:33.5674710Z remote: Counting objects:  77% (281/364)        
2022-11-21T19:29:33.5675270Z remote: Counting objects:  78% (284/364)        
2022-11-21T19:29:33.5675898Z remote: Counting objects:  79% (288/364)        
2022-11-21T19:29:33.5676165Z remote: Counting objects:  80% (292/364)        
2022-11-21T19:29:33.5676396Z remote: Counting objects:  81% (295/364)        
2022-11-21T19:29:33.5677109Z remote: Counting objects:  82% (299/364)        
2022-11-21T19:29:33.5678106Z remote: Counting objects:  83% (303/364)        
2022-11-21T19:29:33.5678439Z remote: Counting objects:  84% (306/364)        
2022-11-21T19:29:33.5678766Z remote: Counting objects:  85% (310/364)        
2022-11-21T19:29:33.5679502Z remote: Counting objects:  86% (314/364)        
2022-11-21T19:29:33.5679840Z remote: Counting objects:  87% (317/364)        
2022-11-21T19:29:33.5680478Z remote: Counting objects:  88% (321/364)        
2022-11-21T19:29:33.5681148Z remote: Counting objects:  89% (324/364)        
2022-11-21T19:29:33.5681793Z remote: Counting objects:  90% (328/364)        
2022-11-21T19:29:33.5682448Z remote: Counting objects:  91% (332/364)        
2022-11-21T19:29:33.5683112Z remote: Counting objects:  92% (335/364)        
2022-11-21T19:29:33.5683755Z remote: Counting objects:  93% (339/364)        
2022-11-21T19:29:33.5684456Z remote: Counting objects:  94% (343/364)        
2022-11-21T19:29:33.5685106Z remote: Counting objects:  95% (346/364)        
2022-11-21T19:29:33.5685884Z remote: Counting objects:  96% (350/364)        
2022-11-21T19:29:33.5686514Z remote: Counting objects:  97% (354/364)        
2022-11-21T19:29:33.5687193Z remote: Counting objects:  98% (357/364)        
2022-11-21T19:29:33.5687938Z remote: Counting objects:  99% (361/364)        
2022-11-21T19:29:33.5688714Z remote: Counting objects: 100% (364/364)        
2022-11-21T19:29:33.5689137Z remote: Counting objects: 100% (364/364), done.        
2022-11-21T19:29:33.5689838Z remote: Compressing objects:   0% (1/307)        
2022-11-21T19:29:33.5690565Z remote: Compressing objects:   1% (4/307)        
2022-11-21T19:29:33.5691237Z remote: Compressing objects:   2% (7/307)        
2022-11-21T19:29:33.5691904Z remote: Compressing objects:   3% (10/307)        
2022-11-21T19:29:33.5692565Z remote: Compressing objects:   4% (13/307)        
2022-11-21T19:29:33.5693189Z remote: Compressing objects:   5% (16/307)        
2022-11-21T19:29:33.5693832Z remote: Compressing objects:   6% (19/307)        
2022-11-21T19:29:33.5694515Z remote: Compressing objects:   7% (22/307)        
2022-11-21T19:29:33.5695174Z remote: Compressing objects:   8% (25/307)        
2022-11-21T19:29:33.5695893Z remote: Compressing objects:   9% (28/307)        
2022-11-21T19:29:33.5696553Z remote: Compressing objects:  10% (31/307)        
2022-11-21T19:29:33.5697213Z remote: Compressing objects:  11% (34/307)        
2022-11-21T19:29:33.5697847Z remote: Compressing objects:  12% (37/307)        
2022-11-21T19:29:33.5698500Z remote: Compressing objects:  13% (40/307)        
2022-11-21T19:29:33.5835627Z remote: Compressing objects:  14% (43/307)        
2022-11-21T19:29:33.5836021Z remote: Compressing objects:  15% (47/307)        
2022-11-21T19:29:33.5836880Z remote: Compressing objects:  16% (50/307)        
2022-11-21T19:29:33.5837658Z remote: Compressing objects:  17% (53/307)        
2022-11-21T19:29:33.5838397Z remote: Compressing objects:  18% (56/307)        
2022-11-21T19:29:33.5839128Z remote: Compressing objects:  19% (59/307)        
2022-11-21T19:29:33.5864991Z remote: Compressing objects:  20% (62/307)        
2022-11-21T19:29:33.5866362Z remote: Compressing objects:  21% (65/307)        
2022-11-21T19:29:33.5867044Z remote: Compressing objects:  22% (68/307)        
2022-11-21T19:29:33.6713641Z remote: Compressing objects:  23% (71/307)        
2022-11-21T19:29:33.7238833Z remote: Compressing objects:  24% (74/307)        
2022-11-21T19:29:33.7249847Z remote: Compressing objects:  25% (77/307)        
2022-11-21T19:29:33.7253938Z remote: Compressing objects:  26% (80/307)        
2022-11-21T19:29:33.7254460Z remote: Compressing objects:  27% (83/307)        
2022-11-21T19:29:33.7258712Z remote: Compressing objects:  28% (86/307)        
2022-11-21T19:29:33.7262206Z remote: Compressing objects:  29% (90/307)        
2022-11-21T19:29:33.7264506Z remote: Compressing objects:  30% (93/307)        
2022-11-21T19:29:33.7266505Z remote: Compressing objects:  31% (96/307)        
2022-11-21T19:29:33.7267025Z remote: Compressing objects:  32% (99/307)        
2022-11-21T19:29:33.7269983Z remote: Compressing objects:  33% (102/307)        
2022-11-21T19:29:33.7288919Z remote: Compressing objects:  34% (105/307)        
2022-11-21T19:29:33.7344445Z remote: Compressing objects:  35% (108/307)        
2022-11-21T19:29:33.7345286Z remote: Compressing objects:  36% (111/307)        
2022-11-21T19:29:33.7348056Z remote: Compressing objects:  37% (114/307)        
2022-11-21T19:29:33.7348387Z remote: Compressing objects:  38% (117/307)        
2022-11-21T19:29:33.7348961Z remote: Compressing objects:  39% (120/307)        
2022-11-21T19:29:33.7353203Z remote: Compressing objects:  40% (123/307)        
2022-11-21T19:29:33.7367981Z remote: Compressing objects:  41% (126/307)        
2022-11-21T19:29:33.7369958Z remote: Compressing objects:  42% (129/307)        
2022-11-21T19:29:33.7375464Z remote: Compressing objects:  43% (133/307)        
2022-11-21T19:29:33.7382867Z remote: Compressing objects:  44% (136/307)        
2022-11-21T19:29:33.7391527Z remote: Compressing objects:  45% (139/307)        
2022-11-21T19:29:33.7392459Z remote: Compressing objects:  46% (142/307)        
2022-11-21T19:29:33.7392821Z remote: Compressing objects:  47% (145/307)        
2022-11-21T19:29:33.7425587Z remote: Compressing objects:  48% (148/307)        
2022-11-21T19:29:33.7426309Z remote: Compressing objects:  49% (151/307)        
2022-11-21T19:29:33.7426690Z remote: Compressing objects:  50% (154/307)        
2022-11-21T19:29:33.7475665Z remote: Compressing objects:  51% (157/307)        
2022-11-21T19:29:33.7476187Z remote: Compressing objects:  52% (160/307)        
2022-11-21T19:29:33.7477001Z remote: Compressing objects:  53% (163/307)        
2022-11-21T19:29:33.7477428Z remote: Compressing objects:  54% (166/307)        
2022-11-21T19:29:33.7486603Z remote: Compressing objects:  55% (169/307)        
2022-11-21T19:29:33.7487060Z remote: Compressing objects:  56% (172/307)        
2022-11-21T19:29:33.7490601Z remote: Compressing objects:  57% (175/307)        
2022-11-21T19:29:33.7491183Z remote: Compressing objects:  58% (179/307)        
2022-11-21T19:29:33.7492619Z remote: Compressing objects:  59% (182/307)        
2022-11-21T19:29:33.7493046Z remote: Compressing objects:  60% (185/307)        
2022-11-21T19:29:33.7493846Z remote: Compressing objects:  61% (188/307)        
2022-11-21T19:29:33.7503116Z remote: Compressing objects:  62% (191/307)        
2022-11-21T19:29:33.7588655Z remote: Compressing objects:  63% (194/307)        
2022-11-21T19:29:33.7589182Z remote: Compressing objects:  64% (197/307)        
2022-11-21T19:29:33.7589988Z remote: Compressing objects:  65% (200/307)        
2022-11-21T19:29:33.7590432Z remote: Compressing objects:  66% (203/307)        
2022-11-21T19:29:33.7591588Z remote: Compressing objects:  67% (206/307)        
2022-11-21T19:29:33.7592317Z remote: Compressing objects:  68% (209/307)        
2022-11-21T19:29:33.7592886Z remote: Compressing objects:  69% (212/307)        
2022-11-21T19:29:33.7593552Z remote: Compressing objects:  70% (215/307)        
2022-11-21T19:29:33.7594155Z remote: Compressing objects:  71% (218/307)        
2022-11-21T19:29:33.7594777Z remote: Compressing objects:  72% (222/307)        
2022-11-21T19:29:33.7595378Z remote: Compressing objects:  73% (225/307)        
2022-11-21T19:29:33.7596265Z remote: Compressing objects:  74% (228/307)        
2022-11-21T19:29:33.7596795Z remote: Compressing objects:  75% (231/307)        
2022-11-21T19:29:33.7597655Z remote: Compressing objects:  76% (234/307)        
2022-11-21T19:29:33.7598124Z remote: Compressing objects:  77% (237/307)        
2022-11-21T19:29:33.7598792Z remote: Compressing objects:  78% (240/307)        
2022-11-21T19:29:33.7599870Z remote: Compressing objects:  79% (243/307)        
2022-11-21T19:29:33.7600338Z remote: Compressing objects:  80% (246/307)        
2022-11-21T19:29:33.7601003Z remote: Compressing objects:  81% (249/307)        
2022-11-21T19:29:33.7601450Z remote: Compressing objects:  82% (252/307)        
2022-11-21T19:29:33.7602120Z remote: Compressing objects:  83% (255/307)        
2022-11-21T19:29:33.7602579Z remote: Compressing objects:  84% (258/307)        
2022-11-21T19:29:33.7603236Z remote: Compressing objects:  85% (261/307)        
2022-11-21T19:29:33.7603682Z remote: Compressing objects:  86% (265/307)        
2022-11-21T19:29:33.7604348Z remote: Compressing objects:  87% (268/307)        
2022-11-21T19:29:33.7604803Z remote: Compressing objects:  88% (271/307)        
2022-11-21T19:29:33.7605499Z remote: Compressing objects:  89% (274/307)        
2022-11-21T19:29:33.7605949Z remote: Compressing objects:  90% (277/307)        
2022-11-21T19:29:33.7606635Z remote: Compressing objects:  91% (280/307)        
2022-11-21T19:29:33.7607080Z remote: Compressing objects:  92% (283/307)        
2022-11-21T19:29:33.7607740Z remote: Compressing objects:  93% (286/307)        
2022-11-21T19:29:33.7608192Z remote: Compressing objects:  94% (289/307)        
2022-11-21T19:29:33.7608846Z remote: Compressing objects:  95% (292/307)        
2022-11-21T19:29:33.7609270Z remote: Compressing objects:  96% (295/307)        
2022-11-21T19:29:33.7610130Z remote: Compressing objects:  97% (298/307)        
2022-11-21T19:29:33.7611148Z remote: Compressing objects:  98% (301/307)        
2022-11-21T19:29:33.7611565Z remote: Compressing objects:  99% (304/307)        
2022-11-21T19:29:33.7612424Z remote: Compressing objects: 100% (307/307)        
2022-11-21T19:29:33.7612748Z remote: Compressing objects: 100% (307/307), done.        
2022-11-21T19:29:33.7627269Z Receiving objects:   0% (1/364)
2022-11-21T19:29:33.7627552Z Receiving objects:   1% (4/364)
2022-11-21T19:29:33.7627786Z Receiving objects:   2% (8/364)
2022-11-21T19:29:33.7628050Z Receiving objects:   3% (11/364)
2022-11-21T19:29:33.7634112Z Receiving objects:   4% (15/364)
2022-11-21T19:29:33.7634600Z Receiving objects:   5% (19/364)
2022-11-21T19:29:33.7637958Z Receiving objects:   6% (22/364)
2022-11-21T19:29:33.7638429Z Receiving objects:   7% (26/364)
2022-11-21T19:29:33.7685531Z Receiving objects:   8% (30/364)
2022-11-21T19:29:33.7730364Z Receiving objects:   9% (33/364)
2022-11-21T19:29:33.8061418Z Receiving objects:  10% (37/364)
2022-11-21T19:29:33.8116308Z Receiving objects:  11% (41/364)
2022-11-21T19:29:33.8140809Z Receiving objects:  12% (44/364)
2022-11-21T19:29:33.8158231Z Receiving objects:  13% (48/364)
2022-11-21T19:29:33.8249494Z Receiving objects:  14% (51/364)
2022-11-21T19:29:33.8310276Z Receiving objects:  15% (55/364)
2022-11-21T19:29:33.8358899Z Receiving objects:  16% (59/364)
2022-11-21T19:29:33.8413895Z Receiving objects:  17% (62/364)
2022-11-21T19:29:33.8562549Z Receiving objects:  18% (66/364)
2022-11-21T19:29:33.8571082Z Receiving objects:  19% (70/364)
2022-11-21T19:29:33.8658541Z Receiving objects:  20% (73/364)
2022-11-21T19:29:33.8787132Z Receiving objects:  21% (77/364)
2022-11-21T19:29:33.8787426Z Receiving objects:  22% (81/364)
2022-11-21T19:29:33.8838035Z Receiving objects:  23% (84/364)
2022-11-21T19:29:33.8880379Z Receiving objects:  24% (88/364)
2022-11-21T19:29:33.8890443Z Receiving objects:  25% (91/364)
2022-11-21T19:29:33.8933202Z Receiving objects:  26% (95/364)
2022-11-21T19:29:33.8936336Z Receiving objects:  27% (99/364)
2022-11-21T19:29:33.8941835Z Receiving objects:  28% (102/364)
2022-11-21T19:29:33.8944835Z Receiving objects:  29% (106/364)
2022-11-21T19:29:33.8985868Z Receiving objects:  30% (110/364)
2022-11-21T19:29:33.9280191Z Receiving objects:  31% (113/364)
2022-11-21T19:29:33.9760911Z Receiving objects:  32% (117/364)
2022-11-21T19:29:33.9802810Z Receiving objects:  33% (121/364)
2022-11-21T19:29:33.9921661Z Receiving objects:  34% (124/364)
2022-11-21T19:29:33.9962532Z Receiving objects:  35% (128/364)
2022-11-21T19:29:34.0114899Z Receiving objects:  36% (132/364)
2022-11-21T19:29:34.0117013Z Receiving objects:  37% (135/364)
2022-11-21T19:29:34.0291466Z Receiving objects:  38% (139/364)
2022-11-21T19:29:34.0398628Z Receiving objects:  39% (142/364)
2022-11-21T19:29:34.0447465Z Receiving objects:  40% (146/364)
2022-11-21T19:29:34.0447936Z Receiving objects:  41% (150/364)
2022-11-21T19:29:34.0449606Z Receiving objects:  42% (153/364)
2022-11-21T19:29:34.0450045Z Receiving objects:  43% (157/364)
2022-11-21T19:29:34.0452447Z Receiving objects:  44% (161/364)
2022-11-21T19:29:34.0452861Z Receiving objects:  45% (164/364)
2022-11-21T19:29:34.0454763Z Receiving objects:  46% (168/364)
2022-11-21T19:29:34.0455191Z Receiving objects:  47% (172/364)
2022-11-21T19:29:34.0456796Z Receiving objects:  48% (175/364)
2022-11-21T19:29:34.0457202Z Receiving objects:  49% (179/364)
2022-11-21T19:29:34.0457794Z Receiving objects:  50% (182/364)
2022-11-21T19:29:34.0458174Z Receiving objects:  51% (186/364)
2022-11-21T19:29:34.0458763Z Receiving objects:  52% (190/364)
2022-11-21T19:29:34.0459140Z Receiving objects:  53% (193/364)
2022-11-21T19:29:34.0459723Z Receiving objects:  54% (197/364)
2022-11-21T19:29:34.0460091Z Receiving objects:  55% (201/364)
2022-11-21T19:29:34.0461526Z Receiving objects:  56% (204/364)
2022-11-21T19:29:34.0461928Z Receiving objects:  57% (208/364)
2022-11-21T19:29:34.0463131Z Receiving objects:  58% (212/364)
2022-11-21T19:29:34.0463523Z Receiving objects:  59% (215/364)
2022-11-21T19:29:34.0464115Z Receiving objects:  60% (219/364)
2022-11-21T19:29:34.0464539Z Receiving objects:  61% (223/364)
2022-11-21T19:29:34.0465120Z Receiving objects:  62% (226/364)
2022-11-21T19:29:34.0465613Z Receiving objects:  63% (230/364)
2022-11-21T19:29:34.0467664Z Receiving objects:  64% (233/364)
2022-11-21T19:29:34.0470502Z Receiving objects:  65% (237/364)
2022-11-21T19:29:34.0471399Z Receiving objects:  66% (241/364)
2022-11-21T19:29:34.0472626Z Receiving objects:  67% (244/364)
2022-11-21T19:29:34.0473073Z Receiving objects:  68% (248/364)
2022-11-21T19:29:34.0474778Z Receiving objects:  69% (252/364)
2022-11-21T19:29:34.0479312Z Receiving objects:  70% (255/364)
2022-11-21T19:29:34.0479731Z Receiving objects:  71% (259/364)
2022-11-21T19:29:34.0480326Z Receiving objects:  72% (263/364)
2022-11-21T19:29:34.0480747Z Receiving objects:  73% (266/364)
2022-11-21T19:29:34.0481427Z Receiving objects:  74% (270/364)
2022-11-21T19:29:34.0482433Z Receiving objects:  75% (273/364)
2022-11-21T19:29:34.0483063Z Receiving objects:  76% (277/364)
2022-11-21T19:29:34.0483443Z Receiving objects:  77% (281/364)
2022-11-21T19:29:34.0484129Z Receiving objects:  78% (284/364)
2022-11-21T19:29:34.0484519Z Receiving objects:  79% (288/364)
2022-11-21T19:29:34.0485094Z Receiving objects:  80% (292/364)
2022-11-21T19:29:34.0486054Z Receiving objects:  81% (295/364)
2022-11-21T19:29:34.0486679Z Receiving objects:  82% (299/364)
2022-11-21T19:29:34.0487059Z Receiving objects:  83% (303/364)
2022-11-21T19:29:34.0487631Z Receiving objects:  84% (306/364)
2022-11-21T19:29:34.0488043Z Receiving objects:  85% (310/364)
2022-11-21T19:29:34.0491180Z Receiving objects:  86% (314/364)
2022-11-21T19:29:34.0492190Z Receiving objects:  87% (317/364)
2022-11-21T19:29:34.0510619Z Receiving objects:  88% (321/364)
2022-11-21T19:29:34.0525275Z Receiving objects:  89% (324/364)
2022-11-21T19:29:34.0528027Z Receiving objects:  90% (328/364)
2022-11-21T19:29:34.0534325Z Receiving objects:  91% (332/364)
2022-11-21T19:29:34.0534710Z Receiving objects:  92% (335/364)
2022-11-21T19:29:34.0535316Z Receiving objects:  93% (339/364)
2022-11-21T19:29:34.0545016Z Receiving objects:  94% (343/364)
2022-11-21T19:29:34.0549010Z Receiving objects:  95% (346/364)
2022-11-21T19:29:34.0550778Z Receiving objects:  96% (350/364)
2022-11-21T19:29:34.0551379Z Receiving objects:  97% (354/364)
2022-11-21T19:29:34.0552239Z remote: Total 364 (delta 51), reused 220 (delta 29), pack-reused 0        
2022-11-21T19:29:34.0558730Z Receiving objects:  98% (357/364)
2022-11-21T19:29:34.0559124Z Receiving objects:  99% (361/364)
2022-11-21T19:29:34.0559871Z Receiving objects: 100% (364/364)
2022-11-21T19:29:34.0560457Z Receiving objects: 100% (364/364), 3.56 MiB | 12.10 MiB/s, done.
2022-11-21T19:29:34.0595546Z Resolving deltas:   0% (0/51)
2022-11-21T19:29:34.0596200Z Resolving deltas:   1% (1/51)
2022-11-21T19:29:34.0604017Z Resolving deltas:   3% (2/51)
2022-11-21T19:29:34.0604599Z Resolving deltas:   5% (3/51)
2022-11-21T19:29:34.0606820Z Resolving deltas:   7% (4/51)
2022-11-21T19:29:34.0641862Z Resolving deltas:   9% (5/51)
2022-11-21T19:29:34.0643331Z Resolving deltas:  11% (6/51)
2022-11-21T19:29:34.0645297Z Resolving deltas:  13% (7/51)
2022-11-21T19:29:34.0658696Z Resolving deltas:  15% (8/51)
2022-11-21T19:29:34.0659142Z Resolving deltas:  17% (9/51)
2022-11-21T19:29:34.0659740Z Resolving deltas:  19% (10/51)
2022-11-21T19:29:34.0660427Z Resolving deltas:  21% (11/51)
2022-11-21T19:29:34.0661691Z Resolving deltas:  23% (12/51)
2022-11-21T19:29:34.0662206Z Resolving deltas:  25% (13/51)
2022-11-21T19:29:34.0662813Z Resolving deltas:  27% (14/51)
2022-11-21T19:29:34.0663396Z Resolving deltas:  29% (15/51)
2022-11-21T19:29:34.0663612Z Resolving deltas:  31% (16/51)
2022-11-21T19:29:34.0663829Z Resolving deltas:  33% (17/51)
2022-11-21T19:29:34.0664097Z Resolving deltas:  35% (18/51)
2022-11-21T19:29:34.0664591Z Resolving deltas:  37% (19/51)
2022-11-21T19:29:34.0664801Z Resolving deltas:  39% (20/51)
2022-11-21T19:29:34.0665003Z Resolving deltas:  41% (21/51)
2022-11-21T19:29:34.0665209Z Resolving deltas:  43% (22/51)
2022-11-21T19:29:34.0665478Z Resolving deltas:  45% (23/51)
2022-11-21T19:29:34.0665863Z Resolving deltas:  47% (24/51)
2022-11-21T19:29:34.0666211Z Resolving deltas:  49% (25/51)
2022-11-21T19:29:34.0666521Z Resolving deltas:  50% (26/51)
2022-11-21T19:29:34.0667671Z Resolving deltas:  52% (27/51)
2022-11-21T19:29:34.0668244Z Resolving deltas:  54% (28/51)
2022-11-21T19:29:34.0669612Z Resolving deltas:  56% (29/51)
2022-11-21T19:29:34.0671030Z Resolving deltas:  58% (30/51)
2022-11-21T19:29:34.0672352Z Resolving deltas:  60% (31/51)
2022-11-21T19:29:34.0675413Z Resolving deltas:  62% (32/51)
2022-11-21T19:29:34.0676027Z Resolving deltas:  64% (33/51)
2022-11-21T19:29:34.0676616Z Resolving deltas:  66% (34/51)
2022-11-21T19:29:34.0679579Z Resolving deltas:  68% (35/51)
2022-11-21T19:29:34.0680771Z Resolving deltas:  70% (36/51)
2022-11-21T19:29:34.0681412Z Resolving deltas:  72% (37/51)
2022-11-21T19:29:34.0681962Z Resolving deltas:  74% (38/51)
2022-11-21T19:29:34.0682528Z Resolving deltas:  76% (39/51)
2022-11-21T19:29:34.0682993Z Resolving deltas:  78% (40/51)
2022-11-21T19:29:34.0683624Z Resolving deltas:  80% (41/51)
2022-11-21T19:29:34.0684011Z Resolving deltas:  82% (42/51)
2022-11-21T19:29:34.0684611Z Resolving deltas:  84% (43/51)
2022-11-21T19:29:34.0684993Z Resolving deltas:  86% (44/51)
2022-11-21T19:29:34.0685577Z Resolving deltas:  88% (45/51)
2022-11-21T19:29:34.0686012Z Resolving deltas:  90% (46/51)
2022-11-21T19:29:34.0686595Z Resolving deltas:  92% (47/51)
2022-11-21T19:29:34.0686976Z Resolving deltas:  94% (48/51)
2022-11-21T19:29:34.0687751Z Resolving deltas:  96% (49/51)
2022-11-21T19:29:34.0690749Z Resolving deltas:  98% (50/51)
2022-11-21T19:29:34.0691378Z Resolving deltas: 100% (51/51)
2022-11-21T19:29:34.0692213Z Resolving deltas: 100% (51/51), done.
2022-11-21T19:29:34.0810473Z From https://github.com/AlphaSteam/julia-vscode-microprint-test
2022-11-21T19:29:34.0811150Z  * [new ref]         60ccabb18abdf4f5b1afd718ce4e98a07a0a6a10 -> origin/master
2022-11-21T19:29:34.0833115Z ##[endgroup]
2022-11-21T19:29:34.0833676Z ##[group]Determining the checkout info
2022-11-21T19:29:34.0837668Z ##[endgroup]
2022-11-21T19:29:34.0838175Z ##[group]Checking out the ref
2022-11-21T19:29:34.0844551Z [command]/usr/bin/git checkout --progress --force -B master refs/remotes/origin/master
2022-11-21T19:29:34.1621576Z Reset branch 'master'
2022-11-21T19:29:34.1644639Z branch 'master' set up to track 'origin/master'.
2022-11-21T19:29:34.1645701Z ##[endgroup]
2022-11-21T19:29:34.1646620Z ##[group]Setting up auth for fetching submodules
2022-11-21T19:29:34.1647350Z [command]/usr/bin/git config --global http.https://github.com/.extraheader AUTHORIZATION: basic ***
2022-11-21T19:29:34.1665424Z [command]/usr/bin/git config --global --unset-all url.https://github.com/.insteadOf
2022-11-21T19:29:34.1700613Z [command]/usr/bin/git config --global --add url.https://github.com/.insteadOf git@github.com:
2022-11-21T19:29:34.1737091Z [command]/usr/bin/git config --global --add url.https://github.com/.insteadOf org-30818940@github.com:
2022-11-21T19:29:34.1768878Z ##[endgroup]
2022-11-21T19:29:34.1769601Z ##[group]Fetching submodules
2022-11-21T19:29:34.1773067Z [command]/usr/bin/git submodule sync
2022-11-21T19:29:34.2012677Z [command]/usr/bin/git -c protocol.version=2 submodule update --init --force --depth=1
2022-11-21T19:29:34.2244364Z Submodule 'libs/jl-profile' (https://github.com/pfitzseb/jl-profile.js.git) registered for path 'libs/jl-profile'
2022-11-21T19:29:34.2249241Z Submodule 'scripts/packages-old/JuliaInterpreter' (https://github.com/JuliaDebug/JuliaInterpreter.jl.git) registered for path 'scripts/packages-old/JuliaInterpreter'
2022-11-21T19:29:34.2253990Z Submodule 'scripts/packages/CSTParser' (https://github.com/julia-vscode/CSTParser.jl.git) registered for path 'scripts/packages/CSTParser'
2022-11-21T19:29:34.2259001Z Submodule 'scripts/packages/CodeTracking' (https://github.com/timholy/CodeTracking.jl.git) registered for path 'scripts/packages/CodeTracking'
2022-11-21T19:29:34.2264290Z Submodule 'scripts/packages/CommonMark' (https://github.com/MichaelHatherly/CommonMark.jl.git) registered for path 'scripts/packages/CommonMark'
2022-11-21T19:29:34.2269393Z Submodule 'scripts/packages/Compat' (https://github.com/JuliaLang/Compat.jl.git) registered for path 'scripts/packages/Compat'
2022-11-21T19:29:34.2275070Z Submodule 'scripts/packages/CoverageTools' (https://github.com/JuliaCI/CoverageTools.jl.git) registered for path 'scripts/packages/CoverageTools'
2022-11-21T19:29:34.2280066Z Submodule 'scripts/packages/Crayons' (https://github.com/KristofferC/Crayons.jl.git) registered for path 'scripts/packages/Crayons'
2022-11-21T19:29:34.2285256Z Submodule 'scripts/packages/DataStructures' (https://github.com/JuliaCollections/DataStructures.jl.git) registered for path 'scripts/packages/DataStructures'
2022-11-21T19:29:34.2291715Z Submodule 'scripts/packages/DebugAdapter' (https://github.com/julia-vscode/DebugAdapter.jl.git) registered for path 'scripts/packages/DebugAdapter'
2022-11-21T19:29:34.2297179Z Submodule 'scripts/packages/FilePathsBase' (https://github.com/rofinn/FilePathsBase.jl.git) registered for path 'scripts/packages/FilePathsBase'
2022-11-21T19:29:34.2304096Z Submodule 'scripts/packages/IJuliaCore' (https://github.com/JuliaLang/IJuliaCore.jl.git) registered for path 'scripts/packages/IJuliaCore'
2022-11-21T19:29:34.2310856Z Submodule 'scripts/packages/JSON' (https://github.com/JuliaIO/JSON.jl.git) registered for path 'scripts/packages/JSON'
2022-11-21T19:29:34.2316624Z Submodule 'scripts/packages/JSONRPC' (https://github.com/julia-vscode/JSONRPC.jl.git) registered for path 'scripts/packages/JSONRPC'
2022-11-21T19:29:34.2322711Z Submodule 'scripts/packages/JuliaFormatter' (https://github.com/domluna/JuliaFormatter.jl.git) registered for path 'scripts/packages/JuliaFormatter'
2022-11-21T19:29:34.2328671Z Submodule 'scripts/packages/JuliaInterpreter' (https://github.com/JuliaDebug/JuliaInterpreter.jl.git) registered for path 'scripts/packages/JuliaInterpreter'
2022-11-21T19:29:34.2334911Z Submodule 'scripts/packages/LanguageServer' (https://github.com/julia-vscode/LanguageServer.jl.git) registered for path 'scripts/packages/LanguageServer'
2022-11-21T19:29:34.2341784Z Submodule 'scripts/packages/LoweredCodeUtils' (https://github.com/JuliaDebug/LoweredCodeUtils.jl.git) registered for path 'scripts/packages/LoweredCodeUtils'
2022-11-21T19:29:34.2348248Z Submodule 'scripts/packages/OrderedCollections' (https://github.com/JuliaCollections/OrderedCollections.jl.git) registered for path 'scripts/packages/OrderedCollections'
2022-11-21T19:29:34.2354997Z Submodule 'scripts/packages/PackageCompiler' (https://github.com/JuliaLang/PackageCompiler.jl.git) registered for path 'scripts/packages/PackageCompiler'
2022-11-21T19:29:34.2361415Z Submodule 'scripts/packages/Revise' (https://github.com/timholy/Revise.jl) registered for path 'scripts/packages/Revise'
2022-11-21T19:29:34.2368228Z Submodule 'scripts/packages/StaticLint' (https://github.com/julia-vscode/StaticLint.jl) registered for path 'scripts/packages/StaticLint'
2022-11-21T19:29:34.2375319Z Submodule 'scripts/packages/SymbolServer' (https://github.com/julia-vscode/SymbolServer.jl.git) registered for path 'scripts/packages/SymbolServer'
2022-11-21T19:29:34.2383212Z Submodule 'scripts/packages/TestEnv' (https://github.com/davidanthoff/TestEnv.jl) registered for path 'scripts/packages/TestEnv'
2022-11-21T19:29:34.2390523Z Submodule 'scripts/packages/TestItemDetection' (https://github.com/julia-vscode/TestItemDetection.jl) registered for path 'scripts/packages/TestItemDetection'
2022-11-21T19:29:34.2397635Z Submodule 'scripts/packages/Tokenize' (https://github.com/JuliaLang/Tokenize.jl.git) registered for path 'scripts/packages/Tokenize'
2022-11-21T19:29:34.2404956Z Submodule 'scripts/packages/URIParser' (https://github.com/JuliaWeb/URIParser.jl.git) registered for path 'scripts/packages/URIParser'
2022-11-21T19:29:34.2412286Z Submodule 'scripts/packages/URIs' (https://github.com/JuliaWeb/URIs.jl.git) registered for path 'scripts/packages/URIs'
2022-11-21T19:29:34.2443001Z Cloning into '/home/runner/work/julia-vscode-microprint-test/julia-vscode-microprint-test/libs/jl-profile'...
2022-11-21T19:29:34.5301341Z Cloning into '/home/runner/work/julia-vscode-microprint-test/julia-vscode-microprint-test/scripts/packages-old/JuliaInterpreter'...
2022-11-21T19:29:34.8583485Z Cloning into '/home/runner/work/julia-vscode-microprint-test/julia-vscode-microprint-test/scripts/packages/CSTParser'...
2022-11-21T19:29:35.5348592Z Cloning into '/home/runner/work/julia-vscode-microprint-test/julia-vscode-microprint-test/scripts/packages/CodeTracking'...
2022-11-21T19:29:35.7804854Z Cloning into '/home/runner/work/julia-vscode-microprint-test/julia-vscode-microprint-test/scripts/packages/CommonMark'...
2022-11-21T19:29:36.0898565Z Cloning into '/home/runner/work/julia-vscode-microprint-test/julia-vscode-microprint-test/scripts/packages/Compat'...
2022-11-21T19:29:36.3670750Z Cloning into '/home/runner/work/julia-vscode-microprint-test/julia-vscode-microprint-test/scripts/packages/CoverageTools'...
2022-11-21T19:29:36.6670303Z Cloning into '/home/runner/work/julia-vscode-microprint-test/julia-vscode-microprint-test/scripts/packages/Crayons'...
2022-11-21T19:29:36.9468485Z Cloning into '/home/runner/work/julia-vscode-microprint-test/julia-vscode-microprint-test/scripts/packages/DataStructures'...
2022-11-21T19:29:37.3222496Z Cloning into '/home/runner/work/julia-vscode-microprint-test/julia-vscode-microprint-test/scripts/packages/DebugAdapter'...
2022-11-21T19:29:37.6744169Z Cloning into '/home/runner/work/julia-vscode-microprint-test/julia-vscode-microprint-test/scripts/packages/FilePathsBase'...
2022-11-21T19:29:37.9855130Z Cloning into '/home/runner/work/julia-vscode-microprint-test/julia-vscode-microprint-test/scripts/packages/IJuliaCore'...
2022-11-21T19:29:38.2585266Z Cloning into '/home/runner/work/julia-vscode-microprint-test/julia-vscode-microprint-test/scripts/packages/JSON'...
2022-11-21T19:29:38.5828257Z Cloning into '/home/runner/work/julia-vscode-microprint-test/julia-vscode-microprint-test/scripts/packages/JSONRPC'...
2022-11-21T19:29:38.8531467Z Cloning into '/home/runner/work/julia-vscode-microprint-test/julia-vscode-microprint-test/scripts/packages/JuliaFormatter'...
2022-11-21T19:29:39.2033697Z Cloning into '/home/runner/work/julia-vscode-microprint-test/julia-vscode-microprint-test/scripts/packages/JuliaInterpreter'...
2022-11-21T19:29:39.5564228Z Cloning into '/home/runner/work/julia-vscode-microprint-test/julia-vscode-microprint-test/scripts/packages/LanguageServer'...
2022-11-21T19:29:39.9701782Z Cloning into '/home/runner/work/julia-vscode-microprint-test/julia-vscode-microprint-test/scripts/packages/LoweredCodeUtils'...
2022-11-21T19:29:40.2964330Z Cloning into '/home/runner/work/julia-vscode-microprint-test/julia-vscode-microprint-test/scripts/packages/OrderedCollections'...
2022-11-21T19:29:40.5650326Z Cloning into '/home/runner/work/julia-vscode-microprint-test/julia-vscode-microprint-test/scripts/packages/PackageCompiler'...
2022-11-21T19:29:40.8854273Z Cloning into '/home/runner/work/julia-vscode-microprint-test/julia-vscode-microprint-test/scripts/packages/Revise'...
2022-11-21T19:29:41.2021132Z Cloning into '/home/runner/work/julia-vscode-microprint-test/julia-vscode-microprint-test/scripts/packages/StaticLint'...
2022-11-21T19:29:41.6364393Z Cloning into '/home/runner/work/julia-vscode-microprint-test/julia-vscode-microprint-test/scripts/packages/SymbolServer'...
2022-11-21T19:29:42.0861538Z Cloning into '/home/runner/work/julia-vscode-microprint-test/julia-vscode-microprint-test/scripts/packages/TestEnv'...
2022-11-21T19:29:42.3462057Z Cloning into '/home/runner/work/julia-vscode-microprint-test/julia-vscode-microprint-test/scripts/packages/TestItemDetection'...
2022-11-21T19:29:42.6642599Z Cloning into '/home/runner/work/julia-vscode-microprint-test/julia-vscode-microprint-test/scripts/packages/Tokenize'...
2022-11-21T19:29:42.9668148Z Cloning into '/home/runner/work/julia-vscode-microprint-test/julia-vscode-microprint-test/scripts/packages/URIParser'...
2022-11-21T19:29:43.2545215Z Cloning into '/home/runner/work/julia-vscode-microprint-test/julia-vscode-microprint-test/scripts/packages/URIs'...
2022-11-21T19:29:44.5401275Z From https://github.com/pfitzseb/jl-profile.js
2022-11-21T19:29:44.5413975Z  * branch            44fe7c33bc23a8e4cdb3b67674994fe2564245bf -> FETCH_HEAD
2022-11-21T19:29:44.5454836Z Submodule path 'libs/jl-profile': checked out '44fe7c33bc23a8e4cdb3b67674994fe2564245bf'
2022-11-21T19:29:45.4105449Z From https://github.com/JuliaDebug/JuliaInterpreter.jl
2022-11-21T19:29:45.4106578Z  * branch            398721d10be2edf40883a11b98e210ccda5393e3 -> FETCH_HEAD
2022-11-21T19:29:45.4201871Z Submodule path 'scripts/packages-old/JuliaInterpreter': checked out '398721d10be2edf40883a11b98e210ccda5393e3'
2022-11-21T19:29:46.0690633Z From https://github.com/julia-vscode/CSTParser.jl
2022-11-21T19:29:46.0691136Z  * branch            b5cb953e12d8c5c8191e1fcb6aef80ecab7f6a06 -> FETCH_HEAD
2022-11-21T19:29:46.0772971Z Submodule path 'scripts/packages/CSTParser': checked out 'b5cb953e12d8c5c8191e1fcb6aef80ecab7f6a06'
2022-11-21T19:29:46.6779324Z From https://github.com/timholy/CodeTracking.jl
2022-11-21T19:29:46.6780061Z  * branch            426fc0e5af69ca410f3a1b77458db5fc5d68e864 -> FETCH_HEAD
2022-11-21T19:29:46.6834328Z Submodule path 'scripts/packages/CodeTracking': checked out '426fc0e5af69ca410f3a1b77458db5fc5d68e864'
2022-11-21T19:29:47.2883170Z From https://github.com/MichaelHatherly/CommonMark.jl
2022-11-21T19:29:47.2883856Z  * branch            287e39ae128e80a6647d2d9762bf22040adffea1 -> FETCH_HEAD
2022-11-21T19:29:47.3022733Z Submodule path 'scripts/packages/CommonMark': checked out '287e39ae128e80a6647d2d9762bf22040adffea1'
2022-11-21T19:29:47.9744845Z From https://github.com/JuliaLang/Compat.jl
2022-11-21T19:29:47.9812386Z  * branch            3ae185fa45a3091b387b67b6fd8f58f761854238 -> FETCH_HEAD
2022-11-21T19:29:47.9812964Z Submodule path 'scripts/packages/Compat': checked out '3ae185fa45a3091b387b67b6fd8f58f761854238'
2022-11-21T19:29:47.9893380Z Submodule path 'scripts/packages/CoverageTools': checked out '9d8fba371f4c65a7e9ca3bdaae753a52bcb22218'
2022-11-21T19:29:48.8070320Z From https://github.com/KristofferC/Crayons.jl
2022-11-21T19:29:48.8071158Z  * branch            4cf50b8e5e1a250a5b3466937fa0421c78bafdf4 -> FETCH_HEAD
2022-11-21T19:29:48.8130170Z Submodule path 'scripts/packages/Crayons': checked out '4cf50b8e5e1a250a5b3466937fa0421c78bafdf4'
2022-11-21T19:29:49.5204655Z From https://github.com/JuliaCollections/DataStructures.jl
2022-11-21T19:29:49.5205343Z  * branch            d0dd2a012ebd07ff31193b21130109baa50cfe2b -> FETCH_HEAD
2022-11-21T19:29:49.5338540Z Submodule path 'scripts/packages/DataStructures': checked out 'd0dd2a012ebd07ff31193b21130109baa50cfe2b'
2022-11-21T19:29:50.1101745Z From https://github.com/julia-vscode/DebugAdapter.jl
2022-11-21T19:29:50.1102368Z  * branch            b0991c1664d948d9bbb1ab2cac56606511981df5 -> FETCH_HEAD
2022-11-21T19:29:50.1163936Z Submodule path 'scripts/packages/DebugAdapter': checked out 'b0991c1664d948d9bbb1ab2cac56606511981df5'
2022-11-21T19:29:50.1248219Z Submodule path 'scripts/packages/FilePathsBase': checked out '336666220f9ddd7a15a7f059925a359d51c6cead'
2022-11-21T19:29:50.1322413Z Submodule path 'scripts/packages/IJuliaCore': checked out 'c3e48ef9ee9a34d9be6abe1fe9033317638950ba'
2022-11-21T19:29:50.7951341Z From https://github.com/JuliaIO/JSON.jl
2022-11-21T19:29:50.7952029Z  * branch            4b3913d58f04cc5bb2f8d23c6ef82e0fbed20525 -> FETCH_HEAD
2022-11-21T19:29:50.8034908Z Submodule path 'scripts/packages/JSON': checked out '4b3913d58f04cc5bb2f8d23c6ef82e0fbed20525'
2022-11-21T19:29:52.8715542Z From https://github.com/julia-vscode/JSONRPC.jl
2022-11-21T19:29:52.8716354Z  * branch            982acfdb112b7198a025edcf3930c6a6a27913e1 -> FETCH_HEAD
2022-11-21T19:29:52.8774754Z Submodule path 'scripts/packages/JSONRPC': checked out '982acfdb112b7198a025edcf3930c6a6a27913e1'
2022-11-21T19:29:53.5771986Z From https://github.com/domluna/JuliaFormatter.jl
2022-11-21T19:29:53.5772679Z  * branch            6c0f94468eaef63405fbcbb11943314a164262d6 -> FETCH_HEAD
2022-11-21T19:29:53.5935913Z Submodule path 'scripts/packages/JuliaFormatter': checked out '6c0f94468eaef63405fbcbb11943314a164262d6'
2022-11-21T19:29:54.4196215Z From https://github.com/JuliaDebug/JuliaInterpreter.jl
2022-11-21T19:29:54.4197076Z  * branch            a840f1ad085e7606bb3a7cdc705d863f3c49ab92 -> FETCH_HEAD
2022-11-21T19:29:54.4287284Z Submodule path 'scripts/packages/JuliaInterpreter': checked out 'a840f1ad085e7606bb3a7cdc705d863f3c49ab92'
2022-11-21T19:29:55.1032302Z From https://github.com/julia-vscode/LanguageServer.jl
2022-11-21T19:29:55.1032805Z  * branch            fe1ae60fdf795218b82dba4ba35028adab0bd348 -> FETCH_HEAD
2022-11-21T19:29:55.1128416Z Submodule path 'scripts/packages/LanguageServer': checked out 'fe1ae60fdf795218b82dba4ba35028adab0bd348'
2022-11-21T19:29:55.1212244Z Submodule path 'scripts/packages/LoweredCodeUtils': checked out 'b71c05b0d28cb5b3ad0301b816e0a1c4e531ea0d'
2022-11-21T19:29:56.7605363Z From https://github.com/JuliaCollections/OrderedCollections.jl
2022-11-21T19:29:56.7606319Z  * branch            adb9415570faeba7e8c6d800cd743de06104e97e -> FETCH_HEAD
2022-11-21T19:29:56.7668369Z Submodule path 'scripts/packages/OrderedCollections': checked out 'adb9415570faeba7e8c6d800cd743de06104e97e'
2022-11-21T19:29:57.4834714Z From https://github.com/JuliaLang/PackageCompiler.jl
2022-11-21T19:29:57.4835445Z  * branch            78f4d52026c4895fa08c8ee0d61905a6914ea8c3 -> FETCH_HEAD
2022-11-21T19:29:57.4923373Z Submodule path 'scripts/packages/PackageCompiler': checked out '78f4d52026c4895fa08c8ee0d61905a6914ea8c3'
2022-11-21T19:29:58.1321362Z From https://github.com/timholy/Revise.jl
2022-11-21T19:29:58.1322226Z  * branch            ca3b5cffd26325e3a3fd69932f5dc827ff156a3b -> FETCH_HEAD
2022-11-21T19:29:58.1435843Z Submodule path 'scripts/packages/Revise': checked out 'ca3b5cffd26325e3a3fd69932f5dc827ff156a3b'
2022-11-21T19:29:58.7238590Z From https://github.com/julia-vscode/StaticLint.jl
2022-11-21T19:29:58.7239082Z  * branch            6235a532ff6b51a33ef56955286b7d0602912fd6 -> FETCH_HEAD
2022-11-21T19:29:58.7313492Z Submodule path 'scripts/packages/StaticLint': checked out '6235a532ff6b51a33ef56955286b7d0602912fd6'
2022-11-21T19:29:59.3691689Z From https://github.com/julia-vscode/SymbolServer.jl
2022-11-21T19:29:59.3694649Z  * branch            99500d621b17cca5a46232808e8ad388370d2ae8 -> FETCH_HEAD
2022-11-21T19:29:59.3764188Z Submodule path 'scripts/packages/SymbolServer': checked out '99500d621b17cca5a46232808e8ad388370d2ae8'
2022-11-21T19:30:00.0193365Z From https://github.com/davidanthoff/TestEnv.jl
2022-11-21T19:30:00.0194432Z  * branch            14dd0d9a3df31dcd29bb6434dd9b287fe4a2803b -> FETCH_HEAD
2022-11-21T19:30:00.0267230Z Submodule path 'scripts/packages/TestEnv': checked out '14dd0d9a3df31dcd29bb6434dd9b287fe4a2803b'
2022-11-21T19:30:00.6969417Z From https://github.com/julia-vscode/TestItemDetection.jl
2022-11-21T19:30:00.6970195Z  * branch            d9db8c5707c5e7a6e167e0e583eb06261ef5408b -> FETCH_HEAD
2022-11-21T19:30:00.7026909Z Submodule path 'scripts/packages/TestItemDetection': checked out 'd9db8c5707c5e7a6e167e0e583eb06261ef5408b'
2022-11-21T19:30:01.6919265Z From https://github.com/JuliaLang/Tokenize.jl
2022-11-21T19:30:01.6920038Z  * branch            49b112248e846040c13f28e223493f90cc717fa5 -> FETCH_HEAD
2022-11-21T19:30:01.6983830Z Submodule path 'scripts/packages/Tokenize': checked out '49b112248e846040c13f28e223493f90cc717fa5'
2022-11-21T19:30:04.5117456Z From https://github.com/JuliaWeb/URIParser.jl
2022-11-21T19:30:04.5118363Z  * branch            1d3532dfe5330f567a8eb64a37a37b1b8c536628 -> FETCH_HEAD
2022-11-21T19:30:04.5176485Z Submodule path 'scripts/packages/URIParser': checked out '1d3532dfe5330f567a8eb64a37a37b1b8c536628'
2022-11-21T19:30:05.7468179Z From https://github.com/JuliaWeb/URIs.jl
2022-11-21T19:30:05.7469161Z  * branch            0ce3d89b81dadaae52b104353843ef67ceecd176 -> FETCH_HEAD
2022-11-21T19:30:05.7528546Z Submodule path 'scripts/packages/URIs': checked out '0ce3d89b81dadaae52b104353843ef67ceecd176'
2022-11-21T19:30:05.7539284Z [command]/usr/bin/git submodule foreach git config --local gc.auto 0
2022-11-21T19:30:05.7755167Z Entering 'libs/jl-profile'
2022-11-21T19:30:05.7782348Z Entering 'scripts/packages-old/JuliaInterpreter'
2022-11-21T19:30:05.7805099Z Entering 'scripts/packages/CSTParser'
2022-11-21T19:30:05.7827746Z Entering 'scripts/packages/CodeTracking'
2022-11-21T19:30:05.7850742Z Entering 'scripts/packages/CommonMark'
2022-11-21T19:30:05.7874385Z Entering 'scripts/packages/Compat'
2022-11-21T19:30:05.7897160Z Entering 'scripts/packages/CoverageTools'
2022-11-21T19:30:05.7920320Z Entering 'scripts/packages/Crayons'
2022-11-21T19:30:05.7943271Z Entering 'scripts/packages/DataStructures'
2022-11-21T19:30:05.7965627Z Entering 'scripts/packages/DebugAdapter'
2022-11-21T19:30:05.7988215Z Entering 'scripts/packages/FilePathsBase'
2022-11-21T19:30:05.8013057Z Entering 'scripts/packages/IJuliaCore'
2022-11-21T19:30:05.8035909Z Entering 'scripts/packages/JSON'
2022-11-21T19:30:05.8059485Z Entering 'scripts/packages/JSONRPC'
2022-11-21T19:30:05.8082779Z Entering 'scripts/packages/JuliaFormatter'
2022-11-21T19:30:05.8106765Z Entering 'scripts/packages/JuliaInterpreter'
2022-11-21T19:30:05.8129069Z Entering 'scripts/packages/LanguageServer'
2022-11-21T19:30:05.8154060Z Entering 'scripts/packages/LoweredCodeUtils'
2022-11-21T19:30:05.8176585Z Entering 'scripts/packages/OrderedCollections'
2022-11-21T19:30:05.8202601Z Entering 'scripts/packages/PackageCompiler'
2022-11-21T19:30:05.8224932Z Entering 'scripts/packages/Revise'
2022-11-21T19:30:05.8249748Z Entering 'scripts/packages/StaticLint'
2022-11-21T19:30:05.8273173Z Entering 'scripts/packages/SymbolServer'
2022-11-21T19:30:05.8298011Z Entering 'scripts/packages/TestEnv'
2022-11-21T19:30:05.8320674Z Entering 'scripts/packages/TestItemDetection'
2022-11-21T19:30:05.8346186Z Entering 'scripts/packages/Tokenize'
2022-11-21T19:30:05.8368505Z Entering 'scripts/packages/URIParser'
2022-11-21T19:30:05.8393641Z Entering 'scripts/packages/URIs'
2022-11-21T19:30:05.8422225Z ##[endgroup]
2022-11-21T19:30:05.8423104Z ##[group]Persisting credentials for submodules
2022-11-21T19:30:05.8436936Z [command]/usr/bin/git submodule foreach --recursive git config --local --name-only --get-regexp 'url\.https\:\/\/github\.com\/\.insteadOf' && git config --local --unset-all 'url.https://github.com/.insteadOf' || :
2022-11-21T19:30:05.8642890Z Entering 'libs/jl-profile'
2022-11-21T19:30:05.8684901Z Entering 'scripts/packages-old/JuliaInterpreter'
2022-11-21T19:30:05.8721947Z Entering 'scripts/packages/CSTParser'
2022-11-21T19:30:05.8759137Z Entering 'scripts/packages/CodeTracking'
2022-11-21T19:30:05.8796100Z Entering 'scripts/packages/CommonMark'
2022-11-21T19:30:05.8833738Z Entering 'scripts/packages/Compat'
2022-11-21T19:30:05.8871264Z Entering 'scripts/packages/CoverageTools'
2022-11-21T19:30:05.8907768Z Entering 'scripts/packages/Crayons'
2022-11-21T19:30:05.8945171Z Entering 'scripts/packages/DataStructures'
2022-11-21T19:30:05.8982834Z Entering 'scripts/packages/DebugAdapter'
2022-11-21T19:30:05.9018795Z Entering 'scripts/packages/FilePathsBase'
2022-11-21T19:30:05.9054365Z Entering 'scripts/packages/IJuliaCore'
2022-11-21T19:30:05.9092607Z Entering 'scripts/packages/JSON'
2022-11-21T19:30:05.9128959Z Entering 'scripts/packages/JSONRPC'
2022-11-21T19:30:05.9167981Z Entering 'scripts/packages/JuliaFormatter'
2022-11-21T19:30:05.9204122Z Entering 'scripts/packages/JuliaInterpreter'
2022-11-21T19:30:05.9242736Z Entering 'scripts/packages/LanguageServer'
2022-11-21T19:30:05.9278281Z Entering 'scripts/packages/LoweredCodeUtils'
2022-11-21T19:30:05.9316316Z Entering 'scripts/packages/OrderedCollections'
2022-11-21T19:30:05.9351838Z Entering 'scripts/packages/PackageCompiler'
2022-11-21T19:30:05.9389077Z Entering 'scripts/packages/Revise'
2022-11-21T19:30:05.9425879Z Entering 'scripts/packages/StaticLint'
2022-11-21T19:30:05.9462010Z Entering 'scripts/packages/SymbolServer'
2022-11-21T19:30:05.9498089Z Entering 'scripts/packages/TestEnv'
2022-11-21T19:30:05.9533769Z Entering 'scripts/packages/TestItemDetection'
2022-11-21T19:30:05.9569855Z Entering 'scripts/packages/Tokenize'
2022-11-21T19:30:05.9605943Z Entering 'scripts/packages/URIParser'
2022-11-21T19:30:05.9642108Z Entering 'scripts/packages/URIs'
2022-11-21T19:30:05.9687895Z [command]/usr/bin/git submodule foreach git config --local 'http.https://github.com/.extraheader' 'AUTHORIZATION: basic ***' && git config --local --show-origin --name-only --get-regexp remote.origin.url
2022-11-21T19:30:05.9902444Z Entering 'libs/jl-profile'
2022-11-21T19:30:05.9937943Z file:/home/runner/work/julia-vscode-microprint-test/julia-vscode-microprint-test/.git/modules/libs/jl-profile/config	remote.origin.url
2022-11-21T19:30:05.9943588Z Entering 'scripts/packages-old/JuliaInterpreter'
2022-11-21T19:30:05.9976754Z file:/home/runner/work/julia-vscode-microprint-test/julia-vscode-microprint-test/.git/modules/scripts/packages-old/JuliaInterpreter/config	remote.origin.url
2022-11-21T19:30:05.9982128Z Entering 'scripts/packages/CSTParser'
2022-11-21T19:30:06.0014932Z file:/home/runner/work/julia-vscode-microprint-test/julia-vscode-microprint-test/.git/modules/scripts/packages/CSTParser/config	remote.origin.url
2022-11-21T19:30:06.0019778Z Entering 'scripts/packages/CodeTracking'
2022-11-21T19:30:06.0052897Z file:/home/runner/work/julia-vscode-microprint-test/julia-vscode-microprint-test/.git/modules/scripts/packages/CodeTracking/config	remote.origin.url
2022-11-21T19:30:06.0057765Z Entering 'scripts/packages/CommonMark'
2022-11-21T19:30:06.0090932Z file:/home/runner/work/julia-vscode-microprint-test/julia-vscode-microprint-test/.git/modules/scripts/packages/CommonMark/config	remote.origin.url
2022-11-21T19:30:06.0095724Z Entering 'scripts/packages/Compat'
2022-11-21T19:30:06.0128675Z file:/home/runner/work/julia-vscode-microprint-test/julia-vscode-microprint-test/.git/modules/scripts/packages/Compat/config	remote.origin.url
2022-11-21T19:30:06.0133485Z Entering 'scripts/packages/CoverageTools'
2022-11-21T19:30:06.0167072Z file:/home/runner/work/julia-vscode-microprint-test/julia-vscode-microprint-test/.git/modules/scripts/packages/CoverageTools/config	remote.origin.url
2022-11-21T19:30:06.0171888Z Entering 'scripts/packages/Crayons'
2022-11-21T19:30:06.0204707Z file:/home/runner/work/julia-vscode-microprint-test/julia-vscode-microprint-test/.git/modules/scripts/packages/Crayons/config	remote.origin.url
2022-11-21T19:30:06.0209572Z Entering 'scripts/packages/DataStructures'
2022-11-21T19:30:06.0243793Z file:/home/runner/work/julia-vscode-microprint-test/julia-vscode-microprint-test/.git/modules/scripts/packages/DataStructures/config	remote.origin.url
2022-11-21T19:30:06.0248634Z Entering 'scripts/packages/DebugAdapter'
2022-11-21T19:30:06.0281599Z file:/home/runner/work/julia-vscode-microprint-test/julia-vscode-microprint-test/.git/modules/scripts/packages/DebugAdapter/config	remote.origin.url
2022-11-21T19:30:06.0286423Z Entering 'scripts/packages/FilePathsBase'
2022-11-21T19:30:06.0320018Z file:/home/runner/work/julia-vscode-microprint-test/julia-vscode-microprint-test/.git/modules/scripts/packages/FilePathsBase/config	remote.origin.url
2022-11-21T19:30:06.0324857Z Entering 'scripts/packages/IJuliaCore'
2022-11-21T19:30:06.0357638Z file:/home/runner/work/julia-vscode-microprint-test/julia-vscode-microprint-test/.git/modules/scripts/packages/IJuliaCore/config	remote.origin.url
2022-11-21T19:30:06.0362405Z Entering 'scripts/packages/JSON'
2022-11-21T19:30:06.0395850Z file:/home/runner/work/julia-vscode-microprint-test/julia-vscode-microprint-test/.git/modules/scripts/packages/JSON/config	remote.origin.url
2022-11-21T19:30:06.0399125Z Entering 'scripts/packages/JSONRPC'
2022-11-21T19:30:06.0432127Z file:/home/runner/work/julia-vscode-microprint-test/julia-vscode-microprint-test/.git/modules/scripts/packages/JSONRPC/config	remote.origin.url
2022-11-21T19:30:06.0435454Z Entering 'scripts/packages/JuliaFormatter'
2022-11-21T19:30:06.0468821Z file:/home/runner/work/julia-vscode-microprint-test/julia-vscode-microprint-test/.git/modules/scripts/packages/JuliaFormatter/config	remote.origin.url
2022-11-21T19:30:06.0473699Z Entering 'scripts/packages/JuliaInterpreter'
2022-11-21T19:30:06.0506512Z file:/home/runner/work/julia-vscode-microprint-test/julia-vscode-microprint-test/.git/modules/scripts/packages/JuliaInterpreter/config	remote.origin.url
2022-11-21T19:30:06.0510602Z Entering 'scripts/packages/LanguageServer'
2022-11-21T19:30:06.0544543Z file:/home/runner/work/julia-vscode-microprint-test/julia-vscode-microprint-test/.git/modules/scripts/packages/LanguageServer/config	remote.origin.url
2022-11-21T19:30:06.0548566Z Entering 'scripts/packages/LoweredCodeUtils'
2022-11-21T19:30:06.0581597Z file:/home/runner/work/julia-vscode-microprint-test/julia-vscode-microprint-test/.git/modules/scripts/packages/LoweredCodeUtils/config	remote.origin.url
2022-11-21T19:30:06.0585719Z Entering 'scripts/packages/OrderedCollections'
2022-11-21T19:30:06.0618240Z file:/home/runner/work/julia-vscode-microprint-test/julia-vscode-microprint-test/.git/modules/scripts/packages/OrderedCollections/config	remote.origin.url
2022-11-21T19:30:06.0622499Z Entering 'scripts/packages/PackageCompiler'
2022-11-21T19:30:06.0655119Z file:/home/runner/work/julia-vscode-microprint-test/julia-vscode-microprint-test/.git/modules/scripts/packages/PackageCompiler/config	remote.origin.url
2022-11-21T19:30:06.0659113Z Entering 'scripts/packages/Revise'
2022-11-21T19:30:06.0692202Z file:/home/runner/work/julia-vscode-microprint-test/julia-vscode-microprint-test/.git/modules/scripts/packages/Revise/config	remote.origin.url
2022-11-21T19:30:06.0696096Z Entering 'scripts/packages/StaticLint'
2022-11-21T19:30:06.0730170Z file:/home/runner/work/julia-vscode-microprint-test/julia-vscode-microprint-test/.git/modules/scripts/packages/StaticLint/config	remote.origin.url
2022-11-21T19:30:06.0734080Z Entering 'scripts/packages/SymbolServer'
2022-11-21T19:30:06.0767050Z file:/home/runner/work/julia-vscode-microprint-test/julia-vscode-microprint-test/.git/modules/scripts/packages/SymbolServer/config	remote.origin.url
2022-11-21T19:30:06.0771738Z Entering 'scripts/packages/TestEnv'
2022-11-21T19:30:06.0804720Z file:/home/runner/work/julia-vscode-microprint-test/julia-vscode-microprint-test/.git/modules/scripts/packages/TestEnv/config	remote.origin.url
2022-11-21T19:30:06.0809031Z Entering 'scripts/packages/TestItemDetection'
2022-11-21T19:30:06.0841921Z file:/home/runner/work/julia-vscode-microprint-test/julia-vscode-microprint-test/.git/modules/scripts/packages/TestItemDetection/config	remote.origin.url
2022-11-21T19:30:06.0845847Z Entering 'scripts/packages/Tokenize'
2022-11-21T19:30:06.0878410Z file:/home/runner/work/julia-vscode-microprint-test/julia-vscode-microprint-test/.git/modules/scripts/packages/Tokenize/config	remote.origin.url
2022-11-21T19:30:06.0882324Z Entering 'scripts/packages/URIParser'
2022-11-21T19:30:06.0915302Z file:/home/runner/work/julia-vscode-microprint-test/julia-vscode-microprint-test/.git/modules/scripts/packages/URIParser/config	remote.origin.url
2022-11-21T19:30:06.0920006Z Entering 'scripts/packages/URIs'
2022-11-21T19:30:06.0952209Z file:/home/runner/work/julia-vscode-microprint-test/julia-vscode-microprint-test/.git/modules/scripts/packages/URIs/config	remote.origin.url
2022-11-21T19:30:06.1122424Z [command]/usr/bin/git submodule foreach git config --local --add 'url.https://github.com/.insteadOf' 'git@github.com:'
2022-11-21T19:30:06.1334947Z Entering 'libs/jl-profile'
2022-11-21T19:30:06.1359270Z Entering 'scripts/packages-old/JuliaInterpreter'
2022-11-21T19:30:06.1382895Z Entering 'scripts/packages/CSTParser'
2022-11-21T19:30:06.1406116Z Entering 'scripts/packages/CodeTracking'
2022-11-21T19:30:06.1431094Z Entering 'scripts/packages/CommonMark'
2022-11-21T19:30:06.1454019Z Entering 'scripts/packages/Compat'
2022-11-21T19:30:06.1477924Z Entering 'scripts/packages/CoverageTools'
2022-11-21T19:30:06.1500889Z Entering 'scripts/packages/Crayons'
2022-11-21T19:30:06.1523584Z Entering 'scripts/packages/DataStructures'
2022-11-21T19:30:06.1546449Z Entering 'scripts/packages/DebugAdapter'
2022-11-21T19:30:06.1568898Z Entering 'scripts/packages/FilePathsBase'
2022-11-21T19:30:06.1592007Z Entering 'scripts/packages/IJuliaCore'
2022-11-21T19:30:06.1614607Z Entering 'scripts/packages/JSON'
2022-11-21T19:30:06.1637575Z Entering 'scripts/packages/JSONRPC'
2022-11-21T19:30:06.1660122Z Entering 'scripts/packages/JuliaFormatter'
2022-11-21T19:30:06.1682749Z Entering 'scripts/packages/JuliaInterpreter'
2022-11-21T19:30:06.1706229Z Entering 'scripts/packages/LanguageServer'
2022-11-21T19:30:06.1728618Z Entering 'scripts/packages/LoweredCodeUtils'
2022-11-21T19:30:06.1752517Z Entering 'scripts/packages/OrderedCollections'
2022-11-21T19:30:06.1774932Z Entering 'scripts/packages/PackageCompiler'
2022-11-21T19:30:06.1798517Z Entering 'scripts/packages/Revise'
2022-11-21T19:30:06.1821635Z Entering 'scripts/packages/StaticLint'
2022-11-21T19:30:06.1843595Z Entering 'scripts/packages/SymbolServer'
2022-11-21T19:30:06.1866479Z Entering 'scripts/packages/TestEnv'
2022-11-21T19:30:06.1889187Z Entering 'scripts/packages/TestItemDetection'
2022-11-21T19:30:06.1911637Z Entering 'scripts/packages/Tokenize'
2022-11-21T19:30:06.1934231Z Entering 'scripts/packages/URIParser'
2022-11-21T19:30:06.1956894Z Entering 'scripts/packages/URIs'
2022-11-21T19:30:06.1989219Z [command]/usr/bin/git submodule foreach git config --local --add 'url.https://github.com/.insteadOf' 'org-30818940@github.com:'
2022-11-21T19:30:06.2202806Z Entering 'libs/jl-profile'
2022-11-21T19:30:06.2225164Z Entering 'scripts/packages-old/JuliaInterpreter'
2022-11-21T19:30:06.2247911Z Entering 'scripts/packages/CSTParser'
2022-11-21T19:30:06.2270479Z Entering 'scripts/packages/CodeTracking'
2022-11-21T19:30:06.2292666Z Entering 'scripts/packages/CommonMark'
2022-11-21T19:30:06.2315066Z Entering 'scripts/packages/Compat'
2022-11-21T19:30:06.2337527Z Entering 'scripts/packages/CoverageTools'
2022-11-21T19:30:06.2359922Z Entering 'scripts/packages/Crayons'
2022-11-21T19:30:06.2382492Z Entering 'scripts/packages/DataStructures'
2022-11-21T19:30:06.2405516Z Entering 'scripts/packages/DebugAdapter'
2022-11-21T19:30:06.2429336Z Entering 'scripts/packages/FilePathsBase'
2022-11-21T19:30:06.2452121Z Entering 'scripts/packages/IJuliaCore'
2022-11-21T19:30:06.2474773Z Entering 'scripts/packages/JSON'
2022-11-21T19:30:06.2497718Z Entering 'scripts/packages/JSONRPC'
2022-11-21T19:30:06.2521329Z Entering 'scripts/packages/JuliaFormatter'
2022-11-21T19:30:06.2544121Z Entering 'scripts/packages/JuliaInterpreter'
2022-11-21T19:30:06.2566743Z Entering 'scripts/packages/LanguageServer'
2022-11-21T19:30:06.2590755Z Entering 'scripts/packages/LoweredCodeUtils'
2022-11-21T19:30:06.2613337Z Entering 'scripts/packages/OrderedCollections'
2022-11-21T19:30:06.2637183Z Entering 'scripts/packages/PackageCompiler'
2022-11-21T19:30:06.2660168Z Entering 'scripts/packages/Revise'
2022-11-21T19:30:06.2683290Z Entering 'scripts/packages/StaticLint'
2022-11-21T19:30:06.2706440Z Entering 'scripts/packages/SymbolServer'
2022-11-21T19:30:06.2729444Z Entering 'scripts/packages/TestEnv'
2022-11-21T19:30:06.2752247Z Entering 'scripts/packages/TestItemDetection'
2022-11-21T19:30:06.2774983Z Entering 'scripts/packages/Tokenize'
2022-11-21T19:30:06.2798245Z Entering 'scripts/packages/URIParser'
2022-11-21T19:30:06.2821300Z Entering 'scripts/packages/URIs'
2022-11-21T19:30:06.2849405Z ##[endgroup]
2022-11-21T19:30:06.2890927Z [command]/usr/bin/git log -1 --format='%H'
2022-11-21T19:30:06.2919369Z '60ccabb18abdf4f5b1afd718ce4e98a07a0a6a10'
2022-11-21T19:30:06.3214145Z ##[group]Run julia-actions/setup-julia@v1
2022-11-21T19:30:06.3214392Z with:
2022-11-21T19:30:06.3214570Z   version: 1.8
2022-11-21T19:30:06.3214739Z   arch: X64
2022-11-21T19:30:06.3214939Z   show-versioninfo: false
2022-11-21T19:30:06.3215131Z env:
2022-11-21T19:30:06.3215292Z   NODE_VERSION: 16
2022-11-21T19:30:06.3215485Z ##[endgroup]
2022-11-21T19:30:07.8717154Z [command]tar xf /home/runner/work/_temp/9a99b859-5b94-411a-a36f-5dec1d5c4fa5 --strip-components=1 -C julia-x64-1.8.3-ozzOnr
2022-11-21T19:30:14.8675740Z [command]julia --version
2022-11-21T19:30:14.8713943Z (node:2952) [DEP0147] DeprecationWarning: In future versions of Node.js, fs.rmdir(path, { recursive: true }) will be removed. Use fs.rm(path, { recursive: true }) instead
2022-11-21T19:30:14.8714885Z (Use `node --trace-deprecation ...` to show where the warning was created)
2022-11-21T19:30:14.8821629Z julia version 1.8.3
2022-11-21T19:30:14.9016237Z ##[group]Run julia -e 'using InteractiveUtils; versioninfo()'
2022-11-21T19:30:14.9016646Z [36;1mjulia -e 'using InteractiveUtils; versioninfo()'[0m
2022-11-21T19:30:14.9017060Z [36;1mjulia --project=./scripts/environments/languageserver/v1.8 -e 'using Pkg; Pkg.resolve()'[0m
2022-11-21T19:30:14.9017518Z [36;1mjulia --project=./scripts/environments/languageserver/v1.8 -e 'using Pkg; Pkg.test("CSTParser", coverage=true)'[0m
2022-11-21T19:30:14.9017977Z [36;1mjulia --project=./scripts/environments/languageserver/v1.8 -e 'using Pkg; Pkg.test("JSONRPC", coverage=true)'[0m
2022-11-21T19:30:14.9018431Z [36;1mjulia --project=./scripts/environments/languageserver/v1.8 -e 'using Pkg; Pkg.test("LanguageServer", coverage=true)'[0m
2022-11-21T19:30:14.9018901Z [36;1mjulia --project=./scripts/environments/languageserver/v1.8 -e 'using Pkg; Pkg.test("StaticLint", coverage=true)'[0m
2022-11-21T19:30:14.9019402Z [36;1mjulia --project=./scripts/environments/languageserver/v1.8 -e 'using Pkg; Pkg.test("SymbolServer", coverage=true)'[0m
2022-11-21T19:30:14.9019871Z [36;1mjulia --project=./scripts/testenvironments/debugadapter/v1.8 -e 'using Pkg; Pkg.test("DebugAdapter", coverage=true)'[0m
2022-11-21T19:30:14.9020589Z [36;1mjulia --project=./scripts/testenvironments/vscodedebugger/v1.8 -e 'using Pkg; Pkg.test("VSCodeDebugger", coverage=true)'[0m
2022-11-21T19:30:14.9021074Z [36;1mjulia --project=./scripts/testenvironments/vscodeserver/v1.8 -e 'using Pkg; Pkg.test("VSCodeServer", coverage=true)'[0m
2022-11-21T19:30:14.9080492Z shell: /usr/bin/bash --noprofile --norc -e -o pipefail {0}
2022-11-21T19:30:14.9080751Z env:
2022-11-21T19:30:14.9080931Z   NODE_VERSION: 16
2022-11-21T19:30:14.9081122Z ##[endgroup]
2022-11-21T19:30:15.9268006Z Julia Version 1.8.3
2022-11-21T19:30:15.9268867Z Commit 0434deb161e (2022-11-14 20:14 UTC)
2022-11-21T19:30:15.9269438Z Platform Info:
2022-11-21T19:30:15.9323046Z   OS: Linux (x86_64-linux-gnu)
2022-11-21T19:30:15.9419172Z   CPU: 2 × Intel(R) Xeon(R) Platinum 8370C CPU @ 2.80GHz
2022-11-21T19:30:15.9419652Z   WORD_SIZE: 64
2022-11-21T19:30:15.9422193Z   LIBM: libopenlibm
2022-11-21T19:30:15.9517827Z   LLVM: libLLVM-13.0.1 (ORCJIT, icelake-server)
2022-11-21T19:30:15.9518294Z   Threads: 1 on 2 virtual cores
2022-11-21T19:30:17.1101141Z   No Changes to `~/work/julia-vscode-microprint-test/julia-vscode-microprint-test/scripts/environments/languageserver/v1.8/Project.toml`
2022-11-21T19:30:17.1315491Z   No Changes to `~/work/julia-vscode-microprint-test/julia-vscode-microprint-test/scripts/environments/languageserver/v1.8/Manifest.toml`
2022-11-21T19:30:17.9497128Z   Installing known registries into `~/.julia`
2022-11-21T19:30:19.3402127Z      Testing CSTParser
2022-11-21T19:30:20.7345845Z       Status `/tmp/jl_gqDTOr/Project.toml`
2022-11-21T19:30:20.7501347Z   [00ebfdb7] CSTParser v3.3.7-DEV `~/work/julia-vscode-microprint-test/julia-vscode-microprint-test/scripts/packages/CSTParser`
2022-11-21T19:30:20.7502251Z   [0796e94c] Tokenize v0.5.24 `~/work/julia-vscode-microprint-test/julia-vscode-microprint-test/scripts/packages/Tokenize`
2022-11-21T19:30:20.7503001Z   [8dfed614] Test `@stdlib/Test`
2022-11-21T19:30:20.7654658Z       Status `/tmp/jl_gqDTOr/Manifest.toml`
2022-11-21T19:30:20.7674252Z   [00ebfdb7] CSTParser v3.3.7-DEV `~/work/julia-vscode-microprint-test/julia-vscode-microprint-test/scripts/packages/CSTParser`
2022-11-21T19:30:20.7675151Z   [0796e94c] Tokenize v0.5.24 `~/work/julia-vscode-microprint-test/julia-vscode-microprint-test/scripts/packages/Tokenize`
2022-11-21T19:30:20.7675887Z   [2a0f44e3] Base64 `@stdlib/Base64`
2022-11-21T19:30:20.7676318Z   [b77e0a4c] InteractiveUtils `@stdlib/InteractiveUtils`
2022-11-21T19:30:20.7676946Z   [56ddb016] Logging `@stdlib/Logging`
2022-11-21T19:30:20.7677345Z   [d6f4376e] Markdown `@stdlib/Markdown`
2022-11-21T19:30:20.7677929Z   [9a3f8284] Random `@stdlib/Random`
2022-11-21T19:30:20.7678343Z   [ea8e919c] SHA v0.7.0 `@stdlib/SHA`
2022-11-21T19:30:20.7678955Z   [9e88b42a] Serialization `@stdlib/Serialization`
2022-11-21T19:30:20.7679660Z   [8dfed614] Test `@stdlib/Test`
2022-11-21T19:30:21.1518179Z Precompiling project...
2022-11-21T19:30:22.7103214Z [32m  ✓ [39mTokenize
2022-11-21T19:30:25.3182841Z [32m  ✓ [39mCSTParser
2022-11-21T19:30:25.3311144Z   2 dependencies successfully precompiled in 5 seconds
2022-11-21T19:30:25.3311671Z      Testing Running tests...
2022-11-21T19:31:16.8501928Z [ Info: checking check_err_parse against ../docs/make.jl
2022-11-21T19:31:17.0172592Z [ Info: checking check_err_parse against ../src/CSTParser.jl
2022-11-21T19:31:18.1863667Z [ Info: checking check_err_parse against ../src/conversion.jl
2022-11-21T19:31:19.5400921Z [ Info: checking check_err_parse against ../src/display.jl
2022-11-21T19:31:19.5689625Z [ Info: checking check_err_parse against ../src/interface.jl
2022-11-21T19:31:20.6586505Z [ Info: checking check_err_parse against ../src/iterate.jl
2022-11-21T19:31:26.8344673Z [ Info: checking check_err_parse against ../src/lexer.jl
2022-11-21T19:31:27.2966602Z [ Info: checking check_err_parse against ../src/precompile.jl
2022-11-21T19:31:27.6776975Z [ Info: checking check_err_parse against ../src/recovery.jl
2022-11-21T19:31:27.7067641Z [ Info: checking check_err_parse against ../src/spec.jl
2022-11-21T19:31:29.2622758Z [ Info: checking check_err_parse against ../src/utils.jl
2022-11-21T19:31:33.5673139Z [ Info: checking check_err_parse against ../src/components/internals.jl
2022-11-21T19:31:35.7220527Z [ Info: checking check_err_parse against ../src/components/keywords.jl
2022-11-21T19:31:37.9467748Z [ Info: checking check_err_parse against ../src/components/lists.jl
2022-11-21T19:31:39.2565419Z [ Info: checking check_err_parse against ../src/components/operators.jl
2022-11-21T19:31:48.7531068Z [ Info: checking check_err_parse against ../src/components/strings.jl
2022-11-21T19:31:50.6328485Z [ Info: checking check_err_parse against ../test/check_base.jl
2022-11-21T19:31:50.8331919Z [ Info: checking check_err_parse against ../test/display.jl
2022-11-21T19:31:50.8337015Z [ Info: checking check_err_parse against ../test/errparse.jl
2022-11-21T19:31:51.0146847Z [ Info: checking check_err_parse against ../test/interface.jl
2022-11-21T19:31:51.1836910Z [ Info: checking check_err_parse against ../test/iterate.jl
2022-11-21T19:32:02.1731672Z [ Info: checking check_err_parse against ../test/parser.jl
2022-11-21T19:32:18.2721050Z [ Info: checking check_err_parse against ../test/runtests.jl
2022-11-21T19:32:18.2735033Z [ Info: checking check_err_parse against ../test/spec.jl
2022-11-21T19:32:19.5157641Z [ Info: checking check_reparse against ../docs/make.jl
2022-11-21T19:32:19.6210067Z [ Info: checking check_reparse against ../src/CSTParser.jl
2022-11-21T19:32:19.6496472Z [ Info: checking check_reparse against ../src/conversion.jl
2022-11-21T19:32:19.6820731Z [ Info: checking check_reparse against ../src/display.jl
2022-11-21T19:32:19.6860956Z [ Info: checking check_reparse against ../src/interface.jl
2022-11-21T19:32:19.7044833Z [ Info: checking check_reparse against ../src/iterate.jl
2022-11-21T19:32:19.7508180Z [ Info: checking check_reparse against ../src/lexer.jl
2022-11-21T19:32:19.7617207Z [ Info: checking check_reparse against ../src/precompile.jl
2022-11-21T19:32:19.7666539Z [ Info: checking check_reparse against ../src/recovery.jl
2022-11-21T19:32:19.7704058Z [ Info: checking check_reparse against ../src/spec.jl
2022-11-21T19:32:19.7971139Z [ Info: checking check_reparse against ../src/utils.jl
2022-11-21T19:32:19.8149328Z [ Info: checking check_reparse against ../src/components/internals.jl
2022-11-21T19:32:19.8392984Z [ Info: checking check_reparse against ../src/components/keywords.jl
2022-11-21T19:32:19.8513704Z [ Info: checking check_reparse against ../src/components/lists.jl
2022-11-21T19:32:19.8608704Z [ Info: checking check_reparse against ../src/components/operators.jl
2022-11-21T19:32:19.8903875Z [ Info: checking check_reparse against ../src/components/strings.jl
2022-11-21T19:32:19.9089558Z [ Info: checking check_reparse against ../test/check_base.jl
2022-11-21T19:32:19.9128101Z [ Info: checking check_reparse against ../test/display.jl
2022-11-21T19:32:19.9130504Z [ Info: checking check_reparse against ../test/errparse.jl
2022-11-21T19:32:19.9195124Z [ Info: checking check_reparse against ../test/interface.jl
2022-11-21T19:32:19.9312721Z [ Info: checking check_reparse against ../test/iterate.jl
2022-11-21T19:32:19.9566176Z [ Info: checking check_reparse against ../test/parser.jl
2022-11-21T19:32:20.0549648Z [ Info: checking check_reparse against ../test/runtests.jl
2022-11-21T19:32:20.0552244Z [ Info: checking check_reparse against ../test/spec.jl
2022-11-21T19:32:20.1194875Z Test Summary: |  Pass  Broken  Total     Time
2022-11-21T19:32:20.1377185Z CSTParser     | 87048       2  87050  1m54.2s
2022-11-21T19:32:20.1670742Z      Testing CSTParser tests passed 
2022-11-21T19:32:21.6194115Z      Testing JSONRPC
2022-11-21T19:32:22.9805867Z       Status `/tmp/jl_LxMfLp/Project.toml`
2022-11-21T19:32:22.9947742Z   [682c06a0] JSON v0.20.1 `~/work/julia-vscode-microprint-test/julia-vscode-microprint-test/scripts/packages/JSON`
2022-11-21T19:32:22.9948624Z   [b9b8584e] JSONRPC v1.3.5-DEV `~/work/julia-vscode-microprint-test/julia-vscode-microprint-test/scripts/packages/JSONRPC`
2022-11-21T19:32:22.9949355Z   [6462fe0b] Sockets `@stdlib/Sockets`
2022-11-21T19:32:22.9950846Z   [8dfed614] Test `@stdlib/Test`
2022-11-21T19:32:22.9951852Z   [cf7118a7] UUIDs `@stdlib/UUIDs`
2022-11-21T19:32:23.0098482Z       Status `/tmp/jl_LxMfLp/Manifest.toml`
2022-11-21T19:32:23.0128316Z   [682c06a0] JSON v0.20.1 `~/work/julia-vscode-microprint-test/julia-vscode-microprint-test/scripts/packages/JSON`
2022-11-21T19:32:23.0129603Z   [b9b8584e] JSONRPC v1.3.5-DEV `~/work/julia-vscode-microprint-test/julia-vscode-microprint-test/scripts/packages/JSONRPC`
2022-11-21T19:32:23.0130565Z   [2a0f44e3] Base64 `@stdlib/Base64`
2022-11-21T19:32:23.0132447Z   [ade2ca70] Dates `@stdlib/Dates`
2022-11-21T19:32:23.0132991Z   [b77e0a4c] InteractiveUtils `@stdlib/InteractiveUtils`
2022-11-21T19:32:23.0133504Z   [56ddb016] Logging `@stdlib/Logging`
2022-11-21T19:32:23.0133929Z   [d6f4376e] Markdown `@stdlib/Markdown`
2022-11-21T19:32:23.0134343Z   [a63ad114] Mmap `@stdlib/Mmap`
2022-11-21T19:32:23.0134793Z   [de0858da] Printf `@stdlib/Printf`
2022-11-21T19:32:23.0135209Z   [9a3f8284] Random `@stdlib/Random`
2022-11-21T19:32:23.0135634Z   [ea8e919c] SHA v0.7.0 `@stdlib/SHA`
2022-11-21T19:32:23.0136100Z   [9e88b42a] Serialization `@stdlib/Serialization`
2022-11-21T19:32:23.0136481Z   [6462fe0b] Sockets `@stdlib/Sockets`
2022-11-21T19:32:23.0136874Z   [8dfed614] Test `@stdlib/Test`
2022-11-21T19:32:23.0137276Z   [cf7118a7] UUIDs `@stdlib/UUIDs`
2022-11-21T19:32:23.0137716Z   [4ec0a83e] Unicode `@stdlib/Unicode`
2022-11-21T19:32:23.3963654Z Precompiling project...
2022-11-21T19:32:24.0157238Z [32m  ✓ [39mJSON
2022-11-21T19:32:24.3291331Z [32m  ✓ [39mJSONRPC
2022-11-21T19:32:24.3416946Z   2 dependencies successfully precompiled in 1 seconds
2022-11-21T19:32:24.3417352Z      Testing Running tests...
2022-11-21T19:32:28.2822338Z Test Summary: | Pass  Total  Time
2022-11-21T19:32:28.2997236Z JSONRPC       |   39     39  3.1s
2022-11-21T19:32:28.3079437Z      Testing JSONRPC tests passed 
2022-11-21T19:32:29.7596118Z      Testing LanguageServer
2022-11-21T19:32:31.6635321Z       Status `/tmp/jl_hGdivK/Project.toml`
2022-11-21T19:32:31.6831052Z   [00ebfdb7] CSTParser v3.3.7-DEV `~/work/julia-vscode-microprint-test/julia-vscode-microprint-test/scripts/packages/CSTParser`
2022-11-21T19:32:31.6832036Z   [682c06a0] JSON v0.20.1 `~/work/julia-vscode-microprint-test/julia-vscode-microprint-test/scripts/packages/JSON`
2022-11-21T19:32:31.6833338Z   [b9b8584e] JSONRPC v1.3.5-DEV `~/work/julia-vscode-microprint-test/julia-vscode-microprint-test/scripts/packages/JSONRPC`
2022-11-21T19:32:31.6834113Z   [98e50ef6] JuliaFormatter v1.0.10 `~/work/julia-vscode-microprint-test/julia-vscode-microprint-test/scripts/packages/JuliaFormatter`
2022-11-21T19:32:31.6835132Z   [2b0e0bc5] LanguageServer v4.3.2-DEV `~/work/julia-vscode-microprint-test/julia-vscode-microprint-test/scripts/packages/LanguageServer`
2022-11-21T19:32:31.6835820Z   [b3cc710f] StaticLint v8.1.1-DEV `~/work/julia-vscode-microprint-test/julia-vscode-microprint-test/scripts/packages/StaticLint`
2022-11-21T19:32:31.6836467Z   [cf896787] SymbolServer v7.2.2-DEV `~/work/julia-vscode-microprint-test/julia-vscode-microprint-test/scripts/packages/SymbolServer`
2022-11-21T19:32:31.6837157Z   [76b0de8b] TestItemDetection v0.1.2-DEV `~/work/julia-vscode-microprint-test/julia-vscode-microprint-test/scripts/packages/TestItemDetection`
2022-11-21T19:32:31.6837554Z   [f8b46487] TestItemRunner v0.2.1
2022-11-21T19:32:31.6839746Z   [0796e94c] Tokenize v0.5.24 `~/work/julia-vscode-microprint-test/julia-vscode-microprint-test/scripts/packages/Tokenize`
2022-11-21T19:32:31.6841722Z   [5c2747f8] URIs v1.4.0 `~/work/julia-vscode-microprint-test/julia-vscode-microprint-test/scripts/packages/URIs`
2022-11-21T19:32:31.6843308Z   [76f85450] LibGit2 `@stdlib/LibGit2`
2022-11-21T19:32:31.6844761Z   [d6f4376e] Markdown `@stdlib/Markdown`
2022-11-21T19:32:31.6846218Z   [44cfe95a] Pkg v1.8.0 `@stdlib/Pkg`
2022-11-21T19:32:31.6847645Z   [3fa0cd96] REPL `@stdlib/REPL`
2022-11-21T19:32:31.6849057Z   [ea8e919c] SHA v0.7.0 `@stdlib/SHA`
2022-11-21T19:32:31.6850512Z   [9e88b42a] Serialization `@stdlib/Serialization`
2022-11-21T19:32:31.6851957Z   [6462fe0b] Sockets `@stdlib/Sockets`
2022-11-21T19:32:31.6853360Z   [8dfed614] Test `@stdlib/Test`
2022-11-21T19:32:31.6854766Z   [cf7118a7] UUIDs `@stdlib/UUIDs`
2022-11-21T19:32:31.7002601Z       Status `/tmp/jl_hGdivK/Manifest.toml`
2022-11-21T19:32:31.7133222Z   [00ebfdb7] CSTParser v3.3.7-DEV `~/work/julia-vscode-microprint-test/julia-vscode-microprint-test/scripts/packages/CSTParser`
2022-11-21T19:32:31.7133971Z   [a80b9123] CommonMark v0.8.6 `~/work/julia-vscode-microprint-test/julia-vscode-microprint-test/scripts/packages/CommonMark`
2022-11-21T19:32:31.7134657Z   [34da2185] Compat v3.43.0 `~/work/julia-vscode-microprint-test/julia-vscode-microprint-test/scripts/packages/Compat`
2022-11-21T19:32:31.7135614Z   [a8cc5b0e] Crayons v4.0.4 `~/work/julia-vscode-microprint-test/julia-vscode-microprint-test/scripts/packages/Crayons`
2022-11-21T19:32:31.7136332Z   [864edb3b] DataStructures v0.18.13 `~/work/julia-vscode-microprint-test/julia-vscode-microprint-test/scripts/packages/DataStructures`
2022-11-21T19:32:31.7136950Z   [682c06a0] JSON v0.20.1 `~/work/julia-vscode-microprint-test/julia-vscode-microprint-test/scripts/packages/JSON`
2022-11-21T19:32:31.7137563Z   [b9b8584e] JSONRPC v1.3.5-DEV `~/work/julia-vscode-microprint-test/julia-vscode-microprint-test/scripts/packages/JSONRPC`
2022-11-21T19:32:31.7138200Z   [98e50ef6] JuliaFormatter v1.0.10 `~/work/julia-vscode-microprint-test/julia-vscode-microprint-test/scripts/packages/JuliaFormatter`
2022-11-21T19:32:31.7138855Z   [2b0e0bc5] LanguageServer v4.3.2-DEV `~/work/julia-vscode-microprint-test/julia-vscode-microprint-test/scripts/packages/LanguageServer`
2022-11-21T19:32:31.7139547Z   [bac558e1] OrderedCollections v1.4.1 `~/work/julia-vscode-microprint-test/julia-vscode-microprint-test/scripts/packages/OrderedCollections`
2022-11-21T19:32:31.7140204Z   [b3cc710f] StaticLint v8.1.1-DEV `~/work/julia-vscode-microprint-test/julia-vscode-microprint-test/scripts/packages/StaticLint`
2022-11-21T19:32:31.7142240Z   [cf896787] SymbolServer v7.2.2-DEV `~/work/julia-vscode-microprint-test/julia-vscode-microprint-test/scripts/packages/SymbolServer`
2022-11-21T19:32:31.7142923Z   [76b0de8b] TestItemDetection v0.1.2-DEV `~/work/julia-vscode-microprint-test/julia-vscode-microprint-test/scripts/packages/TestItemDetection`
2022-11-21T19:32:31.7143317Z   [f8b46487] TestItemRunner v0.2.1
2022-11-21T19:32:31.7143540Z   [1c621080] TestItems v0.1.0
2022-11-21T19:32:31.7144014Z   [0796e94c] Tokenize v0.5.24 `~/work/julia-vscode-microprint-test/julia-vscode-microprint-test/scripts/packages/Tokenize`
2022-11-21T19:32:31.7144612Z   [5c2747f8] URIs v1.4.0 `~/work/julia-vscode-microprint-test/julia-vscode-microprint-test/scripts/packages/URIs`
2022-11-21T19:32:31.7145088Z   [0dad84c5] ArgTools v1.1.1 `@stdlib/ArgTools`
2022-11-21T19:32:31.7145352Z   [56f22d72] Artifacts `@stdlib/Artifacts`
2022-11-21T19:32:31.7145585Z   [2a0f44e3] Base64 `@stdlib/Base64`
2022-11-21T19:32:31.7145816Z   [ade2ca70] Dates `@stdlib/Dates`
2022-11-21T19:32:31.7146078Z   [8bb1440f] DelimitedFiles `@stdlib/DelimitedFiles`
2022-11-21T19:32:31.7146351Z   [8ba89e20] Distributed `@stdlib/Distributed`
2022-11-21T19:32:31.7146614Z   [f43a241f] Downloads v1.6.0 `@stdlib/Downloads`
2022-11-21T19:32:31.7146882Z   [7b1f6079] FileWatching `@stdlib/FileWatching`
2022-11-21T19:32:31.7147163Z   [b77e0a4c] InteractiveUtils `@stdlib/InteractiveUtils`
2022-11-21T19:32:31.7147438Z   [b27032c2] LibCURL v0.6.3 `@stdlib/LibCURL`
2022-11-21T19:32:31.7147677Z   [76f85450] LibGit2 `@stdlib/LibGit2`
2022-11-21T19:32:31.7147900Z   [8f399da3] Libdl `@stdlib/Libdl`
2022-11-21T19:32:31.7148159Z   [37e2e46d] LinearAlgebra `@stdlib/LinearAlgebra`
2022-11-21T19:32:31.7148422Z   [56ddb016] Logging `@stdlib/Logging`
2022-11-21T19:32:31.7148669Z   [d6f4376e] Markdown `@stdlib/Markdown`
2022-11-21T19:32:31.7148900Z   [a63ad114] Mmap `@stdlib/Mmap`
2022-11-21T19:32:31.7149166Z   [ca575930] NetworkOptions v1.2.0 `@stdlib/NetworkOptions`
2022-11-21T19:32:31.7149427Z   [44cfe95a] Pkg v1.8.0 `@stdlib/Pkg`
2022-11-21T19:32:31.7149655Z   [de0858da] Printf `@stdlib/Printf`
2022-11-21T19:32:31.7149887Z   [3fa0cd96] REPL `@stdlib/REPL`
2022-11-21T19:32:31.7150107Z   [9a3f8284] Random `@stdlib/Random`
2022-11-21T19:32:31.7150324Z   [ea8e919c] SHA v0.7.0 `@stdlib/SHA`
2022-11-21T19:32:31.7150577Z   [9e88b42a] Serialization `@stdlib/Serialization`
2022-11-21T19:32:31.7150854Z   [1a1011a3] SharedArrays `@stdlib/SharedArrays`
2022-11-21T19:32:31.7151092Z   [6462fe0b] Sockets `@stdlib/Sockets`
2022-11-21T19:32:31.7151346Z   [2f01184e] SparseArrays `@stdlib/SparseArrays`
2022-11-21T19:32:31.7151608Z   [10745b16] Statistics `@stdlib/Statistics`
2022-11-21T19:32:31.7151899Z   [fa267f1f] TOML v1.0.0 `@stdlib/TOML`
2022-11-21T19:32:31.7152130Z   [a4e569a6] Tar v1.10.1 `@stdlib/Tar`
2022-11-21T19:32:31.7152349Z   [8dfed614] Test `@stdlib/Test`
2022-11-21T19:32:31.7152566Z   [cf7118a7] UUIDs `@stdlib/UUIDs`
2022-11-21T19:32:31.7152791Z   [4ec0a83e] Unicode `@stdlib/Unicode`
2022-11-21T19:32:31.7153124Z   [e66e0078] CompilerSupportLibraries_jll v0.5.2+0 `@stdlib/CompilerSupportLibraries_jll`
2022-11-21T19:32:31.7153468Z   [deac9b47] LibCURL_jll v7.84.0+0 `@stdlib/LibCURL_jll`
2022-11-21T19:32:31.7153735Z   [29816b5a] LibSSH2_jll v1.10.2+0 `@stdlib/LibSSH2_jll`
2022-11-21T19:32:31.7154006Z   [c8ffd9c3] MbedTLS_jll v2.28.0+0 `@stdlib/MbedTLS_jll`
2022-11-21T19:32:31.7154301Z   [14a3606d] MozillaCACerts_jll v2022.2.1 `@stdlib/MozillaCACerts_jll`
2022-11-21T19:32:31.7154594Z   [4536629a] OpenBLAS_jll v0.3.20+0 `@stdlib/OpenBLAS_jll`
2022-11-21T19:32:31.7154849Z   [83775a58] Zlib_jll v1.2.12+3 `@stdlib/Zlib_jll`
2022-11-21T19:32:31.7155146Z   [8e850b90] libblastrampoline_jll v5.1.1+0 `@stdlib/libblastrampoline_jll`
2022-11-21T19:32:31.7155457Z   [8e850ede] nghttp2_jll v1.48.0+0 `@stdlib/nghttp2_jll`
2022-11-21T19:32:31.7155727Z   [3f19e933] p7zip_jll v17.4.0+0 `@stdlib/p7zip_jll`
2022-11-21T19:32:32.1615724Z Precompiling project...
2022-11-21T19:32:32.7995975Z [32m  ✓ [39mURIs
2022-11-21T19:32:32.9924047Z [32m  ✓ [39m[90mCompat[39m
2022-11-21T19:32:33.2275371Z [32m  ✓ [39m[90mCompilerSupportLibraries_jll[39m
2022-11-21T19:32:33.6841983Z [32m  ✓ [39m[90mCrayons[39m
2022-11-21T19:32:33.7356459Z [32m  ✓ [39m[90mOrderedCollections[39m
2022-11-21T19:32:34.0363547Z [32m  ✓ [39m[90mZlib_jll[39m
2022-11-21T19:32:34.0794374Z [32m  ✓ [39m[90mMbedTLS_jll[39m
2022-11-21T19:32:34.3576283Z [32m  ✓ [39m[90mTestItems[39m
2022-11-21T19:32:34.6730714Z [32m  ✓ [39m[90mOpenBLAS_jll[39m
2022-11-21T19:32:34.7484962Z [32m  ✓ [39mTestItemDetection
2022-11-21T19:32:37.3021884Z [32m  ✓ [39m[90mCommonMark[39m
2022-11-21T19:32:37.5799348Z [32m  ✓ [39m[90mDataStructures[39m
2022-11-21T19:32:37.6261396Z [32m  ✓ [39m[90mLibSSH2_jll[39m
2022-11-21T19:32:37.9131124Z [32m  ✓ [39m[90mlibblastrampoline_jll[39m
2022-11-21T19:32:42.2672420Z [32m  ✓ [39mJuliaFormatter
2022-11-21T19:32:42.7196705Z [32m  ✓ [39mSymbolServer
2022-11-21T19:32:42.9223355Z [32m  ✓ [39mTestItemRunner
2022-11-21T19:32:44.2449470Z [32m  ✓ [39mStaticLint
2022-11-21T19:32:47.3168857Z [32m  ✓ [39mLanguageServer
2022-11-21T19:32:47.3296163Z   19 dependencies successfully precompiled in 16 seconds. 4 already precompiled.
2022-11-21T19:32:47.3296738Z      Testing Running tests...
2022-11-21T19:33:40.6065665Z [ Info: Self-parse test
2022-11-21T19:33:40.6262280Z [ Info: skipping brute-force tests on CI
2022-11-21T19:34:40.7060788Z ERROR: InvalidStateException: Channel is closed.
2022-11-21T19:34:40.7061160Z Stacktrace:
2022-11-21T19:34:40.7076439Z  [1] try_yieldto(undo::typeof(Base.ensure_rescheduled))
2022-11-21T19:34:40.7077063Z    @ Base ./task.jl:871
2022-11-21T19:34:40.7077395Z  [2] wait()
2022-11-21T19:34:40.7077848Z    @ Base ./task.jl:931
2022-11-21T19:34:40.7078281Z  [3] wait(c::Base.GenericCondition{ReentrantLock})
2022-11-21T19:34:40.7078660Z    @ Base ./condition.jl:124
2022-11-21T19:34:40.7078992Z  [4] take_buffered(c::Channel{Any})
2022-11-21T19:34:40.7079418Z    @ Base ./channels.jl:416
2022-11-21T19:34:40.7079736Z  [5] take!
2022-11-21T19:34:40.7080085Z    @ ./channels.jl:410 [inlined]
2022-11-21T19:34:40.7080453Z  [6] get_next_message
2022-11-21T19:34:40.7081301Z    @ ~/work/julia-vscode-microprint-test/julia-vscode-microprint-test/scripts/packages/JSONRPC/src/core.jl:202 [inlined]
2022-11-21T19:34:40.7081768Z  [7] macro expansion
2022-11-21T19:34:40.7082458Z    @ ~/work/julia-vscode-microprint-test/julia-vscode-microprint-test/scripts/packages/LanguageServer/src/languageserverinstance.jl:288 [inlined]
2022-11-21T19:34:40.7083111Z  [8] (::LanguageServer.var"#111#114"{LanguageServer.LanguageServerInstance})()
2022-11-21T19:34:40.7083578Z    @ LanguageServer ./task.jl:484
2022-11-21T19:34:40.7084278Z [ Info: Processing Pkg...
2022-11-21T19:34:40.7111921Z [ Info: Shutting down server instance.
2022-11-21T19:34:41.6069954Z Test Summary: | Pass  Broken  Total     Time
2022-11-21T19:34:41.6256755Z Package       |  400      10    410  1m47.1s
2022-11-21T19:34:41.6827429Z      Testing LanguageServer tests passed 
2022-11-21T19:34:43.3675889Z      Testing StaticLint
2022-11-21T19:34:44.8323925Z       Status `/tmp/jl_GWlxlo/Project.toml`
2022-11-21T19:34:44.8479628Z   [00ebfdb7] CSTParser v3.3.7-DEV `~/work/julia-vscode-microprint-test/julia-vscode-microprint-test/scripts/packages/CSTParser`
2022-11-21T19:34:44.8480585Z   [b3cc710f] StaticLint v8.1.1-DEV `~/work/julia-vscode-microprint-test/julia-vscode-microprint-test/scripts/packages/StaticLint`
2022-11-21T19:34:44.8481487Z   [cf896787] SymbolServer v7.2.2-DEV `~/work/julia-vscode-microprint-test/julia-vscode-microprint-test/scripts/packages/SymbolServer`
2022-11-21T19:34:44.8481952Z   [76f85450] LibGit2 `@stdlib/LibGit2`
2022-11-21T19:34:44.8482292Z   [44cfe95a] Pkg v1.8.0 `@stdlib/Pkg`
2022-11-21T19:34:44.8482606Z   [ea8e919c] SHA v0.7.0 `@stdlib/SHA`
2022-11-21T19:34:44.8482935Z   [9e88b42a] Serialization `@stdlib/Serialization`
2022-11-21T19:34:44.8483257Z   [8dfed614] Test `@stdlib/Test`
2022-11-21T19:34:44.8637124Z       Status `/tmp/jl_GWlxlo/Manifest.toml`
2022-11-21T19:34:44.8701156Z   [00ebfdb7] CSTParser v3.3.7-DEV `~/work/julia-vscode-microprint-test/julia-vscode-microprint-test/scripts/packages/CSTParser`
2022-11-21T19:34:44.8702243Z   [b3cc710f] StaticLint v8.1.1-DEV `~/work/julia-vscode-microprint-test/julia-vscode-microprint-test/scripts/packages/StaticLint`
2022-11-21T19:34:44.8703344Z   [cf896787] SymbolServer v7.2.2-DEV `~/work/julia-vscode-microprint-test/julia-vscode-microprint-test/scripts/packages/SymbolServer`
2022-11-21T19:34:44.8704607Z   [0796e94c] Tokenize v0.5.24 `~/work/julia-vscode-microprint-test/julia-vscode-microprint-test/scripts/packages/Tokenize`
2022-11-21T19:34:44.8705606Z   [0dad84c5] ArgTools v1.1.1 `@stdlib/ArgTools`
2022-11-21T19:34:44.8706934Z   [56f22d72] Artifacts `@stdlib/Artifacts`
2022-11-21T19:34:44.8708602Z   [2a0f44e3] Base64 `@stdlib/Base64`
2022-11-21T19:34:44.8709518Z   [ade2ca70] Dates `@stdlib/Dates`
2022-11-21T19:34:44.8710865Z   [f43a241f] Downloads v1.6.0 `@stdlib/Downloads`
2022-11-21T19:34:44.8712215Z   [7b1f6079] FileWatching `@stdlib/FileWatching`
2022-11-21T19:34:44.8713581Z   [b77e0a4c] InteractiveUtils `@stdlib/InteractiveUtils`
2022-11-21T19:34:44.8714907Z   [b27032c2] LibCURL v0.6.3 `@stdlib/LibCURL`
2022-11-21T19:34:44.8716230Z   [76f85450] LibGit2 `@stdlib/LibGit2`
2022-11-21T19:34:44.8717576Z   [8f399da3] Libdl `@stdlib/Libdl`
2022-11-21T19:34:44.8718926Z   [56ddb016] Logging `@stdlib/Logging`
2022-11-21T19:34:44.8720274Z   [d6f4376e] Markdown `@stdlib/Markdown`
2022-11-21T19:34:44.8721645Z   [ca575930] NetworkOptions v1.2.0 `@stdlib/NetworkOptions`
2022-11-21T19:34:44.8722958Z   [44cfe95a] Pkg v1.8.0 `@stdlib/Pkg`
2022-11-21T19:34:44.8724293Z   [de0858da] Printf `@stdlib/Printf`
2022-11-21T19:34:44.8725655Z   [3fa0cd96] REPL `@stdlib/REPL`
2022-11-21T19:34:44.8726998Z   [9a3f8284] Random `@stdlib/Random`
2022-11-21T19:34:44.8728346Z   [ea8e919c] SHA v0.7.0 `@stdlib/SHA`
2022-11-21T19:34:44.8729727Z   [9e88b42a] Serialization `@stdlib/Serialization`
2022-11-21T19:34:44.8731032Z   [6462fe0b] Sockets `@stdlib/Sockets`
2022-11-21T19:34:44.8732393Z   [fa267f1f] TOML v1.0.0 `@stdlib/TOML`
2022-11-21T19:34:44.8733741Z   [a4e569a6] Tar v1.10.1 `@stdlib/Tar`
2022-11-21T19:34:44.8735069Z   [8dfed614] Test `@stdlib/Test`
2022-11-21T19:34:44.8736410Z   [cf7118a7] UUIDs `@stdlib/UUIDs`
2022-11-21T19:34:44.8737744Z   [4ec0a83e] Unicode `@stdlib/Unicode`
2022-11-21T19:34:44.8739136Z   [deac9b47] LibCURL_jll v7.84.0+0 `@stdlib/LibCURL_jll`
2022-11-21T19:34:44.8740590Z   [29816b5a] LibSSH2_jll v1.10.2+0 `@stdlib/LibSSH2_jll`
2022-11-21T19:34:44.8741985Z   [c8ffd9c3] MbedTLS_jll v2.28.0+0 `@stdlib/MbedTLS_jll`
2022-11-21T19:34:44.8743403Z   [14a3606d] MozillaCACerts_jll v2022.2.1 `@stdlib/MozillaCACerts_jll`
2022-11-21T19:34:44.8744775Z   [83775a58] Zlib_jll v1.2.12+3 `@stdlib/Zlib_jll`
2022-11-21T19:34:44.8746130Z   [8e850ede] nghttp2_jll v1.48.0+0 `@stdlib/nghttp2_jll`
2022-11-21T19:34:44.8747477Z   [3f19e933] p7zip_jll v17.4.0+0 `@stdlib/p7zip_jll`
2022-11-21T19:34:45.3301270Z      Testing Running tests...
2022-11-21T19:35:04.3120474Z Test Summary: | Pass  Total   Time
2022-11-21T19:35:04.3301834Z StaticLint    |  342    342  16.8s
2022-11-21T19:35:04.3341970Z Test Summary:                             | Pass  Total  Time
2022-11-21T19:35:04.3342306Z add eval method to modules/toplevel scope |    2      2  0.0s
2022-11-21T19:35:04.4742320Z Test Summary: | Pass  Total  Time
2022-11-21T19:35:04.4742603Z reparse       |    3      3  0.1s
2022-11-21T19:35:04.4775153Z Test Summary:               | Pass  Total  Time
2022-11-21T19:35:04.4775437Z duplicate function argument |    1      1  0.0s
2022-11-21T19:35:04.4821010Z Test Summary:       | Pass  Total  Time
2022-11-21T19:35:04.4821261Z type alias bindings |    2      2  0.0s
2022-11-21T19:35:04.4851674Z Test Summary:                       | Pass  Total  Time
2022-11-21T19:35:04.4851988Z :call w/ :parameters traverse order |    1      1  0.0s
2022-11-21T19:35:04.4882031Z Test Summary:                    | Pass  Total  Time
2022-11-21T19:35:04.4882326Z handle shadow bindings on method |    1      1  0.0s
2022-11-21T19:35:04.4956201Z Test Summary:               | Pass  Total  Time
2022-11-21T19:35:04.4956473Z documented symbol resolving |    2      2  0.0s
2022-11-21T19:35:04.5959128Z Test Summary:   | Pass  Total  Time
2022-11-21T19:35:04.5959408Z unused bindings |    6      6  0.1s
2022-11-21T19:35:04.6018415Z Test Summary: | Pass  Total  Time
2022-11-21T19:35:04.6018642Z unwrap sig    |    4      4  0.0s
2022-11-21T19:35:04.6059199Z Test Summary:    | Pass  Total  Time
2022-11-21T19:35:04.6059437Z clear .type refs |    2      2  0.0s
2022-11-21T19:35:04.6098536Z Test Summary:    | Pass  Total  Time
2022-11-21T19:35:04.6098769Z clear .type refs |    2      2  0.0s
2022-11-21T19:35:04.6323571Z Test Summary:         | Pass  Total  Time
2022-11-21T19:35:04.6324115Z type inference by use |    6      6  0.0s
2022-11-21T19:35:04.6498648Z Test Summary:           | Pass  Total  Time
2022-11-21T19:35:04.6498920Z loop iterator inference |    8      8  0.0s
2022-11-21T19:35:04.6531389Z Test Summary:   | Pass  Total  Time
2022-11-21T19:35:04.6531618Z Vector{T} infer |    1      1  0.0s
2022-11-21T19:35:04.6572110Z Test Summary:          | Pass  Total  Time
2022-11-21T19:35:04.6572365Z where type param infer |    2      2  0.0s
2022-11-21T19:35:04.6636623Z Test Summary:          | Pass  Total  Time
2022-11-21T19:35:04.6636885Z where type param infer |    4      4  0.0s
2022-11-21T19:35:04.6780166Z Test Summary: | Pass  Total  Time
2022-11-21T19:35:04.6780473Z softscope     |   12     12  0.0s
2022-11-21T19:35:04.6876983Z Test Summary: | Pass  Total  Time
2022-11-21T19:35:04.6877197Z #1218         |    4      4  0.0s
2022-11-21T19:35:04.7019184Z Test Summary: | Pass  Total  Time
2022-11-21T19:35:04.7019458Z import as ... |    2      2  0.0s
2022-11-21T19:35:04.7048816Z Test Summary: | Pass  Total  Time
2022-11-21T19:35:04.7049032Z #1218         |    1      1  0.0s
2022-11-21T19:35:04.7078885Z Test Summary:             | Pass  Total  Time
2022-11-21T19:35:04.7079160Z macrocall bindings: #2187 |    1      1  0.0s
2022-11-21T19:35:04.7170227Z Test Summary:        | Pass  Total  Time
2022-11-21T19:35:04.7170488Z aliased import: #974 |    2      2  0.0s
2022-11-21T19:35:04.8772037Z Test Summary: | Pass  Total  Time
2022-11-21T19:35:04.8772308Z kwarg refs    |   12     12  0.0s
2022-11-21T19:35:04.9954774Z Test Summary:                | Pass  Total  Time
2022-11-21T19:35:04.9955076Z iteration over 1:length(...) |   15     15  0.1s
2022-11-21T19:35:04.9996601Z Test Summary:                    | Pass  Total  Time
2022-11-21T19:35:04.9996896Z assigned but not used with loops |    2      2  0.0s
2022-11-21T19:35:05.0166445Z      Testing StaticLint tests passed 
2022-11-21T19:35:06.4800187Z      Testing SymbolServer
2022-11-21T19:35:07.8510503Z       Status `/tmp/jl_tNdt9X/Project.toml`
2022-11-21T19:35:07.8661712Z   [cf896787] SymbolServer v7.2.2-DEV `~/work/julia-vscode-microprint-test/julia-vscode-microprint-test/scripts/packages/SymbolServer`
2022-11-21T19:35:07.8662460Z   [b77e0a4c] InteractiveUtils `@stdlib/InteractiveUtils`
2022-11-21T19:35:07.8663171Z   [76f85450] LibGit2 `@stdlib/LibGit2`
2022-11-21T19:35:07.8663472Z   [d6f4376e] Markdown `@stdlib/Markdown`
2022-11-21T19:35:07.8663728Z   [44cfe95a] Pkg v1.8.0 `@stdlib/Pkg`
2022-11-21T19:35:07.8663975Z   [3fa0cd96] REPL `@stdlib/REPL`
2022-11-21T19:35:07.8664201Z   [ea8e919c] SHA v0.7.0 `@stdlib/SHA`
2022-11-21T19:35:07.8665895Z   [9e88b42a] Serialization `@stdlib/Serialization`
2022-11-21T19:35:07.8667453Z   [6462fe0b] Sockets `@stdlib/Sockets`
2022-11-21T19:35:07.8667840Z   [8dfed614] Test `@stdlib/Test`
2022-11-21T19:35:07.8715195Z   [cf7118a7] UUIDs `@stdlib/UUIDs`
2022-11-21T19:35:07.8813368Z       Status `/tmp/jl_tNdt9X/Manifest.toml`
2022-11-21T19:35:07.8869147Z   [cf896787] SymbolServer v7.2.2-DEV `~/work/julia-vscode-microprint-test/julia-vscode-microprint-test/scripts/packages/SymbolServer`
2022-11-21T19:35:07.8869810Z   [0dad84c5] ArgTools v1.1.1 `@stdlib/ArgTools`
2022-11-21T19:35:07.8870251Z   [56f22d72] Artifacts `@stdlib/Artifacts`
2022-11-21T19:35:07.8872128Z   [2a0f44e3] Base64 `@stdlib/Base64`
2022-11-21T19:35:07.8872550Z   [ade2ca70] Dates `@stdlib/Dates`
2022-11-21T19:35:07.8872948Z   [f43a241f] Downloads v1.6.0 `@stdlib/Downloads`
2022-11-21T19:35:07.8921125Z   [7b1f6079] FileWatching `@stdlib/FileWatching`
2022-11-21T19:35:07.8921430Z   [b77e0a4c] InteractiveUtils `@stdlib/InteractiveUtils`
2022-11-21T19:35:07.8921703Z   [b27032c2] LibCURL v0.6.3 `@stdlib/LibCURL`
2022-11-21T19:35:07.8921937Z   [76f85450] LibGit2 `@stdlib/LibGit2`
2022-11-21T19:35:07.8922170Z   [8f399da3] Libdl `@stdlib/Libdl`
2022-11-21T19:35:07.8922393Z   [56ddb016] Logging `@stdlib/Logging`
2022-11-21T19:35:07.8922637Z   [d6f4376e] Markdown `@stdlib/Markdown`
2022-11-21T19:35:07.8922930Z   [ca575930] NetworkOptions v1.2.0 `@stdlib/NetworkOptions`
2022-11-21T19:35:07.8923412Z   [44cfe95a] Pkg v1.8.0 `@stdlib/Pkg`
2022-11-21T19:35:07.8923650Z   [de0858da] Printf `@stdlib/Printf`
2022-11-21T19:35:07.8923887Z   [3fa0cd96] REPL `@stdlib/REPL`
2022-11-21T19:35:07.8924115Z   [9a3f8284] Random `@stdlib/Random`
2022-11-21T19:35:07.8924329Z   [ea8e919c] SHA v0.7.0 `@stdlib/SHA`
2022-11-21T19:35:07.8924587Z   [9e88b42a] Serialization `@stdlib/Serialization`
2022-11-21T19:35:07.8924847Z   [6462fe0b] Sockets `@stdlib/Sockets`
2022-11-21T19:35:07.8925068Z   [fa267f1f] TOML v1.0.0 `@stdlib/TOML`
2022-11-21T19:35:07.8925296Z   [a4e569a6] Tar v1.10.1 `@stdlib/Tar`
2022-11-21T19:35:07.8925518Z   [8dfed614] Test `@stdlib/Test`
2022-11-21T19:35:07.8925737Z   [cf7118a7] UUIDs `@stdlib/UUIDs`
2022-11-21T19:35:07.8925963Z   [4ec0a83e] Unicode `@stdlib/Unicode`
2022-11-21T19:35:07.8926229Z   [deac9b47] LibCURL_jll v7.84.0+0 `@stdlib/LibCURL_jll`
2022-11-21T19:35:07.8926501Z   [29816b5a] LibSSH2_jll v1.10.2+0 `@stdlib/LibSSH2_jll`
2022-11-21T19:35:07.8926774Z   [c8ffd9c3] MbedTLS_jll v2.28.0+0 `@stdlib/MbedTLS_jll`
2022-11-21T19:35:07.8927085Z   [14a3606d] MozillaCACerts_jll v2022.2.1 `@stdlib/MozillaCACerts_jll`
2022-11-21T19:35:07.8927364Z   [83775a58] Zlib_jll v1.2.12+3 `@stdlib/Zlib_jll`
2022-11-21T19:35:07.8927632Z   [8e850ede] nghttp2_jll v1.48.0+0 `@stdlib/nghttp2_jll`
2022-11-21T19:35:07.8927901Z   [3f19e933] p7zip_jll v17.4.0+0 `@stdlib/p7zip_jll`
2022-11-21T19:35:08.3411749Z      Testing Running tests...
2022-11-21T19:35:17.1685531Z ┌ Warning: The active manifest file is an older format with no julia version entry. Dependencies may have been resolved with a different julia version.
2022-11-21T19:35:17.1686300Z └ @ /tmp/jl_wnunrz/Manifest.toml:0
2022-11-21T19:35:17.5192057Z    Installed IteratorInterfaceExtensions ─ v1.0.0
2022-11-21T19:35:18.0250154Z Precompiling project...
2022-11-21T19:35:18.2750208Z [32m  ✓ [39mIteratorInterfaceExtensions
2022-11-21T19:35:18.2874259Z   1 dependency successfully precompiled in 1 seconds
2022-11-21T19:35:18.2875104Z   [91m1[39m dependency errored. To see a full report either run `import Pkg; Pkg.precompile()` or load the package
2022-11-21T19:35:30.0264466Z ┌ Warning: TableTraits not stored on disc
2022-11-21T19:35:30.0265158Z └ @ SymbolServer ~/work/julia-vscode-microprint-test/julia-vscode-microprint-test/scripts/packages/SymbolServer/src/SymbolServer.jl:247
2022-11-21T19:35:30.0990974Z Test Summary: | Pass  Total   Time
2022-11-21T19:35:30.1168675Z SymbolServer  | 8054   8054  19.6s
2022-11-21T19:35:30.6095700Z Test Summary: | Pass  Total  Time
2022-11-21T19:35:30.6096693Z TypeofVararg  |   30     30  0.4s
2022-11-21T19:35:30.6936205Z Test Summary: | Pass  Total  Time
2022-11-21T19:35:30.6938796Z Pipe names    |    3      3  0.1s
2022-11-21T19:35:30.6965865Z Test Summary: | Pass  Total  Time
2022-11-21T19:35:30.6966278Z Intrinsics`   |    1      1  0.0s
2022-11-21T19:35:30.7086711Z      Testing SymbolServer tests passed 
2022-11-21T19:35:32.1534764Z      Testing DebugAdapter
2022-11-21T19:35:33.5920247Z       Status `/tmp/jl_BODS9C/Project.toml`
2022-11-21T19:35:33.6075686Z   [17994d07] DebugAdapter v1.0.1-DEV `~/work/julia-vscode-microprint-test/julia-vscode-microprint-test/scripts/packages/DebugAdapter`
2022-11-21T19:35:33.6076611Z   [682c06a0] JSON v0.20.1 `~/work/julia-vscode-microprint-test/julia-vscode-microprint-test/scripts/packages/JSON`
2022-11-21T19:35:33.6077461Z   [b9b8584e] JSONRPC v1.3.5-DEV `~/work/julia-vscode-microprint-test/julia-vscode-microprint-test/scripts/packages/JSONRPC`
2022-11-21T19:35:33.6126005Z   [aa1ae85d] JuliaInterpreter v0.9.15 `~/work/julia-vscode-microprint-test/julia-vscode-microprint-test/scripts/packages/JuliaInterpreter`
2022-11-21T19:35:33.6126416Z   [2a0f44e3] Base64 `@stdlib/Base64`
2022-11-21T19:35:33.6126656Z   [6462fe0b] Sockets `@stdlib/Sockets`
2022-11-21T19:35:33.6126879Z   [8dfed614] Test `@stdlib/Test`
2022-11-21T19:35:33.6127105Z   [cf7118a7] UUIDs `@stdlib/UUIDs`
2022-11-21T19:35:33.6219786Z       Status `/tmp/jl_BODS9C/Manifest.toml`
2022-11-21T19:35:33.6263771Z   [da1fd8a2] CodeTracking v1.1.0 `~/work/julia-vscode-microprint-test/julia-vscode-microprint-test/scripts/packages/CodeTracking`
2022-11-21T19:35:33.6264451Z   [17994d07] DebugAdapter v1.0.1-DEV `~/work/julia-vscode-microprint-test/julia-vscode-microprint-test/scripts/packages/DebugAdapter`
2022-11-21T19:35:33.6265082Z   [682c06a0] JSON v0.20.1 `~/work/julia-vscode-microprint-test/julia-vscode-microprint-test/scripts/packages/JSON`
2022-11-21T19:35:33.6265698Z   [b9b8584e] JSONRPC v1.3.5-DEV `~/work/julia-vscode-microprint-test/julia-vscode-microprint-test/scripts/packages/JSONRPC`
2022-11-21T19:35:33.6266354Z   [aa1ae85d] JuliaInterpreter v0.9.15 `~/work/julia-vscode-microprint-test/julia-vscode-microprint-test/scripts/packages/JuliaInterpreter`
2022-11-21T19:35:33.6266752Z   [2a0f44e3] Base64 `@stdlib/Base64`
2022-11-21T19:35:33.6266986Z   [ade2ca70] Dates `@stdlib/Dates`
2022-11-21T19:35:33.6267250Z   [b77e0a4c] InteractiveUtils `@stdlib/InteractiveUtils`
2022-11-21T19:35:33.6267523Z   [56ddb016] Logging `@stdlib/Logging`
2022-11-21T19:35:33.6267771Z   [d6f4376e] Markdown `@stdlib/Markdown`
2022-11-21T19:35:33.6267994Z   [a63ad114] Mmap `@stdlib/Mmap`
2022-11-21T19:35:33.6268226Z   [de0858da] Printf `@stdlib/Printf`
2022-11-21T19:35:33.6268456Z   [9a3f8284] Random `@stdlib/Random`
2022-11-21T19:35:33.6268681Z   [ea8e919c] SHA v0.7.0 `@stdlib/SHA`
2022-11-21T19:35:33.6268929Z   [9e88b42a] Serialization `@stdlib/Serialization`
2022-11-21T19:35:33.6269184Z   [6462fe0b] Sockets `@stdlib/Sockets`
2022-11-21T19:35:33.6269415Z   [8dfed614] Test `@stdlib/Test`
2022-11-21T19:35:33.6269627Z   [cf7118a7] UUIDs `@stdlib/UUIDs`
2022-11-21T19:35:33.6269860Z   [4ec0a83e] Unicode `@stdlib/Unicode`
2022-11-21T19:35:34.0641920Z Precompiling project...
2022-11-21T19:35:34.5413852Z [32m  ✓ [39m[90mCodeTracking[39m
2022-11-21T19:35:38.8854712Z [32m  ✓ [39mJuliaInterpreter
2022-11-21T19:35:40.2067474Z [32m  ✓ [39mDebugAdapter
2022-11-21T19:35:40.2193229Z   3 dependencies successfully precompiled in 7 seconds. 2 already precompiled.
2022-11-21T19:35:40.2193847Z      Testing Running tests...
2022-11-21T19:35:40.8041722Z Test Summary: |Time
2022-11-21T19:35:40.8212800Z DebugAdapter  | None  0.0s
2022-11-21T19:35:40.8279094Z      Testing DebugAdapter tests passed 
2022-11-21T19:35:42.2478674Z      Testing VSCodeDebugger
2022-11-21T19:35:43.4823242Z       Status `/tmp/jl_J7dqR4/Project.toml`
2022-11-21T19:35:43.4843410Z   [a80fdaa1] VSCodeDebugger v0.1.0 `~/work/julia-vscode-microprint-test/julia-vscode-microprint-test/scripts/packages/VSCodeDebugger`
2022-11-21T19:35:43.4844036Z   [2a0f44e3] Base64 `@stdlib/Base64`
2022-11-21T19:35:43.4892418Z   [ade2ca70] Dates `@stdlib/Dates`
2022-11-21T19:35:43.4892716Z   [b77e0a4c] InteractiveUtils `@stdlib/InteractiveUtils`
2022-11-21T19:35:43.4892978Z   [a63ad114] Mmap `@stdlib/Mmap`
2022-11-21T19:35:43.5571540Z   [3fa0cd96] REPL `@stdlib/REPL`
2022-11-21T19:35:43.5571854Z   [9a3f8284] Random `@stdlib/Random`
2022-11-21T19:35:43.5572117Z   [6462fe0b] Sockets `@stdlib/Sockets`
2022-11-21T19:35:43.5572359Z   [8dfed614] Test `@stdlib/Test`
2022-11-21T19:35:43.5572578Z   [cf7118a7] UUIDs `@stdlib/UUIDs`
2022-11-21T19:35:43.5572815Z   [4ec0a83e] Unicode `@stdlib/Unicode`
2022-11-21T19:35:43.5723186Z       Status `/tmp/jl_J7dqR4/Manifest.toml`
2022-11-21T19:35:43.5756467Z   [a80fdaa1] VSCodeDebugger v0.1.0 `~/work/julia-vscode-microprint-test/julia-vscode-microprint-test/scripts/packages/VSCodeDebugger`
2022-11-21T19:35:43.5756873Z   [2a0f44e3] Base64 `@stdlib/Base64`
2022-11-21T19:35:43.5757106Z   [ade2ca70] Dates `@stdlib/Dates`
2022-11-21T19:35:43.5757376Z   [b77e0a4c] InteractiveUtils `@stdlib/InteractiveUtils`
2022-11-21T19:35:43.5757651Z   [56ddb016] Logging `@stdlib/Logging`
2022-11-21T19:35:43.5757893Z   [d6f4376e] Markdown `@stdlib/Markdown`
2022-11-21T19:35:43.5758127Z   [a63ad114] Mmap `@stdlib/Mmap`
2022-11-21T19:35:43.5758348Z   [de0858da] Printf `@stdlib/Printf`
2022-11-21T19:35:43.5758573Z   [3fa0cd96] REPL `@stdlib/REPL`
2022-11-21T19:35:43.5758802Z   [9a3f8284] Random `@stdlib/Random`
2022-11-21T19:35:43.5759286Z   [ea8e919c] SHA v0.7.0 `@stdlib/SHA`
2022-11-21T19:35:43.5759551Z   [9e88b42a] Serialization `@stdlib/Serialization`
2022-11-21T19:35:43.5759808Z   [6462fe0b] Sockets `@stdlib/Sockets`
2022-11-21T19:35:43.5760025Z   [8dfed614] Test `@stdlib/Test`
2022-11-21T19:35:43.5760243Z   [cf7118a7] UUIDs `@stdlib/UUIDs`
2022-11-21T19:35:43.5760470Z   [4ec0a83e] Unicode `@stdlib/Unicode`
2022-11-21T19:35:43.9390613Z Precompiling project...
2022-11-21T19:35:50.0909510Z [32m  ✓ [39mVSCodeDebugger
2022-11-21T19:35:50.1035909Z   1 dependency successfully precompiled in 7 seconds
2022-11-21T19:35:50.1036412Z      Testing Running tests...
2022-11-21T19:35:50.4554201Z Test Summary:  |Time
2022-11-21T19:35:50.4727292Z VSCodeDebugger | None  0.0s
2022-11-21T19:35:50.4784817Z      Testing VSCodeDebugger tests passed 
2022-11-21T19:35:51.9285917Z      Testing VSCodeServer
2022-11-21T19:35:53.2701615Z       Status `/tmp/jl_SAro00/Project.toml`
2022-11-21T19:35:53.2730291Z   [9f5989ce] VSCodeServer v0.0.0 `~/work/julia-vscode-microprint-test/julia-vscode-microprint-test/scripts/packages/VSCodeServer`
2022-11-21T19:35:53.2730904Z   [2a0f44e3] Base64 `@stdlib/Base64`
2022-11-21T19:35:53.2731340Z   [ade2ca70] Dates `@stdlib/Dates`
2022-11-21T19:35:53.2733720Z   [b77e0a4c] InteractiveUtils `@stdlib/InteractiveUtils`
2022-11-21T19:35:53.2734164Z   [56ddb016] Logging `@stdlib/Logging`
2022-11-21T19:35:53.2734772Z   [d6f4376e] Markdown `@stdlib/Markdown`
2022-11-21T19:35:53.2735265Z   [a63ad114] Mmap `@stdlib/Mmap`
2022-11-21T19:35:53.2735779Z   [44cfe95a] Pkg v1.8.0 `@stdlib/Pkg`
2022-11-21T19:35:53.2736221Z   [de0858da] Printf `@stdlib/Printf`
2022-11-21T19:35:53.2736724Z   [9abbd945] Profile `@stdlib/Profile`
2022-11-21T19:35:53.2737078Z   [3fa0cd96] REPL `@stdlib/REPL`
2022-11-21T19:35:53.2737454Z   [9a3f8284] Random `@stdlib/Random`
2022-11-21T19:35:53.2737883Z   [6462fe0b] Sockets `@stdlib/Sockets`
2022-11-21T19:35:53.2738847Z   [8dfed614] Test `@stdlib/Test`
2022-11-21T19:35:53.2739124Z   [cf7118a7] UUIDs `@stdlib/UUIDs`
2022-11-21T19:35:53.2739380Z   [4ec0a83e] Unicode `@stdlib/Unicode`
2022-11-21T19:35:53.2879604Z       Status `/tmp/jl_SAro00/Manifest.toml`
2022-11-21T19:35:53.2947876Z   [9f5989ce] VSCodeServer v0.0.0 `~/work/julia-vscode-microprint-test/julia-vscode-microprint-test/scripts/packages/VSCodeServer`
2022-11-21T19:35:53.2948331Z   [0dad84c5] ArgTools v1.1.1 `@stdlib/ArgTools`
2022-11-21T19:35:53.2948613Z   [56f22d72] Artifacts `@stdlib/Artifacts`
2022-11-21T19:35:53.2948860Z   [2a0f44e3] Base64 `@stdlib/Base64`
2022-11-21T19:35:53.2949098Z   [ade2ca70] Dates `@stdlib/Dates`
2022-11-21T19:35:53.2949365Z   [f43a241f] Downloads v1.6.0 `@stdlib/Downloads`
2022-11-21T19:35:53.2949648Z   [7b1f6079] FileWatching `@stdlib/FileWatching`
2022-11-21T19:35:53.2949962Z   [b77e0a4c] InteractiveUtils `@stdlib/InteractiveUtils`
2022-11-21T19:35:53.2950265Z   [b27032c2] LibCURL v0.6.3 `@stdlib/LibCURL`
2022-11-21T19:35:53.2950529Z   [76f85450] LibGit2 `@stdlib/LibGit2`
2022-11-21T19:35:53.2950767Z   [8f399da3] Libdl `@stdlib/Libdl`
2022-11-21T19:35:53.2951005Z   [56ddb016] Logging `@stdlib/Logging`
2022-11-21T19:35:53.2951241Z   [d6f4376e] Markdown `@stdlib/Markdown`
2022-11-21T19:35:53.2951467Z   [a63ad114] Mmap `@stdlib/Mmap`
2022-11-21T19:35:53.2951736Z   [ca575930] NetworkOptions v1.2.0 `@stdlib/NetworkOptions`
2022-11-21T19:35:53.2952000Z   [44cfe95a] Pkg v1.8.0 `@stdlib/Pkg`
2022-11-21T19:35:53.2952230Z   [de0858da] Printf `@stdlib/Printf`
2022-11-21T19:35:53.2952466Z   [9abbd945] Profile `@stdlib/Profile`
2022-11-21T19:35:53.2952702Z   [3fa0cd96] REPL `@stdlib/REPL`
2022-11-21T19:35:53.2952914Z   [9a3f8284] Random `@stdlib/Random`
2022-11-21T19:35:53.2953139Z   [ea8e919c] SHA v0.7.0 `@stdlib/SHA`
2022-11-21T19:35:53.2953394Z   [9e88b42a] Serialization `@stdlib/Serialization`
2022-11-21T19:35:53.2953643Z   [6462fe0b] Sockets `@stdlib/Sockets`
2022-11-21T19:35:53.2953877Z   [fa267f1f] TOML v1.0.0 `@stdlib/TOML`
2022-11-21T19:35:53.2954111Z   [a4e569a6] Tar v1.10.1 `@stdlib/Tar`
2022-11-21T19:35:53.2954508Z   [8dfed614] Test `@stdlib/Test`
2022-11-21T19:35:53.2954727Z   [cf7118a7] UUIDs `@stdlib/UUIDs`
2022-11-21T19:35:53.2954952Z   [4ec0a83e] Unicode `@stdlib/Unicode`
2022-11-21T19:35:53.2955213Z   [deac9b47] LibCURL_jll v7.84.0+0 `@stdlib/LibCURL_jll`
2022-11-21T19:35:53.2955475Z   [29816b5a] LibSSH2_jll v1.10.2+0 `@stdlib/LibSSH2_jll`
2022-11-21T19:35:53.2955749Z   [c8ffd9c3] MbedTLS_jll v2.28.0+0 `@stdlib/MbedTLS_jll`
2022-11-21T19:35:53.2956058Z   [14a3606d] MozillaCACerts_jll v2022.2.1 `@stdlib/MozillaCACerts_jll`
2022-11-21T19:35:53.2956336Z   [83775a58] Zlib_jll v1.2.12+3 `@stdlib/Zlib_jll`
2022-11-21T19:35:53.2956600Z   [8e850ede] nghttp2_jll v1.48.0+0 `@stdlib/nghttp2_jll`
2022-11-21T19:35:53.2956869Z   [3f19e933] p7zip_jll v17.4.0+0 `@stdlib/p7zip_jll`
2022-11-21T19:35:53.6765765Z Precompiling project...
2022-11-21T19:36:01.5486105Z [32m  ✓ [39mVSCodeServer
2022-11-21T19:36:01.5609682Z   1 dependency successfully precompiled in 8 seconds. 3 already precompiled.
2022-11-21T19:36:01.5610180Z      Testing Running tests...
2022-11-21T19:36:01.9074324Z Test Summary: |Time
2022-11-21T19:36:01.9247475Z VSCodeServer  | None  0.0s
2022-11-21T19:36:01.9305872Z      Testing VSCodeServer tests passed 
2022-11-21T19:36:01.9461348Z Post job cleanup.
2022-11-21T19:36:02.0729892Z [command]/usr/bin/git version
2022-11-21T19:36:02.0775344Z git version 2.38.1
2022-11-21T19:36:02.0813790Z Temporarily overriding HOME='/home/runner/work/_temp/572800ff-ad99-402a-a74b-abd9038abc55' before making global git config changes
2022-11-21T19:36:02.0814398Z Adding repository directory to the temporary git global config as a safe directory
2022-11-21T19:36:02.0818381Z [command]/usr/bin/git config --global --add safe.directory /home/runner/work/julia-vscode-microprint-test/julia-vscode-microprint-test
2022-11-21T19:36:02.0857986Z [command]/usr/bin/git config --local --name-only --get-regexp core\.sshCommand
2022-11-21T19:36:02.0890901Z [command]/usr/bin/git submodule foreach --recursive git config --local --name-only --get-regexp 'core\.sshCommand' && git config --local --unset-all 'core.sshCommand' || :
2022-11-21T19:36:02.1105059Z Entering 'libs/jl-profile'
2022-11-21T19:36:02.1145043Z Entering 'scripts/packages-old/JuliaInterpreter'
2022-11-21T19:36:02.1181040Z Entering 'scripts/packages/CSTParser'
2022-11-21T19:36:02.1220211Z Entering 'scripts/packages/CodeTracking'
2022-11-21T19:36:02.1255684Z Entering 'scripts/packages/CommonMark'
2022-11-21T19:36:02.1295324Z Entering 'scripts/packages/Compat'
2022-11-21T19:36:02.1330803Z Entering 'scripts/packages/CoverageTools'
2022-11-21T19:36:02.1380863Z Entering 'scripts/packages/Crayons'
2022-11-21T19:36:02.1422395Z Entering 'scripts/packages/DataStructures'
2022-11-21T19:36:02.1462325Z Entering 'scripts/packages/DebugAdapter'
2022-11-21T19:36:02.1494698Z Entering 'scripts/packages/FilePathsBase'
2022-11-21T19:36:02.1530770Z Entering 'scripts/packages/IJuliaCore'
2022-11-21T19:36:02.1564885Z Entering 'scripts/packages/JSON'
2022-11-21T19:36:02.1602141Z Entering 'scripts/packages/JSONRPC'
2022-11-21T19:36:02.1637050Z Entering 'scripts/packages/JuliaFormatter'
2022-11-21T19:36:02.1672318Z Entering 'scripts/packages/JuliaInterpreter'
2022-11-21T19:36:02.1706972Z Entering 'scripts/packages/LanguageServer'
2022-11-21T19:36:02.1742791Z Entering 'scripts/packages/LoweredCodeUtils'
2022-11-21T19:36:02.1779268Z Entering 'scripts/packages/OrderedCollections'
2022-11-21T19:36:02.1815784Z Entering 'scripts/packages/PackageCompiler'
2022-11-21T19:36:02.1859248Z Entering 'scripts/packages/Revise'
2022-11-21T19:36:02.1897330Z Entering 'scripts/packages/StaticLint'
2022-11-21T19:36:02.1933220Z Entering 'scripts/packages/SymbolServer'
2022-11-21T19:36:02.1971525Z Entering 'scripts/packages/TestEnv'
2022-11-21T19:36:02.2007190Z Entering 'scripts/packages/TestItemDetection'
2022-11-21T19:36:02.2044762Z Entering 'scripts/packages/Tokenize'
2022-11-21T19:36:02.2080426Z Entering 'scripts/packages/URIParser'
2022-11-21T19:36:02.2119818Z Entering 'scripts/packages/URIs'
2022-11-21T19:36:02.2166001Z [command]/usr/bin/git config --local --name-only --get-regexp http\.https\:\/\/github\.com\/\.extraheader
2022-11-21T19:36:02.2194748Z http.https://github.com/.extraheader
2022-11-21T19:36:02.2203733Z [command]/usr/bin/git config --local --unset-all http.https://github.com/.extraheader
2022-11-21T19:36:02.2239771Z [command]/usr/bin/git submodule foreach --recursive git config --local --name-only --get-regexp 'http\.https\:\/\/github\.com\/\.extraheader' && git config --local --unset-all 'http.https://github.com/.extraheader' || :
2022-11-21T19:36:02.2454243Z Entering 'libs/jl-profile'
2022-11-21T19:36:02.2474145Z http.https://github.com/.extraheader
2022-11-21T19:36:02.2508385Z Entering 'scripts/packages-old/JuliaInterpreter'
2022-11-21T19:36:02.2527275Z http.https://github.com/.extraheader
2022-11-21T19:36:02.2561175Z Entering 'scripts/packages/CSTParser'
2022-11-21T19:36:02.2581253Z http.https://github.com/.extraheader
2022-11-21T19:36:02.2612807Z Entering 'scripts/packages/CodeTracking'
2022-11-21T19:36:02.2632705Z http.https://github.com/.extraheader
2022-11-21T19:36:02.2664927Z Entering 'scripts/packages/CommonMark'
2022-11-21T19:36:02.2683685Z http.https://github.com/.extraheader
2022-11-21T19:36:02.2718746Z Entering 'scripts/packages/Compat'
2022-11-21T19:36:02.2737764Z http.https://github.com/.extraheader
2022-11-21T19:36:02.2771293Z Entering 'scripts/packages/CoverageTools'
2022-11-21T19:36:02.2790587Z http.https://github.com/.extraheader
2022-11-21T19:36:02.2824711Z Entering 'scripts/packages/Crayons'
2022-11-21T19:36:02.2844416Z http.https://github.com/.extraheader
2022-11-21T19:36:02.2877382Z Entering 'scripts/packages/DataStructures'
2022-11-21T19:36:02.2896973Z http.https://github.com/.extraheader
2022-11-21T19:36:02.2930930Z Entering 'scripts/packages/DebugAdapter'
2022-11-21T19:36:02.2950922Z http.https://github.com/.extraheader
2022-11-21T19:36:02.2983187Z Entering 'scripts/packages/FilePathsBase'
2022-11-21T19:36:02.3002759Z http.https://github.com/.extraheader
2022-11-21T19:36:02.3034460Z Entering 'scripts/packages/IJuliaCore'
2022-11-21T19:36:02.3053052Z http.https://github.com/.extraheader
2022-11-21T19:36:02.3087768Z Entering 'scripts/packages/JSON'
2022-11-21T19:36:02.3109139Z http.https://github.com/.extraheader
2022-11-21T19:36:02.3140996Z Entering 'scripts/packages/JSONRPC'
2022-11-21T19:36:02.3160634Z http.https://github.com/.extraheader
2022-11-21T19:36:02.3192381Z Entering 'scripts/packages/JuliaFormatter'
2022-11-21T19:36:02.3211952Z http.https://github.com/.extraheader
2022-11-21T19:36:02.3243965Z Entering 'scripts/packages/JuliaInterpreter'
2022-11-21T19:36:02.3264432Z http.https://github.com/.extraheader
2022-11-21T19:36:02.3296117Z Entering 'scripts/packages/LanguageServer'
2022-11-21T19:36:02.3316961Z http.https://github.com/.extraheader
2022-11-21T19:36:02.3349961Z Entering 'scripts/packages/LoweredCodeUtils'
2022-11-21T19:36:02.3369598Z http.https://github.com/.extraheader
2022-11-21T19:36:02.3401526Z Entering 'scripts/packages/OrderedCollections'
2022-11-21T19:36:02.3422482Z http.https://github.com/.extraheader
2022-11-21T19:36:02.3453380Z Entering 'scripts/packages/PackageCompiler'
2022-11-21T19:36:02.3472084Z http.https://github.com/.extraheader
2022-11-21T19:36:02.3505576Z Entering 'scripts/packages/Revise'
2022-11-21T19:36:02.3525061Z http.https://github.com/.extraheader
2022-11-21T19:36:02.3556772Z Entering 'scripts/packages/StaticLint'
2022-11-21T19:36:02.3576273Z http.https://github.com/.extraheader
2022-11-21T19:36:02.3607612Z Entering 'scripts/packages/SymbolServer'
2022-11-21T19:36:02.3627349Z http.https://github.com/.extraheader
2022-11-21T19:36:02.3658699Z Entering 'scripts/packages/TestEnv'
2022-11-21T19:36:02.3679380Z http.https://github.com/.extraheader
2022-11-21T19:36:02.3711122Z Entering 'scripts/packages/TestItemDetection'
2022-11-21T19:36:02.3730517Z http.https://github.com/.extraheader
2022-11-21T19:36:02.3762377Z Entering 'scripts/packages/Tokenize'
2022-11-21T19:36:02.3782164Z http.https://github.com/.extraheader
2022-11-21T19:36:02.3813415Z Entering 'scripts/packages/URIParser'
2022-11-21T19:36:02.3833884Z http.https://github.com/.extraheader
2022-11-21T19:36:02.3881838Z Entering 'scripts/packages/URIs'
2022-11-21T19:36:02.3904282Z http.https://github.com/.extraheader
2022-11-21T19:36:02.4182570Z Cleaning up orphan processes
