2023-10-30T05:38:39.8404328Z Requested labels: ubuntu-latest
2023-10-30T05:38:39.8404615Z Job defined at: AlphaSteam/julia-vscode-microprint-test/.github/workflows/main.yml@refs/heads/master
2023-10-30T05:38:39.8404710Z Waiting for a runner to pick up this job...
2023-10-30T05:38:40.7655033Z Job is waiting for a hosted runner to come online.
2023-10-30T05:38:43.9392513Z Job is about to start running on the hosted runner: GitHub Actions 8 (hosted)
2023-10-30T05:38:46.0591142Z Current runner version: '2.311.0'
2023-10-30T05:38:46.0619185Z ##[group]Operating System
2023-10-30T05:38:46.0619996Z Ubuntu
2023-10-30T05:38:46.0620578Z 22.04.3
2023-10-30T05:38:46.0620979Z LTS
2023-10-30T05:38:46.0621420Z ##[endgroup]
2023-10-30T05:38:46.0621976Z ##[group]Runner Image
2023-10-30T05:38:46.0622497Z Image: ubuntu-22.04
2023-10-30T05:38:46.0623024Z Version: 20231025.1.0
2023-10-30T05:38:46.0624359Z Included Software: https://github.com/actions/runner-images/blob/ubuntu22/20231025.1/images/linux/Ubuntu2204-Readme.md
2023-10-30T05:38:46.0626163Z Image Release: https://github.com/actions/runner-images/releases/tag/ubuntu22%2F20231025.1
2023-10-30T05:38:46.0627297Z ##[endgroup]
2023-10-30T05:38:46.0627887Z ##[group]Runner Image Provisioner
2023-10-30T05:38:46.0628466Z 2.0.312.1
2023-10-30T05:38:46.0628907Z ##[endgroup]
2023-10-30T05:38:46.0631734Z ##[group]GITHUB_TOKEN Permissions
2023-10-30T05:38:46.0633864Z Actions: write
2023-10-30T05:38:46.0634410Z Checks: write
2023-10-30T05:38:46.0635394Z Contents: write
2023-10-30T05:38:46.0636105Z Deployments: write
2023-10-30T05:38:46.0636594Z Discussions: write
2023-10-30T05:38:46.0637134Z Issues: write
2023-10-30T05:38:46.0637686Z Metadata: read
2023-10-30T05:38:46.0638144Z Packages: write
2023-10-30T05:38:46.0638648Z Pages: write
2023-10-30T05:38:46.0639192Z PullRequests: write
2023-10-30T05:38:46.0639704Z RepositoryProjects: write
2023-10-30T05:38:46.0640314Z SecurityEvents: write
2023-10-30T05:38:46.0640908Z Statuses: write
2023-10-30T05:38:46.0641362Z ##[endgroup]
2023-10-30T05:38:46.0645198Z Secret source: Actions
2023-10-30T05:38:46.0646062Z Prepare workflow directory
2023-10-30T05:38:46.1581801Z Prepare all required actions
2023-10-30T05:38:46.1774260Z Getting action download info
2023-10-30T05:38:46.3644045Z Download action repository 'actions/checkout@v2' (SHA:ee0669bd1cc54295c223e0bb666b733df41de1c5)
2023-10-30T05:38:46.4979608Z Download action repository 'julia-actions/setup-julia@v1' (SHA:f40c4b69330df1d22e7590c12e76dc2f9c66e0bc)
2023-10-30T05:38:46.8510533Z Complete job name: Test Julia Packages (ubuntu-latest, 1.8)
2023-10-30T05:38:46.9679798Z ##[group]Run actions/checkout@v2
2023-10-30T05:38:46.9680396Z with:
2023-10-30T05:38:46.9680745Z   submodules: true
2023-10-30T05:38:46.9681323Z   repository: AlphaSteam/julia-vscode-microprint-test
2023-10-30T05:38:46.9682292Z   token: ***
2023-10-30T05:38:46.9682665Z   ssh-strict: true
2023-10-30T05:38:46.9683109Z   persist-credentials: true
2023-10-30T05:38:46.9683597Z   clean: true
2023-10-30T05:38:46.9683964Z   fetch-depth: 1
2023-10-30T05:38:46.9684353Z   lfs: false
2023-10-30T05:38:46.9684746Z   set-safe-directory: true
2023-10-30T05:38:46.9685183Z env:
2023-10-30T05:38:46.9685520Z   NODE_VERSION: 16
2023-10-30T05:38:46.9685914Z ##[endgroup]
2023-10-30T05:38:47.2609611Z Syncing repository: AlphaSteam/julia-vscode-microprint-test
2023-10-30T05:38:47.2612113Z ##[group]Getting Git version info
2023-10-30T05:38:47.2613554Z Working directory is '/home/runner/work/julia-vscode-microprint-test/julia-vscode-microprint-test'
2023-10-30T05:38:47.2615317Z [command]/usr/bin/git version
2023-10-30T05:38:47.2622232Z git version 2.42.0
2023-10-30T05:38:47.2623633Z ##[endgroup]
2023-10-30T05:38:47.2638377Z Temporarily overriding HOME='/home/runner/work/_temp/e6992de4-7d37-4060-b622-5d06cb3867ab' before making global git config changes
2023-10-30T05:38:47.2640334Z Adding repository directory to the temporary git global config as a safe directory
2023-10-30T05:38:47.2642478Z [command]/usr/bin/git config --global --add safe.directory /home/runner/work/julia-vscode-microprint-test/julia-vscode-microprint-test
2023-10-30T05:38:47.2644799Z Deleting the contents of '/home/runner/work/julia-vscode-microprint-test/julia-vscode-microprint-test'
2023-10-30T05:38:47.2646593Z ##[group]Initializing the repository
2023-10-30T05:38:47.2647996Z [command]/usr/bin/git init /home/runner/work/julia-vscode-microprint-test/julia-vscode-microprint-test
2023-10-30T05:38:47.2781246Z hint: Using 'master' as the name for the initial branch. This default branch name
2023-10-30T05:38:47.2782979Z hint: is subject to change. To configure the initial branch name to use in all
2023-10-30T05:38:47.2784765Z hint: of your new repositories, which will suppress this warning, call:
2023-10-30T05:38:47.2785695Z hint: 
2023-10-30T05:38:47.2786304Z hint: 	git config --global init.defaultBranch <name>
2023-10-30T05:38:47.2787014Z hint: 
2023-10-30T05:38:47.2787786Z hint: Names commonly chosen instead of 'master' are 'main', 'trunk' and
2023-10-30T05:38:47.2789114Z hint: 'development'. The just-created branch can be renamed via this command:
2023-10-30T05:38:47.2790053Z hint: 
2023-10-30T05:38:47.2790495Z hint: 	git branch -m <name>
2023-10-30T05:38:47.2791951Z Initialized empty Git repository in /home/runner/work/julia-vscode-microprint-test/julia-vscode-microprint-test/.git/
2023-10-30T05:38:47.2794173Z [command]/usr/bin/git remote add origin https://github.com/AlphaSteam/julia-vscode-microprint-test
2023-10-30T05:38:47.2796142Z ##[endgroup]
2023-10-30T05:38:47.2797018Z ##[group]Disabling automatic garbage collection
2023-10-30T05:38:47.2810779Z [command]/usr/bin/git config --local gc.auto 0
2023-10-30T05:38:47.2827614Z ##[endgroup]
2023-10-30T05:38:47.2828403Z ##[group]Setting up auth
2023-10-30T05:38:47.2835322Z [command]/usr/bin/git config --local --name-only --get-regexp core\.sshCommand
2023-10-30T05:38:47.2917643Z [command]/usr/bin/git submodule foreach --recursive sh -c "git config --local --name-only --get-regexp 'core\.sshCommand' && git config --local --unset-all 'core.sshCommand' || :"
2023-10-30T05:38:47.3294069Z [command]/usr/bin/git config --local --name-only --get-regexp http\.https\:\/\/github\.com\/\.extraheader
2023-10-30T05:38:47.3355317Z [command]/usr/bin/git submodule foreach --recursive sh -c "git config --local --name-only --get-regexp 'http\.https\:\/\/github\.com\/\.extraheader' && git config --local --unset-all 'http.https://github.com/.extraheader' || :"
2023-10-30T05:38:47.3633470Z [command]/usr/bin/git config --local http.https://github.com/.extraheader AUTHORIZATION: basic ***
2023-10-30T05:38:47.3678003Z ##[endgroup]
2023-10-30T05:38:47.3679205Z ##[group]Fetching the repository
2023-10-30T05:38:47.3687185Z [command]/usr/bin/git -c protocol.version=2 fetch --no-tags --prune --progress --no-recurse-submodules --depth=1 origin +a65ec82a528f08c6bdc23b9b6f4e95a711624cc3:refs/remotes/origin/master
2023-10-30T05:38:47.5680032Z remote: Enumerating objects: 368, done.        
2023-10-30T05:38:47.5684167Z remote: Counting objects:   0% (1/368)        
2023-10-30T05:38:47.5690153Z remote: Counting objects:   1% (4/368)        
2023-10-30T05:38:47.5692934Z remote: Counting objects:   2% (8/368)        
2023-10-30T05:38:47.5693819Z remote: Counting objects:   3% (12/368)        
2023-10-30T05:38:47.5695080Z remote: Counting objects:   4% (15/368)        
2023-10-30T05:38:47.5695751Z remote: Counting objects:   5% (19/368)        
2023-10-30T05:38:47.5696321Z remote: Counting objects:   6% (23/368)        
2023-10-30T05:38:47.5696895Z remote: Counting objects:   7% (26/368)        
2023-10-30T05:38:47.5697523Z remote: Counting objects:   8% (30/368)        
2023-10-30T05:38:47.5698107Z remote: Counting objects:   9% (34/368)        
2023-10-30T05:38:47.5698655Z remote: Counting objects:  10% (37/368)        
2023-10-30T05:38:47.5699228Z remote: Counting objects:  11% (41/368)        
2023-10-30T05:38:47.5699793Z remote: Counting objects:  12% (45/368)        
2023-10-30T05:38:47.5700344Z remote: Counting objects:  13% (48/368)        
2023-10-30T05:38:47.5700914Z remote: Counting objects:  14% (52/368)        
2023-10-30T05:38:47.5701477Z remote: Counting objects:  15% (56/368)        
2023-10-30T05:38:47.5702027Z remote: Counting objects:  16% (59/368)        
2023-10-30T05:38:47.5702595Z remote: Counting objects:  17% (63/368)        
2023-10-30T05:38:47.5703163Z remote: Counting objects:  18% (67/368)        
2023-10-30T05:38:47.5703711Z remote: Counting objects:  19% (70/368)        
2023-10-30T05:38:47.5704273Z remote: Counting objects:  20% (74/368)        
2023-10-30T05:38:47.5705137Z remote: Counting objects:  21% (78/368)        
2023-10-30T05:38:47.5705688Z remote: Counting objects:  22% (81/368)        
2023-10-30T05:38:47.5706254Z remote: Counting objects:  23% (85/368)        
2023-10-30T05:38:47.5706817Z remote: Counting objects:  24% (89/368)        
2023-10-30T05:38:47.5707366Z remote: Counting objects:  25% (92/368)        
2023-10-30T05:38:47.5707987Z remote: Counting objects:  26% (96/368)        
2023-10-30T05:38:47.5708565Z remote: Counting objects:  27% (100/368)        
2023-10-30T05:38:47.5709149Z remote: Counting objects:  28% (104/368)        
2023-10-30T05:38:47.5709734Z remote: Counting objects:  29% (107/368)        
2023-10-30T05:38:47.5710315Z remote: Counting objects:  30% (111/368)        
2023-10-30T05:38:47.5710885Z remote: Counting objects:  31% (115/368)        
2023-10-30T05:38:47.5711459Z remote: Counting objects:  32% (118/368)        
2023-10-30T05:38:47.5712037Z remote: Counting objects:  33% (122/368)        
2023-10-30T05:38:47.5712880Z remote: Counting objects:  34% (126/368)        
2023-10-30T05:38:47.5713481Z remote: Counting objects:  35% (129/368)        
2023-10-30T05:38:47.5714056Z remote: Counting objects:  36% (133/368)        
2023-10-30T05:38:47.5714741Z remote: Counting objects:  37% (137/368)        
2023-10-30T05:38:47.5715592Z remote: Counting objects:  38% (140/368)        
2023-10-30T05:38:47.5716262Z remote: Counting objects:  39% (144/368)        
2023-10-30T05:38:47.5716923Z remote: Counting objects:  40% (148/368)        
2023-10-30T05:38:47.5717590Z remote: Counting objects:  41% (151/368)        
2023-10-30T05:38:47.5718187Z remote: Counting objects:  42% (155/368)        
2023-10-30T05:38:47.5718882Z remote: Counting objects:  43% (159/368)        
2023-10-30T05:38:47.5719551Z remote: Counting objects:  44% (162/368)        
2023-10-30T05:38:47.5720228Z remote: Counting objects:  45% (166/368)        
2023-10-30T05:38:47.5720878Z remote: Counting objects:  46% (170/368)        
2023-10-30T05:38:47.5721533Z remote: Counting objects:  47% (173/368)        
2023-10-30T05:38:47.5722332Z remote: Counting objects:  48% (177/368)        
2023-10-30T05:38:47.5723006Z remote: Counting objects:  49% (181/368)        
2023-10-30T05:38:47.5723673Z remote: Counting objects:  50% (184/368)        
2023-10-30T05:38:47.5724386Z remote: Counting objects:  51% (188/368)        
2023-10-30T05:38:47.5725101Z remote: Counting objects:  52% (192/368)        
2023-10-30T05:38:47.5725751Z remote: Counting objects:  53% (196/368)        
2023-10-30T05:38:47.5726422Z remote: Counting objects:  54% (199/368)        
2023-10-30T05:38:47.5727037Z remote: Counting objects:  55% (203/368)        
2023-10-30T05:38:47.5727691Z remote: Counting objects:  56% (207/368)        
2023-10-30T05:38:47.5728348Z remote: Counting objects:  57% (210/368)        
2023-10-30T05:38:47.5729013Z remote: Counting objects:  58% (214/368)        
2023-10-30T05:38:47.5729626Z remote: Counting objects:  59% (218/368)        
2023-10-30T05:38:47.5730185Z remote: Counting objects:  60% (221/368)        
2023-10-30T05:38:47.5730864Z remote: Counting objects:  61% (225/368)        
2023-10-30T05:38:47.5731527Z remote: Counting objects:  62% (229/368)        
2023-10-30T05:38:47.5732187Z remote: Counting objects:  63% (232/368)        
2023-10-30T05:38:47.5732961Z remote: Counting objects:  64% (236/368)        
2023-10-30T05:38:47.5733605Z remote: Counting objects:  65% (240/368)        
2023-10-30T05:38:47.5734262Z remote: Counting objects:  66% (243/368)        
2023-10-30T05:38:47.5734925Z remote: Counting objects:  67% (247/368)        
2023-10-30T05:38:47.5735570Z remote: Counting objects:  68% (251/368)        
2023-10-30T05:38:47.5736232Z remote: Counting objects:  69% (254/368)        
2023-10-30T05:38:47.5736896Z remote: Counting objects:  70% (258/368)        
2023-10-30T05:38:47.5737559Z remote: Counting objects:  71% (262/368)        
2023-10-30T05:38:47.5738207Z remote: Counting objects:  72% (265/368)        
2023-10-30T05:38:47.5738869Z remote: Counting objects:  73% (269/368)        
2023-10-30T05:38:47.5742522Z remote: Counting objects:  74% (273/368)        
2023-10-30T05:38:47.5743200Z remote: Counting objects:  75% (276/368)        
2023-10-30T05:38:47.5743767Z remote: Counting objects:  76% (280/368)        
2023-10-30T05:38:47.5744343Z remote: Counting objects:  77% (284/368)        
2023-10-30T05:38:47.5744920Z remote: Counting objects:  78% (288/368)        
2023-10-30T05:38:47.5745480Z remote: Counting objects:  79% (291/368)        
2023-10-30T05:38:47.5746055Z remote: Counting objects:  80% (295/368)        
2023-10-30T05:38:47.5746631Z remote: Counting objects:  81% (299/368)        
2023-10-30T05:38:47.5747198Z remote: Counting objects:  82% (302/368)        
2023-10-30T05:38:47.5747771Z remote: Counting objects:  83% (306/368)        
2023-10-30T05:38:47.5748345Z remote: Counting objects:  84% (310/368)        
2023-10-30T05:38:47.5748902Z remote: Counting objects:  85% (313/368)        
2023-10-30T05:38:47.5749472Z remote: Counting objects:  86% (317/368)        
2023-10-30T05:38:47.5750066Z remote: Counting objects:  87% (321/368)        
2023-10-30T05:38:47.5750627Z remote: Counting objects:  88% (324/368)        
2023-10-30T05:38:47.5751197Z remote: Counting objects:  89% (328/368)        
2023-10-30T05:38:47.5751771Z remote: Counting objects:  90% (332/368)        
2023-10-30T05:38:47.5752342Z remote: Counting objects:  91% (335/368)        
2023-10-30T05:38:47.5752904Z remote: Counting objects:  92% (339/368)        
2023-10-30T05:38:47.5753475Z remote: Counting objects:  93% (343/368)        
2023-10-30T05:38:47.5754043Z remote: Counting objects:  94% (346/368)        
2023-10-30T05:38:47.5754600Z remote: Counting objects:  95% (350/368)        
2023-10-30T05:38:47.5755865Z remote: Counting objects:  96% (354/368)        
2023-10-30T05:38:47.5756451Z remote: Counting objects:  97% (357/368)        
2023-10-30T05:38:47.5757008Z remote: Counting objects:  98% (361/368)        
2023-10-30T05:38:47.5757786Z remote: Counting objects:  99% (365/368)        
2023-10-30T05:38:47.5758694Z remote: Counting objects: 100% (368/368)        
2023-10-30T05:38:47.5759403Z remote: Counting objects: 100% (368/368), done.        
2023-10-30T05:38:47.5760129Z remote: Compressing objects:   0% (1/312)        
2023-10-30T05:38:47.5760807Z remote: Compressing objects:   1% (4/312)        
2023-10-30T05:38:47.5761483Z remote: Compressing objects:   2% (7/312)        
2023-10-30T05:38:47.5806457Z remote: Compressing objects:   3% (10/312)        
2023-10-30T05:38:47.5810793Z remote: Compressing objects:   4% (13/312)        
2023-10-30T05:38:47.5812092Z remote: Compressing objects:   5% (16/312)        
2023-10-30T05:38:47.5815321Z remote: Compressing objects:   6% (19/312)        
2023-10-30T05:38:47.5819387Z remote: Compressing objects:   7% (22/312)        
2023-10-30T05:38:47.5826994Z remote: Compressing objects:   8% (25/312)        
2023-10-30T05:38:47.5840646Z remote: Compressing objects:   9% (29/312)        
2023-10-30T05:38:47.5863041Z remote: Compressing objects:  10% (32/312)        
2023-10-30T05:38:47.5879737Z remote: Compressing objects:  11% (35/312)        
2023-10-30T05:38:47.5905764Z remote: Compressing objects:  12% (38/312)        
2023-10-30T05:38:47.5935895Z remote: Compressing objects:  13% (41/312)        
2023-10-30T05:38:47.5993707Z remote: Compressing objects:  14% (44/312)        
2023-10-30T05:38:47.6024047Z remote: Compressing objects:  15% (47/312)        
2023-10-30T05:38:47.6034263Z remote: Compressing objects:  16% (50/312)        
2023-10-30T05:38:47.6037895Z remote: Compressing objects:  17% (54/312)        
2023-10-30T05:38:47.6038630Z remote: Compressing objects:  18% (57/312)        
2023-10-30T05:38:47.6039353Z remote: Compressing objects:  19% (60/312)        
2023-10-30T05:38:47.6144387Z remote: Compressing objects:  20% (63/312)        
2023-10-30T05:38:47.6145156Z remote: Compressing objects:  21% (66/312)        
2023-10-30T05:38:47.6145924Z remote: Compressing objects:  22% (69/312)        
2023-10-30T05:38:47.7045478Z remote: Compressing objects:  23% (72/312)        
2023-10-30T05:38:47.7635790Z remote: Compressing objects:  24% (75/312)        
2023-10-30T05:38:47.7638045Z remote: Compressing objects:  25% (78/312)        
2023-10-30T05:38:47.7660921Z remote: Compressing objects:  26% (82/312)        
2023-10-30T05:38:47.7661684Z remote: Compressing objects:  27% (85/312)        
2023-10-30T05:38:47.7662410Z remote: Compressing objects:  28% (88/312)        
2023-10-30T05:38:47.7716208Z remote: Compressing objects:  29% (91/312)        
2023-10-30T05:38:47.7717192Z remote: Compressing objects:  30% (94/312)        
2023-10-30T05:38:47.7717917Z remote: Compressing objects:  31% (97/312)        
2023-10-30T05:38:47.7718665Z remote: Compressing objects:  32% (100/312)        
2023-10-30T05:38:47.7719399Z remote: Compressing objects:  33% (103/312)        
2023-10-30T05:38:47.7720110Z remote: Compressing objects:  34% (107/312)        
2023-10-30T05:38:47.7747951Z remote: Compressing objects:  35% (110/312)        
2023-10-30T05:38:47.7754048Z remote: Compressing objects:  36% (113/312)        
2023-10-30T05:38:47.7759346Z remote: Compressing objects:  37% (116/312)        
2023-10-30T05:38:47.7761372Z remote: Compressing objects:  38% (119/312)        
2023-10-30T05:38:47.7762014Z remote: Compressing objects:  39% (122/312)        
2023-10-30T05:38:47.7762648Z remote: Compressing objects:  40% (125/312)        
2023-10-30T05:38:47.7774671Z remote: Compressing objects:  41% (128/312)        
2023-10-30T05:38:47.7781408Z remote: Compressing objects:  42% (132/312)        
2023-10-30T05:38:47.7782076Z remote: Compressing objects:  43% (135/312)        
2023-10-30T05:38:47.7788303Z remote: Compressing objects:  44% (138/312)        
2023-10-30T05:38:47.7794958Z remote: Compressing objects:  45% (141/312)        
2023-10-30T05:38:47.7801241Z remote: Compressing objects:  46% (144/312)        
2023-10-30T05:38:47.7804789Z remote: Compressing objects:  47% (147/312)        
2023-10-30T05:38:47.7823149Z remote: Compressing objects:  48% (150/312)        
2023-10-30T05:38:47.7824182Z remote: Compressing objects:  49% (153/312)        
2023-10-30T05:38:47.7837430Z remote: Compressing objects:  50% (156/312)        
2023-10-30T05:38:47.7838096Z remote: Compressing objects:  51% (160/312)        
2023-10-30T05:38:47.7838714Z remote: Compressing objects:  52% (163/312)        
2023-10-30T05:38:47.7839343Z remote: Compressing objects:  53% (166/312)        
2023-10-30T05:38:47.7839964Z remote: Compressing objects:  54% (169/312)        
2023-10-30T05:38:47.7840559Z remote: Compressing objects:  55% (172/312)        
2023-10-30T05:38:47.7844969Z remote: Compressing objects:  56% (175/312)        
2023-10-30T05:38:47.7845613Z remote: Compressing objects:  57% (178/312)        
2023-10-30T05:38:47.7846231Z remote: Compressing objects:  58% (181/312)        
2023-10-30T05:38:47.7846831Z remote: Compressing objects:  59% (185/312)        
2023-10-30T05:38:47.7847444Z remote: Compressing objects:  60% (188/312)        
2023-10-30T05:38:47.7848051Z remote: Compressing objects:  61% (191/312)        
2023-10-30T05:38:47.7848697Z remote: Compressing objects:  62% (194/312)        
2023-10-30T05:38:47.7870057Z remote: Compressing objects:  63% (197/312)        
2023-10-30T05:38:47.7870728Z remote: Compressing objects:  64% (200/312)        
2023-10-30T05:38:47.7871360Z remote: Compressing objects:  65% (203/312)        
2023-10-30T05:38:47.7871968Z remote: Compressing objects:  66% (206/312)        
2023-10-30T05:38:47.7872585Z remote: Compressing objects:  67% (210/312)        
2023-10-30T05:38:47.7873200Z remote: Compressing objects:  68% (213/312)        
2023-10-30T05:38:47.7873800Z remote: Compressing objects:  69% (216/312)        
2023-10-30T05:38:47.7874411Z remote: Compressing objects:  70% (219/312)        
2023-10-30T05:38:47.7875252Z remote: Compressing objects:  71% (222/312)        
2023-10-30T05:38:47.7875863Z remote: Compressing objects:  72% (225/312)        
2023-10-30T05:38:47.7876479Z remote: Compressing objects:  73% (228/312)        
2023-10-30T05:38:47.7877370Z remote: Compressing objects:  74% (231/312)        
2023-10-30T05:38:47.7877977Z remote: Compressing objects:  75% (234/312)        
2023-10-30T05:38:47.7878586Z remote: Compressing objects:  76% (238/312)        
2023-10-30T05:38:47.7879196Z remote: Compressing objects:  77% (241/312)        
2023-10-30T05:38:47.7879785Z remote: Compressing objects:  78% (244/312)        
2023-10-30T05:38:47.7880389Z remote: Compressing objects:  79% (247/312)        
2023-10-30T05:38:47.7881002Z remote: Compressing objects:  80% (250/312)        
2023-10-30T05:38:47.7881591Z remote: Compressing objects:  81% (253/312)        
2023-10-30T05:38:47.7882202Z remote: Compressing objects:  82% (256/312)        
2023-10-30T05:38:47.7882808Z remote: Compressing objects:  83% (259/312)        
2023-10-30T05:38:47.7883414Z remote: Compressing objects:  84% (263/312)        
2023-10-30T05:38:47.7884013Z remote: Compressing objects:  85% (266/312)        
2023-10-30T05:38:47.7884623Z remote: Compressing objects:  86% (269/312)        
2023-10-30T05:38:47.7885240Z remote: Compressing objects:  87% (272/312)        
2023-10-30T05:38:47.7885841Z remote: Compressing objects:  88% (275/312)        
2023-10-30T05:38:47.7886609Z remote: Compressing objects:  89% (278/312)        
2023-10-30T05:38:47.7887536Z remote: Compressing objects:  90% (281/312)        
2023-10-30T05:38:47.7888141Z remote: Compressing objects:  91% (284/312)        
2023-10-30T05:38:47.7888749Z remote: Compressing objects:  92% (288/312)        
2023-10-30T05:38:47.7889357Z remote: Compressing objects:  93% (291/312)        
2023-10-30T05:38:47.7889957Z remote: Compressing objects:  94% (294/312)        
2023-10-30T05:38:47.7890562Z remote: Compressing objects:  95% (297/312)        
2023-10-30T05:38:47.7891163Z remote: Compressing objects:  96% (300/312)        
2023-10-30T05:38:47.7891758Z remote: Compressing objects:  97% (303/312)        
2023-10-30T05:38:47.7892361Z remote: Compressing objects:  98% (306/312)        
2023-10-30T05:38:47.7892960Z remote: Compressing objects:  99% (309/312)        
2023-10-30T05:38:47.7893703Z remote: Compressing objects: 100% (312/312)        
2023-10-30T05:38:47.7894371Z remote: Compressing objects: 100% (312/312), done.        
2023-10-30T05:38:47.7936032Z Receiving objects:   0% (1/368)
2023-10-30T05:38:47.7939510Z Receiving objects:   1% (4/368)
2023-10-30T05:38:47.7947383Z Receiving objects:   2% (8/368)
2023-10-30T05:38:47.7951682Z Receiving objects:   3% (12/368)
2023-10-30T05:38:47.7964941Z Receiving objects:   4% (15/368)
2023-10-30T05:38:47.7969255Z Receiving objects:   5% (19/368)
2023-10-30T05:38:47.7974969Z Receiving objects:   6% (23/368)
2023-10-30T05:38:47.7980597Z Receiving objects:   7% (26/368)
2023-10-30T05:38:47.7984287Z Receiving objects:   8% (30/368)
2023-10-30T05:38:47.7995451Z Receiving objects:   9% (34/368)
2023-10-30T05:38:47.8011740Z Receiving objects:  10% (37/368)
2023-10-30T05:38:47.8138288Z Receiving objects:  11% (41/368)
2023-10-30T05:38:47.8173434Z Receiving objects:  12% (45/368)
2023-10-30T05:38:47.8182795Z Receiving objects:  13% (48/368)
2023-10-30T05:38:47.8200105Z Receiving objects:  14% (52/368)
2023-10-30T05:38:47.8218476Z Receiving objects:  15% (56/368)
2023-10-30T05:38:47.8229243Z Receiving objects:  16% (59/368)
2023-10-30T05:38:47.8242575Z Receiving objects:  17% (63/368)
2023-10-30T05:38:47.8254850Z Receiving objects:  18% (67/368)
2023-10-30T05:38:47.8276169Z Receiving objects:  19% (70/368)
2023-10-30T05:38:47.8294299Z Receiving objects:  20% (74/368)
2023-10-30T05:38:47.8308560Z Receiving objects:  21% (78/368)
2023-10-30T05:38:47.8335459Z Receiving objects:  22% (81/368)
2023-10-30T05:38:47.8351418Z Receiving objects:  23% (85/368)
2023-10-30T05:38:47.8362584Z Receiving objects:  24% (89/368)
2023-10-30T05:38:47.8374931Z Receiving objects:  25% (92/368)
2023-10-30T05:38:47.8387984Z Receiving objects:  26% (96/368)
2023-10-30T05:38:47.8395578Z Receiving objects:  27% (100/368)
2023-10-30T05:38:47.8399963Z Receiving objects:  28% (104/368)
2023-10-30T05:38:47.8403955Z Receiving objects:  29% (107/368)
2023-10-30T05:38:47.8412130Z Receiving objects:  30% (111/368)
2023-10-30T05:38:47.8418958Z Receiving objects:  31% (115/368)
2023-10-30T05:38:48.0255436Z Receiving objects:  32% (118/368)
2023-10-30T05:38:48.0256255Z Receiving objects:  33% (122/368)
2023-10-30T05:38:48.0360666Z Receiving objects:  34% (126/368)
2023-10-30T05:38:48.0431779Z Receiving objects:  35% (129/368)
2023-10-30T05:38:48.0651090Z Receiving objects:  36% (133/368)
2023-10-30T05:38:48.0668687Z Receiving objects:  37% (137/368)
2023-10-30T05:38:48.0710924Z Receiving objects:  38% (140/368)
2023-10-30T05:38:48.0963356Z Receiving objects:  39% (144/368)
2023-10-30T05:38:48.1006194Z Receiving objects:  40% (148/368)
2023-10-30T05:38:48.1012619Z Receiving objects:  41% (151/368)
2023-10-30T05:38:48.1013375Z Receiving objects:  42% (155/368)
2023-10-30T05:38:48.1015984Z Receiving objects:  43% (159/368)
2023-10-30T05:38:48.1016833Z Receiving objects:  44% (162/368)
2023-10-30T05:38:48.1017452Z Receiving objects:  45% (166/368)
2023-10-30T05:38:48.1018185Z Receiving objects:  46% (170/368)
2023-10-30T05:38:48.1018973Z Receiving objects:  47% (173/368)
2023-10-30T05:38:48.1023095Z Receiving objects:  48% (177/368)
2023-10-30T05:38:48.1023784Z Receiving objects:  49% (181/368)
2023-10-30T05:38:48.1024571Z Receiving objects:  50% (184/368)
2023-10-30T05:38:48.1025667Z Receiving objects:  51% (188/368)
2023-10-30T05:38:48.1026363Z Receiving objects:  52% (192/368)
2023-10-30T05:38:48.1027017Z Receiving objects:  53% (196/368)
2023-10-30T05:38:48.1027614Z Receiving objects:  54% (199/368)
2023-10-30T05:38:48.1028238Z Receiving objects:  55% (203/368)
2023-10-30T05:38:48.1031631Z Receiving objects:  56% (207/368)
2023-10-30T05:38:48.1032535Z Receiving objects:  57% (210/368)
2023-10-30T05:38:48.1033166Z Receiving objects:  58% (214/368)
2023-10-30T05:38:48.1033935Z Receiving objects:  59% (218/368)
2023-10-30T05:38:48.1034588Z Receiving objects:  60% (221/368)
2023-10-30T05:38:48.1038441Z Receiving objects:  61% (225/368)
2023-10-30T05:38:48.1041016Z Receiving objects:  62% (229/368)
2023-10-30T05:38:48.1044565Z Receiving objects:  63% (232/368)
2023-10-30T05:38:48.1048611Z Receiving objects:  64% (236/368)
2023-10-30T05:38:48.1051342Z Receiving objects:  65% (240/368)
2023-10-30T05:38:48.1054353Z Receiving objects:  66% (243/368)
2023-10-30T05:38:48.1055905Z Receiving objects:  67% (247/368)
2023-10-30T05:38:48.1058268Z Receiving objects:  68% (251/368)
2023-10-30T05:38:48.1063833Z Receiving objects:  69% (254/368)
2023-10-30T05:38:48.1065244Z Receiving objects:  70% (258/368)
2023-10-30T05:38:48.1065956Z Receiving objects:  71% (262/368)
2023-10-30T05:38:48.1066579Z Receiving objects:  72% (265/368)
2023-10-30T05:38:48.1067320Z Receiving objects:  73% (269/368)
2023-10-30T05:38:48.1067987Z Receiving objects:  74% (273/368)
2023-10-30T05:38:48.1068627Z Receiving objects:  75% (276/368)
2023-10-30T05:38:48.1069288Z Receiving objects:  76% (280/368)
2023-10-30T05:38:48.1069945Z Receiving objects:  77% (284/368)
2023-10-30T05:38:48.1070621Z Receiving objects:  78% (288/368)
2023-10-30T05:38:48.1071488Z Receiving objects:  79% (291/368)
2023-10-30T05:38:48.1072678Z Receiving objects:  80% (295/368)
2023-10-30T05:38:48.1073441Z Receiving objects:  81% (299/368)
2023-10-30T05:38:48.1074642Z Receiving objects:  82% (302/368)
2023-10-30T05:38:48.1077784Z Receiving objects:  83% (306/368)
2023-10-30T05:38:48.1080534Z Receiving objects:  84% (310/368)
2023-10-30T05:38:48.1083481Z Receiving objects:  85% (313/368)
2023-10-30T05:38:48.1086216Z Receiving objects:  86% (317/368)
2023-10-30T05:38:48.1089013Z Receiving objects:  87% (321/368)
2023-10-30T05:38:48.1095497Z Receiving objects:  88% (324/368)
2023-10-30T05:38:48.1101312Z Receiving objects:  89% (328/368)
2023-10-30T05:38:48.1103044Z Receiving objects:  90% (332/368)
2023-10-30T05:38:48.1121640Z Receiving objects:  91% (335/368)
2023-10-30T05:38:48.1126207Z Receiving objects:  92% (339/368)
2023-10-30T05:38:48.1129136Z Receiving objects:  93% (343/368)
2023-10-30T05:38:48.1129992Z Receiving objects:  94% (346/368)
2023-10-30T05:38:48.1131448Z remote: Total 368 (delta 51), reused 208 (delta 29), pack-reused 0        
2023-10-30T05:38:48.1132600Z Receiving objects:  95% (350/368)
2023-10-30T05:38:48.1133575Z Receiving objects:  96% (354/368)
2023-10-30T05:38:48.1137809Z Receiving objects:  97% (357/368)
2023-10-30T05:38:48.1140568Z Receiving objects:  98% (361/368)
2023-10-30T05:38:48.1142004Z Receiving objects:  99% (365/368)
2023-10-30T05:38:48.1142809Z Receiving objects: 100% (368/368)
2023-10-30T05:38:48.1145704Z Receiving objects: 100% (368/368), 3.55 MiB | 11.10 MiB/s, done.
2023-10-30T05:38:48.1189708Z Resolving deltas:   0% (0/51)
2023-10-30T05:38:48.1190511Z Resolving deltas:   1% (1/51)
2023-10-30T05:38:48.1191463Z Resolving deltas:   3% (2/51)
2023-10-30T05:38:48.1192197Z Resolving deltas:   5% (3/51)
2023-10-30T05:38:48.1193059Z Resolving deltas:   7% (4/51)
2023-10-30T05:38:48.1202854Z Resolving deltas:   9% (5/51)
2023-10-30T05:38:48.1207689Z Resolving deltas:  11% (6/51)
2023-10-30T05:38:48.1223492Z Resolving deltas:  13% (7/51)
2023-10-30T05:38:48.1224509Z Resolving deltas:  15% (8/51)
2023-10-30T05:38:48.1225306Z Resolving deltas:  17% (9/51)
2023-10-30T05:38:48.1226877Z Resolving deltas:  19% (10/51)
2023-10-30T05:38:48.1227649Z Resolving deltas:  21% (11/51)
2023-10-30T05:38:48.1228363Z Resolving deltas:  23% (12/51)
2023-10-30T05:38:48.1229104Z Resolving deltas:  25% (13/51)
2023-10-30T05:38:48.1230135Z Resolving deltas:  27% (14/51)
2023-10-30T05:38:48.1230923Z Resolving deltas:  29% (15/51)
2023-10-30T05:38:48.1231561Z Resolving deltas:  31% (16/51)
2023-10-30T05:38:48.1232278Z Resolving deltas:  33% (17/51)
2023-10-30T05:38:48.1233107Z Resolving deltas:  35% (18/51)
2023-10-30T05:38:48.1234757Z Resolving deltas:  37% (19/51)
2023-10-30T05:38:48.1235958Z Resolving deltas:  39% (20/51)
2023-10-30T05:38:48.1236708Z Resolving deltas:  41% (21/51)
2023-10-30T05:38:48.1237524Z Resolving deltas:  43% (22/51)
2023-10-30T05:38:48.1238412Z Resolving deltas:  45% (23/51)
2023-10-30T05:38:48.1239071Z Resolving deltas:  47% (24/51)
2023-10-30T05:38:48.1240114Z Resolving deltas:  49% (25/51)
2023-10-30T05:38:48.1240781Z Resolving deltas:  50% (26/51)
2023-10-30T05:38:48.1241506Z Resolving deltas:  52% (27/51)
2023-10-30T05:38:48.1242263Z Resolving deltas:  54% (28/51)
2023-10-30T05:38:48.1242922Z Resolving deltas:  56% (29/51)
2023-10-30T05:38:48.1281174Z Resolving deltas:  58% (30/51)
2023-10-30T05:38:48.1282876Z Resolving deltas:  60% (31/51)
2023-10-30T05:38:48.1284641Z Resolving deltas:  62% (32/51)
2023-10-30T05:38:48.1285403Z Resolving deltas:  64% (33/51)
2023-10-30T05:38:48.1285908Z Resolving deltas:  66% (34/51)
2023-10-30T05:38:48.1286449Z Resolving deltas:  68% (35/51)
2023-10-30T05:38:48.1287072Z Resolving deltas:  70% (36/51)
2023-10-30T05:38:48.1289219Z Resolving deltas:  72% (37/51)
2023-10-30T05:38:48.1289770Z Resolving deltas:  74% (38/51)
2023-10-30T05:38:48.1290374Z Resolving deltas:  76% (39/51)
2023-10-30T05:38:48.1290919Z Resolving deltas:  78% (40/51)
2023-10-30T05:38:48.1291481Z Resolving deltas:  80% (41/51)
2023-10-30T05:38:48.1292053Z Resolving deltas:  82% (42/51)
2023-10-30T05:38:48.1292596Z Resolving deltas:  84% (43/51)
2023-10-30T05:38:48.1293147Z Resolving deltas:  86% (44/51)
2023-10-30T05:38:48.1293681Z Resolving deltas:  88% (45/51)
2023-10-30T05:38:48.1294215Z Resolving deltas:  90% (46/51)
2023-10-30T05:38:48.1294757Z Resolving deltas:  92% (47/51)
2023-10-30T05:38:48.1295285Z Resolving deltas:  94% (48/51)
2023-10-30T05:38:48.1295808Z Resolving deltas:  96% (49/51)
2023-10-30T05:38:48.1296335Z Resolving deltas:  98% (50/51)
2023-10-30T05:38:48.1296902Z Resolving deltas: 100% (51/51)
2023-10-30T05:38:48.1297443Z Resolving deltas: 100% (51/51), done.
2023-10-30T05:38:48.1573341Z From https://github.com/AlphaSteam/julia-vscode-microprint-test
2023-10-30T05:38:48.1575297Z  * [new ref]         a65ec82a528f08c6bdc23b9b6f4e95a711624cc3 -> origin/master
2023-10-30T05:38:48.1604914Z ##[endgroup]
2023-10-30T05:38:48.1605848Z ##[group]Determining the checkout info
2023-10-30T05:38:48.1720733Z ##[endgroup]
2023-10-30T05:38:48.1721607Z ##[group]Checking out the ref
2023-10-30T05:38:48.1722611Z [command]/usr/bin/git checkout --progress --force -B master refs/remotes/origin/master
2023-10-30T05:38:48.2366387Z Reset branch 'master'
2023-10-30T05:38:48.2390569Z branch 'master' set up to track 'origin/master'.
2023-10-30T05:38:48.2392210Z ##[endgroup]
2023-10-30T05:38:48.2393304Z ##[group]Setting up auth for fetching submodules
2023-10-30T05:38:48.2394787Z [command]/usr/bin/git config --global http.https://github.com/.extraheader AUTHORIZATION: basic ***
2023-10-30T05:38:48.2431256Z [command]/usr/bin/git config --global --unset-all url.https://github.com/.insteadOf
2023-10-30T05:38:48.2468634Z [command]/usr/bin/git config --global --add url.https://github.com/.insteadOf git@github.com:
2023-10-30T05:38:48.2505985Z [command]/usr/bin/git config --global --add url.https://github.com/.insteadOf org-30818940@github.com:
2023-10-30T05:38:48.2539592Z ##[endgroup]
2023-10-30T05:38:48.2540722Z ##[group]Fetching submodules
2023-10-30T05:38:48.2545145Z [command]/usr/bin/git submodule sync
2023-10-30T05:38:48.2795953Z [command]/usr/bin/git -c protocol.version=2 submodule update --init --force --depth=1
2023-10-30T05:38:48.3029434Z Submodule 'libs/jl-profile' (https://github.com/pfitzseb/jl-profile.js.git) registered for path 'libs/jl-profile'
2023-10-30T05:38:48.3034937Z Submodule 'scripts/packages-old/JuliaInterpreter' (https://github.com/JuliaDebug/JuliaInterpreter.jl.git) registered for path 'scripts/packages-old/JuliaInterpreter'
2023-10-30T05:38:48.3042059Z Submodule 'scripts/packages/CSTParser' (https://github.com/julia-vscode/CSTParser.jl.git) registered for path 'scripts/packages/CSTParser'
2023-10-30T05:38:48.3046955Z Submodule 'scripts/packages/CodeTracking' (https://github.com/timholy/CodeTracking.jl.git) registered for path 'scripts/packages/CodeTracking'
2023-10-30T05:38:48.3052438Z Submodule 'scripts/packages/CommonMark' (https://github.com/MichaelHatherly/CommonMark.jl.git) registered for path 'scripts/packages/CommonMark'
2023-10-30T05:38:48.3059396Z Submodule 'scripts/packages/Compat' (https://github.com/JuliaLang/Compat.jl.git) registered for path 'scripts/packages/Compat'
2023-10-30T05:38:48.3064737Z Submodule 'scripts/packages/CoverageTools' (https://github.com/JuliaCI/CoverageTools.jl.git) registered for path 'scripts/packages/CoverageTools'
2023-10-30T05:38:48.3070153Z Submodule 'scripts/packages/Crayons' (https://github.com/KristofferC/Crayons.jl.git) registered for path 'scripts/packages/Crayons'
2023-10-30T05:38:48.3076183Z Submodule 'scripts/packages/DataStructures' (https://github.com/JuliaCollections/DataStructures.jl.git) registered for path 'scripts/packages/DataStructures'
2023-10-30T05:38:48.3082181Z Submodule 'scripts/packages/DebugAdapter' (https://github.com/julia-vscode/DebugAdapter.jl.git) registered for path 'scripts/packages/DebugAdapter'
2023-10-30T05:38:48.3087781Z Submodule 'scripts/packages/FilePathsBase' (https://github.com/rofinn/FilePathsBase.jl.git) registered for path 'scripts/packages/FilePathsBase'
2023-10-30T05:38:48.3093548Z Submodule 'scripts/packages/IJuliaCore' (https://github.com/JuliaLang/IJuliaCore.jl.git) registered for path 'scripts/packages/IJuliaCore'
2023-10-30T05:38:48.3099383Z Submodule 'scripts/packages/JSON' (https://github.com/JuliaIO/JSON.jl.git) registered for path 'scripts/packages/JSON'
2023-10-30T05:38:48.3105584Z Submodule 'scripts/packages/JSONRPC' (https://github.com/julia-vscode/JSONRPC.jl.git) registered for path 'scripts/packages/JSONRPC'
2023-10-30T05:38:48.3111935Z Submodule 'scripts/packages/JuliaFormatter' (https://github.com/domluna/JuliaFormatter.jl.git) registered for path 'scripts/packages/JuliaFormatter'
2023-10-30T05:38:48.3136803Z Submodule 'scripts/packages/JuliaInterpreter' (https://github.com/JuliaDebug/JuliaInterpreter.jl.git) registered for path 'scripts/packages/JuliaInterpreter'
2023-10-30T05:38:48.3143259Z Submodule 'scripts/packages/LanguageServer' (https://github.com/julia-vscode/LanguageServer.jl.git) registered for path 'scripts/packages/LanguageServer'
2023-10-30T05:38:48.3150725Z Submodule 'scripts/packages/LoweredCodeUtils' (https://github.com/JuliaDebug/LoweredCodeUtils.jl.git) registered for path 'scripts/packages/LoweredCodeUtils'
2023-10-30T05:38:48.3157555Z Submodule 'scripts/packages/OrderedCollections' (https://github.com/JuliaCollections/OrderedCollections.jl.git) registered for path 'scripts/packages/OrderedCollections'
2023-10-30T05:38:48.3165422Z Submodule 'scripts/packages/PackageCompiler' (https://github.com/JuliaLang/PackageCompiler.jl.git) registered for path 'scripts/packages/PackageCompiler'
2023-10-30T05:38:48.3172244Z Submodule 'scripts/packages/Revise' (https://github.com/timholy/Revise.jl) registered for path 'scripts/packages/Revise'
2023-10-30T05:38:48.3179418Z Submodule 'scripts/packages/StaticLint' (https://github.com/julia-vscode/StaticLint.jl) registered for path 'scripts/packages/StaticLint'
2023-10-30T05:38:48.3186670Z Submodule 'scripts/packages/SymbolServer' (https://github.com/julia-vscode/SymbolServer.jl.git) registered for path 'scripts/packages/SymbolServer'
2023-10-30T05:38:48.3193891Z Submodule 'scripts/packages/TestEnv' (https://github.com/davidanthoff/TestEnv.jl) registered for path 'scripts/packages/TestEnv'
2023-10-30T05:38:48.3201857Z Submodule 'scripts/packages/TestItemDetection' (https://github.com/julia-vscode/TestItemDetection.jl) registered for path 'scripts/packages/TestItemDetection'
2023-10-30T05:38:48.3209097Z Submodule 'scripts/packages/Tokenize' (https://github.com/JuliaLang/Tokenize.jl.git) registered for path 'scripts/packages/Tokenize'
2023-10-30T05:38:48.3216887Z Submodule 'scripts/packages/URIParser' (https://github.com/JuliaWeb/URIParser.jl.git) registered for path 'scripts/packages/URIParser'
2023-10-30T05:38:48.3224557Z Submodule 'scripts/packages/URIs' (https://github.com/JuliaWeb/URIs.jl.git) registered for path 'scripts/packages/URIs'
2023-10-30T05:38:48.3258802Z Cloning into '/home/runner/work/julia-vscode-microprint-test/julia-vscode-microprint-test/libs/jl-profile'...
2023-10-30T05:38:48.8049337Z Cloning into '/home/runner/work/julia-vscode-microprint-test/julia-vscode-microprint-test/scripts/packages-old/JuliaInterpreter'...
2023-10-30T05:38:49.1102231Z Cloning into '/home/runner/work/julia-vscode-microprint-test/julia-vscode-microprint-test/scripts/packages/CSTParser'...
2023-10-30T05:38:49.3867245Z Cloning into '/home/runner/work/julia-vscode-microprint-test/julia-vscode-microprint-test/scripts/packages/CodeTracking'...
2023-10-30T05:38:49.6530375Z Cloning into '/home/runner/work/julia-vscode-microprint-test/julia-vscode-microprint-test/scripts/packages/CommonMark'...
2023-10-30T05:38:49.9280959Z Cloning into '/home/runner/work/julia-vscode-microprint-test/julia-vscode-microprint-test/scripts/packages/Compat'...
2023-10-30T05:38:50.2124929Z Cloning into '/home/runner/work/julia-vscode-microprint-test/julia-vscode-microprint-test/scripts/packages/CoverageTools'...
2023-10-30T05:38:50.4806607Z Cloning into '/home/runner/work/julia-vscode-microprint-test/julia-vscode-microprint-test/scripts/packages/Crayons'...
2023-10-30T05:38:50.7533236Z Cloning into '/home/runner/work/julia-vscode-microprint-test/julia-vscode-microprint-test/scripts/packages/DataStructures'...
2023-10-30T05:38:51.0623875Z Cloning into '/home/runner/work/julia-vscode-microprint-test/julia-vscode-microprint-test/scripts/packages/DebugAdapter'...
2023-10-30T05:38:51.3714564Z Cloning into '/home/runner/work/julia-vscode-microprint-test/julia-vscode-microprint-test/scripts/packages/FilePathsBase'...
2023-10-30T05:38:51.6535988Z Cloning into '/home/runner/work/julia-vscode-microprint-test/julia-vscode-microprint-test/scripts/packages/IJuliaCore'...
2023-10-30T05:38:51.9001186Z Cloning into '/home/runner/work/julia-vscode-microprint-test/julia-vscode-microprint-test/scripts/packages/JSON'...
2023-10-30T05:38:52.1602057Z Cloning into '/home/runner/work/julia-vscode-microprint-test/julia-vscode-microprint-test/scripts/packages/JSONRPC'...
2023-10-30T05:38:52.4123926Z Cloning into '/home/runner/work/julia-vscode-microprint-test/julia-vscode-microprint-test/scripts/packages/JuliaFormatter'...
2023-10-30T05:38:52.7447606Z Cloning into '/home/runner/work/julia-vscode-microprint-test/julia-vscode-microprint-test/scripts/packages/JuliaInterpreter'...
2023-10-30T05:38:53.0369118Z Cloning into '/home/runner/work/julia-vscode-microprint-test/julia-vscode-microprint-test/scripts/packages/LanguageServer'...
2023-10-30T05:38:53.3300954Z Cloning into '/home/runner/work/julia-vscode-microprint-test/julia-vscode-microprint-test/scripts/packages/LoweredCodeUtils'...
2023-10-30T05:38:53.5912209Z Cloning into '/home/runner/work/julia-vscode-microprint-test/julia-vscode-microprint-test/scripts/packages/OrderedCollections'...
2023-10-30T05:38:53.8535469Z Cloning into '/home/runner/work/julia-vscode-microprint-test/julia-vscode-microprint-test/scripts/packages/PackageCompiler'...
2023-10-30T05:38:54.1236164Z Cloning into '/home/runner/work/julia-vscode-microprint-test/julia-vscode-microprint-test/scripts/packages/Revise'...
2023-10-30T05:38:54.3753041Z Cloning into '/home/runner/work/julia-vscode-microprint-test/julia-vscode-microprint-test/scripts/packages/StaticLint'...
2023-10-30T05:38:54.7255345Z Cloning into '/home/runner/work/julia-vscode-microprint-test/julia-vscode-microprint-test/scripts/packages/SymbolServer'...
2023-10-30T05:38:55.0358899Z Cloning into '/home/runner/work/julia-vscode-microprint-test/julia-vscode-microprint-test/scripts/packages/TestEnv'...
2023-10-30T05:38:55.2939680Z Cloning into '/home/runner/work/julia-vscode-microprint-test/julia-vscode-microprint-test/scripts/packages/TestItemDetection'...
2023-10-30T05:38:55.5886554Z Cloning into '/home/runner/work/julia-vscode-microprint-test/julia-vscode-microprint-test/scripts/packages/Tokenize'...
2023-10-30T05:38:55.8565351Z Cloning into '/home/runner/work/julia-vscode-microprint-test/julia-vscode-microprint-test/scripts/packages/URIParser'...
2023-10-30T05:38:56.1087133Z Cloning into '/home/runner/work/julia-vscode-microprint-test/julia-vscode-microprint-test/scripts/packages/URIs'...
2023-10-30T05:38:56.9598838Z From https://github.com/pfitzseb/jl-profile.js
2023-10-30T05:38:56.9599969Z  * branch            44fe7c33bc23a8e4cdb3b67674994fe2564245bf -> FETCH_HEAD
2023-10-30T05:38:56.9669853Z Submodule path 'libs/jl-profile': checked out '44fe7c33bc23a8e4cdb3b67674994fe2564245bf'
2023-10-30T05:38:57.5679658Z From https://github.com/JuliaDebug/JuliaInterpreter.jl
2023-10-30T05:38:57.5680890Z  * branch            398721d10be2edf40883a11b98e210ccda5393e3 -> FETCH_HEAD
2023-10-30T05:38:57.5782661Z Submodule path 'scripts/packages-old/JuliaInterpreter': checked out '398721d10be2edf40883a11b98e210ccda5393e3'
2023-10-30T05:38:58.1524006Z From https://github.com/julia-vscode/CSTParser.jl
2023-10-30T05:38:58.1533686Z  * branch            b5cb953e12d8c5c8191e1fcb6aef80ecab7f6a06 -> FETCH_HEAD
2023-10-30T05:38:58.1618590Z Submodule path 'scripts/packages/CSTParser': checked out 'b5cb953e12d8c5c8191e1fcb6aef80ecab7f6a06'
2023-10-30T05:38:58.7607742Z From https://github.com/timholy/CodeTracking.jl
2023-10-30T05:38:58.7609013Z  * branch            426fc0e5af69ca410f3a1b77458db5fc5d68e864 -> FETCH_HEAD
2023-10-30T05:38:58.7679375Z Submodule path 'scripts/packages/CodeTracking': checked out '426fc0e5af69ca410f3a1b77458db5fc5d68e864'
2023-10-30T05:38:59.2863723Z From https://github.com/MichaelHatherly/CommonMark.jl
2023-10-30T05:38:59.2865135Z  * branch            287e39ae128e80a6647d2d9762bf22040adffea1 -> FETCH_HEAD
2023-10-30T05:38:59.3011390Z Submodule path 'scripts/packages/CommonMark': checked out '287e39ae128e80a6647d2d9762bf22040adffea1'
2023-10-30T05:38:59.8978980Z From https://github.com/JuliaLang/Compat.jl
2023-10-30T05:38:59.8980322Z  * branch            3ae185fa45a3091b387b67b6fd8f58f761854238 -> FETCH_HEAD
2023-10-30T05:38:59.9051838Z Submodule path 'scripts/packages/Compat': checked out '3ae185fa45a3091b387b67b6fd8f58f761854238'
2023-10-30T05:38:59.9134308Z Submodule path 'scripts/packages/CoverageTools': checked out '9d8fba371f4c65a7e9ca3bdaae753a52bcb22218'
2023-10-30T05:39:00.4127435Z From https://github.com/KristofferC/Crayons.jl
2023-10-30T05:39:00.4128831Z  * branch            4cf50b8e5e1a250a5b3466937fa0421c78bafdf4 -> FETCH_HEAD
2023-10-30T05:39:00.4193981Z Submodule path 'scripts/packages/Crayons': checked out '4cf50b8e5e1a250a5b3466937fa0421c78bafdf4'
2023-10-30T05:39:01.0363797Z From https://github.com/JuliaCollections/DataStructures.jl
2023-10-30T05:39:01.0365253Z  * branch            d0dd2a012ebd07ff31193b21130109baa50cfe2b -> FETCH_HEAD
2023-10-30T05:39:01.0519306Z Submodule path 'scripts/packages/DataStructures': checked out 'd0dd2a012ebd07ff31193b21130109baa50cfe2b'
2023-10-30T05:39:01.7522937Z From https://github.com/julia-vscode/DebugAdapter.jl
2023-10-30T05:39:01.7591574Z  * branch            b0991c1664d948d9bbb1ab2cac56606511981df5 -> FETCH_HEAD
2023-10-30T05:39:01.7592846Z Submodule path 'scripts/packages/DebugAdapter': checked out 'b0991c1664d948d9bbb1ab2cac56606511981df5'
2023-10-30T05:39:02.3050157Z From https://github.com/rofinn/FilePathsBase.jl
2023-10-30T05:39:02.3051520Z  * branch            336666220f9ddd7a15a7f059925a359d51c6cead -> FETCH_HEAD
2023-10-30T05:39:02.3126221Z Submodule path 'scripts/packages/FilePathsBase': checked out '336666220f9ddd7a15a7f059925a359d51c6cead'
2023-10-30T05:39:02.8470394Z From https://github.com/JuliaLang/IJuliaCore.jl
2023-10-30T05:39:02.8471913Z  * branch            c3e48ef9ee9a34d9be6abe1fe9033317638950ba -> FETCH_HEAD
2023-10-30T05:39:02.8537395Z Submodule path 'scripts/packages/IJuliaCore': checked out 'c3e48ef9ee9a34d9be6abe1fe9033317638950ba'
2023-10-30T05:39:03.5045229Z From https://github.com/JuliaIO/JSON.jl
2023-10-30T05:39:03.5046623Z  * branch            4b3913d58f04cc5bb2f8d23c6ef82e0fbed20525 -> FETCH_HEAD
2023-10-30T05:39:03.5142583Z Submodule path 'scripts/packages/JSON': checked out '4b3913d58f04cc5bb2f8d23c6ef82e0fbed20525'
2023-10-30T05:39:04.3034827Z From https://github.com/julia-vscode/JSONRPC.jl
2023-10-30T05:39:04.3036454Z  * branch            982acfdb112b7198a025edcf3930c6a6a27913e1 -> FETCH_HEAD
2023-10-30T05:39:04.3106061Z Submodule path 'scripts/packages/JSONRPC': checked out '982acfdb112b7198a025edcf3930c6a6a27913e1'
2023-10-30T05:39:04.9345595Z From https://github.com/domluna/JuliaFormatter.jl
2023-10-30T05:39:04.9347035Z  * branch            6c0f94468eaef63405fbcbb11943314a164262d6 -> FETCH_HEAD
2023-10-30T05:39:04.9526050Z Submodule path 'scripts/packages/JuliaFormatter': checked out '6c0f94468eaef63405fbcbb11943314a164262d6'
2023-10-30T05:39:05.5964774Z From https://github.com/JuliaDebug/JuliaInterpreter.jl
2023-10-30T05:39:05.5965917Z  * branch            a840f1ad085e7606bb3a7cdc705d863f3c49ab92 -> FETCH_HEAD
2023-10-30T05:39:05.6070189Z Submodule path 'scripts/packages/JuliaInterpreter': checked out 'a840f1ad085e7606bb3a7cdc705d863f3c49ab92'
2023-10-30T05:39:06.2202609Z From https://github.com/julia-vscode/LanguageServer.jl
2023-10-30T05:39:06.2203876Z  * branch            fe1ae60fdf795218b82dba4ba35028adab0bd348 -> FETCH_HEAD
2023-10-30T05:39:06.2316821Z Submodule path 'scripts/packages/LanguageServer': checked out 'fe1ae60fdf795218b82dba4ba35028adab0bd348'
2023-10-30T05:39:06.7951772Z From https://github.com/JuliaDebug/LoweredCodeUtils.jl
2023-10-30T05:39:06.7952908Z  * branch            b71c05b0d28cb5b3ad0301b816e0a1c4e531ea0d -> FETCH_HEAD
2023-10-30T05:39:06.8027580Z Submodule path 'scripts/packages/LoweredCodeUtils': checked out 'b71c05b0d28cb5b3ad0301b816e0a1c4e531ea0d'
2023-10-30T05:39:07.4798064Z From https://github.com/JuliaCollections/OrderedCollections.jl
2023-10-30T05:39:07.4799564Z  * branch            adb9415570faeba7e8c6d800cd743de06104e97e -> FETCH_HEAD
2023-10-30T05:39:07.4872184Z Submodule path 'scripts/packages/OrderedCollections': checked out 'adb9415570faeba7e8c6d800cd743de06104e97e'
2023-10-30T05:39:08.0960951Z From https://github.com/JuliaLang/PackageCompiler.jl
2023-10-30T05:39:08.0962057Z  * branch            78f4d52026c4895fa08c8ee0d61905a6914ea8c3 -> FETCH_HEAD
2023-10-30T05:39:08.1066578Z Submodule path 'scripts/packages/PackageCompiler': checked out '78f4d52026c4895fa08c8ee0d61905a6914ea8c3'
2023-10-30T05:39:08.6286265Z From https://github.com/timholy/Revise.jl
2023-10-30T05:39:08.6290344Z  * branch            ca3b5cffd26325e3a3fd69932f5dc827ff156a3b -> FETCH_HEAD
2023-10-30T05:39:08.6414068Z Submodule path 'scripts/packages/Revise': checked out 'ca3b5cffd26325e3a3fd69932f5dc827ff156a3b'
2023-10-30T05:39:09.2077178Z From https://github.com/julia-vscode/StaticLint.jl
2023-10-30T05:39:09.2078277Z  * branch            6235a532ff6b51a33ef56955286b7d0602912fd6 -> FETCH_HEAD
2023-10-30T05:39:09.2162765Z Submodule path 'scripts/packages/StaticLint': checked out '6235a532ff6b51a33ef56955286b7d0602912fd6'
2023-10-30T05:39:09.9027674Z From https://github.com/julia-vscode/SymbolServer.jl
2023-10-30T05:39:09.9028732Z  * branch            99500d621b17cca5a46232808e8ad388370d2ae8 -> FETCH_HEAD
2023-10-30T05:39:09.9112680Z Submodule path 'scripts/packages/SymbolServer': checked out '99500d621b17cca5a46232808e8ad388370d2ae8'
2023-10-30T05:39:10.4353394Z From https://github.com/davidanthoff/TestEnv.jl
2023-10-30T05:39:10.4358033Z  * branch            14dd0d9a3df31dcd29bb6434dd9b287fe4a2803b -> FETCH_HEAD
2023-10-30T05:39:10.4436927Z Submodule path 'scripts/packages/TestEnv': checked out '14dd0d9a3df31dcd29bb6434dd9b287fe4a2803b'
2023-10-30T05:39:11.0236313Z From https://github.com/julia-vscode/TestItemDetection.jl
2023-10-30T05:39:11.0237852Z  * branch            d9db8c5707c5e7a6e167e0e583eb06261ef5408b -> FETCH_HEAD
2023-10-30T05:39:11.0295894Z Submodule path 'scripts/packages/TestItemDetection': checked out 'd9db8c5707c5e7a6e167e0e583eb06261ef5408b'
2023-10-30T05:39:11.5885734Z From https://github.com/JuliaLang/Tokenize.jl
2023-10-30T05:39:11.5886780Z  * branch            49b112248e846040c13f28e223493f90cc717fa5 -> FETCH_HEAD
2023-10-30T05:39:11.5956132Z Submodule path 'scripts/packages/Tokenize': checked out '49b112248e846040c13f28e223493f90cc717fa5'
2023-10-30T05:39:12.1719867Z From https://github.com/JuliaWeb/URIParser.jl
2023-10-30T05:39:12.1721056Z  * branch            1d3532dfe5330f567a8eb64a37a37b1b8c536628 -> FETCH_HEAD
2023-10-30T05:39:12.1788290Z Submodule path 'scripts/packages/URIParser': checked out '1d3532dfe5330f567a8eb64a37a37b1b8c536628'
2023-10-30T05:39:12.8303084Z From https://github.com/JuliaWeb/URIs.jl
2023-10-30T05:39:12.8304471Z  * branch            0ce3d89b81dadaae52b104353843ef67ceecd176 -> FETCH_HEAD
2023-10-30T05:39:12.8370875Z Submodule path 'scripts/packages/URIs': checked out '0ce3d89b81dadaae52b104353843ef67ceecd176'
2023-10-30T05:39:12.8382416Z [command]/usr/bin/git submodule foreach git config --local gc.auto 0
2023-10-30T05:39:12.8627616Z Entering 'libs/jl-profile'
2023-10-30T05:39:12.8652715Z Entering 'scripts/packages-old/JuliaInterpreter'
2023-10-30T05:39:12.8678053Z Entering 'scripts/packages/CSTParser'
2023-10-30T05:39:12.8703026Z Entering 'scripts/packages/CodeTracking'
2023-10-30T05:39:12.8728839Z Entering 'scripts/packages/CommonMark'
2023-10-30T05:39:12.8754354Z Entering 'scripts/packages/Compat'
2023-10-30T05:39:12.8779823Z Entering 'scripts/packages/CoverageTools'
2023-10-30T05:39:12.8803708Z Entering 'scripts/packages/Crayons'
2023-10-30T05:39:12.8827476Z Entering 'scripts/packages/DataStructures'
2023-10-30T05:39:12.8853208Z Entering 'scripts/packages/DebugAdapter'
2023-10-30T05:39:12.8879474Z Entering 'scripts/packages/FilePathsBase'
2023-10-30T05:39:12.8904923Z Entering 'scripts/packages/IJuliaCore'
2023-10-30T05:39:12.8928789Z Entering 'scripts/packages/JSON'
2023-10-30T05:39:12.8953353Z Entering 'scripts/packages/JSONRPC'
2023-10-30T05:39:12.8978008Z Entering 'scripts/packages/JuliaFormatter'
2023-10-30T05:39:12.9002969Z Entering 'scripts/packages/JuliaInterpreter'
2023-10-30T05:39:12.9029085Z Entering 'scripts/packages/LanguageServer'
2023-10-30T05:39:12.9054063Z Entering 'scripts/packages/LoweredCodeUtils'
2023-10-30T05:39:12.9080056Z Entering 'scripts/packages/OrderedCollections'
2023-10-30T05:39:12.9104741Z Entering 'scripts/packages/PackageCompiler'
2023-10-30T05:39:12.9130307Z Entering 'scripts/packages/Revise'
2023-10-30T05:39:12.9157067Z Entering 'scripts/packages/StaticLint'
2023-10-30T05:39:12.9182274Z Entering 'scripts/packages/SymbolServer'
2023-10-30T05:39:12.9208127Z Entering 'scripts/packages/TestEnv'
2023-10-30T05:39:12.9233110Z Entering 'scripts/packages/TestItemDetection'
2023-10-30T05:39:12.9259040Z Entering 'scripts/packages/Tokenize'
2023-10-30T05:39:12.9282876Z Entering 'scripts/packages/URIParser'
2023-10-30T05:39:12.9307224Z Entering 'scripts/packages/URIs'
2023-10-30T05:39:12.9338523Z ##[endgroup]
2023-10-30T05:39:12.9339545Z ##[group]Persisting credentials for submodules
2023-10-30T05:39:12.9346337Z [command]/usr/bin/git submodule foreach --recursive sh -c "git config --local --name-only --get-regexp 'url\.https\:\/\/github\.com\/\.insteadOf' && git config --local --unset-all 'url.https://github.com/.insteadOf' || :"
2023-10-30T05:39:12.9585814Z Entering 'libs/jl-profile'
2023-10-30T05:39:12.9631248Z Entering 'scripts/packages-old/JuliaInterpreter'
2023-10-30T05:39:12.9676919Z Entering 'scripts/packages/CSTParser'
2023-10-30T05:39:12.9720765Z Entering 'scripts/packages/CodeTracking'
2023-10-30T05:39:12.9764660Z Entering 'scripts/packages/CommonMark'
2023-10-30T05:39:12.9809416Z Entering 'scripts/packages/Compat'
2023-10-30T05:39:12.9854156Z Entering 'scripts/packages/CoverageTools'
2023-10-30T05:39:12.9898390Z Entering 'scripts/packages/Crayons'
2023-10-30T05:39:12.9943467Z Entering 'scripts/packages/DataStructures'
2023-10-30T05:39:12.9988019Z Entering 'scripts/packages/DebugAdapter'
2023-10-30T05:39:13.0032143Z Entering 'scripts/packages/FilePathsBase'
2023-10-30T05:39:13.0075960Z Entering 'scripts/packages/IJuliaCore'
2023-10-30T05:39:13.0123592Z Entering 'scripts/packages/JSON'
2023-10-30T05:39:13.0168517Z Entering 'scripts/packages/JSONRPC'
2023-10-30T05:39:13.0212530Z Entering 'scripts/packages/JuliaFormatter'
2023-10-30T05:39:13.0258207Z Entering 'scripts/packages/JuliaInterpreter'
2023-10-30T05:39:13.0305255Z Entering 'scripts/packages/LanguageServer'
2023-10-30T05:39:13.0353436Z Entering 'scripts/packages/LoweredCodeUtils'
2023-10-30T05:39:13.0400405Z Entering 'scripts/packages/OrderedCollections'
2023-10-30T05:39:13.0444586Z Entering 'scripts/packages/PackageCompiler'
2023-10-30T05:39:13.0490797Z Entering 'scripts/packages/Revise'
2023-10-30T05:39:13.0535916Z Entering 'scripts/packages/StaticLint'
2023-10-30T05:39:13.0580023Z Entering 'scripts/packages/SymbolServer'
2023-10-30T05:39:13.0624820Z Entering 'scripts/packages/TestEnv'
2023-10-30T05:39:13.0669839Z Entering 'scripts/packages/TestItemDetection'
2023-10-30T05:39:13.0716865Z Entering 'scripts/packages/Tokenize'
2023-10-30T05:39:13.0762364Z Entering 'scripts/packages/URIParser'
2023-10-30T05:39:13.0809265Z Entering 'scripts/packages/URIs'
2023-10-30T05:39:13.0867569Z [command]/usr/bin/git submodule foreach sh -c "git config --local 'http.https://github.com/.extraheader' 'AUTHORIZATION: basic ***' && git config --local --show-origin --name-only --get-regexp remote.origin.url"
2023-10-30T05:39:13.1104382Z Entering 'libs/jl-profile'
2023-10-30T05:39:13.1144896Z file:/home/runner/work/julia-vscode-microprint-test/julia-vscode-microprint-test/.git/modules/libs/jl-profile/config	remote.origin.url
2023-10-30T05:39:13.1147432Z Entering 'scripts/packages-old/JuliaInterpreter'
2023-10-30T05:39:13.1188796Z file:/home/runner/work/julia-vscode-microprint-test/julia-vscode-microprint-test/.git/modules/scripts/packages-old/JuliaInterpreter/config	remote.origin.url
2023-10-30T05:39:13.1191406Z Entering 'scripts/packages/CSTParser'
2023-10-30T05:39:13.1232533Z file:/home/runner/work/julia-vscode-microprint-test/julia-vscode-microprint-test/.git/modules/scripts/packages/CSTParser/config	remote.origin.url
2023-10-30T05:39:13.1235325Z Entering 'scripts/packages/CodeTracking'
2023-10-30T05:39:13.1277288Z file:/home/runner/work/julia-vscode-microprint-test/julia-vscode-microprint-test/.git/modules/scripts/packages/CodeTracking/config	remote.origin.url
2023-10-30T05:39:13.1280243Z Entering 'scripts/packages/CommonMark'
2023-10-30T05:39:13.1321239Z file:/home/runner/work/julia-vscode-microprint-test/julia-vscode-microprint-test/.git/modules/scripts/packages/CommonMark/config	remote.origin.url
2023-10-30T05:39:13.1324106Z Entering 'scripts/packages/Compat'
2023-10-30T05:39:13.1366431Z file:/home/runner/work/julia-vscode-microprint-test/julia-vscode-microprint-test/.git/modules/scripts/packages/Compat/config	remote.origin.url
2023-10-30T05:39:13.1369060Z Entering 'scripts/packages/CoverageTools'
2023-10-30T05:39:13.1411661Z file:/home/runner/work/julia-vscode-microprint-test/julia-vscode-microprint-test/.git/modules/scripts/packages/CoverageTools/config	remote.origin.url
2023-10-30T05:39:13.1414117Z Entering 'scripts/packages/Crayons'
2023-10-30T05:39:13.1455363Z file:/home/runner/work/julia-vscode-microprint-test/julia-vscode-microprint-test/.git/modules/scripts/packages/Crayons/config	remote.origin.url
2023-10-30T05:39:13.1457850Z Entering 'scripts/packages/DataStructures'
2023-10-30T05:39:13.1499671Z file:/home/runner/work/julia-vscode-microprint-test/julia-vscode-microprint-test/.git/modules/scripts/packages/DataStructures/config	remote.origin.url
2023-10-30T05:39:13.1502204Z Entering 'scripts/packages/DebugAdapter'
2023-10-30T05:39:13.1544163Z file:/home/runner/work/julia-vscode-microprint-test/julia-vscode-microprint-test/.git/modules/scripts/packages/DebugAdapter/config	remote.origin.url
2023-10-30T05:39:13.1552496Z Entering 'scripts/packages/FilePathsBase'
2023-10-30T05:39:13.1595549Z file:/home/runner/work/julia-vscode-microprint-test/julia-vscode-microprint-test/.git/modules/scripts/packages/FilePathsBase/config	remote.origin.url
2023-10-30T05:39:13.1602028Z Entering 'scripts/packages/IJuliaCore'
2023-10-30T05:39:13.1645627Z file:/home/runner/work/julia-vscode-microprint-test/julia-vscode-microprint-test/.git/modules/scripts/packages/IJuliaCore/config	remote.origin.url
2023-10-30T05:39:13.1648233Z Entering 'scripts/packages/JSON'
2023-10-30T05:39:13.1699762Z file:/home/runner/work/julia-vscode-microprint-test/julia-vscode-microprint-test/.git/modules/scripts/packages/JSON/config	remote.origin.url
2023-10-30T05:39:13.1704936Z Entering 'scripts/packages/JSONRPC'
2023-10-30T05:39:13.1747297Z file:/home/runner/work/julia-vscode-microprint-test/julia-vscode-microprint-test/.git/modules/scripts/packages/JSONRPC/config	remote.origin.url
2023-10-30T05:39:13.1752180Z Entering 'scripts/packages/JuliaFormatter'
2023-10-30T05:39:13.1794761Z file:/home/runner/work/julia-vscode-microprint-test/julia-vscode-microprint-test/.git/modules/scripts/packages/JuliaFormatter/config	remote.origin.url
2023-10-30T05:39:13.1797714Z Entering 'scripts/packages/JuliaInterpreter'
2023-10-30T05:39:13.1839459Z file:/home/runner/work/julia-vscode-microprint-test/julia-vscode-microprint-test/.git/modules/scripts/packages/JuliaInterpreter/config	remote.origin.url
2023-10-30T05:39:13.1842295Z Entering 'scripts/packages/LanguageServer'
2023-10-30T05:39:13.1885222Z file:/home/runner/work/julia-vscode-microprint-test/julia-vscode-microprint-test/.git/modules/scripts/packages/LanguageServer/config	remote.origin.url
2023-10-30T05:39:13.1888057Z Entering 'scripts/packages/LoweredCodeUtils'
2023-10-30T05:39:13.1930303Z file:/home/runner/work/julia-vscode-microprint-test/julia-vscode-microprint-test/.git/modules/scripts/packages/LoweredCodeUtils/config	remote.origin.url
2023-10-30T05:39:13.1939140Z Entering 'scripts/packages/OrderedCollections'
2023-10-30T05:39:13.1981389Z file:/home/runner/work/julia-vscode-microprint-test/julia-vscode-microprint-test/.git/modules/scripts/packages/OrderedCollections/config	remote.origin.url
2023-10-30T05:39:13.1984247Z Entering 'scripts/packages/PackageCompiler'
2023-10-30T05:39:13.2026468Z file:/home/runner/work/julia-vscode-microprint-test/julia-vscode-microprint-test/.git/modules/scripts/packages/PackageCompiler/config	remote.origin.url
2023-10-30T05:39:13.2029260Z Entering 'scripts/packages/Revise'
2023-10-30T05:39:13.2071860Z file:/home/runner/work/julia-vscode-microprint-test/julia-vscode-microprint-test/.git/modules/scripts/packages/Revise/config	remote.origin.url
2023-10-30T05:39:13.2074833Z Entering 'scripts/packages/StaticLint'
2023-10-30T05:39:13.2116954Z file:/home/runner/work/julia-vscode-microprint-test/julia-vscode-microprint-test/.git/modules/scripts/packages/StaticLint/config	remote.origin.url
2023-10-30T05:39:13.2121400Z Entering 'scripts/packages/SymbolServer'
2023-10-30T05:39:13.2163453Z file:/home/runner/work/julia-vscode-microprint-test/julia-vscode-microprint-test/.git/modules/scripts/packages/SymbolServer/config	remote.origin.url
2023-10-30T05:39:13.2166188Z Entering 'scripts/packages/TestEnv'
2023-10-30T05:39:13.2209232Z file:/home/runner/work/julia-vscode-microprint-test/julia-vscode-microprint-test/.git/modules/scripts/packages/TestEnv/config	remote.origin.url
2023-10-30T05:39:13.2212092Z Entering 'scripts/packages/TestItemDetection'
2023-10-30T05:39:13.2254400Z file:/home/runner/work/julia-vscode-microprint-test/julia-vscode-microprint-test/.git/modules/scripts/packages/TestItemDetection/config	remote.origin.url
2023-10-30T05:39:13.2262940Z Entering 'scripts/packages/Tokenize'
2023-10-30T05:39:13.2305560Z file:/home/runner/work/julia-vscode-microprint-test/julia-vscode-microprint-test/.git/modules/scripts/packages/Tokenize/config	remote.origin.url
2023-10-30T05:39:13.2308202Z Entering 'scripts/packages/URIParser'
2023-10-30T05:39:13.2351528Z file:/home/runner/work/julia-vscode-microprint-test/julia-vscode-microprint-test/.git/modules/scripts/packages/URIParser/config	remote.origin.url
2023-10-30T05:39:13.2354167Z Entering 'scripts/packages/URIs'
2023-10-30T05:39:13.2398248Z file:/home/runner/work/julia-vscode-microprint-test/julia-vscode-microprint-test/.git/modules/scripts/packages/URIs/config	remote.origin.url
2023-10-30T05:39:13.2619020Z [command]/usr/bin/git submodule foreach git config --local --add 'url.https://github.com/.insteadOf' 'git@github.com:'
2023-10-30T05:39:13.2860920Z Entering 'libs/jl-profile'
2023-10-30T05:39:13.2891607Z Entering 'scripts/packages-old/JuliaInterpreter'
2023-10-30T05:39:13.2916748Z Entering 'scripts/packages/CSTParser'
2023-10-30T05:39:13.2941384Z Entering 'scripts/packages/CodeTracking'
2023-10-30T05:39:13.2967067Z Entering 'scripts/packages/CommonMark'
2023-10-30T05:39:13.2991165Z Entering 'scripts/packages/Compat'
2023-10-30T05:39:13.3016976Z Entering 'scripts/packages/CoverageTools'
2023-10-30T05:39:13.3042337Z Entering 'scripts/packages/Crayons'
2023-10-30T05:39:13.3067673Z Entering 'scripts/packages/DataStructures'
2023-10-30T05:39:13.3092335Z Entering 'scripts/packages/DebugAdapter'
2023-10-30T05:39:13.3118199Z Entering 'scripts/packages/FilePathsBase'
2023-10-30T05:39:13.3142475Z Entering 'scripts/packages/IJuliaCore'
2023-10-30T05:39:13.3167948Z Entering 'scripts/packages/JSON'
2023-10-30T05:39:13.3192635Z Entering 'scripts/packages/JSONRPC'
2023-10-30T05:39:13.3220280Z Entering 'scripts/packages/JuliaFormatter'
2023-10-30T05:39:13.3245276Z Entering 'scripts/packages/JuliaInterpreter'
2023-10-30T05:39:13.3270642Z Entering 'scripts/packages/LanguageServer'
2023-10-30T05:39:13.3295301Z Entering 'scripts/packages/LoweredCodeUtils'
2023-10-30T05:39:13.3320893Z Entering 'scripts/packages/OrderedCollections'
2023-10-30T05:39:13.3344425Z Entering 'scripts/packages/PackageCompiler'
2023-10-30T05:39:13.3369846Z Entering 'scripts/packages/Revise'
2023-10-30T05:39:13.3398152Z Entering 'scripts/packages/StaticLint'
2023-10-30T05:39:13.3419465Z Entering 'scripts/packages/SymbolServer'
2023-10-30T05:39:13.3444157Z Entering 'scripts/packages/TestEnv'
2023-10-30T05:39:13.3469262Z Entering 'scripts/packages/TestItemDetection'
2023-10-30T05:39:13.3492644Z Entering 'scripts/packages/Tokenize'
2023-10-30T05:39:13.3516297Z Entering 'scripts/packages/URIParser'
2023-10-30T05:39:13.3540072Z Entering 'scripts/packages/URIs'
2023-10-30T05:39:13.3584674Z [command]/usr/bin/git submodule foreach git config --local --add 'url.https://github.com/.insteadOf' 'org-30818940@github.com:'
2023-10-30T05:39:13.3816959Z Entering 'libs/jl-profile'
2023-10-30T05:39:13.3842442Z Entering 'scripts/packages-old/JuliaInterpreter'
2023-10-30T05:39:13.3866123Z Entering 'scripts/packages/CSTParser'
2023-10-30T05:39:13.3890447Z Entering 'scripts/packages/CodeTracking'
2023-10-30T05:39:13.3914581Z Entering 'scripts/packages/CommonMark'
2023-10-30T05:39:13.3938923Z Entering 'scripts/packages/Compat'
2023-10-30T05:39:13.3964460Z Entering 'scripts/packages/CoverageTools'
2023-10-30T05:39:13.3988109Z Entering 'scripts/packages/Crayons'
2023-10-30T05:39:13.4012078Z Entering 'scripts/packages/DataStructures'
2023-10-30T05:39:13.4037156Z Entering 'scripts/packages/DebugAdapter'
2023-10-30T05:39:13.4061156Z Entering 'scripts/packages/FilePathsBase'
2023-10-30T05:39:13.4085634Z Entering 'scripts/packages/IJuliaCore'
2023-10-30T05:39:13.4109549Z Entering 'scripts/packages/JSON'
2023-10-30T05:39:13.4133356Z Entering 'scripts/packages/JSONRPC'
2023-10-30T05:39:13.4157601Z Entering 'scripts/packages/JuliaFormatter'
2023-10-30T05:39:13.4181232Z Entering 'scripts/packages/JuliaInterpreter'
2023-10-30T05:39:13.4205134Z Entering 'scripts/packages/LanguageServer'
2023-10-30T05:39:13.4229027Z Entering 'scripts/packages/LoweredCodeUtils'
2023-10-30T05:39:13.4253253Z Entering 'scripts/packages/OrderedCollections'
2023-10-30T05:39:13.4277171Z Entering 'scripts/packages/PackageCompiler'
2023-10-30T05:39:13.4300798Z Entering 'scripts/packages/Revise'
2023-10-30T05:39:13.4327275Z Entering 'scripts/packages/StaticLint'
2023-10-30T05:39:13.4350212Z Entering 'scripts/packages/SymbolServer'
2023-10-30T05:39:13.4374624Z Entering 'scripts/packages/TestEnv'
2023-10-30T05:39:13.4398502Z Entering 'scripts/packages/TestItemDetection'
2023-10-30T05:39:13.4422314Z Entering 'scripts/packages/Tokenize'
2023-10-30T05:39:13.4446333Z Entering 'scripts/packages/URIParser'
2023-10-30T05:39:13.4470116Z Entering 'scripts/packages/URIs'
2023-10-30T05:39:13.4500385Z ##[endgroup]
2023-10-30T05:39:13.4558415Z [command]/usr/bin/git log -1 --format='%H'
2023-10-30T05:39:13.4591500Z 'a65ec82a528f08c6bdc23b9b6f4e95a711624cc3'
2023-10-30T05:39:13.4928899Z ##[group]Run julia-actions/setup-julia@v1
2023-10-30T05:39:13.4929387Z with:
2023-10-30T05:39:13.4929691Z   version: 1.8
2023-10-30T05:39:13.4930041Z   include-all-prereleases: false
2023-10-30T05:39:13.4930469Z   arch: X64
2023-10-30T05:39:13.4930788Z   show-versioninfo: false
2023-10-30T05:39:13.4931137Z env:
2023-10-30T05:39:13.4931411Z   NODE_VERSION: 16
2023-10-30T05:39:13.4931736Z ##[endgroup]
2023-10-30T05:39:15.3388850Z [command]/usr/bin/tar xf /home/runner/work/_temp/a39bf60a-c0a3-43a6-90a8-8a46f2ae759e --strip-components=1 -C julia-x64-1.8.5-kjEPjc
2023-10-30T05:39:24.3627346Z [command]/opt/hostedtoolcache/julia/1.8.5/x64/bin/julia --version
2023-10-30T05:39:24.3787216Z julia version 1.8.5
2023-10-30T05:39:24.4014143Z ##[group]Run julia -e 'using InteractiveUtils; versioninfo()'
2023-10-30T05:39:24.4014997Z [36;1mjulia -e 'using InteractiveUtils; versioninfo()'[0m
2023-10-30T05:39:24.4016009Z [36;1mjulia --project=./scripts/environments/languageserver/v1.8 -e 'using Pkg; Pkg.resolve()'[0m
2023-10-30T05:39:24.4017420Z [36;1mjulia --project=./scripts/environments/languageserver/v1.8 -e 'using Pkg; Pkg.test("CSTParser", coverage=true)'[0m
2023-10-30T05:39:24.4018962Z [36;1mjulia --project=./scripts/environments/languageserver/v1.8 -e 'using Pkg; Pkg.test("JSONRPC", coverage=true)'[0m
2023-10-30T05:39:24.4020505Z [36;1mjulia --project=./scripts/environments/languageserver/v1.8 -e 'using Pkg; Pkg.test("LanguageServer", coverage=true)'[0m
2023-10-30T05:39:24.4022083Z [36;1mjulia --project=./scripts/environments/languageserver/v1.8 -e 'using Pkg; Pkg.test("StaticLint", coverage=true)'[0m
2023-10-30T05:39:24.4023688Z [36;1mjulia --project=./scripts/environments/languageserver/v1.8 -e 'using Pkg; Pkg.test("SymbolServer", coverage=true)'[0m
2023-10-30T05:39:24.4025281Z [36;1mjulia --project=./scripts/testenvironments/debugadapter/v1.8 -e 'using Pkg; Pkg.test("DebugAdapter", coverage=true)'[0m
2023-10-30T05:39:24.4026896Z [36;1mjulia --project=./scripts/testenvironments/vscodedebugger/v1.8 -e 'using Pkg; Pkg.test("VSCodeDebugger", coverage=true)'[0m
2023-10-30T05:39:24.4028522Z [36;1mjulia --project=./scripts/testenvironments/vscodeserver/v1.8 -e 'using Pkg; Pkg.test("VSCodeServer", coverage=true)'[0m
2023-10-30T05:39:24.4079260Z shell: /usr/bin/bash --noprofile --norc -e -o pipefail {0}
2023-10-30T05:39:24.4079863Z env:
2023-10-30T05:39:24.4080138Z   NODE_VERSION: 16
2023-10-30T05:39:24.4080477Z ##[endgroup]
2023-10-30T05:39:25.4828716Z Julia Version 1.8.5
2023-10-30T05:39:25.4829823Z Commit 17cfb8e65ea (2023-01-08 06:45 UTC)
2023-10-30T05:39:25.4830484Z Platform Info:
2023-10-30T05:39:25.4879960Z   OS: Linux (x86_64-linux-gnu)
2023-10-30T05:39:25.4968405Z   CPU: 2  Intel(R) Xeon(R) Platinum 8272CL CPU @ 2.60GHz
2023-10-30T05:39:25.4969290Z   WORD_SIZE: 64
2023-10-30T05:39:25.4969753Z   LIBM: libopenlibm
2023-10-30T05:39:25.5060925Z   LLVM: libLLVM-13.0.1 (ORCJIT, skylake-avx512)
2023-10-30T05:39:25.5061834Z   Threads: 1 on 2 virtual cores
2023-10-30T05:39:26.6713810Z   No Changes to `~/work/julia-vscode-microprint-test/julia-vscode-microprint-test/scripts/environments/languageserver/v1.8/Project.toml`
2023-10-30T05:39:26.6926821Z     Updating `~/work/julia-vscode-microprint-test/julia-vscode-microprint-test/scripts/environments/languageserver/v1.8/Manifest.toml`
2023-10-30T05:39:26.7164462Z   [e66e0078]  CompilerSupportLibraries_jll v0.5.2+0  v1.0.1+0
2023-10-30T05:39:27.5486098Z   Installing known registries into `~/.julia`
2023-10-30T05:39:28.7140540Z      Testing CSTParser
2023-10-30T05:39:30.1422630Z       Status `/tmp/jl_QSfwbP/Project.toml`
2023-10-30T05:39:30.1563482Z   [00ebfdb7] CSTParser v3.3.7-DEV `~/work/julia-vscode-microprint-test/julia-vscode-microprint-test/scripts/packages/CSTParser`
2023-10-30T05:39:30.1565582Z   [0796e94c] Tokenize v0.5.24 `~/work/julia-vscode-microprint-test/julia-vscode-microprint-test/scripts/packages/Tokenize`
2023-10-30T05:39:30.1566777Z   [8dfed614] Test `@stdlib/Test`
2023-10-30T05:39:30.1699737Z       Status `/tmp/jl_QSfwbP/Manifest.toml`
2023-10-30T05:39:30.1726562Z   [00ebfdb7] CSTParser v3.3.7-DEV `~/work/julia-vscode-microprint-test/julia-vscode-microprint-test/scripts/packages/CSTParser`
2023-10-30T05:39:30.1728661Z   [0796e94c] Tokenize v0.5.24 `~/work/julia-vscode-microprint-test/julia-vscode-microprint-test/scripts/packages/Tokenize`
2023-10-30T05:39:30.1729897Z   [2a0f44e3] Base64 `@stdlib/Base64`
2023-10-30T05:39:30.1730549Z   [b77e0a4c] InteractiveUtils `@stdlib/InteractiveUtils`
2023-10-30T05:39:30.1731239Z   [56ddb016] Logging `@stdlib/Logging`
2023-10-30T05:39:30.1731802Z   [d6f4376e] Markdown `@stdlib/Markdown`
2023-10-30T05:39:30.1732339Z   [9a3f8284] Random `@stdlib/Random`
2023-10-30T05:39:30.1733313Z   [ea8e919c] SHA v0.7.0 `@stdlib/SHA`
2023-10-30T05:39:30.1733935Z   [9e88b42a] Serialization `@stdlib/Serialization`
2023-10-30T05:39:30.1734553Z   [8dfed614] Test `@stdlib/Test`
2023-10-30T05:39:30.5169817Z Precompiling project...
2023-10-30T05:39:32.0518141Z [32m   [39mTokenize
2023-10-30T05:39:34.7275389Z [32m   [39mCSTParser
2023-10-30T05:39:34.7400783Z   2 dependencies successfully precompiled in 5 seconds
2023-10-30T05:39:34.7401822Z      Testing Running tests...
2023-10-30T05:40:23.7847729Z [ Info: checking check_err_parse against ../docs/make.jl
2023-10-30T05:40:23.9413969Z [ Info: checking check_err_parse against ../src/CSTParser.jl
2023-10-30T05:40:25.0356938Z [ Info: checking check_err_parse against ../src/conversion.jl
2023-10-30T05:40:26.1668759Z [ Info: checking check_err_parse against ../src/display.jl
2023-10-30T05:40:26.1965570Z [ Info: checking check_err_parse against ../src/interface.jl
2023-10-30T05:40:27.2508372Z [ Info: checking check_err_parse against ../src/iterate.jl
2023-10-30T05:40:32.5737939Z [ Info: checking check_err_parse against ../src/lexer.jl
2023-10-30T05:40:32.9787913Z [ Info: checking check_err_parse against ../src/precompile.jl
2023-10-30T05:40:33.3780429Z [ Info: checking check_err_parse against ../src/recovery.jl
2023-10-30T05:40:33.4071184Z [ Info: checking check_err_parse against ../src/spec.jl
2023-10-30T05:40:34.7609034Z [ Info: checking check_err_parse against ../src/utils.jl
2023-10-30T05:40:38.4879207Z [ Info: checking check_err_parse against ../src/components/internals.jl
2023-10-30T05:40:40.9503306Z [ Info: checking check_err_parse against ../src/components/keywords.jl
2023-10-30T05:40:43.2842151Z [ Info: checking check_err_parse against ../src/components/lists.jl
2023-10-30T05:40:44.5200038Z [ Info: checking check_err_parse against ../src/components/operators.jl
2023-10-30T05:40:53.7014404Z [ Info: checking check_err_parse against ../src/components/strings.jl
2023-10-30T05:40:55.3608400Z [ Info: checking check_err_parse against ../test/check_base.jl
2023-10-30T05:40:55.5635724Z [ Info: checking check_err_parse against ../test/display.jl
2023-10-30T05:40:55.5640736Z [ Info: checking check_err_parse against ../test/errparse.jl
2023-10-30T05:40:55.7520339Z [ Info: checking check_err_parse against ../test/interface.jl
2023-10-30T05:40:55.9327169Z [ Info: checking check_err_parse against ../test/iterate.jl
2023-10-30T05:41:05.7751015Z [ Info: checking check_err_parse against ../test/parser.jl
2023-10-30T05:41:24.9919822Z [ Info: checking check_err_parse against ../test/runtests.jl
2023-10-30T05:41:24.9936627Z [ Info: checking check_err_parse against ../test/spec.jl
2023-10-30T05:41:26.2335408Z [ Info: checking check_reparse against ../docs/make.jl
2023-10-30T05:41:26.3481757Z [ Info: checking check_reparse against ../src/CSTParser.jl
2023-10-30T05:41:26.3704083Z [ Info: checking check_reparse against ../src/conversion.jl
2023-10-30T05:41:26.3800447Z [ Info: checking check_reparse against ../src/display.jl
2023-10-30T05:41:26.3868355Z [ Info: checking check_reparse against ../src/interface.jl
2023-10-30T05:41:26.3971955Z [ Info: checking check_reparse against ../src/iterate.jl
2023-10-30T05:41:26.4156352Z [ Info: checking check_reparse against ../src/lexer.jl
2023-10-30T05:41:26.4314283Z [ Info: checking check_reparse against ../src/precompile.jl
2023-10-30T05:41:26.4399810Z [ Info: checking check_reparse against ../src/recovery.jl
2023-10-30T05:41:26.4437510Z [ Info: checking check_reparse against ../src/spec.jl
2023-10-30T05:41:26.4543563Z [ Info: checking check_reparse against ../src/utils.jl
2023-10-30T05:41:26.4720096Z [ Info: checking check_reparse against ../src/components/internals.jl
2023-10-30T05:41:26.4960929Z [ Info: checking check_reparse against ../src/components/keywords.jl
2023-10-30T05:41:26.5085912Z [ Info: checking check_reparse against ../src/components/lists.jl
2023-10-30T05:41:26.5182535Z [ Info: checking check_reparse against ../src/components/operators.jl
2023-10-30T05:41:26.5484434Z [ Info: checking check_reparse against ../src/components/strings.jl
2023-10-30T05:41:26.5671141Z [ Info: checking check_reparse against ../test/check_base.jl
2023-10-30T05:41:26.5709519Z [ Info: checking check_reparse against ../test/display.jl
2023-10-30T05:41:26.5712590Z [ Info: checking check_reparse against ../test/errparse.jl
2023-10-30T05:41:26.5752250Z [ Info: checking check_reparse against ../test/interface.jl
2023-10-30T05:41:26.5816767Z [ Info: checking check_reparse against ../test/iterate.jl
2023-10-30T05:41:26.6093407Z [ Info: checking check_reparse against ../test/parser.jl
2023-10-30T05:41:26.6810858Z [ Info: checking check_reparse against ../test/runtests.jl
2023-10-30T05:41:26.6812758Z [ Info: checking check_reparse against ../test/spec.jl
2023-10-30T05:41:26.7677641Z Test Summary: |  Pass  Broken  Total     Time
2023-10-30T05:41:26.7882021Z CSTParser     | 87028       2  87030  1m51.4s
2023-10-30T05:41:26.8152314Z      Testing CSTParser tests passed 
2023-10-30T05:41:28.4698660Z      Testing JSONRPC
2023-10-30T05:41:29.9838947Z       Status `/tmp/jl_cqZVvO/Project.toml`
2023-10-30T05:41:30.0120134Z   [682c06a0] JSON v0.20.1 `~/work/julia-vscode-microprint-test/julia-vscode-microprint-test/scripts/packages/JSON`
2023-10-30T05:41:30.0123047Z   [b9b8584e] JSONRPC v1.3.5-DEV `~/work/julia-vscode-microprint-test/julia-vscode-microprint-test/scripts/packages/JSONRPC`
2023-10-30T05:41:30.0124790Z   [6462fe0b] Sockets `@stdlib/Sockets`
2023-10-30T05:41:30.0128374Z   [8dfed614] Test `@stdlib/Test`
2023-10-30T05:41:30.0129650Z   [cf7118a7] UUIDs `@stdlib/UUIDs`
2023-10-30T05:41:30.0286502Z       Status `/tmp/jl_cqZVvO/Manifest.toml`
2023-10-30T05:41:30.0321553Z   [682c06a0] JSON v0.20.1 `~/work/julia-vscode-microprint-test/julia-vscode-microprint-test/scripts/packages/JSON`
2023-10-30T05:41:30.0324014Z   [b9b8584e] JSONRPC v1.3.5-DEV `~/work/julia-vscode-microprint-test/julia-vscode-microprint-test/scripts/packages/JSONRPC`
2023-10-30T05:41:30.0325527Z   [2a0f44e3] Base64 `@stdlib/Base64`
2023-10-30T05:41:30.0375013Z   [ade2ca70] Dates `@stdlib/Dates`
2023-10-30T05:41:30.0375861Z   [b77e0a4c] InteractiveUtils `@stdlib/InteractiveUtils`
2023-10-30T05:41:30.0408510Z   [56ddb016] Logging `@stdlib/Logging`
2023-10-30T05:41:30.0409129Z   [d6f4376e] Markdown `@stdlib/Markdown`
2023-10-30T05:41:30.0409611Z   [a63ad114] Mmap `@stdlib/Mmap`
2023-10-30T05:41:30.0410065Z   [de0858da] Printf `@stdlib/Printf`
2023-10-30T05:41:30.0410538Z   [9a3f8284] Random `@stdlib/Random`
2023-10-30T05:41:30.0410993Z   [ea8e919c] SHA v0.7.0 `@stdlib/SHA`
2023-10-30T05:41:30.0411545Z   [9e88b42a] Serialization `@stdlib/Serialization`
2023-10-30T05:41:30.0412100Z   [6462fe0b] Sockets `@stdlib/Sockets`
2023-10-30T05:41:30.0412559Z   [8dfed614] Test `@stdlib/Test`
2023-10-30T05:41:30.0412994Z   [cf7118a7] UUIDs `@stdlib/UUIDs`
2023-10-30T05:41:30.0413447Z   [4ec0a83e] Unicode `@stdlib/Unicode`
2023-10-30T05:41:30.4001427Z Precompiling project...
2023-10-30T05:41:31.0881090Z [32m   [39mJSON
2023-10-30T05:41:31.4349894Z [32m   [39mJSONRPC
2023-10-30T05:41:31.4478977Z   2 dependencies successfully precompiled in 1 seconds
2023-10-30T05:41:31.4480001Z      Testing Running tests...
2023-10-30T05:41:35.4749824Z Test Summary: | Pass  Total  Time
2023-10-30T05:41:35.4932899Z JSONRPC       |   39     39  3.2s
2023-10-30T05:41:35.5027502Z      Testing JSONRPC tests passed 
2023-10-30T05:41:37.1636347Z      Testing LanguageServer
2023-10-30T05:41:39.1324254Z       Status `/tmp/jl_zCZskg/Project.toml`
2023-10-30T05:41:39.1538291Z   [00ebfdb7] CSTParser v3.3.7-DEV `~/work/julia-vscode-microprint-test/julia-vscode-microprint-test/scripts/packages/CSTParser`
2023-10-30T05:41:39.1540831Z   [682c06a0] JSON v0.20.1 `~/work/julia-vscode-microprint-test/julia-vscode-microprint-test/scripts/packages/JSON`
2023-10-30T05:41:39.1542923Z   [b9b8584e] JSONRPC v1.3.5-DEV `~/work/julia-vscode-microprint-test/julia-vscode-microprint-test/scripts/packages/JSONRPC`
2023-10-30T05:41:39.1545131Z   [98e50ef6] JuliaFormatter v1.0.10 `~/work/julia-vscode-microprint-test/julia-vscode-microprint-test/scripts/packages/JuliaFormatter`
2023-10-30T05:41:39.1547942Z   [2b0e0bc5] LanguageServer v4.3.2-DEV `~/work/julia-vscode-microprint-test/julia-vscode-microprint-test/scripts/packages/LanguageServer`
2023-10-30T05:41:39.1550321Z   [b3cc710f] StaticLint v8.1.1-DEV `~/work/julia-vscode-microprint-test/julia-vscode-microprint-test/scripts/packages/StaticLint`
2023-10-30T05:41:39.1552554Z   [cf896787] SymbolServer v7.2.2-DEV `~/work/julia-vscode-microprint-test/julia-vscode-microprint-test/scripts/packages/SymbolServer`
2023-10-30T05:41:39.1554936Z   [76b0de8b] TestItemDetection v0.1.2-DEV `~/work/julia-vscode-microprint-test/julia-vscode-microprint-test/scripts/packages/TestItemDetection`
2023-10-30T05:41:39.1556676Z   [f8b46487] TestItemRunner v0.2.2
2023-10-30T05:41:39.1558074Z   [0796e94c] Tokenize v0.5.24 `~/work/julia-vscode-microprint-test/julia-vscode-microprint-test/scripts/packages/Tokenize`
2023-10-30T05:41:39.1560087Z   [5c2747f8] URIs v1.4.0 `~/work/julia-vscode-microprint-test/julia-vscode-microprint-test/scripts/packages/URIs`
2023-10-30T05:41:39.1561299Z   [76f85450] LibGit2 `@stdlib/LibGit2`
2023-10-30T05:41:39.1561948Z   [d6f4376e] Markdown `@stdlib/Markdown`
2023-10-30T05:41:39.1562600Z   [44cfe95a] Pkg v1.8.0 `@stdlib/Pkg`
2023-10-30T05:41:39.1563239Z   [3fa0cd96] REPL `@stdlib/REPL`
2023-10-30T05:41:39.1563814Z   [ea8e919c] SHA v0.7.0 `@stdlib/SHA`
2023-10-30T05:41:39.1564490Z   [9e88b42a] Serialization `@stdlib/Serialization`
2023-10-30T05:41:39.1565227Z   [6462fe0b] Sockets `@stdlib/Sockets`
2023-10-30T05:41:39.1566090Z   [8dfed614] Test `@stdlib/Test`
2023-10-30T05:41:39.1566723Z   [cf7118a7] UUIDs `@stdlib/UUIDs`
2023-10-30T05:41:39.1696804Z       Status `/tmp/jl_zCZskg/Manifest.toml`
2023-10-30T05:41:39.1841708Z   [00ebfdb7] CSTParser v3.3.7-DEV `~/work/julia-vscode-microprint-test/julia-vscode-microprint-test/scripts/packages/CSTParser`
2023-10-30T05:41:39.1843823Z   [a80b9123] CommonMark v0.8.6 `~/work/julia-vscode-microprint-test/julia-vscode-microprint-test/scripts/packages/CommonMark`
2023-10-30T05:41:39.1845826Z   [34da2185] Compat v3.43.0 `~/work/julia-vscode-microprint-test/julia-vscode-microprint-test/scripts/packages/Compat`
2023-10-30T05:41:39.1847736Z   [a8cc5b0e] Crayons v4.0.4 `~/work/julia-vscode-microprint-test/julia-vscode-microprint-test/scripts/packages/Crayons`
2023-10-30T05:41:39.1849807Z   [864edb3b] DataStructures v0.18.13 `~/work/julia-vscode-microprint-test/julia-vscode-microprint-test/scripts/packages/DataStructures`
2023-10-30T05:41:39.1852519Z   [682c06a0] JSON v0.20.1 `~/work/julia-vscode-microprint-test/julia-vscode-microprint-test/scripts/packages/JSON`
2023-10-30T05:41:39.1854454Z   [b9b8584e] JSONRPC v1.3.5-DEV `~/work/julia-vscode-microprint-test/julia-vscode-microprint-test/scripts/packages/JSONRPC`
2023-10-30T05:41:39.1856560Z   [98e50ef6] JuliaFormatter v1.0.10 `~/work/julia-vscode-microprint-test/julia-vscode-microprint-test/scripts/packages/JuliaFormatter`
2023-10-30T05:41:39.1858785Z   [2b0e0bc5] LanguageServer v4.3.2-DEV `~/work/julia-vscode-microprint-test/julia-vscode-microprint-test/scripts/packages/LanguageServer`
2023-10-30T05:41:39.1861088Z   [bac558e1] OrderedCollections v1.4.1 `~/work/julia-vscode-microprint-test/julia-vscode-microprint-test/scripts/packages/OrderedCollections`
2023-10-30T05:41:39.1863291Z   [b3cc710f] StaticLint v8.1.1-DEV `~/work/julia-vscode-microprint-test/julia-vscode-microprint-test/scripts/packages/StaticLint`
2023-10-30T05:41:39.1865429Z   [cf896787] SymbolServer v7.2.2-DEV `~/work/julia-vscode-microprint-test/julia-vscode-microprint-test/scripts/packages/SymbolServer`
2023-10-30T05:41:39.1867706Z   [76b0de8b] TestItemDetection v0.1.2-DEV `~/work/julia-vscode-microprint-test/julia-vscode-microprint-test/scripts/packages/TestItemDetection`
2023-10-30T05:41:39.1869076Z   [f8b46487] TestItemRunner v0.2.2
2023-10-30T05:41:39.1869592Z   [1c621080] TestItems v0.1.1
2023-10-30T05:41:39.1870859Z   [0796e94c] Tokenize v0.5.24 `~/work/julia-vscode-microprint-test/julia-vscode-microprint-test/scripts/packages/Tokenize`
2023-10-30T05:41:39.1873147Z   [5c2747f8] URIs v1.4.0 `~/work/julia-vscode-microprint-test/julia-vscode-microprint-test/scripts/packages/URIs`
2023-10-30T05:41:39.1874346Z   [0dad84c5] ArgTools v1.1.1 `@stdlib/ArgTools`
2023-10-30T05:41:39.1874983Z   [56f22d72] Artifacts `@stdlib/Artifacts`
2023-10-30T05:41:39.1875737Z   [2a0f44e3] Base64 `@stdlib/Base64`
2023-10-30T05:41:39.1876274Z   [ade2ca70] Dates `@stdlib/Dates`
2023-10-30T05:41:39.1876884Z   [8bb1440f] DelimitedFiles `@stdlib/DelimitedFiles`
2023-10-30T05:41:39.1877573Z   [8ba89e20] Distributed `@stdlib/Distributed`
2023-10-30T05:41:39.1878228Z   [f43a241f] Downloads v1.6.0 `@stdlib/Downloads`
2023-10-30T05:41:39.1878901Z   [7b1f6079] FileWatching `@stdlib/FileWatching`
2023-10-30T05:41:39.1879621Z   [b77e0a4c] InteractiveUtils `@stdlib/InteractiveUtils`
2023-10-30T05:41:39.1880333Z   [b27032c2] LibCURL v0.6.3 `@stdlib/LibCURL`
2023-10-30T05:41:39.1880917Z   [76f85450] LibGit2 `@stdlib/LibGit2`
2023-10-30T05:41:39.1881437Z   [8f399da3] Libdl `@stdlib/Libdl`
2023-10-30T05:41:39.1882025Z   [37e2e46d] LinearAlgebra `@stdlib/LinearAlgebra`
2023-10-30T05:41:39.1882663Z   [56ddb016] Logging `@stdlib/Logging`
2023-10-30T05:41:39.1883209Z   [d6f4376e] Markdown `@stdlib/Markdown`
2023-10-30T05:41:39.1883758Z   [a63ad114] Mmap `@stdlib/Mmap`
2023-10-30T05:41:39.1884395Z   [ca575930] NetworkOptions v1.2.0 `@stdlib/NetworkOptions`
2023-10-30T05:41:39.1885080Z   [44cfe95a] Pkg v1.8.0 `@stdlib/Pkg`
2023-10-30T05:41:39.1885607Z   [de0858da] Printf `@stdlib/Printf`
2023-10-30T05:41:39.1886362Z   [3fa0cd96] REPL `@stdlib/REPL`
2023-10-30T05:41:39.1886871Z   [9a3f8284] Random `@stdlib/Random`
2023-10-30T05:41:39.1887387Z   [ea8e919c] SHA v0.7.0 `@stdlib/SHA`
2023-10-30T05:41:39.1888000Z   [9e88b42a] Serialization `@stdlib/Serialization`
2023-10-30T05:41:39.1888699Z   [1a1011a3] SharedArrays `@stdlib/SharedArrays`
2023-10-30T05:41:39.1889303Z   [6462fe0b] Sockets `@stdlib/Sockets`
2023-10-30T05:41:39.1889910Z   [2f01184e] SparseArrays `@stdlib/SparseArrays`
2023-10-30T05:41:39.1890559Z   [10745b16] Statistics `@stdlib/Statistics`
2023-10-30T05:41:39.1891137Z   [fa267f1f] TOML v1.0.0 `@stdlib/TOML`
2023-10-30T05:41:39.1891682Z   [a4e569a6] Tar v1.10.1 `@stdlib/Tar`
2023-10-30T05:41:39.1892211Z   [8dfed614] Test `@stdlib/Test`
2023-10-30T05:41:39.1892694Z   [cf7118a7] UUIDs `@stdlib/UUIDs`
2023-10-30T05:41:39.1893215Z   [4ec0a83e] Unicode `@stdlib/Unicode`
2023-10-30T05:41:39.1894132Z   [e66e0078] CompilerSupportLibraries_jll v1.0.1+0 `@stdlib/CompilerSupportLibraries_jll`
2023-10-30T05:41:39.1895156Z   [deac9b47] LibCURL_jll v7.84.0+0 `@stdlib/LibCURL_jll`
2023-10-30T05:41:39.1895903Z   [29816b5a] LibSSH2_jll v1.10.2+0 `@stdlib/LibSSH2_jll`
2023-10-30T05:41:39.1896642Z   [c8ffd9c3] MbedTLS_jll v2.28.0+0 `@stdlib/MbedTLS_jll`
2023-10-30T05:41:39.1899802Z   [14a3606d] MozillaCACerts_jll v2022.2.1 `@stdlib/MozillaCACerts_jll`
2023-10-30T05:41:39.1900672Z   [4536629a] OpenBLAS_jll v0.3.20+0 `@stdlib/OpenBLAS_jll`
2023-10-30T05:41:39.1901391Z   [83775a58] Zlib_jll v1.2.12+3 `@stdlib/Zlib_jll`
2023-10-30T05:41:39.1902243Z   [8e850b90] libblastrampoline_jll v5.1.1+0 `@stdlib/libblastrampoline_jll`
2023-10-30T05:41:39.1903168Z   [8e850ede] nghttp2_jll v1.48.0+0 `@stdlib/nghttp2_jll`
2023-10-30T05:41:39.1903890Z   [3f19e933] p7zip_jll v17.4.0+0 `@stdlib/p7zip_jll`
2023-10-30T05:41:39.6352291Z Precompiling project...
2023-10-30T05:41:40.5008793Z [32m   [39m[90mCompat[39m
2023-10-30T05:41:40.5386723Z [32m   [39mURIs
2023-10-30T05:41:40.8600937Z [32m   [39m[90mCompilerSupportLibraries_jll[39m
2023-10-30T05:41:41.4196731Z [32m   [39m[90mCrayons[39m
2023-10-30T05:41:41.4912985Z [32m   [39m[90mOrderedCollections[39m
2023-10-30T05:41:41.8147398Z [32m   [39m[90mMbedTLS_jll[39m
2023-10-30T05:41:41.8387111Z [32m   [39m[90mZlib_jll[39m
2023-10-30T05:41:42.1156964Z [32m   [39m[90mTestItems[39m
2023-10-30T05:41:42.5476864Z [32m   [39m[90mOpenBLAS_jll[39m
2023-10-30T05:41:42.6930425Z [32m   [39mTestItemDetection
2023-10-30T05:41:45.0624531Z [32m   [39m[90mCommonMark[39m
2023-10-30T05:41:45.5004741Z [32m   [39m[90mDataStructures[39m
2023-10-30T05:41:45.5548487Z [32m   [39m[90mLibSSH2_jll[39m
2023-10-30T05:41:45.9449478Z [32m   [39m[90mlibblastrampoline_jll[39m
2023-10-30T05:41:50.4564746Z [32m   [39mJuliaFormatter
2023-10-30T05:41:50.9753369Z [32m   [39mSymbolServer
2023-10-30T05:41:51.6253033Z [32m   [39mTestItemRunner
2023-10-30T05:41:52.6319565Z [32m   [39mStaticLint
2023-10-30T05:41:55.8951162Z [32m   [39mLanguageServer
2023-10-30T05:41:55.9082304Z   19 dependencies successfully precompiled in 17 seconds. 4 already precompiled.
2023-10-30T05:41:55.9083292Z      Testing Running tests...
2023-10-30T05:42:51.7868030Z [ Info: Self-parse test
2023-10-30T05:42:51.8043525Z [ Info: skipping brute-force tests on CI
2023-10-30T05:43:55.3944740Z ERROR: InvalidStateException: Channel is closed.
2023-10-30T05:43:55.3945723Z Stacktrace:
2023-10-30T05:43:55.3962187Z  [1] try_yieldto(undo::typeof(Base.ensure_rescheduled))
2023-10-30T05:43:55.4037276Z    @ Base ./task.jl:871
2023-10-30T05:43:55.4038011Z  [2] wait()
2023-10-30T05:43:55.4038785Z    @ Base ./task.jl:931
2023-10-30T05:43:55.4039350Z  [3] wait(c::Base.GenericCondition{ReentrantLock})
2023-10-30T05:43:55.4039902Z    @ Base ./condition.jl:124
2023-10-30T05:43:55.4040347Z  [4] take_buffered(c::Channel{Any})
2023-10-30T05:43:55.4040801Z    @ Base ./channels.jl:416
2023-10-30T05:43:55.4041172Z  [5] take!
2023-10-30T05:43:55.4041488Z    @ ./channels.jl:410 [inlined]
2023-10-30T05:43:55.4042300Z  [6] get_next_message
2023-10-30T05:43:55.4043674Z    @ ~/work/julia-vscode-microprint-test/julia-vscode-microprint-test/scripts/packages/JSONRPC/src/core.jl:202 [inlined]
2023-10-30T05:43:55.4044711Z  [7] macro expansion
2023-10-30T05:43:55.4046028Z    @ ~/work/julia-vscode-microprint-test/julia-vscode-microprint-test/scripts/packages/LanguageServer/src/languageserverinstance.jl:288 [inlined]
2023-10-30T05:43:55.4047566Z  [8] (::LanguageServer.var"#111#114"{LanguageServer.LanguageServerInstance})()
2023-10-30T05:43:55.4048309Z    @ LanguageServer ./task.jl:484
2023-10-30T05:43:55.4048774Z [ Info: Processing Pkg...
2023-10-30T05:43:55.4049198Z [ Info: Shutting down server instance.
2023-10-30T05:43:56.0650279Z Test Summary: | Pass  Broken  Total     Time
2023-10-30T05:43:56.0829938Z Package       |  400      10    410  1m52.5s
2023-10-30T05:43:56.1431809Z      Testing LanguageServer tests passed 
2023-10-30T05:43:58.0169627Z      Testing StaticLint
2023-10-30T05:43:59.4050196Z       Status `/tmp/jl_4vG1Le/Project.toml`
2023-10-30T05:43:59.4203496Z   [00ebfdb7] CSTParser v3.3.7-DEV `~/work/julia-vscode-microprint-test/julia-vscode-microprint-test/scripts/packages/CSTParser`
2023-10-30T05:43:59.4205826Z   [b3cc710f] StaticLint v8.1.1-DEV `~/work/julia-vscode-microprint-test/julia-vscode-microprint-test/scripts/packages/StaticLint`
2023-10-30T05:43:59.4208017Z   [cf896787] SymbolServer v7.2.2-DEV `~/work/julia-vscode-microprint-test/julia-vscode-microprint-test/scripts/packages/SymbolServer`
2023-10-30T05:43:59.4209337Z   [76f85450] LibGit2 `@stdlib/LibGit2`
2023-10-30T05:43:59.4210284Z   [44cfe95a] Pkg v1.8.0 `@stdlib/Pkg`
2023-10-30T05:43:59.4210842Z   [ea8e919c] SHA v0.7.0 `@stdlib/SHA`
2023-10-30T05:43:59.4211388Z   [9e88b42a] Serialization `@stdlib/Serialization`
2023-10-30T05:43:59.4211931Z   [8dfed614] Test `@stdlib/Test`
2023-10-30T05:43:59.4353162Z       Status `/tmp/jl_4vG1Le/Manifest.toml`
2023-10-30T05:43:59.4431551Z   [00ebfdb7] CSTParser v3.3.7-DEV `~/work/julia-vscode-microprint-test/julia-vscode-microprint-test/scripts/packages/CSTParser`
2023-10-30T05:43:59.4433797Z   [b3cc710f] StaticLint v8.1.1-DEV `~/work/julia-vscode-microprint-test/julia-vscode-microprint-test/scripts/packages/StaticLint`
2023-10-30T05:43:59.4436430Z   [cf896787] SymbolServer v7.2.2-DEV `~/work/julia-vscode-microprint-test/julia-vscode-microprint-test/scripts/packages/SymbolServer`
2023-10-30T05:43:59.4438740Z   [0796e94c] Tokenize v0.5.24 `~/work/julia-vscode-microprint-test/julia-vscode-microprint-test/scripts/packages/Tokenize`
2023-10-30T05:43:59.4439874Z   [0dad84c5] ArgTools v1.1.1 `@stdlib/ArgTools`
2023-10-30T05:43:59.4440777Z   [56f22d72] Artifacts `@stdlib/Artifacts`
2023-10-30T05:43:59.4441291Z   [2a0f44e3] Base64 `@stdlib/Base64`
2023-10-30T05:43:59.4441768Z   [ade2ca70] Dates `@stdlib/Dates`
2023-10-30T05:43:59.4442263Z   [f43a241f] Downloads v1.6.0 `@stdlib/Downloads`
2023-10-30T05:43:59.4442858Z   [7b1f6079] FileWatching `@stdlib/FileWatching`
2023-10-30T05:43:59.4443517Z   [b77e0a4c] InteractiveUtils `@stdlib/InteractiveUtils`
2023-10-30T05:43:59.4444140Z   [b27032c2] LibCURL v0.6.3 `@stdlib/LibCURL`
2023-10-30T05:43:59.4444660Z   [76f85450] LibGit2 `@stdlib/LibGit2`
2023-10-30T05:43:59.4445128Z   [8f399da3] Libdl `@stdlib/Libdl`
2023-10-30T05:43:59.4445586Z   [56ddb016] Logging `@stdlib/Logging`
2023-10-30T05:43:59.4446112Z   [d6f4376e] Markdown `@stdlib/Markdown`
2023-10-30T05:43:59.4446714Z   [ca575930] NetworkOptions v1.2.0 `@stdlib/NetworkOptions`
2023-10-30T05:43:59.4447321Z   [44cfe95a] Pkg v1.8.0 `@stdlib/Pkg`
2023-10-30T05:43:59.4450386Z   [de0858da] Printf `@stdlib/Printf`
2023-10-30T05:43:59.4452843Z   [3fa0cd96] REPL `@stdlib/REPL`
2023-10-30T05:43:59.4455289Z   [9a3f8284] Random `@stdlib/Random`
2023-10-30T05:43:59.4457743Z   [ea8e919c] SHA v0.7.0 `@stdlib/SHA`
2023-10-30T05:43:59.4460237Z   [9e88b42a] Serialization `@stdlib/Serialization`
2023-10-30T05:43:59.4462776Z   [6462fe0b] Sockets `@stdlib/Sockets`
2023-10-30T05:43:59.4465219Z   [fa267f1f] TOML v1.0.0 `@stdlib/TOML`
2023-10-30T05:43:59.4468032Z   [a4e569a6] Tar v1.10.1 `@stdlib/Tar`
2023-10-30T05:43:59.4517602Z   [8dfed614] Test `@stdlib/Test`
2023-10-30T05:43:59.4518117Z   [cf7118a7] UUIDs `@stdlib/UUIDs`
2023-10-30T05:43:59.4518576Z   [4ec0a83e] Unicode `@stdlib/Unicode`
2023-10-30T05:43:59.4519144Z   [deac9b47] LibCURL_jll v7.84.0+0 `@stdlib/LibCURL_jll`
2023-10-30T05:43:59.4519804Z   [29816b5a] LibSSH2_jll v1.10.2+0 `@stdlib/LibSSH2_jll`
2023-10-30T05:43:59.4520442Z   [c8ffd9c3] MbedTLS_jll v2.28.0+0 `@stdlib/MbedTLS_jll`
2023-10-30T05:43:59.4521189Z   [14a3606d] MozillaCACerts_jll v2022.2.1 `@stdlib/MozillaCACerts_jll`
2023-10-30T05:43:59.4521915Z   [83775a58] Zlib_jll v1.2.12+3 `@stdlib/Zlib_jll`
2023-10-30T05:43:59.4522527Z   [8e850ede] nghttp2_jll v1.48.0+0 `@stdlib/nghttp2_jll`
2023-10-30T05:43:59.4523159Z   [3f19e933] p7zip_jll v17.4.0+0 `@stdlib/p7zip_jll`
2023-10-30T05:43:59.8631840Z      Testing Running tests...
2023-10-30T05:44:18.6747912Z Test Summary: | Pass  Total   Time
2023-10-30T05:44:18.6925032Z StaticLint    |  342    342  16.6s
2023-10-30T05:44:18.6962888Z Test Summary:                             | Pass  Total  Time
2023-10-30T05:44:18.6963992Z add eval method to modules/toplevel scope |    2      2  0.0s
2023-10-30T05:44:18.8350397Z Test Summary: | Pass  Total  Time
2023-10-30T05:44:18.8351517Z reparse       |    3      3  0.1s
2023-10-30T05:44:18.8379771Z Test Summary:               | Pass  Total  Time
2023-10-30T05:44:18.8380783Z duplicate function argument |    1      1  0.0s
2023-10-30T05:44:18.8423028Z Test Summary:       | Pass  Total  Time
2023-10-30T05:44:18.8423931Z type alias bindings |    2      2  0.0s
2023-10-30T05:44:18.8451754Z Test Summary:                       | Pass  Total  Time
2023-10-30T05:44:18.8452861Z :call w/ :parameters traverse order |    1      1  0.0s
2023-10-30T05:44:18.8479855Z Test Summary:                    | Pass  Total  Time
2023-10-30T05:44:18.8480760Z handle shadow bindings on method |    1      1  0.0s
2023-10-30T05:44:18.8549768Z Test Summary:               | Pass  Total  Time
2023-10-30T05:44:18.8550609Z documented symbol resolving |    2      2  0.0s
2023-10-30T05:44:18.9349942Z Test Summary:   | Pass  Total  Time
2023-10-30T05:44:18.9351030Z unused bindings |    6      6  0.1s
2023-10-30T05:44:18.9404731Z Test Summary: | Pass  Total  Time
2023-10-30T05:44:18.9405518Z unwrap sig    |    4      4  0.0s
2023-10-30T05:44:18.9442860Z Test Summary:    | Pass  Total  Time
2023-10-30T05:44:18.9443671Z clear .type refs |    2      2  0.0s
2023-10-30T05:44:18.9478957Z Test Summary:    | Pass  Total  Time
2023-10-30T05:44:18.9479755Z clear .type refs |    2      2  0.0s
2023-10-30T05:44:18.9695253Z Test Summary:         | Pass  Total  Time
2023-10-30T05:44:18.9695945Z type inference by use |    6      6  0.0s
2023-10-30T05:44:18.9855667Z Test Summary:           | Pass  Total  Time
2023-10-30T05:44:18.9856248Z loop iterator inference |    8      8  0.0s
2023-10-30T05:44:18.9885597Z Test Summary:   | Pass  Total  Time
2023-10-30T05:44:18.9886114Z Vector{T} infer |    1      1  0.0s
2023-10-30T05:44:18.9923254Z Test Summary:          | Pass  Total  Time
2023-10-30T05:44:18.9923812Z where type param infer |    2      2  0.0s
2023-10-30T05:44:18.9983131Z Test Summary:          | Pass  Total  Time
2023-10-30T05:44:18.9983706Z where type param infer |    4      4  0.0s
2023-10-30T05:44:19.0124181Z Test Summary: | Pass  Total  Time
2023-10-30T05:44:19.0124751Z softscope     |   12     12  0.0s
2023-10-30T05:44:19.0209157Z Test Summary: | Pass  Total  Time
2023-10-30T05:44:19.0209696Z #1218         |    4      4  0.0s
2023-10-30T05:44:19.0350414Z Test Summary: | Pass  Total  Time
2023-10-30T05:44:19.0351006Z import as ... |    2      2  0.0s
2023-10-30T05:44:19.0378000Z Test Summary: | Pass  Total  Time
2023-10-30T05:44:19.0378539Z #1218         |    1      1  0.0s
2023-10-30T05:44:19.0405316Z Test Summary:             | Pass  Total  Time
2023-10-30T05:44:19.0405909Z macrocall bindings: #2187 |    1      1  0.0s
2023-10-30T05:44:19.0483370Z Test Summary:        | Pass  Total  Time
2023-10-30T05:44:19.0484290Z aliased import: #974 |    2      2  0.0s
2023-10-30T05:44:19.2109345Z Test Summary: | Pass  Total  Time
2023-10-30T05:44:19.2109942Z kwarg refs    |   12     12  0.0s
2023-10-30T05:44:19.3269814Z Test Summary:                | Pass  Total  Time
2023-10-30T05:44:19.3270552Z iteration over 1:length(...) |   15     15  0.1s
2023-10-30T05:44:19.3309350Z Test Summary:                    | Pass  Total  Time
2023-10-30T05:44:19.3310111Z assigned but not used with loops |    2      2  0.0s
2023-10-30T05:44:19.3487618Z      Testing StaticLint tests passed 
2023-10-30T05:44:20.9203807Z      Testing SymbolServer
2023-10-30T05:44:22.3162345Z       Status `/tmp/jl_TnyTcE/Project.toml`
2023-10-30T05:44:22.3314127Z   [cf896787] SymbolServer v7.2.2-DEV `~/work/julia-vscode-microprint-test/julia-vscode-microprint-test/scripts/packages/SymbolServer`
2023-10-30T05:44:22.3317185Z   [b77e0a4c] InteractiveUtils `@stdlib/InteractiveUtils`
2023-10-30T05:44:22.3318110Z   [76f85450] LibGit2 `@stdlib/LibGit2`
2023-10-30T05:44:22.3319118Z   [d6f4376e] Markdown `@stdlib/Markdown`
2023-10-30T05:44:22.3319857Z   [44cfe95a] Pkg v1.8.0 `@stdlib/Pkg`
2023-10-30T05:44:22.3320806Z   [3fa0cd96] REPL `@stdlib/REPL`
2023-10-30T05:44:22.3321505Z   [ea8e919c] SHA v0.7.0 `@stdlib/SHA`
2023-10-30T05:44:22.3322510Z   [9e88b42a] Serialization `@stdlib/Serialization`
2023-10-30T05:44:22.3323319Z   [6462fe0b] Sockets `@stdlib/Sockets`
2023-10-30T05:44:22.3324252Z   [8dfed614] Test `@stdlib/Test`
2023-10-30T05:44:22.3324934Z   [cf7118a7] UUIDs `@stdlib/UUIDs`
2023-10-30T05:44:22.3456421Z       Status `/tmp/jl_TnyTcE/Manifest.toml`
2023-10-30T05:44:22.3523077Z   [cf896787] SymbolServer v7.2.2-DEV `~/work/julia-vscode-microprint-test/julia-vscode-microprint-test/scripts/packages/SymbolServer`
2023-10-30T05:44:22.3524759Z   [0dad84c5] ArgTools v1.1.1 `@stdlib/ArgTools`
2023-10-30T05:44:22.3525839Z   [56f22d72] Artifacts `@stdlib/Artifacts`
2023-10-30T05:44:22.3526584Z   [2a0f44e3] Base64 `@stdlib/Base64`
2023-10-30T05:44:22.3527520Z   [ade2ca70] Dates `@stdlib/Dates`
2023-10-30T05:44:22.3528320Z   [f43a241f] Downloads v1.6.0 `@stdlib/Downloads`
2023-10-30T05:44:22.3529373Z   [7b1f6079] FileWatching `@stdlib/FileWatching`
2023-10-30T05:44:22.3530288Z   [b77e0a4c] InteractiveUtils `@stdlib/InteractiveUtils`
2023-10-30T05:44:22.3531405Z   [b27032c2] LibCURL v0.6.3 `@stdlib/LibCURL`
2023-10-30T05:44:22.3532172Z   [76f85450] LibGit2 `@stdlib/LibGit2`
2023-10-30T05:44:22.3533084Z   [8f399da3] Libdl `@stdlib/Libdl`
2023-10-30T05:44:22.3533778Z   [56ddb016] Logging `@stdlib/Logging`
2023-10-30T05:44:22.3534725Z   [d6f4376e] Markdown `@stdlib/Markdown`
2023-10-30T05:44:22.3535939Z   [ca575930] NetworkOptions v1.2.0 `@stdlib/NetworkOptions`
2023-10-30T05:44:22.3537074Z   [44cfe95a] Pkg v1.8.0 `@stdlib/Pkg`
2023-10-30T05:44:22.3537795Z   [de0858da] Printf `@stdlib/Printf`
2023-10-30T05:44:22.3538717Z   [3fa0cd96] REPL `@stdlib/REPL`
2023-10-30T05:44:22.3539415Z   [9a3f8284] Random `@stdlib/Random`
2023-10-30T05:44:22.3540334Z   [ea8e919c] SHA v0.7.0 `@stdlib/SHA`
2023-10-30T05:44:22.3541128Z   [9e88b42a] Serialization `@stdlib/Serialization`
2023-10-30T05:44:22.3542151Z   [6462fe0b] Sockets `@stdlib/Sockets`
2023-10-30T05:44:22.3542869Z   [fa267f1f] TOML v1.0.0 `@stdlib/TOML`
2023-10-30T05:44:22.3543802Z   [a4e569a6] Tar v1.10.1 `@stdlib/Tar`
2023-10-30T05:44:22.3544503Z   [8dfed614] Test `@stdlib/Test`
2023-10-30T05:44:22.3545380Z   [cf7118a7] UUIDs `@stdlib/UUIDs`
2023-10-30T05:44:22.3546074Z   [4ec0a83e] Unicode `@stdlib/Unicode`
2023-10-30T05:44:22.3547104Z   [deac9b47] LibCURL_jll v7.84.0+0 `@stdlib/LibCURL_jll`
2023-10-30T05:44:22.3548014Z   [29816b5a] LibSSH2_jll v1.10.2+0 `@stdlib/LibSSH2_jll`
2023-10-30T05:44:22.3549151Z   [c8ffd9c3] MbedTLS_jll v2.28.0+0 `@stdlib/MbedTLS_jll`
2023-10-30T05:44:22.3550170Z   [14a3606d] MozillaCACerts_jll v2022.2.1 `@stdlib/MozillaCACerts_jll`
2023-10-30T05:44:22.3551377Z   [83775a58] Zlib_jll v1.2.12+3 `@stdlib/Zlib_jll`
2023-10-30T05:44:22.3552255Z   [8e850ede] nghttp2_jll v1.48.0+0 `@stdlib/nghttp2_jll`
2023-10-30T05:44:22.3553587Z   [3f19e933] p7zip_jll v17.4.0+0 `@stdlib/p7zip_jll`
2023-10-30T05:44:22.7642437Z      Testing Running tests...
2023-10-30T05:44:31.8573344Z  Warning: The active manifest file is an older format with no julia version entry. Dependencies may have been resolved with a different julia version.
2023-10-30T05:44:31.8575401Z  @ /tmp/jl_NyVaJG/Manifest.toml:0
2023-10-30T05:44:32.1970950Z    Installed IteratorInterfaceExtensions  v1.0.0
2023-10-30T05:44:32.6486880Z Precompiling project...
2023-10-30T05:44:32.9329914Z [32m   [39mIteratorInterfaceExtensions
2023-10-30T05:44:32.9451730Z   1 dependency successfully precompiled in 1 seconds
2023-10-30T05:44:32.9453333Z   [91m1[39m dependency errored. To see a full report either run `import Pkg; Pkg.precompile()` or load the package
2023-10-30T05:44:45.2168231Z  Warning: TableTraits not stored on disc
2023-10-30T05:44:45.2170257Z  @ SymbolServer ~/work/julia-vscode-microprint-test/julia-vscode-microprint-test/scripts/packages/SymbolServer/src/SymbolServer.jl:247
2023-10-30T05:44:45.2878989Z Test Summary: | Pass  Total   Time
2023-10-30T05:44:45.3046750Z SymbolServer  | 8054   8054  20.3s
2023-10-30T05:44:45.7903877Z Test Summary: | Pass  Total  Time
2023-10-30T05:44:45.7905007Z TypeofVararg  |   30     30  0.4s
2023-10-30T05:44:45.8711855Z Test Summary: | Pass  Total  Time
2023-10-30T05:44:45.8713026Z Pipe names    |    3      3  0.1s
2023-10-30T05:44:45.8741397Z Test Summary: | Pass  Total  Time
2023-10-30T05:44:45.8742308Z Intrinsics`   |    1      1  0.0s
2023-10-30T05:44:45.8877929Z      Testing SymbolServer tests passed 
2023-10-30T05:44:47.4422109Z      Testing DebugAdapter
2023-10-30T05:44:48.8820355Z       Status `/tmp/jl_AHMzx1/Project.toml`
2023-10-30T05:44:48.8973185Z   [17994d07] DebugAdapter v1.0.1-DEV `~/work/julia-vscode-microprint-test/julia-vscode-microprint-test/scripts/packages/DebugAdapter`
2023-10-30T05:44:48.8975642Z   [682c06a0] JSON v0.20.1 `~/work/julia-vscode-microprint-test/julia-vscode-microprint-test/scripts/packages/JSON`
2023-10-30T05:44:48.8977852Z   [b9b8584e] JSONRPC v1.3.5-DEV `~/work/julia-vscode-microprint-test/julia-vscode-microprint-test/scripts/packages/JSONRPC`
2023-10-30T05:44:48.9027457Z   [aa1ae85d] JuliaInterpreter v0.9.15 `~/work/julia-vscode-microprint-test/julia-vscode-microprint-test/scripts/packages/JuliaInterpreter`
2023-10-30T05:44:48.9028813Z   [2a0f44e3] Base64 `@stdlib/Base64`
2023-10-30T05:44:48.9029369Z   [6462fe0b] Sockets `@stdlib/Sockets`
2023-10-30T05:44:48.9029917Z   [8dfed614] Test `@stdlib/Test`
2023-10-30T05:44:48.9030406Z   [cf7118a7] UUIDs `@stdlib/UUIDs`
2023-10-30T05:44:48.9118943Z       Status `/tmp/jl_AHMzx1/Manifest.toml`
2023-10-30T05:44:48.9165283Z   [da1fd8a2] CodeTracking v1.1.0 `~/work/julia-vscode-microprint-test/julia-vscode-microprint-test/scripts/packages/CodeTracking`
2023-10-30T05:44:48.9167204Z   [17994d07] DebugAdapter v1.0.1-DEV `~/work/julia-vscode-microprint-test/julia-vscode-microprint-test/scripts/packages/DebugAdapter`
2023-10-30T05:44:48.9168940Z   [682c06a0] JSON v0.20.1 `~/work/julia-vscode-microprint-test/julia-vscode-microprint-test/scripts/packages/JSON`
2023-10-30T05:44:48.9170645Z   [b9b8584e] JSONRPC v1.3.5-DEV `~/work/julia-vscode-microprint-test/julia-vscode-microprint-test/scripts/packages/JSONRPC`
2023-10-30T05:44:48.9172512Z   [aa1ae85d] JuliaInterpreter v0.9.15 `~/work/julia-vscode-microprint-test/julia-vscode-microprint-test/scripts/packages/JuliaInterpreter`
2023-10-30T05:44:48.9173670Z   [2a0f44e3] Base64 `@stdlib/Base64`
2023-10-30T05:44:48.9174139Z   [ade2ca70] Dates `@stdlib/Dates`
2023-10-30T05:44:48.9174713Z   [b77e0a4c] InteractiveUtils `@stdlib/InteractiveUtils`
2023-10-30T05:44:48.9175295Z   [56ddb016] Logging `@stdlib/Logging`
2023-10-30T05:44:48.9175787Z   [d6f4376e] Markdown `@stdlib/Markdown`
2023-10-30T05:44:48.9176266Z   [a63ad114] Mmap `@stdlib/Mmap`
2023-10-30T05:44:48.9176697Z   [de0858da] Printf `@stdlib/Printf`
2023-10-30T05:44:48.9177166Z   [9a3f8284] Random `@stdlib/Random`
2023-10-30T05:44:48.9177630Z   [ea8e919c] SHA v0.7.0 `@stdlib/SHA`
2023-10-30T05:44:48.9178459Z   [9e88b42a] Serialization `@stdlib/Serialization`
2023-10-30T05:44:48.9179024Z   [6462fe0b] Sockets `@stdlib/Sockets`
2023-10-30T05:44:48.9179499Z   [8dfed614] Test `@stdlib/Test`
2023-10-30T05:44:48.9179918Z   [cf7118a7] UUIDs `@stdlib/UUIDs`
2023-10-30T05:44:48.9180374Z   [4ec0a83e] Unicode `@stdlib/Unicode`
2023-10-30T05:44:49.3357691Z Precompiling project...
2023-10-30T05:44:49.8896837Z [32m   [39m[90mCodeTracking[39m
2023-10-30T05:44:54.4227243Z [32m   [39mJuliaInterpreter
2023-10-30T05:44:55.7427385Z [32m   [39mDebugAdapter
2023-10-30T05:44:55.7556971Z   3 dependencies successfully precompiled in 7 seconds. 2 already precompiled.
2023-10-30T05:44:55.7557773Z      Testing Running tests...
2023-10-30T05:44:56.3801177Z Test Summary: |Time
2023-10-30T05:44:56.3969317Z DebugAdapter  | None  0.0s
2023-10-30T05:44:56.4036619Z      Testing DebugAdapter tests passed 
2023-10-30T05:44:58.0058140Z      Testing VSCodeDebugger
2023-10-30T05:44:59.2700576Z       Status `/tmp/jl_Sttuhx/Project.toml`
2023-10-30T05:44:59.2724543Z   [a80fdaa1] VSCodeDebugger v0.1.0 `~/work/julia-vscode-microprint-test/julia-vscode-microprint-test/scripts/packages/VSCodeDebugger`
2023-10-30T05:44:59.2726265Z   [2a0f44e3] Base64 `@stdlib/Base64`
2023-10-30T05:44:59.2727349Z   [ade2ca70] Dates `@stdlib/Dates`
2023-10-30T05:44:59.2727986Z   [b77e0a4c] InteractiveUtils `@stdlib/InteractiveUtils`
2023-10-30T05:44:59.2728583Z   [a63ad114] Mmap `@stdlib/Mmap`
2023-10-30T05:44:59.2729025Z   [3fa0cd96] REPL `@stdlib/REPL`
2023-10-30T05:44:59.2729454Z   [9a3f8284] Random `@stdlib/Random`
2023-10-30T05:44:59.2729949Z   [6462fe0b] Sockets `@stdlib/Sockets`
2023-10-30T05:44:59.2730417Z   [8dfed614] Test `@stdlib/Test`
2023-10-30T05:44:59.2730839Z   [cf7118a7] UUIDs `@stdlib/UUIDs`
2023-10-30T05:44:59.2731293Z   [4ec0a83e] Unicode `@stdlib/Unicode`
2023-10-30T05:44:59.2880676Z       Status `/tmp/jl_Sttuhx/Manifest.toml`
2023-10-30T05:44:59.2918719Z   [a80fdaa1] VSCodeDebugger v0.1.0 `~/work/julia-vscode-microprint-test/julia-vscode-microprint-test/scripts/packages/VSCodeDebugger`
2023-10-30T05:44:59.2920129Z   [2a0f44e3] Base64 `@stdlib/Base64`
2023-10-30T05:44:59.2920975Z   [ade2ca70] Dates `@stdlib/Dates`
2023-10-30T05:44:59.2921613Z   [b77e0a4c] InteractiveUtils `@stdlib/InteractiveUtils`
2023-10-30T05:44:59.2922212Z   [56ddb016] Logging `@stdlib/Logging`
2023-10-30T05:44:59.2922721Z   [d6f4376e] Markdown `@stdlib/Markdown`
2023-10-30T05:44:59.2923206Z   [a63ad114] Mmap `@stdlib/Mmap`
2023-10-30T05:44:59.2923641Z   [de0858da] Printf `@stdlib/Printf`
2023-10-30T05:44:59.2924108Z   [3fa0cd96] REPL `@stdlib/REPL`
2023-10-30T05:44:59.2926074Z   [9a3f8284] Random `@stdlib/Random`
2023-10-30T05:44:59.2926770Z   [ea8e919c] SHA v0.7.0 `@stdlib/SHA`
2023-10-30T05:44:59.2927505Z   [9e88b42a] Serialization `@stdlib/Serialization`
2023-10-30T05:44:59.2929413Z   [6462fe0b] Sockets `@stdlib/Sockets`
2023-10-30T05:44:59.2931082Z   [8dfed614] Test `@stdlib/Test`
2023-10-30T05:44:59.2932729Z   [cf7118a7] UUIDs `@stdlib/UUIDs`
2023-10-30T05:44:59.2934394Z   [4ec0a83e] Unicode `@stdlib/Unicode`
2023-10-30T05:44:59.6285251Z Precompiling project...
2023-10-30T05:45:05.9740771Z [32m   [39mVSCodeDebugger
2023-10-30T05:45:05.9867735Z   1 dependency successfully precompiled in 7 seconds
2023-10-30T05:45:05.9868611Z      Testing Running tests...
2023-10-30T05:45:06.3783469Z Test Summary:  |Time
2023-10-30T05:45:06.3953051Z VSCodeDebugger | None  0.0s
2023-10-30T05:45:06.4014962Z      Testing VSCodeDebugger tests passed 
2023-10-30T05:45:07.9867783Z      Testing VSCodeServer
2023-10-30T05:45:09.3516568Z       Status `/tmp/jl_vl7QXj/Project.toml`
2023-10-30T05:45:09.3550137Z   [9f5989ce] VSCodeServer v0.0.0 `~/work/julia-vscode-microprint-test/julia-vscode-microprint-test/scripts/packages/VSCodeServer`
2023-10-30T05:45:09.3551817Z   [2a0f44e3] Base64 `@stdlib/Base64`
2023-10-30T05:45:09.3600608Z   [ade2ca70] Dates `@stdlib/Dates`
2023-10-30T05:45:09.3601185Z   [b77e0a4c] InteractiveUtils `@stdlib/InteractiveUtils`
2023-10-30T05:45:09.3601789Z   [56ddb016] Logging `@stdlib/Logging`
2023-10-30T05:45:09.3608525Z   [d6f4376e] Markdown `@stdlib/Markdown`
2023-10-30T05:45:09.3608997Z   [a63ad114] Mmap `@stdlib/Mmap`
2023-10-30T05:45:09.3609448Z   [44cfe95a] Pkg v1.8.0 `@stdlib/Pkg`
2023-10-30T05:45:09.3609936Z   [de0858da] Printf `@stdlib/Printf`
2023-10-30T05:45:09.3610403Z   [9abbd945] Profile `@stdlib/Profile`
2023-10-30T05:45:09.3610880Z   [3fa0cd96] REPL `@stdlib/REPL`
2023-10-30T05:45:09.3611322Z   [9a3f8284] Random `@stdlib/Random`
2023-10-30T05:45:09.3611774Z   [6462fe0b] Sockets `@stdlib/Sockets`
2023-10-30T05:45:09.3612250Z   [8dfed614] Test `@stdlib/Test`
2023-10-30T05:45:09.3612691Z   [cf7118a7] UUIDs `@stdlib/UUIDs`
2023-10-30T05:45:09.3613129Z   [4ec0a83e] Unicode `@stdlib/Unicode`
2023-10-30T05:45:09.3697722Z       Status `/tmp/jl_vl7QXj/Manifest.toml`
2023-10-30T05:45:09.3777727Z   [9f5989ce] VSCodeServer v0.0.0 `~/work/julia-vscode-microprint-test/julia-vscode-microprint-test/scripts/packages/VSCodeServer`
2023-10-30T05:45:09.3778919Z   [0dad84c5] ArgTools v1.1.1 `@stdlib/ArgTools`
2023-10-30T05:45:09.3779482Z   [56f22d72] Artifacts `@stdlib/Artifacts`
2023-10-30T05:45:09.3779983Z   [2a0f44e3] Base64 `@stdlib/Base64`
2023-10-30T05:45:09.3780455Z   [ade2ca70] Dates `@stdlib/Dates`
2023-10-30T05:45:09.3780949Z   [f43a241f] Downloads v1.6.0 `@stdlib/Downloads`
2023-10-30T05:45:09.3781542Z   [7b1f6079] FileWatching `@stdlib/FileWatching`
2023-10-30T05:45:09.3782186Z   [b77e0a4c] InteractiveUtils `@stdlib/InteractiveUtils`
2023-10-30T05:45:09.3782795Z   [b27032c2] LibCURL v0.6.3 `@stdlib/LibCURL`
2023-10-30T05:45:09.3783333Z   [76f85450] LibGit2 `@stdlib/LibGit2`
2023-10-30T05:45:09.3783801Z   [8f399da3] Libdl `@stdlib/Libdl`
2023-10-30T05:45:09.3784246Z   [56ddb016] Logging `@stdlib/Logging`
2023-10-30T05:45:09.3784733Z   [d6f4376e] Markdown `@stdlib/Markdown`
2023-10-30T05:45:09.3785217Z   [a63ad114] Mmap `@stdlib/Mmap`
2023-10-30T05:45:09.3785757Z   [ca575930] NetworkOptions v1.2.0 `@stdlib/NetworkOptions`
2023-10-30T05:45:09.3786405Z   [44cfe95a] Pkg v1.8.0 `@stdlib/Pkg`
2023-10-30T05:45:09.3786891Z   [de0858da] Printf `@stdlib/Printf`
2023-10-30T05:45:09.3787362Z   [9abbd945] Profile `@stdlib/Profile`
2023-10-30T05:45:09.3787837Z   [3fa0cd96] REPL `@stdlib/REPL`
2023-10-30T05:45:09.3788280Z   [9a3f8284] Random `@stdlib/Random`
2023-10-30T05:45:09.3788729Z   [ea8e919c] SHA v0.7.0 `@stdlib/SHA`
2023-10-30T05:45:09.3789259Z   [9e88b42a] Serialization `@stdlib/Serialization`
2023-10-30T05:45:09.3789810Z   [6462fe0b] Sockets `@stdlib/Sockets`
2023-10-30T05:45:09.3790280Z   [fa267f1f] TOML v1.0.0 `@stdlib/TOML`
2023-10-30T05:45:09.3791086Z   [a4e569a6] Tar v1.10.1 `@stdlib/Tar`
2023-10-30T05:45:09.3791563Z   [8dfed614] Test `@stdlib/Test`
2023-10-30T05:45:09.3791993Z   [cf7118a7] UUIDs `@stdlib/UUIDs`
2023-10-30T05:45:09.3792455Z   [4ec0a83e] Unicode `@stdlib/Unicode`
2023-10-30T05:45:09.3793018Z   [deac9b47] LibCURL_jll v7.84.0+0 `@stdlib/LibCURL_jll`
2023-10-30T05:45:09.3793658Z   [29816b5a] LibSSH2_jll v1.10.2+0 `@stdlib/LibSSH2_jll`
2023-10-30T05:45:09.3794311Z   [c8ffd9c3] MbedTLS_jll v2.28.0+0 `@stdlib/MbedTLS_jll`
2023-10-30T05:45:09.3795160Z   [14a3606d] MozillaCACerts_jll v2022.2.1 `@stdlib/MozillaCACerts_jll`
2023-10-30T05:45:09.3796048Z   [83775a58] Zlib_jll v1.2.12+3 `@stdlib/Zlib_jll`
2023-10-30T05:45:09.3796673Z   [8e850ede] nghttp2_jll v1.48.0+0 `@stdlib/nghttp2_jll`
2023-10-30T05:45:09.3797309Z   [3f19e933] p7zip_jll v17.4.0+0 `@stdlib/p7zip_jll`
2023-10-30T05:45:09.7480369Z Precompiling project...
2023-10-30T05:45:17.7894119Z [32m   [39mVSCodeServer
2023-10-30T05:45:17.8016176Z   1 dependency successfully precompiled in 8 seconds. 3 already precompiled.
2023-10-30T05:45:17.8017253Z      Testing Running tests...
2023-10-30T05:45:18.1652103Z Test Summary: |Time
2023-10-30T05:45:18.1828211Z VSCodeServer  | None  0.0s
2023-10-30T05:45:18.1894933Z      Testing VSCodeServer tests passed 
2023-10-30T05:45:18.2091096Z Post job cleanup.
2023-10-30T05:45:18.3435393Z [command]/usr/bin/git version
2023-10-30T05:45:18.3492742Z git version 2.42.0
2023-10-30T05:45:18.3541073Z Temporarily overriding HOME='/home/runner/work/_temp/ba3dfc31-fef1-4010-8d8a-0e1bffbc85d8' before making global git config changes
2023-10-30T05:45:18.3542844Z Adding repository directory to the temporary git global config as a safe directory
2023-10-30T05:45:18.3548225Z [command]/usr/bin/git config --global --add safe.directory /home/runner/work/julia-vscode-microprint-test/julia-vscode-microprint-test
2023-10-30T05:45:18.3595494Z [command]/usr/bin/git config --local --name-only --get-regexp core\.sshCommand
2023-10-30T05:45:18.3639421Z [command]/usr/bin/git submodule foreach --recursive sh -c "git config --local --name-only --get-regexp 'core\.sshCommand' && git config --local --unset-all 'core.sshCommand' || :"
2023-10-30T05:45:18.3882952Z Entering 'libs/jl-profile'
2023-10-30T05:45:18.3931088Z Entering 'scripts/packages-old/JuliaInterpreter'
2023-10-30T05:45:18.3977238Z Entering 'scripts/packages/CSTParser'
2023-10-30T05:45:18.4037703Z Entering 'scripts/packages/CodeTracking'
2023-10-30T05:45:18.4069744Z Entering 'scripts/packages/CommonMark'
2023-10-30T05:45:18.4114647Z Entering 'scripts/packages/Compat'
2023-10-30T05:45:18.4160322Z Entering 'scripts/packages/CoverageTools'
2023-10-30T05:45:18.4204895Z Entering 'scripts/packages/Crayons'
2023-10-30T05:45:18.4250637Z Entering 'scripts/packages/DataStructures'
2023-10-30T05:45:18.4294894Z Entering 'scripts/packages/DebugAdapter'
2023-10-30T05:45:18.4338068Z Entering 'scripts/packages/FilePathsBase'
2023-10-30T05:45:18.4380595Z Entering 'scripts/packages/IJuliaCore'
2023-10-30T05:45:18.4425355Z Entering 'scripts/packages/JSON'
2023-10-30T05:45:18.4471221Z Entering 'scripts/packages/JSONRPC'
2023-10-30T05:45:18.4517209Z Entering 'scripts/packages/JuliaFormatter'
2023-10-30T05:45:18.4562026Z Entering 'scripts/packages/JuliaInterpreter'
2023-10-30T05:45:18.4606749Z Entering 'scripts/packages/LanguageServer'
2023-10-30T05:45:18.4652035Z Entering 'scripts/packages/LoweredCodeUtils'
2023-10-30T05:45:18.4698106Z Entering 'scripts/packages/OrderedCollections'
2023-10-30T05:45:18.4742239Z Entering 'scripts/packages/PackageCompiler'
2023-10-30T05:45:18.4787659Z Entering 'scripts/packages/Revise'
2023-10-30T05:45:18.4832522Z Entering 'scripts/packages/StaticLint'
2023-10-30T05:45:18.4879140Z Entering 'scripts/packages/SymbolServer'
2023-10-30T05:45:18.4923490Z Entering 'scripts/packages/TestEnv'
2023-10-30T05:45:18.4968735Z Entering 'scripts/packages/TestItemDetection'
2023-10-30T05:45:18.5012918Z Entering 'scripts/packages/Tokenize'
2023-10-30T05:45:18.5058434Z Entering 'scripts/packages/URIParser'
2023-10-30T05:45:18.5103018Z Entering 'scripts/packages/URIs'
2023-10-30T05:45:18.5162311Z [command]/usr/bin/git config --local --name-only --get-regexp http\.https\:\/\/github\.com\/\.extraheader
2023-10-30T05:45:18.5199207Z http.https://github.com/.extraheader
2023-10-30T05:45:18.5211773Z [command]/usr/bin/git config --local --unset-all http.https://github.com/.extraheader
2023-10-30T05:45:18.5257355Z [command]/usr/bin/git submodule foreach --recursive sh -c "git config --local --name-only --get-regexp 'http\.https\:\/\/github\.com\/\.extraheader' && git config --local --unset-all 'http.https://github.com/.extraheader' || :"
2023-10-30T05:45:18.5495282Z Entering 'libs/jl-profile'
2023-10-30T05:45:18.5522113Z http.https://github.com/.extraheader
2023-10-30T05:45:18.5557854Z Entering 'scripts/packages-old/JuliaInterpreter'
2023-10-30T05:45:18.5584620Z http.https://github.com/.extraheader
2023-10-30T05:45:18.5621367Z Entering 'scripts/packages/CSTParser'
2023-10-30T05:45:18.5648965Z http.https://github.com/.extraheader
2023-10-30T05:45:18.5682663Z Entering 'scripts/packages/CodeTracking'
2023-10-30T05:45:18.5708598Z http.https://github.com/.extraheader
2023-10-30T05:45:18.5743981Z Entering 'scripts/packages/CommonMark'
2023-10-30T05:45:18.5770751Z http.https://github.com/.extraheader
2023-10-30T05:45:18.5805235Z Entering 'scripts/packages/Compat'
2023-10-30T05:45:18.5830854Z http.https://github.com/.extraheader
2023-10-30T05:45:18.5865695Z Entering 'scripts/packages/CoverageTools'
2023-10-30T05:45:18.5892981Z http.https://github.com/.extraheader
2023-10-30T05:45:18.5928179Z Entering 'scripts/packages/Crayons'
2023-10-30T05:45:18.5953646Z http.https://github.com/.extraheader
2023-10-30T05:45:18.5988549Z Entering 'scripts/packages/DataStructures'
2023-10-30T05:45:18.6014431Z http.https://github.com/.extraheader
2023-10-30T05:45:18.6049415Z Entering 'scripts/packages/DebugAdapter'
2023-10-30T05:45:18.6075970Z http.https://github.com/.extraheader
2023-10-30T05:45:18.6110181Z Entering 'scripts/packages/FilePathsBase'
2023-10-30T05:45:18.6136337Z http.https://github.com/.extraheader
2023-10-30T05:45:18.6171681Z Entering 'scripts/packages/IJuliaCore'
2023-10-30T05:45:18.6197847Z http.https://github.com/.extraheader
2023-10-30T05:45:18.6232426Z Entering 'scripts/packages/JSON'
2023-10-30T05:45:18.6258358Z http.https://github.com/.extraheader
2023-10-30T05:45:18.6293688Z Entering 'scripts/packages/JSONRPC'
2023-10-30T05:45:18.6321074Z http.https://github.com/.extraheader
2023-10-30T05:45:18.6356905Z Entering 'scripts/packages/JuliaFormatter'
2023-10-30T05:45:18.6381595Z http.https://github.com/.extraheader
2023-10-30T05:45:18.6417173Z Entering 'scripts/packages/JuliaInterpreter'
2023-10-30T05:45:18.6443053Z http.https://github.com/.extraheader
2023-10-30T05:45:18.6478858Z Entering 'scripts/packages/LanguageServer'
2023-10-30T05:45:18.6504809Z http.https://github.com/.extraheader
2023-10-30T05:45:18.6558859Z Entering 'scripts/packages/LoweredCodeUtils'
2023-10-30T05:45:18.6623586Z http.https://github.com/.extraheader
2023-10-30T05:45:18.6710387Z Entering 'scripts/packages/OrderedCollections'
2023-10-30T05:45:18.6743141Z http.https://github.com/.extraheader
2023-10-30T05:45:18.6778462Z Entering 'scripts/packages/PackageCompiler'
2023-10-30T05:45:18.6803887Z http.https://github.com/.extraheader
2023-10-30T05:45:18.6839385Z Entering 'scripts/packages/Revise'
2023-10-30T05:45:18.6864030Z http.https://github.com/.extraheader
2023-10-30T05:45:18.6899755Z Entering 'scripts/packages/StaticLint'
2023-10-30T05:45:18.6924319Z http.https://github.com/.extraheader
2023-10-30T05:45:18.6960312Z Entering 'scripts/packages/SymbolServer'
2023-10-30T05:45:18.6984941Z http.https://github.com/.extraheader
2023-10-30T05:45:18.7020563Z Entering 'scripts/packages/TestEnv'
2023-10-30T05:45:18.7045732Z http.https://github.com/.extraheader
2023-10-30T05:45:18.7082146Z Entering 'scripts/packages/TestItemDetection'
2023-10-30T05:45:18.7106820Z http.https://github.com/.extraheader
2023-10-30T05:45:18.7142261Z Entering 'scripts/packages/Tokenize'
2023-10-30T05:45:18.7167182Z http.https://github.com/.extraheader
2023-10-30T05:45:18.7205443Z Entering 'scripts/packages/URIParser'
2023-10-30T05:45:18.7230147Z http.https://github.com/.extraheader
2023-10-30T05:45:18.7265345Z Entering 'scripts/packages/URIs'
2023-10-30T05:45:18.7290287Z http.https://github.com/.extraheader
2023-10-30T05:45:18.7640828Z Cleaning up orphan processes
