2022-10-17T21:32:07.6477071Z Requested labels: ubuntu-latest
2022-10-17T21:32:07.6477120Z Job defined at: AlphaSteam/julia-vscode-microprint-test/.github/workflows/main.yml@refs/heads/master
2022-10-17T21:32:07.6477137Z Waiting for a runner to pick up this job...
2022-10-17T21:32:08.3997278Z Job is waiting for a hosted runner to come online.
2022-10-17T21:32:12.6149118Z Job is about to start running on the hosted runner: GitHub Actions 7 (hosted)
2022-10-17T21:32:14.7052276Z Current runner version: '2.298.2'
2022-10-17T21:32:14.7079182Z ##[group]Operating System
2022-10-17T21:32:14.7079745Z Ubuntu
2022-10-17T21:32:14.7080082Z 20.04.5
2022-10-17T21:32:14.7080369Z LTS
2022-10-17T21:32:14.7080620Z ##[endgroup]
2022-10-17T21:32:14.7080950Z ##[group]Runner Image
2022-10-17T21:32:14.7081316Z Image: ubuntu-20.04
2022-10-17T21:32:14.7081676Z Version: 20221002.2
2022-10-17T21:32:14.7082148Z Included Software: https://github.com/actions/runner-images/blob/ubuntu20/20221002.2/images/linux/Ubuntu2004-Readme.md
2022-10-17T21:32:14.7082811Z Image Release: https://github.com/actions/runner-images/releases/tag/ubuntu20%2F20221002.2
2022-10-17T21:32:14.7083269Z ##[endgroup]
2022-10-17T21:32:14.7083574Z ##[group]Runner Image Provisioner
2022-10-17T21:32:14.7083941Z 2.0.78.1
2022-10-17T21:32:14.7084233Z ##[endgroup]
2022-10-17T21:32:14.7085176Z ##[group]GITHUB_TOKEN Permissions
2022-10-17T21:32:14.7085863Z Actions: write
2022-10-17T21:32:14.7086138Z Checks: write
2022-10-17T21:32:14.7086599Z Contents: write
2022-10-17T21:32:14.7086956Z Deployments: write
2022-10-17T21:32:14.7087324Z Discussions: write
2022-10-17T21:32:14.7087649Z Issues: write
2022-10-17T21:32:14.7087916Z Metadata: read
2022-10-17T21:32:14.7088253Z Packages: write
2022-10-17T21:32:14.7088572Z Pages: write
2022-10-17T21:32:14.7088876Z PullRequests: write
2022-10-17T21:32:14.7089237Z RepositoryProjects: write
2022-10-17T21:32:14.7089632Z SecurityEvents: write
2022-10-17T21:32:14.7089923Z Statuses: write
2022-10-17T21:32:14.7090239Z ##[endgroup]
2022-10-17T21:32:14.7093985Z Secret source: Actions
2022-10-17T21:32:14.7094433Z Prepare workflow directory
2022-10-17T21:32:14.8106015Z Prepare all required actions
2022-10-17T21:32:14.8288346Z Getting action download info
2022-10-17T21:32:14.9881535Z Download action repository 'actions/checkout@v2' (SHA:e2f20e631ae6d7dd3b768f56a5d2af784dd54791)
2022-10-17T21:32:15.6405969Z Download action repository 'julia-actions/setup-julia@v1' (SHA:e802804276a3d8bda6eeb8ec5c3a250216f9687b)
2022-10-17T21:32:16.0067125Z ##[group]Run actions/checkout@v2
2022-10-17T21:32:16.0067516Z with:
2022-10-17T21:32:16.0067783Z   submodules: true
2022-10-17T21:32:16.0068158Z   repository: AlphaSteam/julia-vscode-microprint-test
2022-10-17T21:32:16.0068852Z   token: ***
2022-10-17T21:32:16.0069125Z   ssh-strict: true
2022-10-17T21:32:16.0069418Z   persist-credentials: true
2022-10-17T21:32:16.0069717Z   clean: true
2022-10-17T21:32:16.0069981Z   fetch-depth: 1
2022-10-17T21:32:16.0070228Z   lfs: false
2022-10-17T21:32:16.0070514Z   set-safe-directory: true
2022-10-17T21:32:16.0070804Z env:
2022-10-17T21:32:16.0071051Z   NODE_VERSION: 16
2022-10-17T21:32:16.0071325Z ##[endgroup]
2022-10-17T21:32:16.2951961Z Syncing repository: AlphaSteam/julia-vscode-microprint-test
2022-10-17T21:32:16.2953901Z ##[group]Getting Git version info
2022-10-17T21:32:16.2954871Z Working directory is '/home/runner/work/julia-vscode-microprint-test/julia-vscode-microprint-test'
2022-10-17T21:32:16.2955733Z [command]/usr/bin/git version
2022-10-17T21:32:16.3061672Z git version 2.37.3
2022-10-17T21:32:16.3083080Z ##[endgroup]
2022-10-17T21:32:16.3102228Z Temporarily overriding HOME='/home/runner/work/_temp/9394b06b-fe3f-4a63-9206-c4b7ca31698b' before making global git config changes
2022-10-17T21:32:16.3102816Z Adding repository directory to the temporary git global config as a safe directory
2022-10-17T21:32:16.3103944Z [command]/usr/bin/git config --global --add safe.directory /home/runner/work/julia-vscode-microprint-test/julia-vscode-microprint-test
2022-10-17T21:32:16.3149943Z Deleting the contents of '/home/runner/work/julia-vscode-microprint-test/julia-vscode-microprint-test'
2022-10-17T21:32:16.3154879Z ##[group]Initializing the repository
2022-10-17T21:32:16.3158836Z [command]/usr/bin/git init /home/runner/work/julia-vscode-microprint-test/julia-vscode-microprint-test
2022-10-17T21:32:16.3230044Z hint: Using 'master' as the name for the initial branch. This default branch name
2022-10-17T21:32:16.3230753Z hint: is subject to change. To configure the initial branch name to use in all
2022-10-17T21:32:16.3231558Z hint: of your new repositories, which will suppress this warning, call:
2022-10-17T21:32:16.3232010Z hint: 
2022-10-17T21:32:16.3232563Z hint: 	git config --global init.defaultBranch <name>
2022-10-17T21:32:16.3233025Z hint: 
2022-10-17T21:32:16.3233550Z hint: Names commonly chosen instead of 'master' are 'main', 'trunk' and
2022-10-17T21:32:16.3234196Z hint: 'development'. The just-created branch can be renamed via this command:
2022-10-17T21:32:16.3234915Z hint: 
2022-10-17T21:32:16.3235315Z hint: 	git branch -m <name>
2022-10-17T21:32:16.3244107Z Initialized empty Git repository in /home/runner/work/julia-vscode-microprint-test/julia-vscode-microprint-test/.git/
2022-10-17T21:32:16.3251641Z [command]/usr/bin/git remote add origin https://github.com/AlphaSteam/julia-vscode-microprint-test
2022-10-17T21:32:16.3403915Z ##[endgroup]
2022-10-17T21:32:16.3404811Z ##[group]Disabling automatic garbage collection
2022-10-17T21:32:16.3408217Z [command]/usr/bin/git config --local gc.auto 0
2022-10-17T21:32:16.3441980Z ##[endgroup]
2022-10-17T21:32:16.3442782Z ##[group]Setting up auth
2022-10-17T21:32:16.3449765Z [command]/usr/bin/git config --local --name-only --get-regexp core\.sshCommand
2022-10-17T21:32:16.3485303Z [command]/usr/bin/git submodule foreach --recursive git config --local --name-only --get-regexp 'core\.sshCommand' && git config --local --unset-all 'core.sshCommand' || :
2022-10-17T21:32:16.3839708Z [command]/usr/bin/git config --local --name-only --get-regexp http\.https\:\/\/github\.com\/\.extraheader
2022-10-17T21:32:16.3865100Z [command]/usr/bin/git submodule foreach --recursive git config --local --name-only --get-regexp 'http\.https\:\/\/github\.com\/\.extraheader' && git config --local --unset-all 'http.https://github.com/.extraheader' || :
2022-10-17T21:32:16.4102195Z [command]/usr/bin/git config --local http.https://github.com/.extraheader AUTHORIZATION: basic ***
2022-10-17T21:32:16.4143635Z ##[endgroup]
2022-10-17T21:32:16.4144694Z ##[group]Fetching the repository
2022-10-17T21:32:16.4157458Z [command]/usr/bin/git -c protocol.version=2 fetch --no-tags --prune --progress --no-recurse-submodules --depth=1 origin +0a90084c83ea8545c41ea54222dab088948ce417:refs/remotes/origin/master
2022-10-17T21:32:16.6118706Z remote: Enumerating objects: 360, done.        
2022-10-17T21:32:16.6119725Z remote: Counting objects:   0% (1/360)        
2022-10-17T21:32:16.6120605Z remote: Counting objects:   1% (4/360)        
2022-10-17T21:32:16.6121218Z remote: Counting objects:   2% (8/360)        
2022-10-17T21:32:16.6121972Z remote: Counting objects:   3% (11/360)        
2022-10-17T21:32:16.6122508Z remote: Counting objects:   4% (15/360)        
2022-10-17T21:32:16.6123260Z remote: Counting objects:   5% (18/360)        
2022-10-17T21:32:16.6123780Z remote: Counting objects:   6% (22/360)        
2022-10-17T21:32:16.6124507Z remote: Counting objects:   7% (26/360)        
2022-10-17T21:32:16.6125056Z remote: Counting objects:   8% (29/360)        
2022-10-17T21:32:16.6125818Z remote: Counting objects:   9% (33/360)        
2022-10-17T21:32:16.6126309Z remote: Counting objects:  10% (36/360)        
2022-10-17T21:32:16.6127046Z remote: Counting objects:  11% (40/360)        
2022-10-17T21:32:16.6127557Z remote: Counting objects:  12% (44/360)        
2022-10-17T21:32:16.6128714Z remote: Counting objects:  13% (47/360)        
2022-10-17T21:32:16.6129531Z remote: Counting objects:  14% (51/360)        
2022-10-17T21:32:16.6130420Z remote: Counting objects:  15% (54/360)        
2022-10-17T21:32:16.6130943Z remote: Counting objects:  16% (58/360)        
2022-10-17T21:32:16.6131677Z remote: Counting objects:  17% (62/360)        
2022-10-17T21:32:16.6132177Z remote: Counting objects:  18% (65/360)        
2022-10-17T21:32:16.6132932Z remote: Counting objects:  19% (69/360)        
2022-10-17T21:32:16.6133441Z remote: Counting objects:  20% (72/360)        
2022-10-17T21:32:16.6134177Z remote: Counting objects:  21% (76/360)        
2022-10-17T21:32:16.6134686Z remote: Counting objects:  22% (80/360)        
2022-10-17T21:32:16.6136261Z remote: Counting objects:  23% (83/360)        
2022-10-17T21:32:16.6137732Z remote: Counting objects:  24% (87/360)        
2022-10-17T21:32:16.6138259Z remote: Counting objects:  25% (90/360)        
2022-10-17T21:32:16.6139007Z remote: Counting objects:  26% (94/360)        
2022-10-17T21:32:16.6139676Z remote: Counting objects:  27% (98/360)        
2022-10-17T21:32:16.6140578Z remote: Counting objects:  28% (101/360)        
2022-10-17T21:32:16.6141260Z remote: Counting objects:  29% (105/360)        
2022-10-17T21:32:16.6141940Z remote: Counting objects:  30% (108/360)        
2022-10-17T21:32:16.6142632Z remote: Counting objects:  31% (112/360)        
2022-10-17T21:32:16.6143266Z remote: Counting objects:  32% (116/360)        
2022-10-17T21:32:16.6143965Z remote: Counting objects:  33% (119/360)        
2022-10-17T21:32:16.6144541Z remote: Counting objects:  34% (123/360)        
2022-10-17T21:32:16.6145163Z remote: Counting objects:  35% (126/360)        
2022-10-17T21:32:16.6145732Z remote: Counting objects:  36% (130/360)        
2022-10-17T21:32:16.6147254Z remote: Counting objects:  37% (134/360)        
2022-10-17T21:32:16.6147925Z remote: Counting objects:  38% (137/360)        
2022-10-17T21:32:16.6148498Z remote: Counting objects:  39% (141/360)        
2022-10-17T21:32:16.6149114Z remote: Counting objects:  40% (144/360)        
2022-10-17T21:32:16.6149578Z remote: Counting objects:  41% (148/360)        
2022-10-17T21:32:16.6150163Z remote: Counting objects:  42% (152/360)        
2022-10-17T21:32:16.6150747Z remote: Counting objects:  43% (155/360)        
2022-10-17T21:32:16.6151346Z remote: Counting objects:  44% (159/360)        
2022-10-17T21:32:16.6151955Z remote: Counting objects:  45% (162/360)        
2022-10-17T21:32:16.6152557Z remote: Counting objects:  46% (166/360)        
2022-10-17T21:32:16.6153181Z remote: Counting objects:  47% (170/360)        
2022-10-17T21:32:16.6153992Z remote: Counting objects:  48% (173/360)        
2022-10-17T21:32:16.6154716Z remote: Counting objects:  49% (177/360)        
2022-10-17T21:32:16.6155133Z remote: Counting objects:  50% (180/360)        
2022-10-17T21:32:16.6155807Z remote: Counting objects:  51% (184/360)        
2022-10-17T21:32:16.6156923Z remote: Counting objects:  52% (188/360)        
2022-10-17T21:32:16.6157415Z remote: Counting objects:  53% (191/360)        
2022-10-17T21:32:16.6158054Z remote: Counting objects:  54% (195/360)        
2022-10-17T21:32:16.6159086Z remote: Counting objects:  55% (198/360)        
2022-10-17T21:32:16.6160177Z remote: Counting objects:  56% (202/360)        
2022-10-17T21:32:16.6160642Z remote: Counting objects:  57% (206/360)        
2022-10-17T21:32:16.6161286Z remote: Counting objects:  58% (209/360)        
2022-10-17T21:32:16.6161864Z remote: Counting objects:  59% (213/360)        
2022-10-17T21:32:16.6162558Z remote: Counting objects:  60% (216/360)        
2022-10-17T21:32:16.6163196Z remote: Counting objects:  61% (220/360)        
2022-10-17T21:32:16.6163695Z remote: Counting objects:  62% (224/360)        
2022-10-17T21:32:16.6164289Z remote: Counting objects:  63% (227/360)        
2022-10-17T21:32:16.6164968Z remote: Counting objects:  64% (231/360)        
2022-10-17T21:32:16.6165609Z remote: Counting objects:  65% (234/360)        
2022-10-17T21:32:16.6166203Z remote: Counting objects:  66% (238/360)        
2022-10-17T21:32:16.6166811Z remote: Counting objects:  67% (242/360)        
2022-10-17T21:32:16.6167499Z remote: Counting objects:  68% (245/360)        
2022-10-17T21:32:16.6168060Z remote: Counting objects:  69% (249/360)        
2022-10-17T21:32:16.6168669Z remote: Counting objects:  70% (252/360)        
2022-10-17T21:32:16.6169276Z remote: Counting objects:  71% (256/360)        
2022-10-17T21:32:16.6169974Z remote: Counting objects:  72% (260/360)        
2022-10-17T21:32:16.6170618Z remote: Counting objects:  73% (263/360)        
2022-10-17T21:32:16.6171245Z remote: Counting objects:  74% (267/360)        
2022-10-17T21:32:16.6171877Z remote: Counting objects:  75% (270/360)        
2022-10-17T21:32:16.6172618Z remote: Counting objects:  76% (274/360)        
2022-10-17T21:32:16.6173218Z remote: Counting objects:  77% (278/360)        
2022-10-17T21:32:16.6173814Z remote: Counting objects:  78% (281/360)        
2022-10-17T21:32:16.6174418Z remote: Counting objects:  79% (285/360)        
2022-10-17T21:32:16.6175019Z remote: Counting objects:  80% (288/360)        
2022-10-17T21:32:16.6175659Z remote: Counting objects:  81% (292/360)        
2022-10-17T21:32:16.6176194Z remote: Counting objects:  82% (296/360)        
2022-10-17T21:32:16.6176803Z remote: Counting objects:  83% (299/360)        
2022-10-17T21:32:16.6177402Z remote: Counting objects:  84% (303/360)        
2022-10-17T21:32:16.6178207Z remote: Counting objects:  85% (306/360)        
2022-10-17T21:32:16.6178996Z remote: Counting objects:  86% (310/360)        
2022-10-17T21:32:16.6179818Z remote: Counting objects:  87% (314/360)        
2022-10-17T21:32:16.6180619Z remote: Counting objects:  88% (317/360)        
2022-10-17T21:32:16.6181334Z remote: Counting objects:  89% (321/360)        
2022-10-17T21:32:16.6182009Z remote: Counting objects:  90% (324/360)        
2022-10-17T21:32:16.6182807Z remote: Counting objects:  91% (328/360)        
2022-10-17T21:32:16.6183601Z remote: Counting objects:  92% (332/360)        
2022-10-17T21:32:16.6184500Z remote: Counting objects:  93% (335/360)        
2022-10-17T21:32:16.6185232Z remote: Counting objects:  94% (339/360)        
2022-10-17T21:32:16.6185825Z remote: Counting objects:  95% (342/360)        
2022-10-17T21:32:16.6186594Z remote: Counting objects:  96% (346/360)        
2022-10-17T21:32:16.6187391Z remote: Counting objects:  97% (350/360)        
2022-10-17T21:32:16.6188524Z remote: Counting objects:  98% (353/360)        
2022-10-17T21:32:16.6188812Z remote: Counting objects:  99% (357/360)        
2022-10-17T21:32:16.6189384Z remote: Counting objects: 100% (360/360)        
2022-10-17T21:32:16.6189793Z remote: Counting objects: 100% (360/360), done.        
2022-10-17T21:32:16.6190594Z remote: Compressing objects:   0% (1/303)        
2022-10-17T21:32:16.6191213Z remote: Compressing objects:   1% (4/303)        
2022-10-17T21:32:16.6192009Z remote: Compressing objects:   2% (7/303)        
2022-10-17T21:32:16.6201455Z remote: Compressing objects:   3% (10/303)        
2022-10-17T21:32:16.6204116Z remote: Compressing objects:   4% (13/303)        
2022-10-17T21:32:16.6207630Z remote: Compressing objects:   5% (16/303)        
2022-10-17T21:32:16.6217487Z remote: Compressing objects:   6% (19/303)        
2022-10-17T21:32:16.6280237Z remote: Compressing objects:   7% (22/303)        
2022-10-17T21:32:16.6280756Z remote: Compressing objects:   8% (25/303)        
2022-10-17T21:32:16.6281361Z remote: Compressing objects:   9% (28/303)        
2022-10-17T21:32:16.6282552Z remote: Compressing objects:  10% (31/303)        
2022-10-17T21:32:16.6283054Z remote: Compressing objects:  11% (34/303)        
2022-10-17T21:32:16.6312141Z remote: Compressing objects:  12% (37/303)        
2022-10-17T21:32:16.6329566Z remote: Compressing objects:  13% (40/303)        
2022-10-17T21:32:16.6385062Z remote: Compressing objects:  14% (43/303)        
2022-10-17T21:32:16.6476695Z remote: Compressing objects:  15% (46/303)        
2022-10-17T21:32:16.6478192Z remote: Compressing objects:  16% (49/303)        
2022-10-17T21:32:16.6478679Z remote: Compressing objects:  17% (52/303)        
2022-10-17T21:32:16.6479364Z remote: Compressing objects:  18% (55/303)        
2022-10-17T21:32:16.6480252Z remote: Compressing objects:  19% (58/303)        
2022-10-17T21:32:16.6529190Z remote: Compressing objects:  20% (61/303)        
2022-10-17T21:32:16.6529696Z remote: Compressing objects:  21% (64/303)        
2022-10-17T21:32:16.6530326Z remote: Compressing objects:  22% (67/303)        
2022-10-17T21:32:16.7515683Z remote: Compressing objects:  23% (70/303)        
2022-10-17T21:32:16.8039644Z remote: Compressing objects:  24% (73/303)        
2022-10-17T21:32:16.8040782Z remote: Compressing objects:  25% (76/303)        
2022-10-17T21:32:16.8042283Z remote: Compressing objects:  26% (79/303)        
2022-10-17T21:32:16.8042617Z remote: Compressing objects:  27% (82/303)        
2022-10-17T21:32:16.8059884Z remote: Compressing objects:  28% (85/303)        
2022-10-17T21:32:16.8060709Z remote: Compressing objects:  29% (88/303)        
2022-10-17T21:32:16.8061041Z remote: Compressing objects:  30% (91/303)        
2022-10-17T21:32:16.8061347Z remote: Compressing objects:  31% (94/303)        
2022-10-17T21:32:16.8061675Z remote: Compressing objects:  32% (97/303)        
2022-10-17T21:32:16.8062354Z remote: Compressing objects:  33% (100/303)        
2022-10-17T21:32:16.8065020Z remote: Compressing objects:  34% (104/303)        
2022-10-17T21:32:16.8078249Z remote: Compressing objects:  35% (107/303)        
2022-10-17T21:32:16.8078620Z remote: Compressing objects:  36% (110/303)        
2022-10-17T21:32:16.8078959Z remote: Compressing objects:  37% (113/303)        
2022-10-17T21:32:16.8080800Z remote: Compressing objects:  38% (116/303)        
2022-10-17T21:32:16.8083095Z remote: Compressing objects:  39% (119/303)        
2022-10-17T21:32:16.8090960Z remote: Compressing objects:  40% (122/303)        
2022-10-17T21:32:16.8096794Z remote: Compressing objects:  41% (125/303)        
2022-10-17T21:32:16.8097113Z remote: Compressing objects:  42% (128/303)        
2022-10-17T21:32:16.8102415Z remote: Compressing objects:  43% (131/303)        
2022-10-17T21:32:16.8107502Z remote: Compressing objects:  44% (134/303)        
2022-10-17T21:32:16.8112840Z remote: Compressing objects:  45% (137/303)        
2022-10-17T21:32:16.8132988Z remote: Compressing objects:  46% (140/303)        
2022-10-17T21:32:16.8133305Z remote: Compressing objects:  47% (143/303)        
2022-10-17T21:32:16.8134737Z remote: Compressing objects:  48% (146/303)        
2022-10-17T21:32:16.8135256Z remote: Compressing objects:  49% (149/303)        
2022-10-17T21:32:16.8152370Z remote: Compressing objects:  50% (152/303)        
2022-10-17T21:32:16.8161440Z remote: Compressing objects:  51% (155/303)        
2022-10-17T21:32:16.8161738Z remote: Compressing objects:  52% (158/303)        
2022-10-17T21:32:16.8162026Z remote: Compressing objects:  53% (161/303)        
2022-10-17T21:32:16.8162312Z remote: Compressing objects:  54% (164/303)        
2022-10-17T21:32:16.8162581Z remote: Compressing objects:  55% (167/303)        
2022-10-17T21:32:16.8162860Z remote: Compressing objects:  56% (170/303)        
2022-10-17T21:32:16.8163140Z remote: Compressing objects:  57% (173/303)        
2022-10-17T21:32:16.8163405Z remote: Compressing objects:  58% (176/303)        
2022-10-17T21:32:16.8163684Z remote: Compressing objects:  59% (179/303)        
2022-10-17T21:32:16.8163962Z remote: Compressing objects:  60% (182/303)        
2022-10-17T21:32:16.8164243Z remote: Compressing objects:  61% (185/303)        
2022-10-17T21:32:16.8171753Z remote: Compressing objects:  62% (188/303)        
2022-10-17T21:32:16.8182373Z remote: Compressing objects:  63% (191/303)        
2022-10-17T21:32:16.8188852Z remote: Compressing objects:  64% (194/303)        
2022-10-17T21:32:16.8189213Z remote: Compressing objects:  65% (197/303)        
2022-10-17T21:32:16.8190664Z remote: Compressing objects:  66% (200/303)        
2022-10-17T21:32:16.8190998Z remote: Compressing objects:  67% (204/303)        
2022-10-17T21:32:16.8191287Z remote: Compressing objects:  68% (207/303)        
2022-10-17T21:32:16.8191554Z remote: Compressing objects:  69% (210/303)        
2022-10-17T21:32:16.8192037Z remote: Compressing objects:  70% (213/303)        
2022-10-17T21:32:16.8192323Z remote: Compressing objects:  71% (216/303)        
2022-10-17T21:32:16.8192591Z remote: Compressing objects:  72% (219/303)        
2022-10-17T21:32:16.8192873Z remote: Compressing objects:  73% (222/303)        
2022-10-17T21:32:16.8193154Z remote: Compressing objects:  74% (225/303)        
2022-10-17T21:32:16.8193429Z remote: Compressing objects:  75% (228/303)        
2022-10-17T21:32:16.8193949Z remote: Compressing objects:  76% (231/303)        
2022-10-17T21:32:16.8194227Z remote: Compressing objects:  77% (234/303)        
2022-10-17T21:32:16.8198089Z remote: Compressing objects:  78% (237/303)        
2022-10-17T21:32:16.8199938Z remote: Compressing objects:  79% (240/303)        
2022-10-17T21:32:16.8200660Z remote: Compressing objects:  80% (243/303)        
2022-10-17T21:32:16.8201087Z remote: Compressing objects:  81% (246/303)        
2022-10-17T21:32:16.8201368Z remote: Compressing objects:  82% (249/303)        
2022-10-17T21:32:16.8201633Z remote: Compressing objects:  83% (252/303)        
2022-10-17T21:32:16.8201914Z remote: Compressing objects:  84% (255/303)        
2022-10-17T21:32:16.8202193Z remote: Compressing objects:  85% (258/303)        
2022-10-17T21:32:16.8202458Z remote: Compressing objects:  86% (261/303)        
2022-10-17T21:32:16.8202748Z remote: Compressing objects:  87% (264/303)        
2022-10-17T21:32:16.8203030Z remote: Compressing objects:  88% (267/303)        
2022-10-17T21:32:16.8203305Z remote: Compressing objects:  89% (270/303)        
2022-10-17T21:32:16.8203567Z remote: Compressing objects:  90% (273/303)        
2022-10-17T21:32:16.8203840Z remote: Compressing objects:  91% (276/303)        
2022-10-17T21:32:16.8204115Z remote: Compressing objects:  92% (279/303)        
2022-10-17T21:32:16.8204378Z remote: Compressing objects:  93% (282/303)        
2022-10-17T21:32:16.8204651Z remote: Compressing objects:  94% (285/303)        
2022-10-17T21:32:16.8204926Z remote: Compressing objects:  95% (288/303)        
2022-10-17T21:32:16.8205187Z remote: Compressing objects:  96% (291/303)        
2022-10-17T21:32:16.8205461Z remote: Compressing objects:  97% (294/303)        
2022-10-17T21:32:16.8260788Z remote: Compressing objects:  98% (297/303)        
2022-10-17T21:32:16.8261645Z remote: Compressing objects:  99% (300/303)        
2022-10-17T21:32:16.8262204Z remote: Compressing objects: 100% (303/303)        
2022-10-17T21:32:16.8262522Z remote: Compressing objects: 100% (303/303), done.        
2022-10-17T21:32:16.8302153Z Receiving objects:   0% (1/360)
2022-10-17T21:32:16.8305262Z Receiving objects:   1% (4/360)
2022-10-17T21:32:16.8309333Z Receiving objects:   2% (8/360)
2022-10-17T21:32:16.8312386Z Receiving objects:   3% (11/360)
2022-10-17T21:32:16.8321567Z Receiving objects:   4% (15/360)
2022-10-17T21:32:16.8324751Z Receiving objects:   5% (18/360)
2022-10-17T21:32:16.8329022Z Receiving objects:   6% (22/360)
2022-10-17T21:32:16.8329290Z Receiving objects:   7% (26/360)
2022-10-17T21:32:16.8338986Z Receiving objects:   8% (29/360)
2022-10-17T21:32:16.8350445Z Receiving objects:   9% (33/360)
2022-10-17T21:32:16.8462536Z Receiving objects:  10% (36/360)
2022-10-17T21:32:16.8492228Z Receiving objects:  11% (40/360)
2022-10-17T21:32:16.8497894Z Receiving objects:  12% (44/360)
2022-10-17T21:32:16.8514922Z Receiving objects:  13% (47/360)
2022-10-17T21:32:16.8532947Z Receiving objects:  14% (51/360)
2022-10-17T21:32:16.8542816Z Receiving objects:  15% (54/360)
2022-10-17T21:32:16.8556174Z Receiving objects:  16% (58/360)
2022-10-17T21:32:16.8568029Z Receiving objects:  17% (62/360)
2022-10-17T21:32:16.8589531Z Receiving objects:  18% (65/360)
2022-10-17T21:32:16.8604272Z Receiving objects:  19% (69/360)
2022-10-17T21:32:16.8619808Z Receiving objects:  20% (72/360)
2022-10-17T21:32:16.8644147Z Receiving objects:  21% (76/360)
2022-10-17T21:32:16.8656038Z Receiving objects:  22% (80/360)
2022-10-17T21:32:16.8669509Z Receiving objects:  23% (83/360)
2022-10-17T21:32:16.8678482Z Receiving objects:  24% (87/360)
2022-10-17T21:32:16.8688203Z Receiving objects:  25% (90/360)
2022-10-17T21:32:16.8697002Z Receiving objects:  26% (94/360)
2022-10-17T21:32:16.8699889Z Receiving objects:  27% (98/360)
2022-10-17T21:32:16.8706868Z Receiving objects:  28% (101/360)
2022-10-17T21:32:16.8707166Z Receiving objects:  29% (105/360)
2022-10-17T21:32:16.8716768Z Receiving objects:  30% (108/360)
2022-10-17T21:32:16.9970805Z Receiving objects:  31% (112/360)
2022-10-17T21:32:17.0363917Z Receiving objects:  32% (116/360)
2022-10-17T21:32:17.0411607Z Receiving objects:  33% (119/360)
2022-10-17T21:32:17.0519028Z Receiving objects:  34% (123/360)
2022-10-17T21:32:17.0664111Z Receiving objects:  35% (126/360)
2022-10-17T21:32:17.0811486Z Receiving objects:  36% (130/360)
2022-10-17T21:32:17.0812283Z Receiving objects:  37% (134/360)
2022-10-17T21:32:17.0923844Z Receiving objects:  38% (137/360)
2022-10-17T21:32:17.0965202Z Receiving objects:  39% (141/360)
2022-10-17T21:32:17.0965800Z Receiving objects:  40% (144/360)
2022-10-17T21:32:17.0966284Z Receiving objects:  41% (148/360)
2022-10-17T21:32:17.0971831Z Receiving objects:  42% (152/360)
2022-10-17T21:32:17.0972296Z Receiving objects:  43% (155/360)
2022-10-17T21:32:17.0972754Z Receiving objects:  44% (159/360)
2022-10-17T21:32:17.0973530Z Receiving objects:  45% (162/360)
2022-10-17T21:32:17.0973862Z Receiving objects:  46% (166/360)
2022-10-17T21:32:17.0974114Z Receiving objects:  47% (170/360)
2022-10-17T21:32:17.0974369Z Receiving objects:  48% (173/360)
2022-10-17T21:32:17.0974612Z Receiving objects:  49% (177/360)
2022-10-17T21:32:17.0974842Z Receiving objects:  50% (180/360)
2022-10-17T21:32:17.0975093Z Receiving objects:  51% (184/360)
2022-10-17T21:32:17.0975330Z Receiving objects:  52% (188/360)
2022-10-17T21:32:17.0975553Z Receiving objects:  53% (191/360)
2022-10-17T21:32:17.0975788Z Receiving objects:  54% (195/360)
2022-10-17T21:32:17.0976025Z Receiving objects:  55% (198/360)
2022-10-17T21:32:17.0976250Z Receiving objects:  56% (202/360)
2022-10-17T21:32:17.0976498Z Receiving objects:  57% (206/360)
2022-10-17T21:32:17.0976733Z Receiving objects:  58% (209/360)
2022-10-17T21:32:17.0976952Z Receiving objects:  59% (213/360)
2022-10-17T21:32:17.0978625Z Receiving objects:  60% (216/360)
2022-10-17T21:32:17.0979923Z Receiving objects:  61% (220/360)
2022-10-17T21:32:17.0982813Z Receiving objects:  62% (224/360)
2022-10-17T21:32:17.0984886Z Receiving objects:  63% (227/360)
2022-10-17T21:32:17.0985953Z Receiving objects:  64% (231/360)
2022-10-17T21:32:17.0989070Z Receiving objects:  65% (234/360)
2022-10-17T21:32:17.0989577Z Receiving objects:  66% (238/360)
2022-10-17T21:32:17.0992510Z Receiving objects:  67% (242/360)
2022-10-17T21:32:17.0992941Z Receiving objects:  68% (245/360)
2022-10-17T21:32:17.0998266Z Receiving objects:  69% (249/360)
2022-10-17T21:32:17.0998582Z Receiving objects:  70% (252/360)
2022-10-17T21:32:17.0998832Z Receiving objects:  71% (256/360)
2022-10-17T21:32:17.0999135Z Receiving objects:  72% (260/360)
2022-10-17T21:32:17.0999380Z Receiving objects:  73% (263/360)
2022-10-17T21:32:17.0999616Z Receiving objects:  74% (267/360)
2022-10-17T21:32:17.0999839Z Receiving objects:  75% (270/360)
2022-10-17T21:32:17.1000078Z Receiving objects:  76% (274/360)
2022-10-17T21:32:17.1000311Z Receiving objects:  77% (278/360)
2022-10-17T21:32:17.1000536Z Receiving objects:  78% (281/360)
2022-10-17T21:32:17.1000777Z Receiving objects:  79% (285/360)
2022-10-17T21:32:17.1001018Z Receiving objects:  80% (288/360)
2022-10-17T21:32:17.1001237Z Receiving objects:  81% (292/360)
2022-10-17T21:32:17.1001469Z Receiving objects:  82% (296/360)
2022-10-17T21:32:17.1001701Z Receiving objects:  83% (299/360)
2022-10-17T21:32:17.1004888Z Receiving objects:  84% (303/360)
2022-10-17T21:32:17.1009919Z Receiving objects:  85% (306/360)
2022-10-17T21:32:17.1012672Z Receiving objects:  86% (310/360)
2022-10-17T21:32:17.1015390Z Receiving objects:  87% (314/360)
2022-10-17T21:32:17.1027580Z Receiving objects:  88% (317/360)
2022-10-17T21:32:17.1032616Z Receiving objects:  89% (321/360)
2022-10-17T21:32:17.1038186Z Receiving objects:  90% (324/360)
2022-10-17T21:32:17.1040358Z Receiving objects:  91% (328/360)
2022-10-17T21:32:17.1040712Z Receiving objects:  92% (332/360)
2022-10-17T21:32:17.1041042Z Receiving objects:  93% (335/360)
2022-10-17T21:32:17.1048597Z Receiving objects:  94% (339/360)
2022-10-17T21:32:17.1050535Z Receiving objects:  95% (342/360)
2022-10-17T21:32:17.1051108Z Receiving objects:  96% (346/360)
2022-10-17T21:32:17.1052513Z Receiving objects:  97% (350/360)
2022-10-17T21:32:17.1055596Z Receiving objects:  98% (353/360)
2022-10-17T21:32:17.1056369Z remote: Total 360 (delta 48), reused 219 (delta 29), pack-reused 0        
2022-10-17T21:32:17.1057938Z Receiving objects:  99% (357/360)
2022-10-17T21:32:17.1058292Z Receiving objects: 100% (360/360)
2022-10-17T21:32:17.1058664Z Receiving objects: 100% (360/360), 3.51 MiB | 12.70 MiB/s, done.
2022-10-17T21:32:17.1097692Z Resolving deltas:   0% (0/48)
2022-10-17T21:32:17.1100329Z Resolving deltas:   2% (1/48)
2022-10-17T21:32:17.1118251Z Resolving deltas:   4% (2/48)
2022-10-17T21:32:17.1121585Z Resolving deltas:   6% (3/48)
2022-10-17T21:32:17.1123449Z Resolving deltas:   8% (4/48)
2022-10-17T21:32:17.1123820Z Resolving deltas:  10% (5/48)
2022-10-17T21:32:17.1131716Z Resolving deltas:  12% (6/48)
2022-10-17T21:32:17.1132062Z Resolving deltas:  14% (7/48)
2022-10-17T21:32:17.1132405Z Resolving deltas:  16% (8/48)
2022-10-17T21:32:17.1132734Z Resolving deltas:  18% (9/48)
2022-10-17T21:32:17.1133048Z Resolving deltas:  20% (10/48)
2022-10-17T21:32:17.1133377Z Resolving deltas:  22% (11/48)
2022-10-17T21:32:17.1133704Z Resolving deltas:  25% (12/48)
2022-10-17T21:32:17.1134028Z Resolving deltas:  27% (13/48)
2022-10-17T21:32:17.1134339Z Resolving deltas:  29% (14/48)
2022-10-17T21:32:17.1134659Z Resolving deltas:  31% (15/48)
2022-10-17T21:32:17.1134982Z Resolving deltas:  33% (16/48)
2022-10-17T21:32:17.1135344Z Resolving deltas:  35% (17/48)
2022-10-17T21:32:17.1135670Z Resolving deltas:  37% (18/48)
2022-10-17T21:32:17.1135992Z Resolving deltas:  39% (19/48)
2022-10-17T21:32:17.1136310Z Resolving deltas:  41% (20/48)
2022-10-17T21:32:17.1136614Z Resolving deltas:  43% (21/48)
2022-10-17T21:32:17.1137006Z Resolving deltas:  45% (22/48)
2022-10-17T21:32:17.1137326Z Resolving deltas:  47% (23/48)
2022-10-17T21:32:17.1137629Z Resolving deltas:  50% (24/48)
2022-10-17T21:32:17.1138134Z Resolving deltas:  52% (25/48)
2022-10-17T21:32:17.1138478Z Resolving deltas:  54% (26/48)
2022-10-17T21:32:17.1138796Z Resolving deltas:  56% (27/48)
2022-10-17T21:32:17.1139111Z Resolving deltas:  58% (28/48)
2022-10-17T21:32:17.1139428Z Resolving deltas:  60% (29/48)
2022-10-17T21:32:17.1139747Z Resolving deltas:  62% (30/48)
2022-10-17T21:32:17.1140067Z Resolving deltas:  64% (31/48)
2022-10-17T21:32:17.1140373Z Resolving deltas:  66% (32/48)
2022-10-17T21:32:17.1140707Z Resolving deltas:  68% (33/48)
2022-10-17T21:32:17.1141023Z Resolving deltas:  70% (34/48)
2022-10-17T21:32:17.1141326Z Resolving deltas:  72% (35/48)
2022-10-17T21:32:17.1141646Z Resolving deltas:  75% (36/48)
2022-10-17T21:32:17.1141959Z Resolving deltas:  77% (37/48)
2022-10-17T21:32:17.1142275Z Resolving deltas:  79% (38/48)
2022-10-17T21:32:17.1142825Z Resolving deltas:  81% (39/48)
2022-10-17T21:32:17.1143228Z Resolving deltas:  83% (40/48)
2022-10-17T21:32:17.1143549Z Resolving deltas:  85% (41/48)
2022-10-17T21:32:17.1143856Z Resolving deltas:  87% (42/48)
2022-10-17T21:32:17.1144175Z Resolving deltas:  89% (43/48)
2022-10-17T21:32:17.1144549Z Resolving deltas:  91% (44/48)
2022-10-17T21:32:17.1144866Z Resolving deltas:  93% (45/48)
2022-10-17T21:32:17.1145173Z Resolving deltas:  95% (46/48)
2022-10-17T21:32:17.1145489Z Resolving deltas:  97% (47/48)
2022-10-17T21:32:17.1145809Z Resolving deltas: 100% (48/48)
2022-10-17T21:32:17.1146129Z Resolving deltas: 100% (48/48), done.
2022-10-17T21:32:17.1324968Z From https://github.com/AlphaSteam/julia-vscode-microprint-test
2022-10-17T21:32:17.1325747Z  * [new ref]         0a90084c83ea8545c41ea54222dab088948ce417 -> origin/master
2022-10-17T21:32:17.1346094Z ##[endgroup]
2022-10-17T21:32:17.1346722Z ##[group]Determining the checkout info
2022-10-17T21:32:17.1355211Z ##[endgroup]
2022-10-17T21:32:17.1355715Z ##[group]Checking out the ref
2022-10-17T21:32:17.1356378Z [command]/usr/bin/git checkout --progress --force -B master refs/remotes/origin/master
2022-10-17T21:32:17.2054356Z Reset branch 'master'
2022-10-17T21:32:17.2055497Z branch 'master' set up to track 'origin/master'.
2022-10-17T21:32:17.2078513Z ##[endgroup]
2022-10-17T21:32:17.2079184Z ##[group]Setting up auth for fetching submodules
2022-10-17T21:32:17.2080007Z [command]/usr/bin/git config --global http.https://github.com/.extraheader AUTHORIZATION: basic ***
2022-10-17T21:32:17.2133667Z [command]/usr/bin/git config --global --unset-all url.https://github.com/.insteadOf
2022-10-17T21:32:17.2167695Z [command]/usr/bin/git config --global --add url.https://github.com/.insteadOf git@github.com:
2022-10-17T21:32:17.2207930Z [command]/usr/bin/git config --global --add url.https://github.com/.insteadOf org-30818940@github.com:
2022-10-17T21:32:17.2243049Z ##[endgroup]
2022-10-17T21:32:17.2243727Z ##[group]Fetching submodules
2022-10-17T21:32:17.2247250Z [command]/usr/bin/git submodule sync
2022-10-17T21:32:17.2498856Z [command]/usr/bin/git -c protocol.version=2 submodule update --init --force --depth=1
2022-10-17T21:32:17.2743671Z Submodule 'libs/jl-profile' (https://github.com/pfitzseb/jl-profile.js.git) registered for path 'libs/jl-profile'
2022-10-17T21:32:17.2748915Z Submodule 'scripts/packages-old/JuliaInterpreter' (https://github.com/JuliaDebug/JuliaInterpreter.jl.git) registered for path 'scripts/packages-old/JuliaInterpreter'
2022-10-17T21:32:17.2759039Z Submodule 'scripts/packages/CSTParser' (https://github.com/julia-vscode/CSTParser.jl.git) registered for path 'scripts/packages/CSTParser'
2022-10-17T21:32:17.2764300Z Submodule 'scripts/packages/CodeTracking' (https://github.com/timholy/CodeTracking.jl.git) registered for path 'scripts/packages/CodeTracking'
2022-10-17T21:32:17.2769811Z Submodule 'scripts/packages/CommonMark' (https://github.com/MichaelHatherly/CommonMark.jl.git) registered for path 'scripts/packages/CommonMark'
2022-10-17T21:32:17.2775342Z Submodule 'scripts/packages/Compat' (https://github.com/JuliaLang/Compat.jl.git) registered for path 'scripts/packages/Compat'
2022-10-17T21:32:17.2781425Z Submodule 'scripts/packages/CoverageTools' (https://github.com/JuliaCI/CoverageTools.jl.git) registered for path 'scripts/packages/CoverageTools'
2022-10-17T21:32:17.2790341Z Submodule 'scripts/packages/Crayons' (https://github.com/KristofferC/Crayons.jl.git) registered for path 'scripts/packages/Crayons'
2022-10-17T21:32:17.2796054Z Submodule 'scripts/packages/DataStructures' (https://github.com/JuliaCollections/DataStructures.jl.git) registered for path 'scripts/packages/DataStructures'
2022-10-17T21:32:17.2803864Z Submodule 'scripts/packages/DebugAdapter' (https://github.com/julia-vscode/DebugAdapter.jl.git) registered for path 'scripts/packages/DebugAdapter'
2022-10-17T21:32:17.2811466Z Submodule 'scripts/packages/FilePathsBase' (https://github.com/rofinn/FilePathsBase.jl.git) registered for path 'scripts/packages/FilePathsBase'
2022-10-17T21:32:17.2818198Z Submodule 'scripts/packages/IJuliaCore' (https://github.com/JuliaLang/IJuliaCore.jl.git) registered for path 'scripts/packages/IJuliaCore'
2022-10-17T21:32:17.2824946Z Submodule 'scripts/packages/JSON' (https://github.com/JuliaIO/JSON.jl.git) registered for path 'scripts/packages/JSON'
2022-10-17T21:32:17.2831327Z Submodule 'scripts/packages/JSONRPC' (https://github.com/julia-vscode/JSONRPC.jl.git) registered for path 'scripts/packages/JSONRPC'
2022-10-17T21:32:17.2838655Z Submodule 'scripts/packages/JuliaFormatter' (https://github.com/domluna/JuliaFormatter.jl.git) registered for path 'scripts/packages/JuliaFormatter'
2022-10-17T21:32:17.2845419Z Submodule 'scripts/packages/JuliaInterpreter' (https://github.com/JuliaDebug/JuliaInterpreter.jl.git) registered for path 'scripts/packages/JuliaInterpreter'
2022-10-17T21:32:17.2852135Z Submodule 'scripts/packages/LanguageServer' (https://github.com/julia-vscode/LanguageServer.jl.git) registered for path 'scripts/packages/LanguageServer'
2022-10-17T21:32:17.2858988Z Submodule 'scripts/packages/LoweredCodeUtils' (https://github.com/JuliaDebug/LoweredCodeUtils.jl.git) registered for path 'scripts/packages/LoweredCodeUtils'
2022-10-17T21:32:17.2865957Z Submodule 'scripts/packages/OrderedCollections' (https://github.com/JuliaCollections/OrderedCollections.jl.git) registered for path 'scripts/packages/OrderedCollections'
2022-10-17T21:32:17.2873013Z Submodule 'scripts/packages/PackageCompiler' (https://github.com/JuliaLang/PackageCompiler.jl.git) registered for path 'scripts/packages/PackageCompiler'
2022-10-17T21:32:17.2881418Z Submodule 'scripts/packages/Revise' (https://github.com/timholy/Revise.jl) registered for path 'scripts/packages/Revise'
2022-10-17T21:32:17.2888920Z Submodule 'scripts/packages/StaticLint' (https://github.com/julia-vscode/StaticLint.jl) registered for path 'scripts/packages/StaticLint'
2022-10-17T21:32:17.2897693Z Submodule 'scripts/packages/SymbolServer' (https://github.com/julia-vscode/SymbolServer.jl.git) registered for path 'scripts/packages/SymbolServer'
2022-10-17T21:32:17.2904882Z Submodule 'scripts/packages/TestEnv' (https://github.com/davidanthoff/TestEnv.jl) registered for path 'scripts/packages/TestEnv'
2022-10-17T21:32:17.2914240Z Submodule 'scripts/packages/TestItemDetection' (https://github.com/julia-vscode/TestItemDetection.jl) registered for path 'scripts/packages/TestItemDetection'
2022-10-17T21:32:17.2922878Z Submodule 'scripts/packages/Tokenize' (https://github.com/JuliaLang/Tokenize.jl.git) registered for path 'scripts/packages/Tokenize'
2022-10-17T21:32:17.2930890Z Submodule 'scripts/packages/URIParser' (https://github.com/JuliaWeb/URIParser.jl.git) registered for path 'scripts/packages/URIParser'
2022-10-17T21:32:17.2938913Z Submodule 'scripts/packages/URIs' (https://github.com/JuliaWeb/URIs.jl.git) registered for path 'scripts/packages/URIs'
2022-10-17T21:32:17.2986343Z Cloning into '/home/runner/work/julia-vscode-microprint-test/julia-vscode-microprint-test/libs/jl-profile'...
2022-10-17T21:32:17.5973692Z Cloning into '/home/runner/work/julia-vscode-microprint-test/julia-vscode-microprint-test/scripts/packages-old/JuliaInterpreter'...
2022-10-17T21:32:17.9337324Z Cloning into '/home/runner/work/julia-vscode-microprint-test/julia-vscode-microprint-test/scripts/packages/CSTParser'...
2022-10-17T21:32:18.1906141Z Cloning into '/home/runner/work/julia-vscode-microprint-test/julia-vscode-microprint-test/scripts/packages/CodeTracking'...
2022-10-17T21:32:18.4354253Z Cloning into '/home/runner/work/julia-vscode-microprint-test/julia-vscode-microprint-test/scripts/packages/CommonMark'...
2022-10-17T21:32:18.6835564Z Cloning into '/home/runner/work/julia-vscode-microprint-test/julia-vscode-microprint-test/scripts/packages/Compat'...
2022-10-17T21:32:18.9529081Z Cloning into '/home/runner/work/julia-vscode-microprint-test/julia-vscode-microprint-test/scripts/packages/CoverageTools'...
2022-10-17T21:32:19.2050934Z Cloning into '/home/runner/work/julia-vscode-microprint-test/julia-vscode-microprint-test/scripts/packages/Crayons'...
2022-10-17T21:32:20.4288067Z Cloning into '/home/runner/work/julia-vscode-microprint-test/julia-vscode-microprint-test/scripts/packages/DataStructures'...
2022-10-17T21:32:20.7826809Z Cloning into '/home/runner/work/julia-vscode-microprint-test/julia-vscode-microprint-test/scripts/packages/DebugAdapter'...
2022-10-17T21:32:21.0534532Z Cloning into '/home/runner/work/julia-vscode-microprint-test/julia-vscode-microprint-test/scripts/packages/FilePathsBase'...
2022-10-17T21:32:21.3122826Z Cloning into '/home/runner/work/julia-vscode-microprint-test/julia-vscode-microprint-test/scripts/packages/IJuliaCore'...
2022-10-17T21:32:21.5668850Z Cloning into '/home/runner/work/julia-vscode-microprint-test/julia-vscode-microprint-test/scripts/packages/JSON'...
2022-10-17T21:32:21.8503748Z Cloning into '/home/runner/work/julia-vscode-microprint-test/julia-vscode-microprint-test/scripts/packages/JSONRPC'...
2022-10-17T21:32:22.1624166Z Cloning into '/home/runner/work/julia-vscode-microprint-test/julia-vscode-microprint-test/scripts/packages/JuliaFormatter'...
2022-10-17T21:32:22.4675096Z Cloning into '/home/runner/work/julia-vscode-microprint-test/julia-vscode-microprint-test/scripts/packages/JuliaInterpreter'...
2022-10-17T21:32:22.7548333Z Cloning into '/home/runner/work/julia-vscode-microprint-test/julia-vscode-microprint-test/scripts/packages/LanguageServer'...
2022-10-17T21:32:23.0117013Z Cloning into '/home/runner/work/julia-vscode-microprint-test/julia-vscode-microprint-test/scripts/packages/LoweredCodeUtils'...
2022-10-17T21:32:23.2893875Z Cloning into '/home/runner/work/julia-vscode-microprint-test/julia-vscode-microprint-test/scripts/packages/OrderedCollections'...
2022-10-17T21:32:23.5521538Z Cloning into '/home/runner/work/julia-vscode-microprint-test/julia-vscode-microprint-test/scripts/packages/PackageCompiler'...
2022-10-17T21:32:23.8315097Z Cloning into '/home/runner/work/julia-vscode-microprint-test/julia-vscode-microprint-test/scripts/packages/Revise'...
2022-10-17T21:32:24.0874015Z Cloning into '/home/runner/work/julia-vscode-microprint-test/julia-vscode-microprint-test/scripts/packages/StaticLint'...
2022-10-17T21:32:24.3463861Z Cloning into '/home/runner/work/julia-vscode-microprint-test/julia-vscode-microprint-test/scripts/packages/SymbolServer'...
2022-10-17T21:32:24.6413283Z Cloning into '/home/runner/work/julia-vscode-microprint-test/julia-vscode-microprint-test/scripts/packages/TestEnv'...
2022-10-17T21:32:24.8498388Z Cloning into '/home/runner/work/julia-vscode-microprint-test/julia-vscode-microprint-test/scripts/packages/TestItemDetection'...
2022-10-17T21:32:25.0871810Z Cloning into '/home/runner/work/julia-vscode-microprint-test/julia-vscode-microprint-test/scripts/packages/Tokenize'...
2022-10-17T21:32:25.3681910Z Cloning into '/home/runner/work/julia-vscode-microprint-test/julia-vscode-microprint-test/scripts/packages/URIParser'...
2022-10-17T21:32:25.6198319Z Cloning into '/home/runner/work/julia-vscode-microprint-test/julia-vscode-microprint-test/scripts/packages/URIs'...
2022-10-17T21:32:26.3452004Z From https://github.com/pfitzseb/jl-profile.js
2022-10-17T21:32:26.3512320Z  * branch            44fe7c33bc23a8e4cdb3b67674994fe2564245bf -> FETCH_HEAD
2022-10-17T21:32:26.3513049Z Submodule path 'libs/jl-profile': checked out '44fe7c33bc23a8e4cdb3b67674994fe2564245bf'
2022-10-17T21:32:27.1438209Z From https://github.com/JuliaDebug/JuliaInterpreter.jl
2022-10-17T21:32:27.1439293Z  * branch            398721d10be2edf40883a11b98e210ccda5393e3 -> FETCH_HEAD
2022-10-17T21:32:27.1541012Z Submodule path 'scripts/packages-old/JuliaInterpreter': checked out '398721d10be2edf40883a11b98e210ccda5393e3'
2022-10-17T21:32:27.6988447Z From https://github.com/julia-vscode/CSTParser.jl
2022-10-17T21:32:27.6989138Z  * branch            b5cb953e12d8c5c8191e1fcb6aef80ecab7f6a06 -> FETCH_HEAD
2022-10-17T21:32:27.7070426Z Submodule path 'scripts/packages/CSTParser': checked out 'b5cb953e12d8c5c8191e1fcb6aef80ecab7f6a06'
2022-10-17T21:32:27.7148140Z Submodule path 'scripts/packages/CodeTracking': checked out '426fc0e5af69ca410f3a1b77458db5fc5d68e864'
2022-10-17T21:32:28.2237695Z From https://github.com/MichaelHatherly/CommonMark.jl
2022-10-17T21:32:28.2238730Z  * branch            287e39ae128e80a6647d2d9762bf22040adffea1 -> FETCH_HEAD
2022-10-17T21:32:28.2375910Z Submodule path 'scripts/packages/CommonMark': checked out '287e39ae128e80a6647d2d9762bf22040adffea1'
2022-10-17T21:32:28.8437715Z From https://github.com/JuliaLang/Compat.jl
2022-10-17T21:32:28.8438634Z  * branch            3ae185fa45a3091b387b67b6fd8f58f761854238 -> FETCH_HEAD
2022-10-17T21:32:28.8506749Z Submodule path 'scripts/packages/Compat': checked out '3ae185fa45a3091b387b67b6fd8f58f761854238'
2022-10-17T21:32:28.8583391Z Submodule path 'scripts/packages/CoverageTools': checked out '9d8fba371f4c65a7e9ca3bdaae753a52bcb22218'
2022-10-17T21:32:29.3917254Z From https://github.com/KristofferC/Crayons.jl
2022-10-17T21:32:29.3918315Z  * branch            4cf50b8e5e1a250a5b3466937fa0421c78bafdf4 -> FETCH_HEAD
2022-10-17T21:32:29.3980023Z Submodule path 'scripts/packages/Crayons': checked out '4cf50b8e5e1a250a5b3466937fa0421c78bafdf4'
2022-10-17T21:32:30.0216778Z From https://github.com/JuliaCollections/DataStructures.jl
2022-10-17T21:32:30.0217852Z  * branch            d0dd2a012ebd07ff31193b21130109baa50cfe2b -> FETCH_HEAD
2022-10-17T21:32:30.0358886Z Submodule path 'scripts/packages/DataStructures': checked out 'd0dd2a012ebd07ff31193b21130109baa50cfe2b'
2022-10-17T21:32:30.6748024Z From https://github.com/julia-vscode/DebugAdapter.jl
2022-10-17T21:32:30.6748860Z  * branch            b0991c1664d948d9bbb1ab2cac56606511981df5 -> FETCH_HEAD
2022-10-17T21:32:30.6810380Z Submodule path 'scripts/packages/DebugAdapter': checked out 'b0991c1664d948d9bbb1ab2cac56606511981df5'
2022-10-17T21:32:30.6896998Z Submodule path 'scripts/packages/FilePathsBase': checked out '336666220f9ddd7a15a7f059925a359d51c6cead'
2022-10-17T21:32:30.6973357Z Submodule path 'scripts/packages/IJuliaCore': checked out 'c3e48ef9ee9a34d9be6abe1fe9033317638950ba'
2022-10-17T21:32:31.2995915Z From https://github.com/JuliaIO/JSON.jl
2022-10-17T21:32:31.2996970Z  * branch            4b3913d58f04cc5bb2f8d23c6ef82e0fbed20525 -> FETCH_HEAD
2022-10-17T21:32:31.3085249Z Submodule path 'scripts/packages/JSON': checked out '4b3913d58f04cc5bb2f8d23c6ef82e0fbed20525'
2022-10-17T21:32:32.8893651Z From https://github.com/julia-vscode/JSONRPC.jl
2022-10-17T21:32:32.8894537Z  * branch            982acfdb112b7198a025edcf3930c6a6a27913e1 -> FETCH_HEAD
2022-10-17T21:32:32.8955103Z Submodule path 'scripts/packages/JSONRPC': checked out '982acfdb112b7198a025edcf3930c6a6a27913e1'
2022-10-17T21:32:33.4661247Z From https://github.com/domluna/JuliaFormatter.jl
2022-10-17T21:32:33.4662545Z  * branch            6c0f94468eaef63405fbcbb11943314a164262d6 -> FETCH_HEAD
2022-10-17T21:32:33.4819871Z Submodule path 'scripts/packages/JuliaFormatter': checked out '6c0f94468eaef63405fbcbb11943314a164262d6'
2022-10-17T21:32:34.0764461Z From https://github.com/JuliaDebug/JuliaInterpreter.jl
2022-10-17T21:32:34.0765617Z  * branch            a840f1ad085e7606bb3a7cdc705d863f3c49ab92 -> FETCH_HEAD
2022-10-17T21:32:34.0857908Z Submodule path 'scripts/packages/JuliaInterpreter': checked out 'a840f1ad085e7606bb3a7cdc705d863f3c49ab92'
2022-10-17T21:32:34.6262959Z From https://github.com/julia-vscode/LanguageServer.jl
2022-10-17T21:32:34.6263821Z  * branch            fe1ae60fdf795218b82dba4ba35028adab0bd348 -> FETCH_HEAD
2022-10-17T21:32:34.6361482Z Submodule path 'scripts/packages/LanguageServer': checked out 'fe1ae60fdf795218b82dba4ba35028adab0bd348'
2022-10-17T21:32:34.6447104Z Submodule path 'scripts/packages/LoweredCodeUtils': checked out 'b71c05b0d28cb5b3ad0301b816e0a1c4e531ea0d'
2022-10-17T21:32:35.1696281Z From https://github.com/JuliaCollections/OrderedCollections.jl
2022-10-17T21:32:35.1697359Z  * branch            adb9415570faeba7e8c6d800cd743de06104e97e -> FETCH_HEAD
2022-10-17T21:32:35.1761504Z Submodule path 'scripts/packages/OrderedCollections': checked out 'adb9415570faeba7e8c6d800cd743de06104e97e'
2022-10-17T21:32:35.7816866Z From https://github.com/JuliaLang/PackageCompiler.jl
2022-10-17T21:32:35.7817851Z  * branch            78f4d52026c4895fa08c8ee0d61905a6914ea8c3 -> FETCH_HEAD
2022-10-17T21:32:35.7906068Z Submodule path 'scripts/packages/PackageCompiler': checked out '78f4d52026c4895fa08c8ee0d61905a6914ea8c3'
2022-10-17T21:32:36.2459896Z From https://github.com/timholy/Revise.jl
2022-10-17T21:32:36.2461016Z  * branch            ca3b5cffd26325e3a3fd69932f5dc827ff156a3b -> FETCH_HEAD
2022-10-17T21:32:36.2576160Z Submodule path 'scripts/packages/Revise': checked out 'ca3b5cffd26325e3a3fd69932f5dc827ff156a3b'
2022-10-17T21:32:36.7633424Z From https://github.com/julia-vscode/StaticLint.jl
2022-10-17T21:32:36.7634824Z  * branch            6235a532ff6b51a33ef56955286b7d0602912fd6 -> FETCH_HEAD
2022-10-17T21:32:36.7708312Z Submodule path 'scripts/packages/StaticLint': checked out '6235a532ff6b51a33ef56955286b7d0602912fd6'
2022-10-17T21:32:37.4012113Z From https://github.com/julia-vscode/SymbolServer.jl
2022-10-17T21:32:37.4013212Z  * branch            99500d621b17cca5a46232808e8ad388370d2ae8 -> FETCH_HEAD
2022-10-17T21:32:37.4088662Z Submodule path 'scripts/packages/SymbolServer': checked out '99500d621b17cca5a46232808e8ad388370d2ae8'
2022-10-17T21:32:37.8427492Z From https://github.com/davidanthoff/TestEnv.jl
2022-10-17T21:32:37.8431321Z  * branch            14dd0d9a3df31dcd29bb6434dd9b287fe4a2803b -> FETCH_HEAD
2022-10-17T21:32:37.8509742Z Submodule path 'scripts/packages/TestEnv': checked out '14dd0d9a3df31dcd29bb6434dd9b287fe4a2803b'
2022-10-17T21:32:38.4867636Z From https://github.com/julia-vscode/TestItemDetection.jl
2022-10-17T21:32:38.4868175Z  * branch            d9db8c5707c5e7a6e167e0e583eb06261ef5408b -> FETCH_HEAD
2022-10-17T21:32:38.4928265Z Submodule path 'scripts/packages/TestItemDetection': checked out 'd9db8c5707c5e7a6e167e0e583eb06261ef5408b'
2022-10-17T21:32:38.9910508Z From https://github.com/JuliaLang/Tokenize.jl
2022-10-17T21:32:38.9911275Z  * branch            49b112248e846040c13f28e223493f90cc717fa5 -> FETCH_HEAD
2022-10-17T21:32:38.9982922Z Submodule path 'scripts/packages/Tokenize': checked out '49b112248e846040c13f28e223493f90cc717fa5'
2022-10-17T21:32:39.5582740Z From https://github.com/JuliaWeb/URIParser.jl
2022-10-17T21:32:39.5583630Z  * branch            1d3532dfe5330f567a8eb64a37a37b1b8c536628 -> FETCH_HEAD
2022-10-17T21:32:39.5641650Z Submodule path 'scripts/packages/URIParser': checked out '1d3532dfe5330f567a8eb64a37a37b1b8c536628'
2022-10-17T21:32:40.1079419Z From https://github.com/JuliaWeb/URIs.jl
2022-10-17T21:32:40.1080871Z  * branch            0ce3d89b81dadaae52b104353843ef67ceecd176 -> FETCH_HEAD
2022-10-17T21:32:40.1143864Z Submodule path 'scripts/packages/URIs': checked out '0ce3d89b81dadaae52b104353843ef67ceecd176'
2022-10-17T21:32:40.1154246Z [command]/usr/bin/git submodule foreach git config --local gc.auto 0
2022-10-17T21:32:40.1383678Z Entering 'libs/jl-profile'
2022-10-17T21:32:40.1405001Z Entering 'scripts/packages-old/JuliaInterpreter'
2022-10-17T21:32:40.1429285Z Entering 'scripts/packages/CSTParser'
2022-10-17T21:32:40.1453503Z Entering 'scripts/packages/CodeTracking'
2022-10-17T21:32:40.1477596Z Entering 'scripts/packages/CommonMark'
2022-10-17T21:32:40.1500919Z Entering 'scripts/packages/Compat'
2022-10-17T21:32:40.1525153Z Entering 'scripts/packages/CoverageTools'
2022-10-17T21:32:40.1548374Z Entering 'scripts/packages/Crayons'
2022-10-17T21:32:40.1573575Z Entering 'scripts/packages/DataStructures'
2022-10-17T21:32:40.1598846Z Entering 'scripts/packages/DebugAdapter'
2022-10-17T21:32:40.1622328Z Entering 'scripts/packages/FilePathsBase'
2022-10-17T21:32:40.1646262Z Entering 'scripts/packages/IJuliaCore'
2022-10-17T21:32:40.1671575Z Entering 'scripts/packages/JSON'
2022-10-17T21:32:40.1695995Z Entering 'scripts/packages/JSONRPC'
2022-10-17T21:32:40.1721001Z Entering 'scripts/packages/JuliaFormatter'
2022-10-17T21:32:40.1745513Z Entering 'scripts/packages/JuliaInterpreter'
2022-10-17T21:32:40.1771132Z Entering 'scripts/packages/LanguageServer'
2022-10-17T21:32:40.1795870Z Entering 'scripts/packages/LoweredCodeUtils'
2022-10-17T21:32:40.1820637Z Entering 'scripts/packages/OrderedCollections'
2022-10-17T21:32:40.1844487Z Entering 'scripts/packages/PackageCompiler'
2022-10-17T21:32:40.1870082Z Entering 'scripts/packages/Revise'
2022-10-17T21:32:40.1894126Z Entering 'scripts/packages/StaticLint'
2022-10-17T21:32:40.1920157Z Entering 'scripts/packages/SymbolServer'
2022-10-17T21:32:40.1943702Z Entering 'scripts/packages/TestEnv'
2022-10-17T21:32:40.1968950Z Entering 'scripts/packages/TestItemDetection'
2022-10-17T21:32:40.1993662Z Entering 'scripts/packages/Tokenize'
2022-10-17T21:32:40.2020275Z Entering 'scripts/packages/URIParser'
2022-10-17T21:32:40.2043582Z Entering 'scripts/packages/URIs'
2022-10-17T21:32:40.2092506Z ##[endgroup]
2022-10-17T21:32:40.2093091Z ##[group]Persisting credentials for submodules
2022-10-17T21:32:40.2093993Z [command]/usr/bin/git submodule foreach --recursive git config --local --name-only --get-regexp 'url\.https\:\/\/github\.com\/\.insteadOf' && git config --local --unset-all 'url.https://github.com/.insteadOf' || :
2022-10-17T21:32:40.2313865Z Entering 'libs/jl-profile'
2022-10-17T21:32:40.2353959Z Entering 'scripts/packages-old/JuliaInterpreter'
2022-10-17T21:32:40.2393891Z Entering 'scripts/packages/CSTParser'
2022-10-17T21:32:40.2433632Z Entering 'scripts/packages/CodeTracking'
2022-10-17T21:32:40.2471345Z Entering 'scripts/packages/CommonMark'
2022-10-17T21:32:40.2512305Z Entering 'scripts/packages/Compat'
2022-10-17T21:32:40.2549265Z Entering 'scripts/packages/CoverageTools'
2022-10-17T21:32:40.2588732Z Entering 'scripts/packages/Crayons'
2022-10-17T21:32:40.2625192Z Entering 'scripts/packages/DataStructures'
2022-10-17T21:32:40.2664679Z Entering 'scripts/packages/DebugAdapter'
2022-10-17T21:32:40.2701441Z Entering 'scripts/packages/FilePathsBase'
2022-10-17T21:32:40.2741142Z Entering 'scripts/packages/IJuliaCore'
2022-10-17T21:32:40.2777952Z Entering 'scripts/packages/JSON'
2022-10-17T21:32:40.2817046Z Entering 'scripts/packages/JSONRPC'
2022-10-17T21:32:40.2853974Z Entering 'scripts/packages/JuliaFormatter'
2022-10-17T21:32:40.2892978Z Entering 'scripts/packages/JuliaInterpreter'
2022-10-17T21:32:40.2929828Z Entering 'scripts/packages/LanguageServer'
2022-10-17T21:32:40.2968949Z Entering 'scripts/packages/LoweredCodeUtils'
2022-10-17T21:32:40.3007367Z Entering 'scripts/packages/OrderedCollections'
2022-10-17T21:32:40.3047239Z Entering 'scripts/packages/PackageCompiler'
2022-10-17T21:32:40.3084363Z Entering 'scripts/packages/Revise'
2022-10-17T21:32:40.3123465Z Entering 'scripts/packages/StaticLint'
2022-10-17T21:32:40.3160415Z Entering 'scripts/packages/SymbolServer'
2022-10-17T21:32:40.3199611Z Entering 'scripts/packages/TestEnv'
2022-10-17T21:32:40.3235889Z Entering 'scripts/packages/TestItemDetection'
2022-10-17T21:32:40.3274154Z Entering 'scripts/packages/Tokenize'
2022-10-17T21:32:40.3310439Z Entering 'scripts/packages/URIParser'
2022-10-17T21:32:40.3349174Z Entering 'scripts/packages/URIs'
2022-10-17T21:32:40.3404475Z [command]/usr/bin/git submodule foreach git config --local 'http.https://github.com/.extraheader' 'AUTHORIZATION: basic ***' && git config --local --show-origin --name-only --get-regexp remote.origin.url
2022-10-17T21:32:40.3619384Z Entering 'libs/jl-profile'
2022-10-17T21:32:40.3653802Z file:/home/runner/work/julia-vscode-microprint-test/julia-vscode-microprint-test/.git/modules/libs/jl-profile/config	remote.origin.url
2022-10-17T21:32:40.3656966Z Entering 'scripts/packages-old/JuliaInterpreter'
2022-10-17T21:32:40.3691993Z file:/home/runner/work/julia-vscode-microprint-test/julia-vscode-microprint-test/.git/modules/scripts/packages-old/JuliaInterpreter/config	remote.origin.url
2022-10-17T21:32:40.3695186Z Entering 'scripts/packages/CSTParser'
2022-10-17T21:32:40.3728884Z file:/home/runner/work/julia-vscode-microprint-test/julia-vscode-microprint-test/.git/modules/scripts/packages/CSTParser/config	remote.origin.url
2022-10-17T21:32:40.3732269Z Entering 'scripts/packages/CodeTracking'
2022-10-17T21:32:40.3766624Z file:/home/runner/work/julia-vscode-microprint-test/julia-vscode-microprint-test/.git/modules/scripts/packages/CodeTracking/config	remote.origin.url
2022-10-17T21:32:40.3769640Z Entering 'scripts/packages/CommonMark'
2022-10-17T21:32:40.3804217Z file:/home/runner/work/julia-vscode-microprint-test/julia-vscode-microprint-test/.git/modules/scripts/packages/CommonMark/config	remote.origin.url
2022-10-17T21:32:40.3809560Z Entering 'scripts/packages/Compat'
2022-10-17T21:32:40.3843463Z file:/home/runner/work/julia-vscode-microprint-test/julia-vscode-microprint-test/.git/modules/scripts/packages/Compat/config	remote.origin.url
2022-10-17T21:32:40.3848789Z Entering 'scripts/packages/CoverageTools'
2022-10-17T21:32:40.3882545Z file:/home/runner/work/julia-vscode-microprint-test/julia-vscode-microprint-test/.git/modules/scripts/packages/CoverageTools/config	remote.origin.url
2022-10-17T21:32:40.3887755Z Entering 'scripts/packages/Crayons'
2022-10-17T21:32:40.3921954Z file:/home/runner/work/julia-vscode-microprint-test/julia-vscode-microprint-test/.git/modules/scripts/packages/Crayons/config	remote.origin.url
2022-10-17T21:32:40.3927303Z Entering 'scripts/packages/DataStructures'
2022-10-17T21:32:40.3961981Z file:/home/runner/work/julia-vscode-microprint-test/julia-vscode-microprint-test/.git/modules/scripts/packages/DataStructures/config	remote.origin.url
2022-10-17T21:32:40.3968058Z Entering 'scripts/packages/DebugAdapter'
2022-10-17T21:32:40.4003903Z file:/home/runner/work/julia-vscode-microprint-test/julia-vscode-microprint-test/.git/modules/scripts/packages/DebugAdapter/config	remote.origin.url
2022-10-17T21:32:40.4009834Z Entering 'scripts/packages/FilePathsBase'
2022-10-17T21:32:40.4047468Z file:/home/runner/work/julia-vscode-microprint-test/julia-vscode-microprint-test/.git/modules/scripts/packages/FilePathsBase/config	remote.origin.url
2022-10-17T21:32:40.4053415Z Entering 'scripts/packages/IJuliaCore'
2022-10-17T21:32:40.4091610Z file:/home/runner/work/julia-vscode-microprint-test/julia-vscode-microprint-test/.git/modules/scripts/packages/IJuliaCore/config	remote.origin.url
2022-10-17T21:32:40.4094757Z Entering 'scripts/packages/JSON'
2022-10-17T21:32:40.4137435Z file:/home/runner/work/julia-vscode-microprint-test/julia-vscode-microprint-test/.git/modules/scripts/packages/JSON/config	remote.origin.url
2022-10-17T21:32:40.4143420Z Entering 'scripts/packages/JSONRPC'
2022-10-17T21:32:40.4181018Z file:/home/runner/work/julia-vscode-microprint-test/julia-vscode-microprint-test/.git/modules/scripts/packages/JSONRPC/config	remote.origin.url
2022-10-17T21:32:40.4183592Z Entering 'scripts/packages/JuliaFormatter'
2022-10-17T21:32:40.4219298Z file:/home/runner/work/julia-vscode-microprint-test/julia-vscode-microprint-test/.git/modules/scripts/packages/JuliaFormatter/config	remote.origin.url
2022-10-17T21:32:40.4223321Z Entering 'scripts/packages/JuliaInterpreter'
2022-10-17T21:32:40.4289620Z file:/home/runner/work/julia-vscode-microprint-test/julia-vscode-microprint-test/.git/modules/scripts/packages/JuliaInterpreter/config	remote.origin.url
2022-10-17T21:32:40.4316971Z Entering 'scripts/packages/LanguageServer'
2022-10-17T21:32:40.4383583Z file:/home/runner/work/julia-vscode-microprint-test/julia-vscode-microprint-test/.git/modules/scripts/packages/LanguageServer/config	remote.origin.url
2022-10-17T21:32:40.4389698Z Entering 'scripts/packages/LoweredCodeUtils'
2022-10-17T21:32:40.4425668Z file:/home/runner/work/julia-vscode-microprint-test/julia-vscode-microprint-test/.git/modules/scripts/packages/LoweredCodeUtils/config	remote.origin.url
2022-10-17T21:32:40.4431847Z Entering 'scripts/packages/OrderedCollections'
2022-10-17T21:32:40.4467553Z file:/home/runner/work/julia-vscode-microprint-test/julia-vscode-microprint-test/.git/modules/scripts/packages/OrderedCollections/config	remote.origin.url
2022-10-17T21:32:40.4473807Z Entering 'scripts/packages/PackageCompiler'
2022-10-17T21:32:40.4509579Z file:/home/runner/work/julia-vscode-microprint-test/julia-vscode-microprint-test/.git/modules/scripts/packages/PackageCompiler/config	remote.origin.url
2022-10-17T21:32:40.4516083Z Entering 'scripts/packages/Revise'
2022-10-17T21:32:40.4552042Z file:/home/runner/work/julia-vscode-microprint-test/julia-vscode-microprint-test/.git/modules/scripts/packages/Revise/config	remote.origin.url
2022-10-17T21:32:40.4558927Z Entering 'scripts/packages/StaticLint'
2022-10-17T21:32:40.4594287Z file:/home/runner/work/julia-vscode-microprint-test/julia-vscode-microprint-test/.git/modules/scripts/packages/StaticLint/config	remote.origin.url
2022-10-17T21:32:40.4600408Z Entering 'scripts/packages/SymbolServer'
2022-10-17T21:32:40.4636619Z file:/home/runner/work/julia-vscode-microprint-test/julia-vscode-microprint-test/.git/modules/scripts/packages/SymbolServer/config	remote.origin.url
2022-10-17T21:32:40.4642632Z Entering 'scripts/packages/TestEnv'
2022-10-17T21:32:40.4677859Z file:/home/runner/work/julia-vscode-microprint-test/julia-vscode-microprint-test/.git/modules/scripts/packages/TestEnv/config	remote.origin.url
2022-10-17T21:32:40.4684018Z Entering 'scripts/packages/TestItemDetection'
2022-10-17T21:32:40.4720534Z file:/home/runner/work/julia-vscode-microprint-test/julia-vscode-microprint-test/.git/modules/scripts/packages/TestItemDetection/config	remote.origin.url
2022-10-17T21:32:40.4726639Z Entering 'scripts/packages/Tokenize'
2022-10-17T21:32:40.4762134Z file:/home/runner/work/julia-vscode-microprint-test/julia-vscode-microprint-test/.git/modules/scripts/packages/Tokenize/config	remote.origin.url
2022-10-17T21:32:40.4767899Z Entering 'scripts/packages/URIParser'
2022-10-17T21:32:40.4805455Z file:/home/runner/work/julia-vscode-microprint-test/julia-vscode-microprint-test/.git/modules/scripts/packages/URIParser/config	remote.origin.url
2022-10-17T21:32:40.4808823Z Entering 'scripts/packages/URIs'
2022-10-17T21:32:40.4842579Z file:/home/runner/work/julia-vscode-microprint-test/julia-vscode-microprint-test/.git/modules/scripts/packages/URIs/config	remote.origin.url
2022-10-17T21:32:40.5055433Z [command]/usr/bin/git submodule foreach git config --local --add 'url.https://github.com/.insteadOf' 'git@github.com:'
2022-10-17T21:32:40.5280330Z Entering 'libs/jl-profile'
2022-10-17T21:32:40.5303794Z Entering 'scripts/packages-old/JuliaInterpreter'
2022-10-17T21:32:40.5328077Z Entering 'scripts/packages/CSTParser'
2022-10-17T21:32:40.5353078Z Entering 'scripts/packages/CodeTracking'
2022-10-17T21:32:40.5376924Z Entering 'scripts/packages/CommonMark'
2022-10-17T21:32:40.5401811Z Entering 'scripts/packages/Compat'
2022-10-17T21:32:40.5426721Z Entering 'scripts/packages/CoverageTools'
2022-10-17T21:32:40.5450123Z Entering 'scripts/packages/Crayons'
2022-10-17T21:32:40.5475869Z Entering 'scripts/packages/DataStructures'
2022-10-17T21:32:40.5500550Z Entering 'scripts/packages/DebugAdapter'
2022-10-17T21:32:40.5523739Z Entering 'scripts/packages/FilePathsBase'
2022-10-17T21:32:40.5549299Z Entering 'scripts/packages/IJuliaCore'
2022-10-17T21:32:40.5573374Z Entering 'scripts/packages/JSON'
2022-10-17T21:32:40.5597473Z Entering 'scripts/packages/JSONRPC'
2022-10-17T21:32:40.5619807Z Entering 'scripts/packages/JuliaFormatter'
2022-10-17T21:32:40.5645266Z Entering 'scripts/packages/JuliaInterpreter'
2022-10-17T21:32:40.5668262Z Entering 'scripts/packages/LanguageServer'
2022-10-17T21:32:40.5692985Z Entering 'scripts/packages/LoweredCodeUtils'
2022-10-17T21:32:40.5719129Z Entering 'scripts/packages/OrderedCollections'
2022-10-17T21:32:40.5741620Z Entering 'scripts/packages/PackageCompiler'
2022-10-17T21:32:40.5766205Z Entering 'scripts/packages/Revise'
2022-10-17T21:32:40.5789201Z Entering 'scripts/packages/StaticLint'
2022-10-17T21:32:40.5813580Z Entering 'scripts/packages/SymbolServer'
2022-10-17T21:32:40.5837472Z Entering 'scripts/packages/TestEnv'
2022-10-17T21:32:40.5859868Z Entering 'scripts/packages/TestItemDetection'
2022-10-17T21:32:40.5884298Z Entering 'scripts/packages/Tokenize'
2022-10-17T21:32:40.5907356Z Entering 'scripts/packages/URIParser'
2022-10-17T21:32:40.5931918Z Entering 'scripts/packages/URIs'
2022-10-17T21:32:40.5966203Z [command]/usr/bin/git submodule foreach git config --local --add 'url.https://github.com/.insteadOf' 'org-30818940@github.com:'
2022-10-17T21:32:40.6224151Z Entering 'libs/jl-profile'
2022-10-17T21:32:40.6252126Z Entering 'scripts/packages-old/JuliaInterpreter'
2022-10-17T21:32:40.6275303Z Entering 'scripts/packages/CSTParser'
2022-10-17T21:32:40.6298421Z Entering 'scripts/packages/CodeTracking'
2022-10-17T21:32:40.6321398Z Entering 'scripts/packages/CommonMark'
2022-10-17T21:32:40.6344380Z Entering 'scripts/packages/Compat'
2022-10-17T21:32:40.6367708Z Entering 'scripts/packages/CoverageTools'
2022-10-17T21:32:40.6390550Z Entering 'scripts/packages/Crayons'
2022-10-17T21:32:40.6414021Z Entering 'scripts/packages/DataStructures'
2022-10-17T21:32:40.6435829Z Entering 'scripts/packages/DebugAdapter'
2022-10-17T21:32:40.6460212Z Entering 'scripts/packages/FilePathsBase'
2022-10-17T21:32:40.6484412Z Entering 'scripts/packages/IJuliaCore'
2022-10-17T21:32:40.6507685Z Entering 'scripts/packages/JSON'
2022-10-17T21:32:40.6530683Z Entering 'scripts/packages/JSONRPC'
2022-10-17T21:32:40.6553810Z Entering 'scripts/packages/JuliaFormatter'
2022-10-17T21:32:40.6578905Z Entering 'scripts/packages/JuliaInterpreter'
2022-10-17T21:32:40.6602672Z Entering 'scripts/packages/LanguageServer'
2022-10-17T21:32:40.6627084Z Entering 'scripts/packages/LoweredCodeUtils'
2022-10-17T21:32:40.6653116Z Entering 'scripts/packages/OrderedCollections'
2022-10-17T21:32:40.6676236Z Entering 'scripts/packages/PackageCompiler'
2022-10-17T21:32:40.6700838Z Entering 'scripts/packages/Revise'
2022-10-17T21:32:40.6724934Z Entering 'scripts/packages/StaticLint'
2022-10-17T21:32:40.6749234Z Entering 'scripts/packages/SymbolServer'
2022-10-17T21:32:40.6772615Z Entering 'scripts/packages/TestEnv'
2022-10-17T21:32:40.6798114Z Entering 'scripts/packages/TestItemDetection'
2022-10-17T21:32:40.6821257Z Entering 'scripts/packages/Tokenize'
2022-10-17T21:32:40.6844204Z Entering 'scripts/packages/URIParser'
2022-10-17T21:32:40.6867342Z Entering 'scripts/packages/URIs'
2022-10-17T21:32:40.6909973Z ##[endgroup]
2022-10-17T21:32:40.6943403Z [command]/usr/bin/git log -1 --format='%H'
2022-10-17T21:32:40.6975401Z '0a90084c83ea8545c41ea54222dab088948ce417'
2022-10-17T21:32:40.7388132Z ##[group]Run julia-actions/setup-julia@v1
2022-10-17T21:32:40.7388396Z with:
2022-10-17T21:32:40.7388574Z   version: 1.8
2022-10-17T21:32:40.7388781Z   arch: X64
2022-10-17T21:32:40.7388996Z   show-versioninfo: false
2022-10-17T21:32:40.7389190Z env:
2022-10-17T21:32:40.7389375Z   NODE_VERSION: 16
2022-10-17T21:32:40.7389577Z ##[endgroup]
2022-10-17T21:32:42.2040331Z [command]tar xf /home/runner/work/_temp/2cc765de-a98c-4d73-82a7-6eb7dc798980 --strip-components=1 -C julia-x64-1.8.2-r2gEIV
2022-10-17T21:32:48.9520796Z [command]julia --version
2022-10-17T21:32:48.9563191Z (node:2853) [DEP0147] DeprecationWarning: In future versions of Node.js, fs.rmdir(path, { recursive: true }) will be removed. Use fs.rm(path, { recursive: true }) instead
2022-10-17T21:32:48.9563980Z (Use `node --trace-deprecation ...` to show where the warning was created)
2022-10-17T21:32:48.9680125Z julia version 1.8.2
2022-10-17T21:32:48.9919775Z ##[group]Run julia -e 'using InteractiveUtils; versioninfo()'
2022-10-17T21:32:48.9920205Z [36;1mjulia -e 'using InteractiveUtils; versioninfo()'[0m
2022-10-17T21:32:48.9920636Z [36;1mjulia --project=./scripts/environments/languageserver/v1.8 -e 'using Pkg; Pkg.resolve()'[0m
2022-10-17T21:32:48.9921133Z [36;1mjulia --project=./scripts/environments/languageserver/v1.8 -e 'using Pkg; Pkg.test("CSTParser", coverage=true)'[0m
2022-10-17T21:32:48.9921605Z [36;1mjulia --project=./scripts/environments/languageserver/v1.8 -e 'using Pkg; Pkg.test("JSONRPC", coverage=true)'[0m
2022-10-17T21:32:48.9922088Z [36;1mjulia --project=./scripts/environments/languageserver/v1.8 -e 'using Pkg; Pkg.test("LanguageServer", coverage=true)'[0m
2022-10-17T21:32:48.9922577Z [36;1mjulia --project=./scripts/environments/languageserver/v1.8 -e 'using Pkg; Pkg.test("StaticLint", coverage=true)'[0m
2022-10-17T21:32:48.9923088Z [36;1mjulia --project=./scripts/environments/languageserver/v1.8 -e 'using Pkg; Pkg.test("SymbolServer", coverage=true)'[0m
2022-10-17T21:32:48.9923570Z [36;1mjulia --project=./scripts/testenvironments/debugadapter/v1.8 -e 'using Pkg; Pkg.test("DebugAdapter", coverage=true)'[0m
2022-10-17T21:32:48.9924077Z [36;1mjulia --project=./scripts/testenvironments/vscodedebugger/v1.8 -e 'using Pkg; Pkg.test("VSCodeDebugger", coverage=true)'[0m
2022-10-17T21:32:48.9924578Z [36;1mjulia --project=./scripts/testenvironments/vscodeserver/v1.8 -e 'using Pkg; Pkg.test("VSCodeServer", coverage=true)'[0m
2022-10-17T21:32:48.9981496Z shell: /usr/bin/bash --noprofile --norc -e -o pipefail {0}
2022-10-17T21:32:48.9981777Z env:
2022-10-17T21:32:48.9981980Z   NODE_VERSION: 16
2022-10-17T21:32:48.9982176Z ##[endgroup]
2022-10-17T21:32:50.0585763Z Julia Version 1.8.2
2022-10-17T21:32:50.0586649Z Commit 36034abf260 (2022-09-29 15:21 UTC)
2022-10-17T21:32:50.0586989Z Platform Info:
2022-10-17T21:32:50.0645864Z   OS: Linux (x86_64-linux-gnu)
2022-10-17T21:32:50.0741671Z   CPU: 2 × Intel(R) Xeon(R) Platinum 8272CL CPU @ 2.60GHz
2022-10-17T21:32:50.0742578Z   WORD_SIZE: 64
2022-10-17T21:32:50.0743225Z   LIBM: libopenlibm
2022-10-17T21:32:50.0840816Z   LLVM: libLLVM-13.0.1 (ORCJIT, skylake-avx512)
2022-10-17T21:32:50.0841479Z   Threads: 1 on 2 virtual cores
2022-10-17T21:32:51.2637842Z   No Changes to `~/work/julia-vscode-microprint-test/julia-vscode-microprint-test/scripts/environments/languageserver/v1.8/Project.toml`
2022-10-17T21:32:51.2877734Z   No Changes to `~/work/julia-vscode-microprint-test/julia-vscode-microprint-test/scripts/environments/languageserver/v1.8/Manifest.toml`
2022-10-17T21:32:52.1453713Z   Installing known registries into `~/.julia`
2022-10-17T21:32:53.3798726Z      Testing CSTParser
2022-10-17T21:32:54.7797690Z       Status `/tmp/jl_MX7YDO/Project.toml`
2022-10-17T21:32:54.7942558Z   [00ebfdb7] CSTParser v3.3.7-DEV `~/work/julia-vscode-microprint-test/julia-vscode-microprint-test/scripts/packages/CSTParser`
2022-10-17T21:32:54.7943860Z   [0796e94c] Tokenize v0.5.24 `~/work/julia-vscode-microprint-test/julia-vscode-microprint-test/scripts/packages/Tokenize`
2022-10-17T21:32:54.7944458Z   [8dfed614] Test `@stdlib/Test`
2022-10-17T21:32:54.8093973Z       Status `/tmp/jl_MX7YDO/Manifest.toml`
2022-10-17T21:32:54.8118036Z   [00ebfdb7] CSTParser v3.3.7-DEV `~/work/julia-vscode-microprint-test/julia-vscode-microprint-test/scripts/packages/CSTParser`
2022-10-17T21:32:54.8119185Z   [0796e94c] Tokenize v0.5.24 `~/work/julia-vscode-microprint-test/julia-vscode-microprint-test/scripts/packages/Tokenize`
2022-10-17T21:32:54.8119901Z   [2a0f44e3] Base64 `@stdlib/Base64`
2022-10-17T21:32:54.8120667Z   [b77e0a4c] InteractiveUtils `@stdlib/InteractiveUtils`
2022-10-17T21:32:54.8120983Z   [56ddb016] Logging `@stdlib/Logging`
2022-10-17T21:32:54.8121241Z   [d6f4376e] Markdown `@stdlib/Markdown`
2022-10-17T21:32:54.8121490Z   [9a3f8284] Random `@stdlib/Random`
2022-10-17T21:32:54.8121720Z   [ea8e919c] SHA v0.7.0 `@stdlib/SHA`
2022-10-17T21:32:54.8121989Z   [9e88b42a] Serialization `@stdlib/Serialization`
2022-10-17T21:32:54.8122585Z   [8dfed614] Test `@stdlib/Test`
2022-10-17T21:32:55.2027657Z Precompiling project...
2022-10-17T21:32:56.7191765Z [32m  ✓ [39mTokenize
2022-10-17T21:32:59.4424488Z [32m  ✓ [39mCSTParser
2022-10-17T21:32:59.4552698Z   2 dependencies successfully precompiled in 5 seconds
2022-10-17T21:32:59.4553361Z      Testing Running tests...
2022-10-17T21:33:50.2808633Z [ Info: checking check_err_parse against ../docs/make.jl
2022-10-17T21:33:50.4576742Z [ Info: checking check_err_parse against ../src/CSTParser.jl
2022-10-17T21:33:51.6001149Z [ Info: checking check_err_parse against ../src/conversion.jl
2022-10-17T21:33:52.7850288Z [ Info: checking check_err_parse against ../src/display.jl
2022-10-17T21:33:52.8139439Z [ Info: checking check_err_parse against ../src/interface.jl
2022-10-17T21:33:53.9788759Z [ Info: checking check_err_parse against ../src/iterate.jl
2022-10-17T21:33:59.5149941Z [ Info: checking check_err_parse against ../src/lexer.jl
2022-10-17T21:34:00.0672725Z [ Info: checking check_err_parse against ../src/precompile.jl
2022-10-17T21:34:00.5365480Z [ Info: checking check_err_parse against ../src/recovery.jl
2022-10-17T21:34:00.5709978Z [ Info: checking check_err_parse against ../src/spec.jl
2022-10-17T21:34:02.0748740Z [ Info: checking check_err_parse against ../src/utils.jl
2022-10-17T21:34:06.2825518Z [ Info: checking check_err_parse against ../src/components/internals.jl
2022-10-17T21:34:08.7442210Z [ Info: checking check_err_parse against ../src/components/keywords.jl
2022-10-17T21:34:10.9733367Z [ Info: checking check_err_parse against ../src/components/lists.jl
2022-10-17T21:34:12.1875072Z [ Info: checking check_err_parse against ../src/components/operators.jl
2022-10-17T21:34:22.9106024Z [ Info: checking check_err_parse against ../src/components/strings.jl
2022-10-17T21:34:24.8244777Z [ Info: checking check_err_parse against ../test/check_base.jl
2022-10-17T21:34:25.0366044Z [ Info: checking check_err_parse against ../test/display.jl
2022-10-17T21:34:25.0371312Z [ Info: checking check_err_parse against ../test/errparse.jl
2022-10-17T21:34:25.3297418Z [ Info: checking check_err_parse against ../test/interface.jl
2022-10-17T21:34:25.4755329Z [ Info: checking check_err_parse against ../test/iterate.jl
2022-10-17T21:34:35.2957131Z [ Info: checking check_err_parse against ../test/parser.jl
2022-10-17T21:34:54.0885894Z [ Info: checking check_err_parse against ../test/runtests.jl
2022-10-17T21:34:54.0902449Z [ Info: checking check_err_parse against ../test/spec.jl
2022-10-17T21:34:55.3586006Z [ Info: checking check_reparse against ../docs/make.jl
2022-10-17T21:34:55.6080139Z [ Info: checking check_reparse against ../src/CSTParser.jl
2022-10-17T21:34:55.6155580Z [ Info: checking check_reparse against ../src/conversion.jl
2022-10-17T21:34:55.6364076Z [ Info: checking check_reparse against ../src/display.jl
2022-10-17T21:34:55.6377723Z [ Info: checking check_reparse against ../src/interface.jl
2022-10-17T21:34:55.6602954Z [ Info: checking check_reparse against ../src/iterate.jl
2022-10-17T21:34:55.6992143Z [ Info: checking check_reparse against ../src/lexer.jl
2022-10-17T21:34:55.7045853Z [ Info: checking check_reparse against ../src/precompile.jl
2022-10-17T21:34:55.7085621Z [ Info: checking check_reparse against ../src/recovery.jl
2022-10-17T21:34:55.7108724Z [ Info: checking check_reparse against ../src/spec.jl
2022-10-17T21:34:55.7552667Z [ Info: checking check_reparse against ../src/utils.jl
2022-10-17T21:34:55.7841284Z [ Info: checking check_reparse against ../src/components/internals.jl
2022-10-17T21:34:55.8171029Z [ Info: checking check_reparse against ../src/components/keywords.jl
2022-10-17T21:34:55.8294364Z [ Info: checking check_reparse against ../src/components/lists.jl
2022-10-17T21:34:55.8537047Z [ Info: checking check_reparse against ../src/components/operators.jl
2022-10-17T21:34:55.9055527Z [ Info: checking check_reparse against ../src/components/strings.jl
2022-10-17T21:34:55.9396115Z [ Info: checking check_reparse against ../test/check_base.jl
2022-10-17T21:34:55.9466956Z [ Info: checking check_reparse against ../test/display.jl
2022-10-17T21:34:55.9467346Z [ Info: checking check_reparse against ../test/errparse.jl
2022-10-17T21:34:55.9532005Z [ Info: checking check_reparse against ../test/interface.jl
2022-10-17T21:34:55.9622449Z [ Info: checking check_reparse against ../test/iterate.jl
2022-10-17T21:34:55.9875644Z [ Info: checking check_reparse against ../test/parser.jl
2022-10-17T21:34:56.2010622Z [ Info: checking check_reparse against ../test/runtests.jl
2022-10-17T21:34:56.2018517Z [ Info: checking check_reparse against ../test/spec.jl
2022-10-17T21:34:56.2665092Z Test Summary: |  Pass  Broken  Total     Time
2022-10-17T21:34:56.2852568Z CSTParser     | 87076       2  87078  1m56.1s
2022-10-17T21:34:56.3187010Z      Testing CSTParser tests passed 
2022-10-17T21:34:57.8213006Z      Testing JSONRPC
2022-10-17T21:34:59.2739538Z       Status `/tmp/jl_2MauKg/Project.toml`
2022-10-17T21:34:59.2885029Z   [682c06a0] JSON v0.20.1 `~/work/julia-vscode-microprint-test/julia-vscode-microprint-test/scripts/packages/JSON`
2022-10-17T21:34:59.2886531Z   [b9b8584e] JSONRPC v1.3.5-DEV `~/work/julia-vscode-microprint-test/julia-vscode-microprint-test/scripts/packages/JSONRPC`
2022-10-17T21:34:59.2982171Z   [6462fe0b] Sockets `@stdlib/Sockets`
2022-10-17T21:34:59.2982467Z   [8dfed614] Test `@stdlib/Test`
2022-10-17T21:34:59.2982710Z   [cf7118a7] UUIDs `@stdlib/UUIDs`
2022-10-17T21:34:59.3037892Z       Status `/tmp/jl_2MauKg/Manifest.toml`
2022-10-17T21:34:59.3078636Z   [682c06a0] JSON v0.20.1 `~/work/julia-vscode-microprint-test/julia-vscode-microprint-test/scripts/packages/JSON`
2022-10-17T21:34:59.3079350Z   [b9b8584e] JSONRPC v1.3.5-DEV `~/work/julia-vscode-microprint-test/julia-vscode-microprint-test/scripts/packages/JSONRPC`
2022-10-17T21:34:59.3079745Z   [2a0f44e3] Base64 `@stdlib/Base64`
2022-10-17T21:34:59.3079981Z   [ade2ca70] Dates `@stdlib/Dates`
2022-10-17T21:34:59.3080268Z   [b77e0a4c] InteractiveUtils `@stdlib/InteractiveUtils`
2022-10-17T21:34:59.3080576Z   [56ddb016] Logging `@stdlib/Logging`
2022-10-17T21:34:59.3080819Z   [d6f4376e] Markdown `@stdlib/Markdown`
2022-10-17T21:34:59.3081065Z   [a63ad114] Mmap `@stdlib/Mmap`
2022-10-17T21:34:59.3081308Z   [de0858da] Printf `@stdlib/Printf`
2022-10-17T21:34:59.3081857Z   [9a3f8284] Random `@stdlib/Random`
2022-10-17T21:34:59.3082100Z   [ea8e919c] SHA v0.7.0 `@stdlib/SHA`
2022-10-17T21:34:59.3082376Z   [9e88b42a] Serialization `@stdlib/Serialization`
2022-10-17T21:34:59.3082652Z   [6462fe0b] Sockets `@stdlib/Sockets`
2022-10-17T21:34:59.3082880Z   [8dfed614] Test `@stdlib/Test`
2022-10-17T21:34:59.3083117Z   [cf7118a7] UUIDs `@stdlib/UUIDs`
2022-10-17T21:34:59.3083366Z   [4ec0a83e] Unicode `@stdlib/Unicode`
2022-10-17T21:34:59.6894161Z Precompiling project...
2022-10-17T21:35:00.3316699Z [32m  ✓ [39mJSON
2022-10-17T21:35:00.6759661Z [32m  ✓ [39mJSONRPC
2022-10-17T21:35:00.6886997Z   2 dependencies successfully precompiled in 1 seconds
2022-10-17T21:35:00.6887804Z      Testing Running tests...
2022-10-17T21:35:04.6928129Z Test Summary: | Pass  Total  Time
2022-10-17T21:35:04.7101189Z JSONRPC       |   39     39  3.2s
2022-10-17T21:35:04.7200992Z      Testing JSONRPC tests passed 
2022-10-17T21:35:06.2252911Z      Testing LanguageServer
2022-10-17T21:35:08.0842336Z       Status `/tmp/jl_vP3mnH/Project.toml`
2022-10-17T21:35:08.1051671Z   [00ebfdb7] CSTParser v3.3.7-DEV `~/work/julia-vscode-microprint-test/julia-vscode-microprint-test/scripts/packages/CSTParser`
2022-10-17T21:35:08.1052857Z   [682c06a0] JSON v0.20.1 `~/work/julia-vscode-microprint-test/julia-vscode-microprint-test/scripts/packages/JSON`
2022-10-17T21:35:08.1053741Z   [b9b8584e] JSONRPC v1.3.5-DEV `~/work/julia-vscode-microprint-test/julia-vscode-microprint-test/scripts/packages/JSONRPC`
2022-10-17T21:35:08.1054654Z   [98e50ef6] JuliaFormatter v1.0.10 `~/work/julia-vscode-microprint-test/julia-vscode-microprint-test/scripts/packages/JuliaFormatter`
2022-10-17T21:35:08.1055916Z   [2b0e0bc5] LanguageServer v4.3.2-DEV `~/work/julia-vscode-microprint-test/julia-vscode-microprint-test/scripts/packages/LanguageServer`
2022-10-17T21:35:08.1056890Z   [b3cc710f] StaticLint v8.1.1-DEV `~/work/julia-vscode-microprint-test/julia-vscode-microprint-test/scripts/packages/StaticLint`
2022-10-17T21:35:08.1057795Z   [cf896787] SymbolServer v7.2.2-DEV `~/work/julia-vscode-microprint-test/julia-vscode-microprint-test/scripts/packages/SymbolServer`
2022-10-17T21:35:08.1058756Z   [76b0de8b] TestItemDetection v0.1.2-DEV `~/work/julia-vscode-microprint-test/julia-vscode-microprint-test/scripts/packages/TestItemDetection`
2022-10-17T21:35:08.1059312Z   [f8b46487] TestItemRunner v0.2.1
2022-10-17T21:35:08.1060006Z   [0796e94c] Tokenize v0.5.24 `~/work/julia-vscode-microprint-test/julia-vscode-microprint-test/scripts/packages/Tokenize`
2022-10-17T21:35:08.1060878Z   [5c2747f8] URIs v1.4.0 `~/work/julia-vscode-microprint-test/julia-vscode-microprint-test/scripts/packages/URIs`
2022-10-17T21:35:08.1061401Z   [76f85450] LibGit2 `@stdlib/LibGit2`
2022-10-17T21:35:08.1061785Z   [d6f4376e] Markdown `@stdlib/Markdown`
2022-10-17T21:35:08.1062158Z   [44cfe95a] Pkg v1.8.0 `@stdlib/Pkg`
2022-10-17T21:35:08.1062516Z   [3fa0cd96] REPL `@stdlib/REPL`
2022-10-17T21:35:08.1062853Z   [ea8e919c] SHA v0.7.0 `@stdlib/SHA`
2022-10-17T21:35:08.1063250Z   [9e88b42a] Serialization `@stdlib/Serialization`
2022-10-17T21:35:08.1063650Z   [6462fe0b] Sockets `@stdlib/Sockets`
2022-10-17T21:35:08.1064006Z   [8dfed614] Test `@stdlib/Test`
2022-10-17T21:35:08.1064341Z   [cf7118a7] UUIDs `@stdlib/UUIDs`
2022-10-17T21:35:08.1216529Z       Status `/tmp/jl_vP3mnH/Manifest.toml`
2022-10-17T21:35:08.1357499Z   [00ebfdb7] CSTParser v3.3.7-DEV `~/work/julia-vscode-microprint-test/julia-vscode-microprint-test/scripts/packages/CSTParser`
2022-10-17T21:35:08.1358715Z   [a80b9123] CommonMark v0.8.6 `~/work/julia-vscode-microprint-test/julia-vscode-microprint-test/scripts/packages/CommonMark`
2022-10-17T21:35:08.1360400Z   [34da2185] Compat v3.43.0 `~/work/julia-vscode-microprint-test/julia-vscode-microprint-test/scripts/packages/Compat`
2022-10-17T21:35:08.1361188Z   [a8cc5b0e] Crayons v4.0.4 `~/work/julia-vscode-microprint-test/julia-vscode-microprint-test/scripts/packages/Crayons`
2022-10-17T21:35:08.1362001Z   [864edb3b] DataStructures v0.18.13 `~/work/julia-vscode-microprint-test/julia-vscode-microprint-test/scripts/packages/DataStructures`
2022-10-17T21:35:08.1363138Z   [682c06a0] JSON v0.20.1 `~/work/julia-vscode-microprint-test/julia-vscode-microprint-test/scripts/packages/JSON`
2022-10-17T21:35:08.1363893Z   [b9b8584e] JSONRPC v1.3.5-DEV `~/work/julia-vscode-microprint-test/julia-vscode-microprint-test/scripts/packages/JSONRPC`
2022-10-17T21:35:08.1364696Z   [98e50ef6] JuliaFormatter v1.0.10 `~/work/julia-vscode-microprint-test/julia-vscode-microprint-test/scripts/packages/JuliaFormatter`
2022-10-17T21:35:08.1365521Z   [2b0e0bc5] LanguageServer v4.3.2-DEV `~/work/julia-vscode-microprint-test/julia-vscode-microprint-test/scripts/packages/LanguageServer`
2022-10-17T21:35:08.1366382Z   [bac558e1] OrderedCollections v1.4.1 `~/work/julia-vscode-microprint-test/julia-vscode-microprint-test/scripts/packages/OrderedCollections`
2022-10-17T21:35:08.1367187Z   [b3cc710f] StaticLint v8.1.1-DEV `~/work/julia-vscode-microprint-test/julia-vscode-microprint-test/scripts/packages/StaticLint`
2022-10-17T21:35:08.1367994Z   [cf896787] SymbolServer v7.2.2-DEV `~/work/julia-vscode-microprint-test/julia-vscode-microprint-test/scripts/packages/SymbolServer`
2022-10-17T21:35:08.1368833Z   [76b0de8b] TestItemDetection v0.1.2-DEV `~/work/julia-vscode-microprint-test/julia-vscode-microprint-test/scripts/packages/TestItemDetection`
2022-10-17T21:35:08.1369313Z   [f8b46487] TestItemRunner v0.2.1
2022-10-17T21:35:08.1369574Z   [1c621080] TestItems v0.1.0
2022-10-17T21:35:08.1370169Z   [0796e94c] Tokenize v0.5.24 `~/work/julia-vscode-microprint-test/julia-vscode-microprint-test/scripts/packages/Tokenize`
2022-10-17T21:35:08.1370899Z   [5c2747f8] URIs v1.4.0 `~/work/julia-vscode-microprint-test/julia-vscode-microprint-test/scripts/packages/URIs`
2022-10-17T21:35:08.1371440Z   [0dad84c5] ArgTools v1.1.1 `@stdlib/ArgTools`
2022-10-17T21:35:08.1372366Z   [56f22d72] Artifacts `@stdlib/Artifacts`
2022-10-17T21:35:08.1372660Z   [2a0f44e3] Base64 `@stdlib/Base64`
2022-10-17T21:35:08.1372939Z   [ade2ca70] Dates `@stdlib/Dates`
2022-10-17T21:35:08.1373247Z   [8bb1440f] DelimitedFiles `@stdlib/DelimitedFiles`
2022-10-17T21:35:08.1373582Z   [8ba89e20] Distributed `@stdlib/Distributed`
2022-10-17T21:35:08.1373899Z   [f43a241f] Downloads v1.6.0 `@stdlib/Downloads`
2022-10-17T21:35:08.1374220Z   [7b1f6079] FileWatching `@stdlib/FileWatching`
2022-10-17T21:35:08.1374553Z   [b77e0a4c] InteractiveUtils `@stdlib/InteractiveUtils`
2022-10-17T21:35:08.1374886Z   [b27032c2] LibCURL v0.6.3 `@stdlib/LibCURL`
2022-10-17T21:35:08.1375171Z   [76f85450] LibGit2 `@stdlib/LibGit2`
2022-10-17T21:35:08.1375429Z   [8f399da3] Libdl `@stdlib/Libdl`
2022-10-17T21:35:08.1375729Z   [37e2e46d] LinearAlgebra `@stdlib/LinearAlgebra`
2022-10-17T21:35:08.1376033Z   [56ddb016] Logging `@stdlib/Logging`
2022-10-17T21:35:08.1376308Z   [d6f4376e] Markdown `@stdlib/Markdown`
2022-10-17T21:35:08.1376584Z   [a63ad114] Mmap `@stdlib/Mmap`
2022-10-17T21:35:08.1376903Z   [ca575930] NetworkOptions v1.2.0 `@stdlib/NetworkOptions`
2022-10-17T21:35:08.1377205Z   [44cfe95a] Pkg v1.8.0 `@stdlib/Pkg`
2022-10-17T21:35:08.1377487Z   [de0858da] Printf `@stdlib/Printf`
2022-10-17T21:35:08.1377763Z   [3fa0cd96] REPL `@stdlib/REPL`
2022-10-17T21:35:08.1378017Z   [9a3f8284] Random `@stdlib/Random`
2022-10-17T21:35:08.1378285Z   [ea8e919c] SHA v0.7.0 `@stdlib/SHA`
2022-10-17T21:35:08.1378589Z   [9e88b42a] Serialization `@stdlib/Serialization`
2022-10-17T21:35:08.1378905Z   [1a1011a3] SharedArrays `@stdlib/SharedArrays`
2022-10-17T21:35:08.1379202Z   [6462fe0b] Sockets `@stdlib/Sockets`
2022-10-17T21:35:08.1379503Z   [2f01184e] SparseArrays `@stdlib/SparseArrays`
2022-10-17T21:35:08.1379815Z   [10745b16] Statistics `@stdlib/Statistics`
2022-10-17T21:35:08.1380086Z   [fa267f1f] TOML v1.0.0 `@stdlib/TOML`
2022-10-17T21:35:08.1380364Z   [a4e569a6] Tar v1.10.1 `@stdlib/Tar`
2022-10-17T21:35:08.1380633Z   [8dfed614] Test `@stdlib/Test`
2022-10-17T21:35:08.1380889Z   [cf7118a7] UUIDs `@stdlib/UUIDs`
2022-10-17T21:35:08.1381162Z   [4ec0a83e] Unicode `@stdlib/Unicode`
2022-10-17T21:35:08.1381667Z   [e66e0078] CompilerSupportLibraries_jll v0.5.2+0 `@stdlib/CompilerSupportLibraries_jll`
2022-10-17T21:35:08.1382070Z   [deac9b47] LibCURL_jll v7.84.0+0 `@stdlib/LibCURL_jll`
2022-10-17T21:35:08.1382396Z   [29816b5a] LibSSH2_jll v1.10.2+0 `@stdlib/LibSSH2_jll`
2022-10-17T21:35:08.1382727Z   [c8ffd9c3] MbedTLS_jll v2.28.0+0 `@stdlib/MbedTLS_jll`
2022-10-17T21:35:08.1383071Z   [14a3606d] MozillaCACerts_jll v2022.2.1 `@stdlib/MozillaCACerts_jll`
2022-10-17T21:35:08.1383431Z   [4536629a] OpenBLAS_jll v0.3.20+0 `@stdlib/OpenBLAS_jll`
2022-10-17T21:35:08.1383742Z   [83775a58] Zlib_jll v1.2.12+3 `@stdlib/Zlib_jll`
2022-10-17T21:35:08.1384102Z   [8e850b90] libblastrampoline_jll v5.1.1+0 `@stdlib/libblastrampoline_jll`
2022-10-17T21:35:08.1384468Z   [8e850ede] nghttp2_jll v1.48.0+0 `@stdlib/nghttp2_jll`
2022-10-17T21:35:08.1384792Z   [3f19e933] p7zip_jll v17.4.0+0 `@stdlib/p7zip_jll`
2022-10-17T21:35:08.5967953Z Precompiling project...
2022-10-17T21:35:09.3756231Z [32m  ✓ [39mURIs
2022-10-17T21:35:09.4719494Z [32m  ✓ [39m[90mCompat[39m
2022-10-17T21:35:09.6729285Z [32m  ✓ [39m[90mCompilerSupportLibraries_jll[39m
2022-10-17T21:35:10.2212926Z [32m  ✓ [39m[90mOrderedCollections[39m
2022-10-17T21:35:10.2736742Z [32m  ✓ [39m[90mCrayons[39m
2022-10-17T21:35:10.5602978Z [32m  ✓ [39m[90mZlib_jll[39m
2022-10-17T21:35:10.7055250Z [32m  ✓ [39m[90mMbedTLS_jll[39m
2022-10-17T21:35:10.7806276Z [32m  ✓ [39m[90mTestItems[39m
2022-10-17T21:35:11.1447536Z [32m  ✓ [39m[90mOpenBLAS_jll[39m
2022-10-17T21:35:11.2654450Z [32m  ✓ [39mTestItemDetection
2022-10-17T21:35:13.8332520Z [32m  ✓ [39m[90mCommonMark[39m
2022-10-17T21:35:14.0577061Z [32m  ✓ [39m[90mDataStructures[39m
2022-10-17T21:35:14.1867386Z [32m  ✓ [39m[90mLibSSH2_jll[39m
2022-10-17T21:35:14.5572062Z [32m  ✓ [39m[90mlibblastrampoline_jll[39m
2022-10-17T21:35:19.2510600Z [32m  ✓ [39mJuliaFormatter
2022-10-17T21:35:19.5513693Z [32m  ✓ [39mTestItemRunner
2022-10-17T21:35:20.1640540Z [32m  ✓ [39mSymbolServer
2022-10-17T21:35:21.7655255Z [32m  ✓ [39mStaticLint
2022-10-17T21:35:24.8623760Z [32m  ✓ [39mLanguageServer
2022-10-17T21:35:24.8754137Z   19 dependencies successfully precompiled in 17 seconds. 4 already precompiled.
2022-10-17T21:35:24.8754991Z      Testing Running tests...
2022-10-17T21:36:20.5341414Z [ Info: Self-parse test
2022-10-17T21:36:20.5525909Z [ Info: skipping brute-force tests on CI
2022-10-17T21:37:24.5042562Z ERROR: InvalidStateException: Channel is closed.
2022-10-17T21:37:24.5043143Z Stacktrace:
2022-10-17T21:37:24.5057007Z  [1] try_yieldto(undo::typeof(Base.ensure_rescheduled))
2022-10-17T21:37:24.5057935Z    @ Base ./task.jl:871
2022-10-17T21:37:24.5058618Z  [2] wait()
2022-10-17T21:37:24.5058963Z    @ Base ./task.jl:931
2022-10-17T21:37:24.5059642Z  [3] wait(c::Base.GenericCondition{ReentrantLock})
2022-10-17T21:37:24.5060080Z    @ Base ./condition.jl:124
2022-10-17T21:37:24.5060673Z  [4] take_buffered(c::Channel{Any})
2022-10-17T21:37:24.5061049Z    @ Base ./channels.jl:416
2022-10-17T21:37:24.5062855Z  [5] take!
2022-10-17T21:37:24.5063241Z    @ ./channels.jl:410 [inlined]
2022-10-17T21:37:24.5063794Z  [6] get_next_message
2022-10-17T21:37:24.5064822Z    @ ~/work/julia-vscode-microprint-test/julia-vscode-microprint-test/scripts/packages/JSONRPC/src/core.jl:202 [inlined]
2022-10-17T21:37:24.5065569Z  [7] macro expansion
2022-10-17T21:37:24.5075767Z    @ ~/work/julia-vscode-microprint-test/julia-vscode-microprint-test/scripts/packages/LanguageServer/src/languageserverinstance.jl:288 [inlined]
2022-10-17T21:37:24.5083839Z  [8] (::LanguageServer.var"#111#114"{LanguageServer.LanguageServerInstance})()
2022-10-17T21:37:24.5084332Z    @ LanguageServer ./task.jl:484
2022-10-17T21:37:24.5085052Z [ Info: Processing Pkg...
2022-10-17T21:37:24.5093599Z [ Info: Shutting down server instance.
2022-10-17T21:37:25.1933044Z Test Summary: | Pass  Broken  Total     Time
2022-10-17T21:37:25.2182026Z Package       |  400      10    410  1m52.9s
2022-10-17T21:37:25.3104740Z      Testing LanguageServer tests passed 
2022-10-17T21:37:26.9922752Z      Testing StaticLint
2022-10-17T21:37:28.4341075Z       Status `/tmp/jl_By1qiv/Project.toml`
2022-10-17T21:37:28.4510148Z   [00ebfdb7] CSTParser v3.3.7-DEV `~/work/julia-vscode-microprint-test/julia-vscode-microprint-test/scripts/packages/CSTParser`
2022-10-17T21:37:28.4513943Z   [b3cc710f] StaticLint v8.1.1-DEV `~/work/julia-vscode-microprint-test/julia-vscode-microprint-test/scripts/packages/StaticLint`
2022-10-17T21:37:28.4517571Z   [cf896787] SymbolServer v7.2.2-DEV `~/work/julia-vscode-microprint-test/julia-vscode-microprint-test/scripts/packages/SymbolServer`
2022-10-17T21:37:28.4520577Z   [76f85450] LibGit2 `@stdlib/LibGit2`
2022-10-17T21:37:28.4523343Z   [44cfe95a] Pkg v1.8.0 `@stdlib/Pkg`
2022-10-17T21:37:28.4526075Z   [ea8e919c] SHA v0.7.0 `@stdlib/SHA`
2022-10-17T21:37:28.4528803Z   [9e88b42a] Serialization `@stdlib/Serialization`
2022-10-17T21:37:28.4531552Z   [8dfed614] Test `@stdlib/Test`
2022-10-17T21:37:28.4692665Z       Status `/tmp/jl_By1qiv/Manifest.toml`
2022-10-17T21:37:28.4774653Z   [00ebfdb7] CSTParser v3.3.7-DEV `~/work/julia-vscode-microprint-test/julia-vscode-microprint-test/scripts/packages/CSTParser`
2022-10-17T21:37:28.4779023Z   [b3cc710f] StaticLint v8.1.1-DEV `~/work/julia-vscode-microprint-test/julia-vscode-microprint-test/scripts/packages/StaticLint`
2022-10-17T21:37:28.4782504Z   [cf896787] SymbolServer v7.2.2-DEV `~/work/julia-vscode-microprint-test/julia-vscode-microprint-test/scripts/packages/SymbolServer`
2022-10-17T21:37:28.4785818Z   [0796e94c] Tokenize v0.5.24 `~/work/julia-vscode-microprint-test/julia-vscode-microprint-test/scripts/packages/Tokenize`
2022-10-17T21:37:28.4788889Z   [0dad84c5] ArgTools v1.1.1 `@stdlib/ArgTools`
2022-10-17T21:37:28.4791672Z   [56f22d72] Artifacts `@stdlib/Artifacts`
2022-10-17T21:37:28.4794839Z   [2a0f44e3] Base64 `@stdlib/Base64`
2022-10-17T21:37:28.4797790Z   [ade2ca70] Dates `@stdlib/Dates`
2022-10-17T21:37:28.4800628Z   [f43a241f] Downloads v1.6.0 `@stdlib/Downloads`
2022-10-17T21:37:28.4803382Z   [7b1f6079] FileWatching `@stdlib/FileWatching`
2022-10-17T21:37:28.4806168Z   [b77e0a4c] InteractiveUtils `@stdlib/InteractiveUtils`
2022-10-17T21:37:28.4808929Z   [b27032c2] LibCURL v0.6.3 `@stdlib/LibCURL`
2022-10-17T21:37:28.4811684Z   [76f85450] LibGit2 `@stdlib/LibGit2`
2022-10-17T21:37:28.4814416Z   [8f399da3] Libdl `@stdlib/Libdl`
2022-10-17T21:37:28.4817089Z   [56ddb016] Logging `@stdlib/Logging`
2022-10-17T21:37:28.4819781Z   [d6f4376e] Markdown `@stdlib/Markdown`
2022-10-17T21:37:28.4822582Z   [ca575930] NetworkOptions v1.2.0 `@stdlib/NetworkOptions`
2022-10-17T21:37:28.4825335Z   [44cfe95a] Pkg v1.8.0 `@stdlib/Pkg`
2022-10-17T21:37:28.4828020Z   [de0858da] Printf `@stdlib/Printf`
2022-10-17T21:37:28.4830816Z   [3fa0cd96] REPL `@stdlib/REPL`
2022-10-17T21:37:28.4834097Z   [9a3f8284] Random `@stdlib/Random`
2022-10-17T21:37:28.4837459Z   [ea8e919c] SHA v0.7.0 `@stdlib/SHA`
2022-10-17T21:37:28.4840552Z   [9e88b42a] Serialization `@stdlib/Serialization`
2022-10-17T21:37:28.4843578Z   [6462fe0b] Sockets `@stdlib/Sockets`
2022-10-17T21:37:28.4846657Z   [fa267f1f] TOML v1.0.0 `@stdlib/TOML`
2022-10-17T21:37:28.4849754Z   [a4e569a6] Tar v1.10.1 `@stdlib/Tar`
2022-10-17T21:37:28.4852758Z   [8dfed614] Test `@stdlib/Test`
2022-10-17T21:37:28.4855752Z   [cf7118a7] UUIDs `@stdlib/UUIDs`
2022-10-17T21:37:28.4858825Z   [4ec0a83e] Unicode `@stdlib/Unicode`
2022-10-17T21:37:28.4861952Z   [deac9b47] LibCURL_jll v7.84.0+0 `@stdlib/LibCURL_jll`
2022-10-17T21:37:28.4865030Z   [29816b5a] LibSSH2_jll v1.10.2+0 `@stdlib/LibSSH2_jll`
2022-10-17T21:37:28.4868179Z   [c8ffd9c3] MbedTLS_jll v2.28.0+0 `@stdlib/MbedTLS_jll`
2022-10-17T21:37:28.4871334Z   [14a3606d] MozillaCACerts_jll v2022.2.1 `@stdlib/MozillaCACerts_jll`
2022-10-17T21:37:28.4874580Z   [83775a58] Zlib_jll v1.2.12+3 `@stdlib/Zlib_jll`
2022-10-17T21:37:28.4877773Z   [8e850ede] nghttp2_jll v1.48.0+0 `@stdlib/nghttp2_jll`
2022-10-17T21:37:28.4880853Z   [3f19e933] p7zip_jll v17.4.0+0 `@stdlib/p7zip_jll`
2022-10-17T21:37:29.0442443Z      Testing Running tests...
2022-10-17T21:37:48.6332089Z Test Summary: | Pass  Total   Time
2022-10-17T21:37:48.6521773Z StaticLint    |  342    342  17.3s
2022-10-17T21:37:48.6563140Z Test Summary:                             | Pass  Total  Time
2022-10-17T21:37:48.6563521Z add eval method to modules/toplevel scope |    2      2  0.0s
2022-10-17T21:37:48.8039543Z Test Summary: | Pass  Total  Time
2022-10-17T21:37:48.8039882Z reparse       |    3      3  0.1s
2022-10-17T21:37:48.8071377Z Test Summary:               | Pass  Total  Time
2022-10-17T21:37:48.8071713Z duplicate function argument |    1      1  0.0s
2022-10-17T21:37:48.8115940Z Test Summary:       | Pass  Total  Time
2022-10-17T21:37:48.8116266Z type alias bindings |    2      2  0.0s
2022-10-17T21:37:48.8144373Z Test Summary:                       | Pass  Total  Time
2022-10-17T21:37:48.8144748Z :call w/ :parameters traverse order |    1      1  0.0s
2022-10-17T21:37:48.8172390Z Test Summary:                    | Pass  Total  Time
2022-10-17T21:37:48.8172708Z handle shadow bindings on method |    1      1  0.0s
2022-10-17T21:37:48.8251548Z Test Summary:               | Pass  Total  Time
2022-10-17T21:37:48.8251908Z documented symbol resolving |    2      2  0.0s
2022-10-17T21:37:48.9302122Z Test Summary:   | Pass  Total  Time
2022-10-17T21:37:48.9302455Z unused bindings |    6      6  0.1s
2022-10-17T21:37:48.9358160Z Test Summary: | Pass  Total  Time
2022-10-17T21:37:48.9358472Z unwrap sig    |    4      4  0.0s
2022-10-17T21:37:48.9395972Z Test Summary:    | Pass  Total  Time
2022-10-17T21:37:48.9396233Z clear .type refs |    2      2  0.0s
2022-10-17T21:37:48.9431860Z Test Summary:    | Pass  Total  Time
2022-10-17T21:37:48.9432141Z clear .type refs |    2      2  0.0s
2022-10-17T21:37:48.9655925Z Test Summary:         | Pass  Total  Time
2022-10-17T21:37:48.9656705Z type inference by use |    6      6  0.0s
2022-10-17T21:37:48.9820063Z Test Summary:           | Pass  Total  Time
2022-10-17T21:37:48.9820457Z loop iterator inference |    8      8  0.0s
2022-10-17T21:37:48.9850835Z Test Summary:   | Pass  Total  Time
2022-10-17T21:37:48.9851131Z Vector{T} infer |    1      1  0.0s
2022-10-17T21:37:48.9890237Z Test Summary:          | Pass  Total  Time
2022-10-17T21:37:48.9890520Z where type param infer |    2      2  0.0s
2022-10-17T21:37:48.9953289Z Test Summary:          | Pass  Total  Time
2022-10-17T21:37:48.9953598Z where type param infer |    4      4  0.0s
2022-10-17T21:37:49.0086402Z Test Summary: | Pass  Total  Time
2022-10-17T21:37:49.0086731Z softscope     |   12     12  0.0s
2022-10-17T21:37:49.0182154Z Test Summary: | Pass  Total  Time
2022-10-17T21:37:49.0182434Z #1218         |    4      4  0.0s
2022-10-17T21:37:49.0331715Z Test Summary: | Pass  Total  Time
2022-10-17T21:37:49.0332051Z import as ... |    2      2  0.0s
2022-10-17T21:37:49.0365692Z Test Summary: | Pass  Total  Time
2022-10-17T21:37:49.0365980Z #1218         |    1      1  0.0s
2022-10-17T21:37:49.0393030Z Test Summary:             | Pass  Total  Time
2022-10-17T21:37:49.0393363Z macrocall bindings: #2187 |    1      1  0.0s
2022-10-17T21:37:49.0475370Z Test Summary:        | Pass  Total  Time
2022-10-17T21:37:49.0475688Z aliased import: #974 |    2      2  0.0s
2022-10-17T21:37:49.2165580Z Test Summary: | Pass  Total  Time
2022-10-17T21:37:49.2165926Z kwarg refs    |   12     12  0.0s
2022-10-17T21:37:49.3378103Z Test Summary:                | Pass  Total  Time
2022-10-17T21:37:49.3378470Z iteration over 1:length(...) |   15     15  0.1s
2022-10-17T21:37:49.3418588Z Test Summary:                    | Pass  Total  Time
2022-10-17T21:37:49.3418932Z assigned but not used with loops |    2      2  0.0s
2022-10-17T21:37:49.3624353Z      Testing StaticLint tests passed 
2022-10-17T21:37:50.8697707Z      Testing SymbolServer
2022-10-17T21:37:52.2036869Z       Status `/tmp/jl_ATXKOy/Project.toml`
2022-10-17T21:37:52.2196359Z   [cf896787] SymbolServer v7.2.2-DEV `~/work/julia-vscode-microprint-test/julia-vscode-microprint-test/scripts/packages/SymbolServer`
2022-10-17T21:37:52.2196924Z   [b77e0a4c] InteractiveUtils `@stdlib/InteractiveUtils`
2022-10-17T21:37:52.2197625Z   [76f85450] LibGit2 `@stdlib/LibGit2`
2022-10-17T21:37:52.2197900Z   [d6f4376e] Markdown `@stdlib/Markdown`
2022-10-17T21:37:52.2198191Z   [44cfe95a] Pkg v1.8.0 `@stdlib/Pkg`
2022-10-17T21:37:52.2198480Z   [3fa0cd96] REPL `@stdlib/REPL`
2022-10-17T21:37:52.2198739Z   [ea8e919c] SHA v0.7.0 `@stdlib/SHA`
2022-10-17T21:37:52.2199054Z   [9e88b42a] Serialization `@stdlib/Serialization`
2022-10-17T21:37:52.2199365Z   [6462fe0b] Sockets `@stdlib/Sockets`
2022-10-17T21:37:52.2199638Z   [8dfed614] Test `@stdlib/Test`
2022-10-17T21:37:52.2199895Z   [cf7118a7] UUIDs `@stdlib/UUIDs`
2022-10-17T21:37:52.2360809Z       Status `/tmp/jl_ATXKOy/Manifest.toml`
2022-10-17T21:37:52.2435740Z   [cf896787] SymbolServer v7.2.2-DEV `~/work/julia-vscode-microprint-test/julia-vscode-microprint-test/scripts/packages/SymbolServer`
2022-10-17T21:37:52.2436295Z   [0dad84c5] ArgTools v1.1.1 `@stdlib/ArgTools`
2022-10-17T21:37:52.2436598Z   [56f22d72] Artifacts `@stdlib/Artifacts`
2022-10-17T21:37:52.2436899Z   [2a0f44e3] Base64 `@stdlib/Base64`
2022-10-17T21:37:52.2437180Z   [ade2ca70] Dates `@stdlib/Dates`
2022-10-17T21:37:52.2437469Z   [f43a241f] Downloads v1.6.0 `@stdlib/Downloads`
2022-10-17T21:37:52.2437796Z   [7b1f6079] FileWatching `@stdlib/FileWatching`
2022-10-17T21:37:52.2438147Z   [b77e0a4c] InteractiveUtils `@stdlib/InteractiveUtils`
2022-10-17T21:37:52.2438468Z   [b27032c2] LibCURL v0.6.3 `@stdlib/LibCURL`
2022-10-17T21:37:52.2438753Z   [76f85450] LibGit2 `@stdlib/LibGit2`
2022-10-17T21:37:52.2439029Z   [8f399da3] Libdl `@stdlib/Libdl`
2022-10-17T21:37:52.2439292Z   [56ddb016] Logging `@stdlib/Logging`
2022-10-17T21:37:52.2439579Z   [d6f4376e] Markdown `@stdlib/Markdown`
2022-10-17T21:37:52.2439908Z   [ca575930] NetworkOptions v1.2.0 `@stdlib/NetworkOptions`
2022-10-17T21:37:52.2440541Z   [44cfe95a] Pkg v1.8.0 `@stdlib/Pkg`
2022-10-17T21:37:52.2440852Z   [de0858da] Printf `@stdlib/Printf`
2022-10-17T21:37:52.2441129Z   [3fa0cd96] REPL `@stdlib/REPL`
2022-10-17T21:37:52.2441386Z   [9a3f8284] Random `@stdlib/Random`
2022-10-17T21:37:52.2441668Z   [ea8e919c] SHA v0.7.0 `@stdlib/SHA`
2022-10-17T21:37:52.2441984Z   [9e88b42a] Serialization `@stdlib/Serialization`
2022-10-17T21:37:52.2442294Z   [6462fe0b] Sockets `@stdlib/Sockets`
2022-10-17T21:37:52.2442557Z   [fa267f1f] TOML v1.0.0 `@stdlib/TOML`
2022-10-17T21:37:52.2442832Z   [a4e569a6] Tar v1.10.1 `@stdlib/Tar`
2022-10-17T21:37:52.2443099Z   [8dfed614] Test `@stdlib/Test`
2022-10-17T21:37:52.2443354Z   [cf7118a7] UUIDs `@stdlib/UUIDs`
2022-10-17T21:37:52.2443629Z   [4ec0a83e] Unicode `@stdlib/Unicode`
2022-10-17T21:37:52.2443941Z   [deac9b47] LibCURL_jll v7.84.0+0 `@stdlib/LibCURL_jll`
2022-10-17T21:37:52.2444253Z   [29816b5a] LibSSH2_jll v1.10.2+0 `@stdlib/LibSSH2_jll`
2022-10-17T21:37:52.2444583Z   [c8ffd9c3] MbedTLS_jll v2.28.0+0 `@stdlib/MbedTLS_jll`
2022-10-17T21:37:52.2444947Z   [14a3606d] MozillaCACerts_jll v2022.2.1 `@stdlib/MozillaCACerts_jll`
2022-10-17T21:37:52.2445279Z   [83775a58] Zlib_jll v1.2.12+3 `@stdlib/Zlib_jll`
2022-10-17T21:37:52.2445607Z   [8e850ede] nghttp2_jll v1.48.0+0 `@stdlib/nghttp2_jll`
2022-10-17T21:37:52.2445932Z   [3f19e933] p7zip_jll v17.4.0+0 `@stdlib/p7zip_jll`
2022-10-17T21:37:52.7889370Z      Testing Running tests...
2022-10-17T21:38:01.9141316Z ┌ Warning: The active manifest file is an older format with no julia version entry. Dependencies may have been resolved with a different julia version.
2022-10-17T21:38:01.9142461Z └ @ /tmp/jl_Gta4Db/Manifest.toml:0
2022-10-17T21:38:02.2142421Z    Installed IteratorInterfaceExtensions ─ v1.0.0
2022-10-17T21:38:02.7049982Z Precompiling project...
2022-10-17T21:38:02.9690617Z [32m  ✓ [39mIteratorInterfaceExtensions
2022-10-17T21:38:02.9814807Z   1 dependency successfully precompiled in 1 seconds
2022-10-17T21:38:02.9815907Z   [91m1[39m dependency errored. To see a full report either run `import Pkg; Pkg.precompile()` or load the package
2022-10-17T21:38:15.3409598Z ┌ Warning: TableTraits not stored on disc
2022-10-17T21:38:15.3410700Z └ @ SymbolServer ~/work/julia-vscode-microprint-test/julia-vscode-microprint-test/scripts/packages/SymbolServer/src/SymbolServer.jl:247
2022-10-17T21:38:15.4132029Z Test Summary: | Pass  Total   Time
2022-10-17T21:38:15.4302073Z SymbolServer  | 8054   8054  20.4s
2022-10-17T21:38:15.9327465Z Test Summary: | Pass  Total  Time
2022-10-17T21:38:15.9328142Z TypeofVararg  |   30     30  0.4s
2022-10-17T21:38:16.0140067Z Test Summary: | Pass  Total  Time
2022-10-17T21:38:16.0140745Z Pipe names    |    3      3  0.1s
2022-10-17T21:38:16.0169186Z Test Summary: | Pass  Total  Time
2022-10-17T21:38:16.0169768Z Intrinsics`   |    1      1  0.0s
2022-10-17T21:38:16.0320070Z      Testing SymbolServer tests passed 
2022-10-17T21:38:17.5405088Z      Testing DebugAdapter
2022-10-17T21:38:19.0274852Z       Status `/tmp/jl_Lo7f7F/Project.toml`
2022-10-17T21:38:19.0432746Z   [17994d07] DebugAdapter v1.0.1-DEV `~/work/julia-vscode-microprint-test/julia-vscode-microprint-test/scripts/packages/DebugAdapter`
2022-10-17T21:38:19.0434009Z   [682c06a0] JSON v0.20.1 `~/work/julia-vscode-microprint-test/julia-vscode-microprint-test/scripts/packages/JSON`
2022-10-17T21:38:19.0526387Z   [b9b8584e] JSONRPC v1.3.5-DEV `~/work/julia-vscode-microprint-test/julia-vscode-microprint-test/scripts/packages/JSONRPC`
2022-10-17T21:38:19.0527154Z   [aa1ae85d] JuliaInterpreter v0.9.15 `~/work/julia-vscode-microprint-test/julia-vscode-microprint-test/scripts/packages/JuliaInterpreter`
2022-10-17T21:38:19.0527579Z   [2a0f44e3] Base64 `@stdlib/Base64`
2022-10-17T21:38:19.0527815Z   [6462fe0b] Sockets `@stdlib/Sockets`
2022-10-17T21:38:19.0528060Z   [8dfed614] Test `@stdlib/Test`
2022-10-17T21:38:19.0528300Z   [cf7118a7] UUIDs `@stdlib/UUIDs`
2022-10-17T21:38:19.0585072Z       Status `/tmp/jl_Lo7f7F/Manifest.toml`
2022-10-17T21:38:19.0636066Z   [da1fd8a2] CodeTracking v1.1.0 `~/work/julia-vscode-microprint-test/julia-vscode-microprint-test/scripts/packages/CodeTracking`
2022-10-17T21:38:19.0636845Z   [17994d07] DebugAdapter v1.0.1-DEV `~/work/julia-vscode-microprint-test/julia-vscode-microprint-test/scripts/packages/DebugAdapter`
2022-10-17T21:38:19.0637540Z   [682c06a0] JSON v0.20.1 `~/work/julia-vscode-microprint-test/julia-vscode-microprint-test/scripts/packages/JSON`
2022-10-17T21:38:19.0638208Z   [b9b8584e] JSONRPC v1.3.5-DEV `~/work/julia-vscode-microprint-test/julia-vscode-microprint-test/scripts/packages/JSONRPC`
2022-10-17T21:38:19.0638914Z   [aa1ae85d] JuliaInterpreter v0.9.15 `~/work/julia-vscode-microprint-test/julia-vscode-microprint-test/scripts/packages/JuliaInterpreter`
2022-10-17T21:38:19.0639334Z   [2a0f44e3] Base64 `@stdlib/Base64`
2022-10-17T21:38:19.0639584Z   [ade2ca70] Dates `@stdlib/Dates`
2022-10-17T21:38:19.0639858Z   [b77e0a4c] InteractiveUtils `@stdlib/InteractiveUtils`
2022-10-17T21:38:19.0640142Z   [56ddb016] Logging `@stdlib/Logging`
2022-10-17T21:38:19.0640398Z   [d6f4376e] Markdown `@stdlib/Markdown`
2022-10-17T21:38:19.0640632Z   [a63ad114] Mmap `@stdlib/Mmap`
2022-10-17T21:38:19.0640876Z   [de0858da] Printf `@stdlib/Printf`
2022-10-17T21:38:19.0641119Z   [9a3f8284] Random `@stdlib/Random`
2022-10-17T21:38:19.0641351Z   [ea8e919c] SHA v0.7.0 `@stdlib/SHA`
2022-10-17T21:38:19.0641622Z   [9e88b42a] Serialization `@stdlib/Serialization`
2022-10-17T21:38:19.0641892Z   [6462fe0b] Sockets `@stdlib/Sockets`
2022-10-17T21:38:19.0642130Z   [8dfed614] Test `@stdlib/Test`
2022-10-17T21:38:19.0642351Z   [cf7118a7] UUIDs `@stdlib/UUIDs`
2022-10-17T21:38:19.0642592Z   [4ec0a83e] Unicode `@stdlib/Unicode`
2022-10-17T21:38:19.5149041Z Precompiling project...
2022-10-17T21:38:20.0557082Z [32m  ✓ [39m[90mCodeTracking[39m
2022-10-17T21:38:24.6650885Z [32m  ✓ [39mJuliaInterpreter
2022-10-17T21:38:25.9631090Z [32m  ✓ [39mDebugAdapter
2022-10-17T21:38:25.9757595Z   3 dependencies successfully precompiled in 7 seconds. 2 already precompiled.
2022-10-17T21:38:25.9758429Z      Testing Running tests...
2022-10-17T21:38:26.5846496Z Test Summary: |Time
2022-10-17T21:38:26.6013173Z DebugAdapter  | None  0.0s
2022-10-17T21:38:26.6098216Z      Testing DebugAdapter tests passed 
2022-10-17T21:38:28.0788862Z      Testing VSCodeDebugger
2022-10-17T21:38:29.3366802Z       Status `/tmp/jl_ydrPv8/Project.toml`
2022-10-17T21:38:29.3391123Z   [a80fdaa1] VSCodeDebugger v0.1.0 `~/work/julia-vscode-microprint-test/julia-vscode-microprint-test/scripts/packages/VSCodeDebugger`
2022-10-17T21:38:29.3392014Z   [2a0f44e3] Base64 `@stdlib/Base64`
2022-10-17T21:38:29.3392549Z   [ade2ca70] Dates `@stdlib/Dates`
2022-10-17T21:38:29.3394953Z   [b77e0a4c] InteractiveUtils `@stdlib/InteractiveUtils`
2022-10-17T21:38:29.3395423Z   [a63ad114] Mmap `@stdlib/Mmap`
2022-10-17T21:38:29.3395862Z   [3fa0cd96] REPL `@stdlib/REPL`
2022-10-17T21:38:29.3396297Z   [9a3f8284] Random `@stdlib/Random`
2022-10-17T21:38:29.3396738Z   [6462fe0b] Sockets `@stdlib/Sockets`
2022-10-17T21:38:29.3397201Z   [8dfed614] Test `@stdlib/Test`
2022-10-17T21:38:29.3397769Z   [cf7118a7] UUIDs `@stdlib/UUIDs`
2022-10-17T21:38:29.3398578Z   [4ec0a83e] Unicode `@stdlib/Unicode`
2022-10-17T21:38:29.3543154Z       Status `/tmp/jl_ydrPv8/Manifest.toml`
2022-10-17T21:38:29.3576245Z   [a80fdaa1] VSCodeDebugger v0.1.0 `~/work/julia-vscode-microprint-test/julia-vscode-microprint-test/scripts/packages/VSCodeDebugger`
2022-10-17T21:38:29.3577064Z   [2a0f44e3] Base64 `@stdlib/Base64`
2022-10-17T21:38:29.3579156Z   [ade2ca70] Dates `@stdlib/Dates`
2022-10-17T21:38:29.3579640Z   [b77e0a4c] InteractiveUtils `@stdlib/InteractiveUtils`
2022-10-17T21:38:29.3580102Z   [56ddb016] Logging `@stdlib/Logging`
2022-10-17T21:38:29.3580662Z   [d6f4376e] Markdown `@stdlib/Markdown`
2022-10-17T21:38:29.3581391Z   [a63ad114] Mmap `@stdlib/Mmap`
2022-10-17T21:38:29.3581682Z   [de0858da] Printf `@stdlib/Printf`
2022-10-17T21:38:29.3581923Z   [3fa0cd96] REPL `@stdlib/REPL`
2022-10-17T21:38:29.3582209Z   [9a3f8284] Random `@stdlib/Random`
2022-10-17T21:38:29.3593453Z   [ea8e919c] SHA v0.7.0 `@stdlib/SHA`
2022-10-17T21:38:29.3593862Z   [9e88b42a] Serialization `@stdlib/Serialization`
2022-10-17T21:38:29.3594169Z   [6462fe0b] Sockets `@stdlib/Sockets`
2022-10-17T21:38:29.3594613Z   [8dfed614] Test `@stdlib/Test`
2022-10-17T21:38:29.3594903Z   [cf7118a7] UUIDs `@stdlib/UUIDs`
2022-10-17T21:38:29.3595175Z   [4ec0a83e] Unicode `@stdlib/Unicode`
2022-10-17T21:38:29.8151525Z Precompiling project...
2022-10-17T21:38:36.2111076Z [32m  ✓ [39mVSCodeDebugger
2022-10-17T21:38:36.2246629Z   1 dependency successfully precompiled in 7 seconds
2022-10-17T21:38:36.2247318Z      Testing Running tests...
2022-10-17T21:38:36.5853745Z Test Summary:  |Time
2022-10-17T21:38:36.6025621Z VSCodeDebugger | None  0.0s
2022-10-17T21:38:36.6107999Z      Testing VSCodeDebugger tests passed 
2022-10-17T21:38:38.1285349Z      Testing VSCodeServer
2022-10-17T21:38:39.5235537Z       Status `/tmp/jl_x4V4lc/Project.toml`
2022-10-17T21:38:39.5268632Z   [9f5989ce] VSCodeServer v0.0.0 `~/work/julia-vscode-microprint-test/julia-vscode-microprint-test/scripts/packages/VSCodeServer`
2022-10-17T21:38:39.5269508Z   [2a0f44e3] Base64 `@stdlib/Base64`
2022-10-17T21:38:39.5270127Z   [ade2ca70] Dates `@stdlib/Dates`
2022-10-17T21:38:39.5271066Z   [b77e0a4c] InteractiveUtils `@stdlib/InteractiveUtils`
2022-10-17T21:38:39.5271419Z   [56ddb016] Logging `@stdlib/Logging`
2022-10-17T21:38:39.5271668Z   [d6f4376e] Markdown `@stdlib/Markdown`
2022-10-17T21:38:39.5271922Z   [a63ad114] Mmap `@stdlib/Mmap`
2022-10-17T21:38:39.5272168Z   [44cfe95a] Pkg v1.8.0 `@stdlib/Pkg`
2022-10-17T21:38:39.5272409Z   [de0858da] Printf `@stdlib/Printf`
2022-10-17T21:38:39.5272663Z   [9abbd945] Profile `@stdlib/Profile`
2022-10-17T21:38:39.5272982Z   [3fa0cd96] REPL `@stdlib/REPL`
2022-10-17T21:38:39.5273223Z   [9a3f8284] Random `@stdlib/Random`
2022-10-17T21:38:39.5273464Z   [6462fe0b] Sockets `@stdlib/Sockets`
2022-10-17T21:38:39.5274881Z   [8dfed614] Test `@stdlib/Test`
2022-10-17T21:38:39.5275384Z   [cf7118a7] UUIDs `@stdlib/UUIDs`
2022-10-17T21:38:39.5276281Z   [4ec0a83e] Unicode `@stdlib/Unicode`
2022-10-17T21:38:39.5428497Z       Status `/tmp/jl_x4V4lc/Manifest.toml`
2022-10-17T21:38:39.5499230Z   [9f5989ce] VSCodeServer v0.0.0 `~/work/julia-vscode-microprint-test/julia-vscode-microprint-test/scripts/packages/VSCodeServer`
2022-10-17T21:38:39.5500536Z   [0dad84c5] ArgTools v1.1.1 `@stdlib/ArgTools`
2022-10-17T21:38:39.5501110Z   [56f22d72] Artifacts `@stdlib/Artifacts`
2022-10-17T21:38:39.5503731Z   [2a0f44e3] Base64 `@stdlib/Base64`
2022-10-17T21:38:39.5504170Z   [ade2ca70] Dates `@stdlib/Dates`
2022-10-17T21:38:39.5506956Z   [f43a241f] Downloads v1.6.0 `@stdlib/Downloads`
2022-10-17T21:38:39.5507439Z   [7b1f6079] FileWatching `@stdlib/FileWatching`
2022-10-17T21:38:39.5510943Z   [b77e0a4c] InteractiveUtils `@stdlib/InteractiveUtils`
2022-10-17T21:38:39.5511432Z   [b27032c2] LibCURL v0.6.3 `@stdlib/LibCURL`
2022-10-17T21:38:39.5515174Z   [76f85450] LibGit2 `@stdlib/LibGit2`
2022-10-17T21:38:39.5515713Z   [8f399da3] Libdl `@stdlib/Libdl`
2022-10-17T21:38:39.5519242Z   [56ddb016] Logging `@stdlib/Logging`
2022-10-17T21:38:39.5519831Z   [d6f4376e] Markdown `@stdlib/Markdown`
2022-10-17T21:38:39.5520475Z   [a63ad114] Mmap `@stdlib/Mmap`
2022-10-17T21:38:39.5521126Z   [ca575930] NetworkOptions v1.2.0 `@stdlib/NetworkOptions`
2022-10-17T21:38:39.5521745Z   [44cfe95a] Pkg v1.8.0 `@stdlib/Pkg`
2022-10-17T21:38:39.5522527Z   [de0858da] Printf `@stdlib/Printf`
2022-10-17T21:38:39.5523076Z   [9abbd945] Profile `@stdlib/Profile`
2022-10-17T21:38:39.5523574Z   [3fa0cd96] REPL `@stdlib/REPL`
2022-10-17T21:38:39.5573859Z   [9a3f8284] Random `@stdlib/Random`
2022-10-17T21:38:39.5574145Z   [ea8e919c] SHA v0.7.0 `@stdlib/SHA`
2022-10-17T21:38:39.5574495Z   [9e88b42a] Serialization `@stdlib/Serialization`
2022-10-17T21:38:39.5574845Z   [6462fe0b] Sockets `@stdlib/Sockets`
2022-10-17T21:38:39.5575130Z   [fa267f1f] TOML v1.0.0 `@stdlib/TOML`
2022-10-17T21:38:39.5575476Z   [a4e569a6] Tar v1.10.1 `@stdlib/Tar`
2022-10-17T21:38:39.5575976Z   [8dfed614] Test `@stdlib/Test`
2022-10-17T21:38:39.5576245Z   [cf7118a7] UUIDs `@stdlib/UUIDs`
2022-10-17T21:38:39.5576579Z   [4ec0a83e] Unicode `@stdlib/Unicode`
2022-10-17T21:38:39.5576933Z   [deac9b47] LibCURL_jll v7.84.0+0 `@stdlib/LibCURL_jll`
2022-10-17T21:38:39.5577335Z   [29816b5a] LibSSH2_jll v1.10.2+0 `@stdlib/LibSSH2_jll`
2022-10-17T21:38:39.5577648Z   [c8ffd9c3] MbedTLS_jll v2.28.0+0 `@stdlib/MbedTLS_jll`
2022-10-17T21:38:39.5578051Z   [14a3606d] MozillaCACerts_jll v2022.2.1 `@stdlib/MozillaCACerts_jll`
2022-10-17T21:38:39.5578426Z   [83775a58] Zlib_jll v1.2.12+3 `@stdlib/Zlib_jll`
2022-10-17T21:38:39.5578734Z   [8e850ede] nghttp2_jll v1.48.0+0 `@stdlib/nghttp2_jll`
2022-10-17T21:38:39.5579123Z   [3f19e933] p7zip_jll v17.4.0+0 `@stdlib/p7zip_jll`
2022-10-17T21:38:39.9367245Z Precompiling project...
2022-10-17T21:38:48.0555534Z [32m  ✓ [39mVSCodeServer
2022-10-17T21:38:48.0684333Z   1 dependency successfully precompiled in 9 seconds. 3 already precompiled.
2022-10-17T21:38:48.0684876Z      Testing Running tests...
2022-10-17T21:38:48.4361744Z Test Summary: |Time
2022-10-17T21:38:48.4544189Z VSCodeServer  | None  0.0s
2022-10-17T21:38:48.4619789Z      Testing VSCodeServer tests passed 
2022-10-17T21:38:48.4796963Z Post job cleanup.
2022-10-17T21:38:48.6080681Z [command]/usr/bin/git version
2022-10-17T21:38:48.6131698Z git version 2.37.3
2022-10-17T21:38:48.6171003Z Temporarily overriding HOME='/home/runner/work/_temp/070e7db5-ab86-47d7-bcec-262b15b94063' before making global git config changes
2022-10-17T21:38:48.6172056Z Adding repository directory to the temporary git global config as a safe directory
2022-10-17T21:38:48.6177628Z [command]/usr/bin/git config --global --add safe.directory /home/runner/work/julia-vscode-microprint-test/julia-vscode-microprint-test
2022-10-17T21:38:48.6223522Z [command]/usr/bin/git config --local --name-only --get-regexp core\.sshCommand
2022-10-17T21:38:48.6261583Z [command]/usr/bin/git submodule foreach --recursive git config --local --name-only --get-regexp 'core\.sshCommand' && git config --local --unset-all 'core.sshCommand' || :
2022-10-17T21:38:48.6492628Z Entering 'libs/jl-profile'
2022-10-17T21:38:48.6528414Z Entering 'scripts/packages-old/JuliaInterpreter'
2022-10-17T21:38:48.6566234Z Entering 'scripts/packages/CSTParser'
2022-10-17T21:38:48.6605069Z Entering 'scripts/packages/CodeTracking'
2022-10-17T21:38:48.6643796Z Entering 'scripts/packages/CommonMark'
2022-10-17T21:38:48.6680326Z Entering 'scripts/packages/Compat'
2022-10-17T21:38:48.6720637Z Entering 'scripts/packages/CoverageTools'
2022-10-17T21:38:48.6757941Z Entering 'scripts/packages/Crayons'
2022-10-17T21:38:48.6795645Z Entering 'scripts/packages/DataStructures'
2022-10-17T21:38:48.6835950Z Entering 'scripts/packages/DebugAdapter'
2022-10-17T21:38:48.6874970Z Entering 'scripts/packages/FilePathsBase'
2022-10-17T21:38:48.6914031Z Entering 'scripts/packages/IJuliaCore'
2022-10-17T21:38:48.6953243Z Entering 'scripts/packages/JSON'
2022-10-17T21:38:48.6992826Z Entering 'scripts/packages/JSONRPC'
2022-10-17T21:38:48.7032136Z Entering 'scripts/packages/JuliaFormatter'
2022-10-17T21:38:48.7072521Z Entering 'scripts/packages/JuliaInterpreter'
2022-10-17T21:38:48.7111086Z Entering 'scripts/packages/LanguageServer'
2022-10-17T21:38:48.7149177Z Entering 'scripts/packages/LoweredCodeUtils'
2022-10-17T21:38:48.7186484Z Entering 'scripts/packages/OrderedCollections'
2022-10-17T21:38:48.7223050Z Entering 'scripts/packages/PackageCompiler'
2022-10-17T21:38:48.7260158Z Entering 'scripts/packages/Revise'
2022-10-17T21:38:48.7297853Z Entering 'scripts/packages/StaticLint'
2022-10-17T21:38:48.7334634Z Entering 'scripts/packages/SymbolServer'
2022-10-17T21:38:48.7372562Z Entering 'scripts/packages/TestEnv'
2022-10-17T21:38:48.7410519Z Entering 'scripts/packages/TestItemDetection'
2022-10-17T21:38:48.7447178Z Entering 'scripts/packages/Tokenize'
2022-10-17T21:38:48.7486426Z Entering 'scripts/packages/URIParser'
2022-10-17T21:38:48.7523333Z Entering 'scripts/packages/URIs'
2022-10-17T21:38:48.7572834Z [command]/usr/bin/git config --local --name-only --get-regexp http\.https\:\/\/github\.com\/\.extraheader
2022-10-17T21:38:48.7605450Z http.https://github.com/.extraheader
2022-10-17T21:38:48.7614895Z [command]/usr/bin/git config --local --unset-all http.https://github.com/.extraheader
2022-10-17T21:38:48.7656244Z [command]/usr/bin/git submodule foreach --recursive git config --local --name-only --get-regexp 'http\.https\:\/\/github\.com\/\.extraheader' && git config --local --unset-all 'http.https://github.com/.extraheader' || :
2022-10-17T21:38:48.7880666Z Entering 'libs/jl-profile'
2022-10-17T21:38:48.7899719Z http.https://github.com/.extraheader
2022-10-17T21:38:48.7934707Z Entering 'scripts/packages-old/JuliaInterpreter'
2022-10-17T21:38:48.7954794Z http.https://github.com/.extraheader
2022-10-17T21:38:48.7989119Z Entering 'scripts/packages/CSTParser'
2022-10-17T21:38:48.8009068Z http.https://github.com/.extraheader
2022-10-17T21:38:48.8043211Z Entering 'scripts/packages/CodeTracking'
2022-10-17T21:38:48.8062799Z http.https://github.com/.extraheader
2022-10-17T21:38:48.8097014Z Entering 'scripts/packages/CommonMark'
2022-10-17T21:38:48.8116830Z http.https://github.com/.extraheader
2022-10-17T21:38:48.8151378Z Entering 'scripts/packages/Compat'
2022-10-17T21:38:48.8171381Z http.https://github.com/.extraheader
2022-10-17T21:38:48.8205692Z Entering 'scripts/packages/CoverageTools'
2022-10-17T21:38:48.8225350Z http.https://github.com/.extraheader
2022-10-17T21:38:48.8259337Z Entering 'scripts/packages/Crayons'
2022-10-17T21:38:48.8279292Z http.https://github.com/.extraheader
2022-10-17T21:38:48.8313244Z Entering 'scripts/packages/DataStructures'
2022-10-17T21:38:48.8335339Z http.https://github.com/.extraheader
2022-10-17T21:38:48.8368231Z Entering 'scripts/packages/DebugAdapter'
2022-10-17T21:38:48.8387879Z http.https://github.com/.extraheader
2022-10-17T21:38:48.8420672Z Entering 'scripts/packages/FilePathsBase'
2022-10-17T21:38:48.8440711Z http.https://github.com/.extraheader
2022-10-17T21:38:48.8473562Z Entering 'scripts/packages/IJuliaCore'
2022-10-17T21:38:48.8493694Z http.https://github.com/.extraheader
2022-10-17T21:38:48.8526941Z Entering 'scripts/packages/JSON'
2022-10-17T21:38:48.8546900Z http.https://github.com/.extraheader
2022-10-17T21:38:48.8579522Z Entering 'scripts/packages/JSONRPC'
2022-10-17T21:38:48.8602384Z http.https://github.com/.extraheader
2022-10-17T21:38:48.8635732Z Entering 'scripts/packages/JuliaFormatter'
2022-10-17T21:38:48.8656282Z http.https://github.com/.extraheader
2022-10-17T21:38:48.8690614Z Entering 'scripts/packages/JuliaInterpreter'
2022-10-17T21:38:48.8711069Z http.https://github.com/.extraheader
2022-10-17T21:38:48.8744658Z Entering 'scripts/packages/LanguageServer'
2022-10-17T21:38:48.8766387Z http.https://github.com/.extraheader
2022-10-17T21:38:48.8799823Z Entering 'scripts/packages/LoweredCodeUtils'
2022-10-17T21:38:48.8820359Z http.https://github.com/.extraheader
2022-10-17T21:38:48.8854343Z Entering 'scripts/packages/OrderedCollections'
2022-10-17T21:38:48.8875036Z http.https://github.com/.extraheader
2022-10-17T21:38:48.8908943Z Entering 'scripts/packages/PackageCompiler'
2022-10-17T21:38:48.8930480Z http.https://github.com/.extraheader
2022-10-17T21:38:48.8964285Z Entering 'scripts/packages/Revise'
2022-10-17T21:38:48.8984941Z http.https://github.com/.extraheader
2022-10-17T21:38:48.9019689Z Entering 'scripts/packages/StaticLint'
2022-10-17T21:38:48.9040556Z http.https://github.com/.extraheader
2022-10-17T21:38:48.9075223Z Entering 'scripts/packages/SymbolServer'
2022-10-17T21:38:48.9095919Z http.https://github.com/.extraheader
2022-10-17T21:38:48.9130707Z Entering 'scripts/packages/TestEnv'
2022-10-17T21:38:48.9151317Z http.https://github.com/.extraheader
2022-10-17T21:38:48.9184956Z Entering 'scripts/packages/TestItemDetection'
2022-10-17T21:38:48.9206384Z http.https://github.com/.extraheader
2022-10-17T21:38:48.9240839Z Entering 'scripts/packages/Tokenize'
2022-10-17T21:38:48.9261830Z http.https://github.com/.extraheader
2022-10-17T21:38:48.9296304Z Entering 'scripts/packages/URIParser'
2022-10-17T21:38:48.9316930Z http.https://github.com/.extraheader
2022-10-17T21:38:48.9349496Z Entering 'scripts/packages/URIs'
2022-10-17T21:38:48.9370884Z http.https://github.com/.extraheader
2022-10-17T21:38:48.9683548Z Cleaning up orphan processes
