2022-10-17T21:32:07.6681608Z Requested labels: windows-latest
2022-10-17T21:32:07.6681651Z Job defined at: AlphaSteam/julia-vscode-microprint-test/.github/workflows/main.yml@refs/heads/master
2022-10-17T21:32:07.6681669Z Waiting for a runner to pick up this job...
2022-10-17T21:32:08.4918692Z Job is waiting for a hosted runner to come online.
2022-10-17T21:32:33.4015742Z Job is about to start running on the hosted runner: GitHub Actions 8 (hosted)
2022-10-17T21:32:42.6454575Z Current runner version: '2.298.2'
2022-10-17T21:32:42.6488985Z ##[group]Operating System
2022-10-17T21:32:42.6489615Z Microsoft Windows Server 2022
2022-10-17T21:32:42.6489926Z 10.0.20348
2022-10-17T21:32:42.6490297Z Datacenter
2022-10-17T21:32:42.6490632Z ##[endgroup]
2022-10-17T21:32:42.6490939Z ##[group]Runner Image
2022-10-17T21:32:42.6491349Z Image: windows-2022
2022-10-17T21:32:42.6491697Z Version: 20221012.4
2022-10-17T21:32:42.6492345Z Included Software: https://github.com/actions/runner-images/blob/win22/20221012.4/images/win/Windows2022-Readme.md
2022-10-17T21:32:42.6493030Z Image Release: https://github.com/actions/runner-images/releases/tag/win22%2F20221012.4
2022-10-17T21:32:42.6493527Z ##[endgroup]
2022-10-17T21:32:42.6493923Z ##[group]Runner Image Provisioner
2022-10-17T21:32:42.6494250Z 2.0.78.1
2022-10-17T21:32:42.6494607Z ##[endgroup]
2022-10-17T21:32:42.6495783Z ##[group]GITHUB_TOKEN Permissions
2022-10-17T21:32:42.6496470Z Actions: write
2022-10-17T21:32:42.6497002Z Checks: write
2022-10-17T21:32:42.6497379Z Contents: write
2022-10-17T21:32:42.6497765Z Deployments: write
2022-10-17T21:32:42.6498186Z Discussions: write
2022-10-17T21:32:42.6498514Z Issues: write
2022-10-17T21:32:42.6498834Z Metadata: read
2022-10-17T21:32:42.6499115Z Packages: write
2022-10-17T21:32:42.6499475Z Pages: write
2022-10-17T21:32:42.6499850Z PullRequests: write
2022-10-17T21:32:42.6500201Z RepositoryProjects: write
2022-10-17T21:32:42.6500587Z SecurityEvents: write
2022-10-17T21:32:42.6500950Z Statuses: write
2022-10-17T21:32:42.6501227Z ##[endgroup]
2022-10-17T21:32:42.6505559Z Secret source: Actions
2022-10-17T21:32:42.6506224Z Prepare workflow directory
2022-10-17T21:32:42.8295450Z Prepare all required actions
2022-10-17T21:32:42.8629485Z Getting action download info
2022-10-17T21:32:43.1459397Z Download action repository 'actions/checkout@v2' (SHA:e2f20e631ae6d7dd3b768f56a5d2af784dd54791)
2022-10-17T21:32:43.6488492Z Download action repository 'julia-actions/setup-julia@v1' (SHA:e802804276a3d8bda6eeb8ec5c3a250216f9687b)
2022-10-17T21:32:44.8150003Z ##[group]Run actions/checkout@v2
2022-10-17T21:32:44.8150460Z with:
2022-10-17T21:32:44.8150693Z   submodules: true
2022-10-17T21:32:44.8151070Z   repository: AlphaSteam/julia-vscode-microprint-test
2022-10-17T21:32:44.8151786Z   token: ***
2022-10-17T21:32:44.8152039Z   ssh-strict: true
2022-10-17T21:32:44.8152317Z   persist-credentials: true
2022-10-17T21:32:44.8152597Z   clean: true
2022-10-17T21:32:44.8152842Z   fetch-depth: 1
2022-10-17T21:32:44.8153074Z   lfs: false
2022-10-17T21:32:44.8153337Z   set-safe-directory: true
2022-10-17T21:32:44.8153602Z env:
2022-10-17T21:32:44.8153812Z   NODE_VERSION: 16
2022-10-17T21:32:44.8154054Z ##[endgroup]
2022-10-17T21:32:56.8793429Z Syncing repository: AlphaSteam/julia-vscode-microprint-test
2022-10-17T21:32:56.8956879Z ##[group]Getting Git version info
2022-10-17T21:32:56.8958099Z Working directory is 'D:\a\julia-vscode-microprint-test\julia-vscode-microprint-test'
2022-10-17T21:32:56.9313761Z [command]"C:\Program Files\Git\bin\git.exe" version
2022-10-17T21:32:57.6241319Z git version 2.37.3.windows.1
2022-10-17T21:32:57.6306385Z ##[endgroup]
2022-10-17T21:32:57.6331348Z Temporarily overriding HOME='D:\a\_temp\8d09d7ef-5e78-4e92-ac18-b342f06d1275' before making global git config changes
2022-10-17T21:32:57.6332235Z Adding repository directory to the temporary git global config as a safe directory
2022-10-17T21:32:57.6341188Z [command]"C:\Program Files\Git\bin\git.exe" config --global --add safe.directory D:\a\julia-vscode-microprint-test\julia-vscode-microprint-test
2022-10-17T21:32:57.7270098Z Deleting the contents of 'D:\a\julia-vscode-microprint-test\julia-vscode-microprint-test'
2022-10-17T21:32:57.7279604Z ##[group]Initializing the repository
2022-10-17T21:32:57.7293878Z [command]"C:\Program Files\Git\bin\git.exe" init D:\a\julia-vscode-microprint-test\julia-vscode-microprint-test
2022-10-17T21:32:57.8338880Z Initialized empty Git repository in D:/a/julia-vscode-microprint-test/julia-vscode-microprint-test/.git/
2022-10-17T21:32:57.8387591Z [command]"C:\Program Files\Git\bin\git.exe" remote add origin https://github.com/AlphaSteam/julia-vscode-microprint-test
2022-10-17T21:32:57.8992009Z ##[endgroup]
2022-10-17T21:32:57.9003561Z ##[group]Disabling automatic garbage collection
2022-10-17T21:32:57.9007171Z [command]"C:\Program Files\Git\bin\git.exe" config --local gc.auto 0
2022-10-17T21:32:57.9279298Z ##[endgroup]
2022-10-17T21:32:57.9280163Z ##[group]Setting up auth
2022-10-17T21:32:57.9317016Z [command]"C:\Program Files\Git\bin\git.exe" config --local --name-only --get-regexp core\.sshCommand
2022-10-17T21:32:57.9567686Z [command]"C:\Program Files\Git\bin\git.exe" submodule foreach --recursive "git config --local --name-only --get-regexp 'core\.sshCommand' && git config --local --unset-all 'core.sshCommand' || :"
2022-10-17T21:33:00.2350569Z [command]"C:\Program Files\Git\bin\git.exe" config --local --name-only --get-regexp http\.https\:\/\/github\.com\/\.extraheader
2022-10-17T21:33:00.2623771Z [command]"C:\Program Files\Git\bin\git.exe" submodule foreach --recursive "git config --local --name-only --get-regexp 'http\.https\:\/\/github\.com\/\.extraheader' && git config --local --unset-all 'http.https://github.com/.extraheader' || :"
2022-10-17T21:33:01.1003445Z [command]"C:\Program Files\Git\bin\git.exe" config --local http.https://github.com/.extraheader "AUTHORIZATION: basic ***"
2022-10-17T21:33:01.1300742Z ##[endgroup]
2022-10-17T21:33:01.1301359Z ##[group]Fetching the repository
2022-10-17T21:33:01.1327016Z [command]"C:\Program Files\Git\bin\git.exe" -c protocol.version=2 fetch --no-tags --prune --progress --no-recurse-submodules --depth=1 origin +0a90084c83ea8545c41ea54222dab088948ce417:refs/remotes/origin/master
2022-10-17T21:33:06.1325129Z remote: Enumerating objects: 360, done.        
2022-10-17T21:33:06.1325668Z remote: Counting objects:   0% (1/360)        
2022-10-17T21:33:06.1326000Z remote: Counting objects:   1% (4/360)        
2022-10-17T21:33:06.1327788Z remote: Counting objects:   2% (8/360)        
2022-10-17T21:33:06.1328161Z remote: Counting objects:   3% (11/360)        
2022-10-17T21:33:06.1328612Z remote: Counting objects:   4% (15/360)        
2022-10-17T21:33:06.1328933Z remote: Counting objects:   5% (18/360)        
2022-10-17T21:33:06.1329226Z remote: Counting objects:   6% (22/360)        
2022-10-17T21:33:06.1329537Z remote: Counting objects:   7% (26/360)        
2022-10-17T21:33:06.1329851Z remote: Counting objects:   8% (29/360)        
2022-10-17T21:33:06.1330141Z remote: Counting objects:   9% (33/360)        
2022-10-17T21:33:06.1330460Z remote: Counting objects:  10% (36/360)        
2022-10-17T21:33:06.1330763Z remote: Counting objects:  11% (40/360)        
2022-10-17T21:33:06.1331068Z remote: Counting objects:  12% (44/360)        
2022-10-17T21:33:06.1331389Z remote: Counting objects:  13% (47/360)        
2022-10-17T21:33:06.1331716Z remote: Counting objects:  14% (51/360)        
2022-10-17T21:33:06.1332043Z remote: Counting objects:  15% (54/360)        
2022-10-17T21:33:06.1335169Z remote: Counting objects:  16% (58/360)        
2022-10-17T21:33:06.1335654Z remote: Counting objects:  17% (62/360)        
2022-10-17T21:33:06.1336118Z remote: Counting objects:  18% (65/360)        
2022-10-17T21:33:06.1336554Z remote: Counting objects:  19% (69/360)        
2022-10-17T21:33:06.1336994Z remote: Counting objects:  20% (72/360)        
2022-10-17T21:33:06.1337432Z remote: Counting objects:  21% (76/360)        
2022-10-17T21:33:06.1337888Z remote: Counting objects:  22% (80/360)        
2022-10-17T21:33:06.1338325Z remote: Counting objects:  23% (83/360)        
2022-10-17T21:33:06.1338737Z remote: Counting objects:  24% (87/360)        
2022-10-17T21:33:06.1339199Z remote: Counting objects:  25% (90/360)        
2022-10-17T21:33:06.1339642Z remote: Counting objects:  26% (94/360)        
2022-10-17T21:33:06.1340059Z remote: Counting objects:  27% (98/360)        
2022-10-17T21:33:06.1343535Z remote: Counting objects:  28% (101/360)        
2022-10-17T21:33:06.1345055Z remote: Counting objects:  29% (105/360)        
2022-10-17T21:33:06.1345515Z remote: Counting objects:  30% (108/360)        
2022-10-17T21:33:06.1345936Z remote: Counting objects:  31% (112/360)        
2022-10-17T21:33:06.1346378Z remote: Counting objects:  32% (116/360)        
2022-10-17T21:33:06.1346824Z remote: Counting objects:  33% (119/360)        
2022-10-17T21:33:06.1347264Z remote: Counting objects:  34% (123/360)        
2022-10-17T21:33:06.1347681Z remote: Counting objects:  35% (126/360)        
2022-10-17T21:33:06.1348110Z remote: Counting objects:  36% (130/360)        
2022-10-17T21:33:06.1348543Z remote: Counting objects:  37% (134/360)        
2022-10-17T21:33:06.1348957Z remote: Counting objects:  38% (137/360)        
2022-10-17T21:33:06.1349392Z remote: Counting objects:  39% (141/360)        
2022-10-17T21:33:06.1349826Z remote: Counting objects:  40% (144/360)        
2022-10-17T21:33:06.1350270Z remote: Counting objects:  41% (148/360)        
2022-10-17T21:33:06.1350682Z remote: Counting objects:  42% (152/360)        
2022-10-17T21:33:06.1351112Z remote: Counting objects:  43% (155/360)        
2022-10-17T21:33:06.1351585Z remote: Counting objects:  44% (159/360)        
2022-10-17T21:33:06.1352003Z remote: Counting objects:  45% (162/360)        
2022-10-17T21:33:06.1352436Z remote: Counting objects:  46% (166/360)        
2022-10-17T21:33:06.1353034Z remote: Counting objects:  47% (170/360)        
2022-10-17T21:33:06.1353454Z remote: Counting objects:  48% (173/360)        
2022-10-17T21:33:06.1353869Z remote: Counting objects:  49% (177/360)        
2022-10-17T21:33:06.1354281Z remote: Counting objects:  50% (180/360)        
2022-10-17T21:33:06.1354671Z remote: Counting objects:  51% (184/360)        
2022-10-17T21:33:06.1355085Z remote: Counting objects:  52% (188/360)        
2022-10-17T21:33:06.1355870Z remote: Counting objects:  53% (191/360)        
2022-10-17T21:33:06.1357130Z remote: Counting objects:  54% (195/360)        
2022-10-17T21:33:06.1357627Z remote: Counting objects:  55% (198/360)        
2022-10-17T21:33:06.1358043Z remote: Counting objects:  56% (202/360)        
2022-10-17T21:33:06.1358474Z remote: Counting objects:  57% (206/360)        
2022-10-17T21:33:06.1358984Z remote: Counting objects:  58% (209/360)        
2022-10-17T21:33:06.1359385Z remote: Counting objects:  59% (213/360)        
2022-10-17T21:33:06.1359803Z remote: Counting objects:  60% (216/360)        
2022-10-17T21:33:06.1360223Z remote: Counting objects:  61% (220/360)        
2022-10-17T21:33:06.1360644Z remote: Counting objects:  62% (224/360)        
2022-10-17T21:33:06.1361043Z remote: Counting objects:  63% (227/360)        
2022-10-17T21:33:06.1361479Z remote: Counting objects:  64% (231/360)        
2022-10-17T21:33:06.1361900Z remote: Counting objects:  65% (234/360)        
2022-10-17T21:33:06.1362321Z remote: Counting objects:  66% (238/360)        
2022-10-17T21:33:06.1362747Z remote: Counting objects:  67% (242/360)        
2022-10-17T21:33:06.1363174Z remote: Counting objects:  68% (245/360)        
2022-10-17T21:33:06.1363592Z remote: Counting objects:  69% (249/360)        
2022-10-17T21:33:06.1364006Z remote: Counting objects:  70% (252/360)        
2022-10-17T21:33:06.1364396Z remote: Counting objects:  71% (256/360)        
2022-10-17T21:33:06.1364814Z remote: Counting objects:  72% (260/360)        
2022-10-17T21:33:06.1365237Z remote: Counting objects:  73% (263/360)        
2022-10-17T21:33:06.1365654Z remote: Counting objects:  74% (267/360)        
2022-10-17T21:33:06.1366052Z remote: Counting objects:  75% (270/360)        
2022-10-17T21:33:06.1366362Z remote: Counting objects:  76% (274/360)        
2022-10-17T21:33:06.1366697Z remote: Counting objects:  77% (278/360)        
2022-10-17T21:33:06.1367004Z remote: Counting objects:  78% (281/360)        
2022-10-17T21:33:06.1367293Z remote: Counting objects:  79% (285/360)        
2022-10-17T21:33:06.1367719Z remote: Counting objects:  80% (288/360)        
2022-10-17T21:33:06.1368028Z remote: Counting objects:  81% (292/360)        
2022-10-17T21:33:06.1368316Z remote: Counting objects:  82% (296/360)        
2022-10-17T21:33:06.1368626Z remote: Counting objects:  83% (299/360)        
2022-10-17T21:33:06.1368943Z remote: Counting objects:  84% (303/360)        
2022-10-17T21:33:06.1369234Z remote: Counting objects:  85% (306/360)        
2022-10-17T21:33:06.1369547Z remote: Counting objects:  86% (310/360)        
2022-10-17T21:33:06.1369851Z remote: Counting objects:  87% (314/360)        
2022-10-17T21:33:06.1370157Z remote: Counting objects:  88% (317/360)        
2022-10-17T21:33:06.1370442Z remote: Counting objects:  89% (321/360)        
2022-10-17T21:33:06.1370747Z remote: Counting objects:  90% (324/360)        
2022-10-17T21:33:06.1371057Z remote: Counting objects:  91% (328/360)        
2022-10-17T21:33:06.1371337Z remote: Counting objects:  92% (332/360)        
2022-10-17T21:33:06.1371648Z remote: Counting objects:  93% (335/360)        
2022-10-17T21:33:06.1371952Z remote: Counting objects:  94% (339/360)        
2022-10-17T21:33:06.1372242Z remote: Counting objects:  95% (342/360)        
2022-10-17T21:33:06.1372550Z remote: Counting objects:  96% (346/360)        
2022-10-17T21:33:06.1372858Z remote: Counting objects:  97% (350/360)        
2022-10-17T21:33:06.1373173Z remote: Counting objects:  98% (353/360)        
2022-10-17T21:33:06.1373457Z remote: Counting objects:  99% (357/360)        
2022-10-17T21:33:06.1373769Z remote: Counting objects: 100% (360/360)        
2022-10-17T21:33:06.1374099Z remote: Counting objects: 100% (360/360), done.        
2022-10-17T21:33:06.1374431Z remote: Compressing objects:   0% (1/303)        
2022-10-17T21:33:06.1374770Z remote: Compressing objects:   1% (4/303)        
2022-10-17T21:33:06.1375303Z remote: Compressing objects:   2% (7/303)        
2022-10-17T21:33:06.1408524Z remote: Compressing objects:   3% (10/303)        
2022-10-17T21:33:06.1409173Z remote: Compressing objects:   4% (13/303)        
2022-10-17T21:33:06.1416061Z remote: Compressing objects:   5% (16/303)        
2022-10-17T21:33:06.1416636Z remote: Compressing objects:   6% (19/303)        
2022-10-17T21:33:06.1421356Z remote: Compressing objects:   7% (22/303)        
2022-10-17T21:33:06.1432188Z remote: Compressing objects:   8% (25/303)        
2022-10-17T21:33:06.1435270Z remote: Compressing objects:   9% (28/303)        
2022-10-17T21:33:06.1454121Z remote: Compressing objects:  10% (31/303)        
2022-10-17T21:33:06.1476469Z remote: Compressing objects:  11% (34/303)        
2022-10-17T21:33:06.1498067Z remote: Compressing objects:  12% (37/303)        
2022-10-17T21:33:06.1535791Z remote: Compressing objects:  13% (40/303)        
2022-10-17T21:33:06.1578260Z remote: Compressing objects:  14% (43/303)        
2022-10-17T21:33:06.1609380Z remote: Compressing objects:  15% (46/303)        
2022-10-17T21:33:06.1624716Z remote: Compressing objects:  16% (49/303)        
2022-10-17T21:33:06.1625487Z remote: Compressing objects:  17% (52/303)        
2022-10-17T21:33:06.1625947Z remote: Compressing objects:  18% (55/303)        
2022-10-17T21:33:06.1626308Z remote: Compressing objects:  19% (58/303)        
2022-10-17T21:33:06.1722472Z remote: Compressing objects:  20% (61/303)        
2022-10-17T21:33:06.1722837Z remote: Compressing objects:  21% (64/303)        
2022-10-17T21:33:06.1723181Z remote: Compressing objects:  22% (67/303)        
2022-10-17T21:33:06.2589827Z remote: Compressing objects:  23% (70/303)        
2022-10-17T21:33:06.3149571Z remote: Compressing objects:  24% (73/303)        
2022-10-17T21:33:06.3156549Z remote: Compressing objects:  25% (76/303)        
2022-10-17T21:33:06.3171373Z remote: Compressing objects:  26% (79/303)        
2022-10-17T21:33:06.3176042Z remote: Compressing objects:  27% (82/303)        
2022-10-17T21:33:06.3176667Z remote: Compressing objects:  28% (85/303)        
2022-10-17T21:33:06.3177396Z remote: Compressing objects:  29% (88/303)        
2022-10-17T21:33:06.3191841Z remote: Compressing objects:  30% (91/303)        
2022-10-17T21:33:06.3192346Z remote: Compressing objects:  31% (94/303)        
2022-10-17T21:33:06.3192843Z remote: Compressing objects:  32% (97/303)        
2022-10-17T21:33:06.3193327Z remote: Compressing objects:  33% (100/303)        
2022-10-17T21:33:06.3193785Z remote: Compressing objects:  34% (104/303)        
2022-10-17T21:33:06.3202172Z remote: Compressing objects:  35% (107/303)        
2022-10-17T21:33:06.3202686Z remote: Compressing objects:  36% (110/303)        
2022-10-17T21:33:06.3203190Z remote: Compressing objects:  37% (113/303)        
2022-10-17T21:33:06.3203641Z remote: Compressing objects:  38% (116/303)        
2022-10-17T21:33:06.3215721Z remote: Compressing objects:  39% (119/303)        
2022-10-17T21:33:06.3216353Z remote: Compressing objects:  40% (122/303)        
2022-10-17T21:33:06.3227485Z remote: Compressing objects:  41% (125/303)        
2022-10-17T21:33:06.3269339Z remote: Compressing objects:  42% (128/303)        
2022-10-17T21:33:06.3285104Z remote: Compressing objects:  43% (131/303)        
2022-10-17T21:33:06.3288330Z remote: Compressing objects:  44% (134/303)        
2022-10-17T21:33:06.3288870Z remote: Compressing objects:  45% (137/303)        
2022-10-17T21:33:06.3289311Z remote: Compressing objects:  46% (140/303)        
2022-10-17T21:33:06.3289802Z remote: Compressing objects:  47% (143/303)        
2022-10-17T21:33:06.3290250Z remote: Compressing objects:  48% (146/303)        
2022-10-17T21:33:06.3290696Z remote: Compressing objects:  49% (149/303)        
2022-10-17T21:33:06.3291175Z remote: Compressing objects:  50% (152/303)        
2022-10-17T21:33:06.3291625Z remote: Compressing objects:  51% (155/303)        
2022-10-17T21:33:06.3292064Z remote: Compressing objects:  52% (158/303)        
2022-10-17T21:33:06.3294473Z remote: Compressing objects:  53% (161/303)        
2022-10-17T21:33:06.3295282Z remote: Compressing objects:  54% (164/303)        
2022-10-17T21:33:06.3295750Z remote: Compressing objects:  55% (167/303)        
2022-10-17T21:33:06.3296198Z remote: Compressing objects:  56% (170/303)        
2022-10-17T21:33:06.3296639Z remote: Compressing objects:  57% (173/303)        
2022-10-17T21:33:06.3297055Z remote: Compressing objects:  58% (176/303)        
2022-10-17T21:33:06.3297501Z remote: Compressing objects:  59% (179/303)        
2022-10-17T21:33:06.3297944Z remote: Compressing objects:  60% (182/303)        
2022-10-17T21:33:06.3298362Z remote: Compressing objects:  61% (185/303)        
2022-10-17T21:33:06.3298847Z remote: Compressing objects:  62% (188/303)        
2022-10-17T21:33:06.3313853Z remote: Compressing objects:  63% (191/303)        
2022-10-17T21:33:06.3314352Z remote: Compressing objects:  64% (194/303)        
2022-10-17T21:33:06.3314845Z remote: Compressing objects:  65% (197/303)        
2022-10-17T21:33:06.3315320Z remote: Compressing objects:  66% (200/303)        
2022-10-17T21:33:06.3315786Z remote: Compressing objects:  67% (204/303)        
2022-10-17T21:33:06.3316207Z remote: Compressing objects:  68% (207/303)        
2022-10-17T21:33:06.3316649Z remote: Compressing objects:  69% (210/303)        
2022-10-17T21:33:06.3317097Z remote: Compressing objects:  70% (213/303)        
2022-10-17T21:33:06.3317540Z remote: Compressing objects:  71% (216/303)        
2022-10-17T21:33:06.3317956Z remote: Compressing objects:  72% (219/303)        
2022-10-17T21:33:06.3318406Z remote: Compressing objects:  73% (222/303)        
2022-10-17T21:33:06.3318845Z remote: Compressing objects:  74% (225/303)        
2022-10-17T21:33:06.3324023Z remote: Compressing objects:  75% (228/303)        
2022-10-17T21:33:06.3324481Z remote: Compressing objects:  76% (231/303)        
2022-10-17T21:33:06.3324955Z remote: Compressing objects:  77% (234/303)        
2022-10-17T21:33:06.3325424Z remote: Compressing objects:  78% (237/303)        
2022-10-17T21:33:06.3326699Z remote: Compressing objects:  79% (240/303)        
2022-10-17T21:33:06.3327338Z remote: Compressing objects:  80% (243/303)        
2022-10-17T21:33:06.3328206Z remote: Compressing objects:  81% (246/303)        
2022-10-17T21:33:06.3328619Z remote: Compressing objects:  82% (249/303)        
2022-10-17T21:33:06.3328958Z remote: Compressing objects:  83% (252/303)        
2022-10-17T21:33:06.3329276Z remote: Compressing objects:  84% (255/303)        
2022-10-17T21:33:06.3329611Z remote: Compressing objects:  85% (258/303)        
2022-10-17T21:33:06.3329947Z remote: Compressing objects:  86% (261/303)        
2022-10-17T21:33:06.3330279Z remote: Compressing objects:  87% (264/303)        
2022-10-17T21:33:06.3330584Z remote: Compressing objects:  88% (267/303)        
2022-10-17T21:33:06.3330911Z remote: Compressing objects:  89% (270/303)        
2022-10-17T21:33:06.3331239Z remote: Compressing objects:  90% (273/303)        
2022-10-17T21:33:06.3331545Z remote: Compressing objects:  91% (276/303)        
2022-10-17T21:33:06.3331941Z remote: Compressing objects:  92% (279/303)        
2022-10-17T21:33:06.3332272Z remote: Compressing objects:  93% (282/303)        
2022-10-17T21:33:06.3332579Z remote: Compressing objects:  94% (285/303)        
2022-10-17T21:33:06.3332907Z remote: Compressing objects:  95% (288/303)        
2022-10-17T21:33:06.3333232Z remote: Compressing objects:  96% (291/303)        
2022-10-17T21:33:06.3333559Z remote: Compressing objects:  97% (294/303)        
2022-10-17T21:33:06.3333862Z remote: Compressing objects:  98% (297/303)        
2022-10-17T21:33:06.3334188Z remote: Compressing objects:  99% (300/303)        
2022-10-17T21:33:06.3334513Z remote: Compressing objects: 100% (303/303)        
2022-10-17T21:33:06.3334835Z remote: Compressing objects: 100% (303/303), done.        
2022-10-17T21:33:06.4651757Z Receiving objects:   0% (1/360)
2022-10-17T21:33:06.4652118Z Receiving objects:   1% (4/360)
2022-10-17T21:33:06.4661371Z Receiving objects:   2% (8/360)
2022-10-17T21:33:06.4662590Z Receiving objects:   3% (11/360)
2022-10-17T21:33:06.4677894Z Receiving objects:   4% (15/360)
2022-10-17T21:33:06.4678433Z Receiving objects:   5% (18/360)
2022-10-17T21:33:06.4683430Z Receiving objects:   6% (22/360)
2022-10-17T21:33:06.4683880Z Receiving objects:   7% (26/360)
2022-10-17T21:33:06.4697900Z Receiving objects:   8% (29/360)
2022-10-17T21:33:06.4714233Z Receiving objects:   9% (33/360)
2022-10-17T21:33:06.4856603Z Receiving objects:  10% (36/360)
2022-10-17T21:33:06.4892288Z Receiving objects:  11% (40/360)
2022-10-17T21:33:06.4899681Z Receiving objects:  12% (44/360)
2022-10-17T21:33:06.4926863Z Receiving objects:  13% (47/360)
2022-10-17T21:33:06.4951137Z Receiving objects:  14% (51/360)
2022-10-17T21:33:06.4959946Z Receiving objects:  15% (54/360)
2022-10-17T21:33:06.4973610Z Receiving objects:  16% (58/360)
2022-10-17T21:33:06.4989015Z Receiving objects:  17% (62/360)
2022-10-17T21:33:06.5018341Z Receiving objects:  18% (65/360)
2022-10-17T21:33:06.5033510Z Receiving objects:  19% (69/360)
2022-10-17T21:33:06.5050744Z Receiving objects:  20% (72/360)
2022-10-17T21:33:06.5084755Z Receiving objects:  21% (76/360)
2022-10-17T21:33:06.5100951Z Receiving objects:  22% (80/360)
2022-10-17T21:33:06.5114665Z Receiving objects:  23% (83/360)
2022-10-17T21:33:06.5125640Z Receiving objects:  24% (87/360)
2022-10-17T21:33:06.5136267Z Receiving objects:  25% (90/360)
2022-10-17T21:33:06.5148396Z Receiving objects:  26% (94/360)
2022-10-17T21:33:06.5152091Z Receiving objects:  27% (98/360)
2022-10-17T21:33:06.5160167Z Receiving objects:  28% (101/360)
2022-10-17T21:33:06.5161296Z Receiving objects:  29% (105/360)
2022-10-17T21:33:06.5172602Z Receiving objects:  30% (108/360)
2022-10-17T21:33:06.5184670Z Receiving objects:  31% (112/360)
2022-10-17T21:33:06.5686871Z Receiving objects:  32% (116/360)
2022-10-17T21:33:06.5747138Z Receiving objects:  33% (119/360)
2022-10-17T21:33:06.5886455Z Receiving objects:  34% (123/360)
2022-10-17T21:33:06.5917511Z Receiving objects:  35% (126/360)
2022-10-17T21:33:06.5985580Z Receiving objects:  36% (130/360)
2022-10-17T21:33:06.5988944Z Receiving objects:  37% (134/360)
2022-10-17T21:33:06.6036424Z Receiving objects:  38% (137/360)
2022-10-17T21:33:06.6092779Z Receiving objects:  39% (141/360)
2022-10-17T21:33:06.6099135Z Receiving objects:  40% (144/360)
2022-10-17T21:33:06.6104241Z Receiving objects:  41% (148/360)
2022-10-17T21:33:06.6104966Z Receiving objects:  42% (152/360)
2022-10-17T21:33:06.6105300Z Receiving objects:  43% (155/360)
2022-10-17T21:33:06.6106501Z Receiving objects:  44% (159/360)
2022-10-17T21:33:06.6107947Z Receiving objects:  45% (162/360)
2022-10-17T21:33:06.6109219Z Receiving objects:  46% (166/360)
2022-10-17T21:33:06.6109574Z Receiving objects:  47% (170/360)
2022-10-17T21:33:06.6109922Z Receiving objects:  48% (173/360)
2022-10-17T21:33:06.6110260Z Receiving objects:  49% (177/360)
2022-10-17T21:33:06.6110580Z Receiving objects:  50% (180/360)
2022-10-17T21:33:06.6113146Z Receiving objects:  51% (184/360)
2022-10-17T21:33:06.6113499Z Receiving objects:  52% (188/360)
2022-10-17T21:33:06.6113812Z Receiving objects:  53% (191/360)
2022-10-17T21:33:06.6114160Z Receiving objects:  54% (195/360)
2022-10-17T21:33:06.6114496Z Receiving objects:  55% (198/360)
2022-10-17T21:33:06.6114831Z Receiving objects:  56% (202/360)
2022-10-17T21:33:06.6116780Z Receiving objects:  57% (206/360)
2022-10-17T21:33:06.6119367Z Receiving objects:  58% (209/360)
2022-10-17T21:33:06.6119898Z Receiving objects:  59% (213/360)
2022-10-17T21:33:06.6120315Z Receiving objects:  60% (216/360)
2022-10-17T21:33:06.6120631Z Receiving objects:  61% (220/360)
2022-10-17T21:33:06.6125551Z Receiving objects:  62% (224/360)
2022-10-17T21:33:06.6125963Z Receiving objects:  63% (227/360)
2022-10-17T21:33:06.6135123Z Receiving objects:  64% (231/360)
2022-10-17T21:33:06.6136415Z Receiving objects:  65% (234/360)
2022-10-17T21:33:06.6136772Z Receiving objects:  66% (238/360)
2022-10-17T21:33:06.6137378Z Receiving objects:  67% (242/360)
2022-10-17T21:33:06.6138958Z Receiving objects:  68% (245/360)
2022-10-17T21:33:06.6139439Z Receiving objects:  69% (249/360)
2022-10-17T21:33:06.6140993Z Receiving objects:  70% (252/360)
2022-10-17T21:33:06.6141322Z Receiving objects:  71% (256/360)
2022-10-17T21:33:06.6141667Z Receiving objects:  72% (260/360)
2022-10-17T21:33:06.6142007Z Receiving objects:  73% (263/360)
2022-10-17T21:33:06.6143287Z Receiving objects:  74% (267/360)
2022-10-17T21:33:06.6143666Z Receiving objects:  75% (270/360)
2022-10-17T21:33:06.6144004Z Receiving objects:  76% (274/360)
2022-10-17T21:33:06.6144348Z Receiving objects:  77% (278/360)
2022-10-17T21:33:06.6146018Z Receiving objects:  78% (281/360)
2022-10-17T21:33:06.6146343Z Receiving objects:  79% (285/360)
2022-10-17T21:33:06.6149009Z Receiving objects:  80% (288/360)
2022-10-17T21:33:06.6149357Z Receiving objects:  81% (292/360)
2022-10-17T21:33:06.6150052Z Receiving objects:  82% (296/360)
2022-10-17T21:33:06.6150410Z Receiving objects:  83% (299/360)
2022-10-17T21:33:06.6150777Z Receiving objects:  84% (303/360)
2022-10-17T21:33:06.6151176Z Receiving objects:  85% (306/360)
2022-10-17T21:33:06.6151491Z Receiving objects:  86% (310/360)
2022-10-17T21:33:06.6152860Z Receiving objects:  87% (314/360)
2022-10-17T21:33:06.6161942Z Receiving objects:  88% (317/360)
2022-10-17T21:33:06.6166525Z Receiving objects:  89% (321/360)
2022-10-17T21:33:06.6169783Z Receiving objects:  90% (324/360)
2022-10-17T21:33:06.6173392Z Receiving objects:  91% (328/360)
2022-10-17T21:33:06.6173830Z Receiving objects:  92% (332/360)
2022-10-17T21:33:06.6175007Z Receiving objects:  93% (335/360)
2022-10-17T21:33:06.6175404Z Receiving objects:  94% (339/360)
2022-10-17T21:33:06.6179710Z Receiving objects:  95% (342/360)
2022-10-17T21:33:06.6180121Z Receiving objects:  96% (346/360)
2022-10-17T21:33:06.6180470Z Receiving objects:  97% (350/360)
2022-10-17T21:33:06.6182067Z remote: Total 360 (delta 48), reused 218 (delta 29), pack-reused 0        
2022-10-17T21:33:06.6197052Z Receiving objects:  98% (353/360)
2022-10-17T21:33:06.6198201Z Receiving objects:  99% (357/360)
2022-10-17T21:33:06.6198860Z Receiving objects: 100% (360/360)
2022-10-17T21:33:06.6199668Z Receiving objects: 100% (360/360), 3.51 MiB | 17.45 MiB/s, done.
2022-10-17T21:33:06.6210150Z Resolving deltas:   0% (0/48)
2022-10-17T21:33:06.6243842Z Resolving deltas:   2% (1/48)
2022-10-17T21:33:06.6245040Z Resolving deltas:   4% (2/48)
2022-10-17T21:33:06.6245398Z Resolving deltas:   6% (3/48)
2022-10-17T21:33:06.6245715Z Resolving deltas:   8% (4/48)
2022-10-17T21:33:06.6246051Z Resolving deltas:  10% (5/48)
2022-10-17T21:33:06.6246548Z Resolving deltas:  12% (6/48)
2022-10-17T21:33:06.6247217Z Resolving deltas:  14% (7/48)
2022-10-17T21:33:06.6247895Z Resolving deltas:  16% (8/48)
2022-10-17T21:33:06.6248234Z Resolving deltas:  18% (9/48)
2022-10-17T21:33:06.6248574Z Resolving deltas:  20% (10/48)
2022-10-17T21:33:06.6248920Z Resolving deltas:  22% (11/48)
2022-10-17T21:33:06.6249351Z Resolving deltas:  25% (12/48)
2022-10-17T21:33:06.6249925Z Resolving deltas:  27% (13/48)
2022-10-17T21:33:06.6252073Z Resolving deltas:  29% (14/48)
2022-10-17T21:33:06.6252517Z Resolving deltas:  31% (15/48)
2022-10-17T21:33:06.6252868Z Resolving deltas:  33% (16/48)
2022-10-17T21:33:06.6253208Z Resolving deltas:  35% (17/48)
2022-10-17T21:33:06.6253545Z Resolving deltas:  37% (18/48)
2022-10-17T21:33:06.6253859Z Resolving deltas:  39% (19/48)
2022-10-17T21:33:06.6254191Z Resolving deltas:  41% (20/48)
2022-10-17T21:33:06.6254519Z Resolving deltas:  43% (21/48)
2022-10-17T21:33:06.6254824Z Resolving deltas:  45% (22/48)
2022-10-17T21:33:06.6255152Z Resolving deltas:  47% (23/48)
2022-10-17T21:33:06.6255482Z Resolving deltas:  50% (24/48)
2022-10-17T21:33:06.6255810Z Resolving deltas:  52% (25/48)
2022-10-17T21:33:06.6256120Z Resolving deltas:  54% (26/48)
2022-10-17T21:33:06.6256449Z Resolving deltas:  56% (27/48)
2022-10-17T21:33:06.6256778Z Resolving deltas:  58% (28/48)
2022-10-17T21:33:06.6257269Z Resolving deltas:  60% (29/48)
2022-10-17T21:33:06.6257617Z Resolving deltas:  62% (30/48)
2022-10-17T21:33:06.6257975Z Resolving deltas:  64% (31/48)
2022-10-17T21:33:06.6258313Z Resolving deltas:  66% (32/48)
2022-10-17T21:33:06.6258618Z Resolving deltas:  68% (33/48)
2022-10-17T21:33:06.6258947Z Resolving deltas:  70% (34/48)
2022-10-17T21:33:06.6259282Z Resolving deltas:  72% (35/48)
2022-10-17T21:33:06.6259586Z Resolving deltas:  75% (36/48)
2022-10-17T21:33:06.6259912Z Resolving deltas:  77% (37/48)
2022-10-17T21:33:06.6260241Z Resolving deltas:  79% (38/48)
2022-10-17T21:33:06.6260568Z Resolving deltas:  81% (39/48)
2022-10-17T21:33:06.6260875Z Resolving deltas:  83% (40/48)
2022-10-17T21:33:06.6261206Z Resolving deltas:  85% (41/48)
2022-10-17T21:33:06.6261536Z Resolving deltas:  87% (42/48)
2022-10-17T21:33:06.6261863Z Resolving deltas:  89% (43/48)
2022-10-17T21:33:06.6262173Z Resolving deltas:  91% (44/48)
2022-10-17T21:33:06.6262508Z Resolving deltas:  93% (45/48)
2022-10-17T21:33:06.6262891Z Resolving deltas:  95% (46/48)
2022-10-17T21:33:06.6263199Z Resolving deltas:  97% (47/48)
2022-10-17T21:33:06.6263528Z Resolving deltas: 100% (48/48)
2022-10-17T21:33:06.6263872Z Resolving deltas: 100% (48/48), done.
2022-10-17T21:33:06.7478830Z From https://github.com/AlphaSteam/julia-vscode-microprint-test
2022-10-17T21:33:06.7479989Z  * [new ref]         0a90084c83ea8545c41ea54222dab088948ce417 -> origin/master
2022-10-17T21:33:06.7822626Z ##[endgroup]
2022-10-17T21:33:06.7823192Z ##[group]Determining the checkout info
2022-10-17T21:33:06.7837731Z ##[endgroup]
2022-10-17T21:33:06.7842443Z ##[group]Checking out the ref
2022-10-17T21:33:06.7858025Z [command]"C:\Program Files\Git\bin\git.exe" checkout --progress --force -B master refs/remotes/origin/master
2022-10-17T21:33:07.0228782Z branch 'master' set up to track 'origin/master'.
2022-10-17T21:33:07.0229450Z Reset branch 'master'
2022-10-17T21:33:07.0267725Z ##[endgroup]
2022-10-17T21:33:07.0268505Z ##[group]Setting up auth for fetching submodules
2022-10-17T21:33:07.0279411Z [command]"C:\Program Files\Git\bin\git.exe" config --global http.https://github.com/.extraheader "AUTHORIZATION: basic ***"
2022-10-17T21:33:07.0560563Z [command]"C:\Program Files\Git\bin\git.exe" config --global --unset-all url.https://github.com/.insteadOf
2022-10-17T21:33:07.0833267Z [command]"C:\Program Files\Git\bin\git.exe" config --global --add url.https://github.com/.insteadOf git@github.com:
2022-10-17T21:33:07.1098769Z [command]"C:\Program Files\Git\bin\git.exe" config --global --add url.https://github.com/.insteadOf org-30818940@github.com:
2022-10-17T21:33:07.1361403Z ##[endgroup]
2022-10-17T21:33:07.1362184Z ##[group]Fetching submodules
2022-10-17T21:33:07.1371256Z [command]"C:\Program Files\Git\bin\git.exe" submodule sync
2022-10-17T21:33:07.6825220Z [command]"C:\Program Files\Git\bin\git.exe" -c protocol.version=2 submodule update --init --force --depth=1
2022-10-17T21:33:08.3026768Z Submodule 'libs/jl-profile' (https://github.com/pfitzseb/jl-profile.js.git) registered for path 'libs/jl-profile'
2022-10-17T21:33:08.3028016Z Submodule 'scripts/packages-old/JuliaInterpreter' (https://github.com/JuliaDebug/JuliaInterpreter.jl.git) registered for path 'scripts/packages-old/JuliaInterpreter'
2022-10-17T21:33:08.3029355Z Submodule 'scripts/packages/CSTParser' (https://github.com/julia-vscode/CSTParser.jl.git) registered for path 'scripts/packages/CSTParser'
2022-10-17T21:33:08.3030373Z Submodule 'scripts/packages/CodeTracking' (https://github.com/timholy/CodeTracking.jl.git) registered for path 'scripts/packages/CodeTracking'
2022-10-17T21:33:08.3031746Z Submodule 'scripts/packages/CommonMark' (https://github.com/MichaelHatherly/CommonMark.jl.git) registered for path 'scripts/packages/CommonMark'
2022-10-17T21:33:08.3032698Z Submodule 'scripts/packages/Compat' (https://github.com/JuliaLang/Compat.jl.git) registered for path 'scripts/packages/Compat'
2022-10-17T21:33:08.3034112Z Submodule 'scripts/packages/CoverageTools' (https://github.com/JuliaCI/CoverageTools.jl.git) registered for path 'scripts/packages/CoverageTools'
2022-10-17T21:33:08.3035105Z Submodule 'scripts/packages/Crayons' (https://github.com/KristofferC/Crayons.jl.git) registered for path 'scripts/packages/Crayons'
2022-10-17T21:33:08.3036089Z Submodule 'scripts/packages/DataStructures' (https://github.com/JuliaCollections/DataStructures.jl.git) registered for path 'scripts/packages/DataStructures'
2022-10-17T21:33:08.3037123Z Submodule 'scripts/packages/DebugAdapter' (https://github.com/julia-vscode/DebugAdapter.jl.git) registered for path 'scripts/packages/DebugAdapter'
2022-10-17T21:33:08.3038132Z Submodule 'scripts/packages/FilePathsBase' (https://github.com/rofinn/FilePathsBase.jl.git) registered for path 'scripts/packages/FilePathsBase'
2022-10-17T21:33:08.3039110Z Submodule 'scripts/packages/IJuliaCore' (https://github.com/JuliaLang/IJuliaCore.jl.git) registered for path 'scripts/packages/IJuliaCore'
2022-10-17T21:33:08.3040029Z Submodule 'scripts/packages/JSON' (https://github.com/JuliaIO/JSON.jl.git) registered for path 'scripts/packages/JSON'
2022-10-17T21:33:08.3042013Z Submodule 'scripts/packages/JSONRPC' (https://github.com/julia-vscode/JSONRPC.jl.git) registered for path 'scripts/packages/JSONRPC'
2022-10-17T21:33:08.3043252Z Submodule 'scripts/packages/JuliaFormatter' (https://github.com/domluna/JuliaFormatter.jl.git) registered for path 'scripts/packages/JuliaFormatter'
2022-10-17T21:33:08.3044327Z Submodule 'scripts/packages/JuliaInterpreter' (https://github.com/JuliaDebug/JuliaInterpreter.jl.git) registered for path 'scripts/packages/JuliaInterpreter'
2022-10-17T21:33:08.3045391Z Submodule 'scripts/packages/LanguageServer' (https://github.com/julia-vscode/LanguageServer.jl.git) registered for path 'scripts/packages/LanguageServer'
2022-10-17T21:33:08.3046468Z Submodule 'scripts/packages/LoweredCodeUtils' (https://github.com/JuliaDebug/LoweredCodeUtils.jl.git) registered for path 'scripts/packages/LoweredCodeUtils'
2022-10-17T21:33:08.3048354Z Submodule 'scripts/packages/OrderedCollections' (https://github.com/JuliaCollections/OrderedCollections.jl.git) registered for path 'scripts/packages/OrderedCollections'
2022-10-17T21:33:08.3049465Z Submodule 'scripts/packages/PackageCompiler' (https://github.com/JuliaLang/PackageCompiler.jl.git) registered for path 'scripts/packages/PackageCompiler'
2022-10-17T21:33:08.3050428Z Submodule 'scripts/packages/Revise' (https://github.com/timholy/Revise.jl) registered for path 'scripts/packages/Revise'
2022-10-17T21:33:08.3051360Z Submodule 'scripts/packages/StaticLint' (https://github.com/julia-vscode/StaticLint.jl) registered for path 'scripts/packages/StaticLint'
2022-10-17T21:33:08.3052347Z Submodule 'scripts/packages/SymbolServer' (https://github.com/julia-vscode/SymbolServer.jl.git) registered for path 'scripts/packages/SymbolServer'
2022-10-17T21:33:08.3053337Z Submodule 'scripts/packages/TestEnv' (https://github.com/davidanthoff/TestEnv.jl) registered for path 'scripts/packages/TestEnv'
2022-10-17T21:33:08.3054398Z Submodule 'scripts/packages/TestItemDetection' (https://github.com/julia-vscode/TestItemDetection.jl) registered for path 'scripts/packages/TestItemDetection'
2022-10-17T21:33:08.3055397Z Submodule 'scripts/packages/Tokenize' (https://github.com/JuliaLang/Tokenize.jl.git) registered for path 'scripts/packages/Tokenize'
2022-10-17T21:33:08.3056572Z Submodule 'scripts/packages/URIParser' (https://github.com/JuliaWeb/URIParser.jl.git) registered for path 'scripts/packages/URIParser'
2022-10-17T21:33:08.3057883Z Submodule 'scripts/packages/URIs' (https://github.com/JuliaWeb/URIs.jl.git) registered for path 'scripts/packages/URIs'
2022-10-17T21:33:08.6619519Z Cloning into 'D:/a/julia-vscode-microprint-test/julia-vscode-microprint-test/libs/jl-profile'...
2022-10-17T21:33:09.0368143Z Cloning into 'D:/a/julia-vscode-microprint-test/julia-vscode-microprint-test/scripts/packages-old/JuliaInterpreter'...
2022-10-17T21:33:09.3808137Z Cloning into 'D:/a/julia-vscode-microprint-test/julia-vscode-microprint-test/scripts/packages/CSTParser'...
2022-10-17T21:33:09.7092702Z Cloning into 'D:/a/julia-vscode-microprint-test/julia-vscode-microprint-test/scripts/packages/CodeTracking'...
2022-10-17T21:33:10.0536526Z Cloning into 'D:/a/julia-vscode-microprint-test/julia-vscode-microprint-test/scripts/packages/CommonMark'...
2022-10-17T21:33:10.4133583Z Cloning into 'D:/a/julia-vscode-microprint-test/julia-vscode-microprint-test/scripts/packages/Compat'...
2022-10-17T21:33:10.7411416Z Cloning into 'D:/a/julia-vscode-microprint-test/julia-vscode-microprint-test/scripts/packages/CoverageTools'...
2022-10-17T21:33:11.0699576Z Cloning into 'D:/a/julia-vscode-microprint-test/julia-vscode-microprint-test/scripts/packages/Crayons'...
2022-10-17T21:33:11.4782474Z Cloning into 'D:/a/julia-vscode-microprint-test/julia-vscode-microprint-test/scripts/packages/DataStructures'...
2022-10-17T21:33:11.8366216Z Cloning into 'D:/a/julia-vscode-microprint-test/julia-vscode-microprint-test/scripts/packages/DebugAdapter'...
2022-10-17T21:33:12.1805603Z Cloning into 'D:/a/julia-vscode-microprint-test/julia-vscode-microprint-test/scripts/packages/FilePathsBase'...
2022-10-17T21:33:12.6026070Z Cloning into 'D:/a/julia-vscode-microprint-test/julia-vscode-microprint-test/scripts/packages/IJuliaCore'...
2022-10-17T21:33:12.9468706Z Cloning into 'D:/a/julia-vscode-microprint-test/julia-vscode-microprint-test/scripts/packages/JSON'...
2022-10-17T21:33:13.3057930Z Cloning into 'D:/a/julia-vscode-microprint-test/julia-vscode-microprint-test/scripts/packages/JSONRPC'...
2022-10-17T21:33:13.7749695Z Cloning into 'D:/a/julia-vscode-microprint-test/julia-vscode-microprint-test/scripts/packages/JuliaFormatter'...
2022-10-17T21:33:14.3689644Z Cloning into 'D:/a/julia-vscode-microprint-test/julia-vscode-microprint-test/scripts/packages/JuliaInterpreter'...
2022-10-17T21:33:14.7439097Z Cloning into 'D:/a/julia-vscode-microprint-test/julia-vscode-microprint-test/scripts/packages/LanguageServer'...
2022-10-17T21:33:15.1034551Z Cloning into 'D:/a/julia-vscode-microprint-test/julia-vscode-microprint-test/scripts/packages/LoweredCodeUtils'...
2022-10-17T21:33:15.4639340Z Cloning into 'D:/a/julia-vscode-microprint-test/julia-vscode-microprint-test/scripts/packages/OrderedCollections'...
2022-10-17T21:33:15.8544568Z Cloning into 'D:/a/julia-vscode-microprint-test/julia-vscode-microprint-test/scripts/packages/PackageCompiler'...
2022-10-17T21:33:16.3550560Z Cloning into 'D:/a/julia-vscode-microprint-test/julia-vscode-microprint-test/scripts/packages/Revise'...
2022-10-17T21:33:16.7147023Z Cloning into 'D:/a/julia-vscode-microprint-test/julia-vscode-microprint-test/scripts/packages/StaticLint'...
2022-10-17T21:33:17.1059064Z Cloning into 'D:/a/julia-vscode-microprint-test/julia-vscode-microprint-test/scripts/packages/SymbolServer'...
2022-10-17T21:33:17.4187682Z Cloning into 'D:/a/julia-vscode-microprint-test/julia-vscode-microprint-test/scripts/packages/TestEnv'...
2022-10-17T21:33:17.7628017Z Cloning into 'D:/a/julia-vscode-microprint-test/julia-vscode-microprint-test/scripts/packages/TestItemDetection'...
2022-10-17T21:33:18.1224731Z Cloning into 'D:/a/julia-vscode-microprint-test/julia-vscode-microprint-test/scripts/packages/Tokenize'...
2022-10-17T21:33:18.4928954Z Cloning into 'D:/a/julia-vscode-microprint-test/julia-vscode-microprint-test/scripts/packages/URIParser'...
2022-10-17T21:33:19.1423911Z Cloning into 'D:/a/julia-vscode-microprint-test/julia-vscode-microprint-test/scripts/packages/URIs'...
2022-10-17T21:33:19.8702540Z From https://github.com/pfitzseb/jl-profile.js
2022-10-17T21:33:19.8703284Z  * branch            44fe7c33bc23a8e4cdb3b67674994fe2564245bf -> FETCH_HEAD
2022-10-17T21:33:19.9391073Z Submodule path 'libs/jl-profile': checked out '44fe7c33bc23a8e4cdb3b67674994fe2564245bf'
2022-10-17T21:33:20.7678505Z From https://github.com/JuliaDebug/JuliaInterpreter.jl
2022-10-17T21:33:20.7687555Z  * branch            398721d10be2edf40883a11b98e210ccda5393e3 -> FETCH_HEAD
2022-10-17T21:33:20.8428541Z Submodule path 'scripts/packages-old/JuliaInterpreter': checked out '398721d10be2edf40883a11b98e210ccda5393e3'
2022-10-17T21:33:21.6802945Z From https://github.com/julia-vscode/CSTParser.jl
2022-10-17T21:33:21.6804039Z  * branch            b5cb953e12d8c5c8191e1fcb6aef80ecab7f6a06 -> FETCH_HEAD
2022-10-17T21:33:21.7397526Z Submodule path 'scripts/packages/CSTParser': checked out 'b5cb953e12d8c5c8191e1fcb6aef80ecab7f6a06'
2022-10-17T21:33:21.8147626Z Submodule path 'scripts/packages/CodeTracking': checked out '426fc0e5af69ca410f3a1b77458db5fc5d68e864'
2022-10-17T21:33:22.6351361Z From https://github.com/MichaelHatherly/CommonMark.jl
2022-10-17T21:33:22.6352608Z  * branch            287e39ae128e80a6647d2d9762bf22040adffea1 -> FETCH_HEAD
2022-10-17T21:33:22.7259946Z Submodule path 'scripts/packages/CommonMark': checked out '287e39ae128e80a6647d2d9762bf22040adffea1'
2022-10-17T21:33:23.5800339Z From https://github.com/JuliaLang/Compat.jl
2022-10-17T21:33:23.5801121Z  * branch            3ae185fa45a3091b387b67b6fd8f58f761854238 -> FETCH_HEAD
2022-10-17T21:33:23.6314043Z Submodule path 'scripts/packages/Compat': checked out '3ae185fa45a3091b387b67b6fd8f58f761854238'
2022-10-17T21:33:23.7232864Z Submodule path 'scripts/packages/CoverageTools': checked out '9d8fba371f4c65a7e9ca3bdaae753a52bcb22218'
2022-10-17T21:33:24.3972958Z From https://github.com/KristofferC/Crayons.jl
2022-10-17T21:33:24.3975339Z  * branch            4cf50b8e5e1a250a5b3466937fa0421c78bafdf4 -> FETCH_HEAD
2022-10-17T21:33:24.4487699Z Submodule path 'scripts/packages/Crayons': checked out '4cf50b8e5e1a250a5b3466937fa0421c78bafdf4'
2022-10-17T21:33:25.3738308Z From https://github.com/JuliaCollections/DataStructures.jl
2022-10-17T21:33:25.3739648Z  * branch            d0dd2a012ebd07ff31193b21130109baa50cfe2b -> FETCH_HEAD
2022-10-17T21:33:25.4681978Z Submodule path 'scripts/packages/DataStructures': checked out 'd0dd2a012ebd07ff31193b21130109baa50cfe2b'
2022-10-17T21:33:26.1648058Z From https://github.com/julia-vscode/DebugAdapter.jl
2022-10-17T21:33:26.1649349Z  * branch            b0991c1664d948d9bbb1ab2cac56606511981df5 -> FETCH_HEAD
2022-10-17T21:33:26.2186984Z Submodule path 'scripts/packages/DebugAdapter': checked out 'b0991c1664d948d9bbb1ab2cac56606511981df5'
2022-10-17T21:33:26.3212675Z Submodule path 'scripts/packages/FilePathsBase': checked out '336666220f9ddd7a15a7f059925a359d51c6cead'
2022-10-17T21:33:26.4101531Z Submodule path 'scripts/packages/IJuliaCore': checked out 'c3e48ef9ee9a34d9be6abe1fe9033317638950ba'
2022-10-17T21:33:27.7257777Z From https://github.com/JuliaIO/JSON.jl
2022-10-17T21:33:27.7258556Z  * branch            4b3913d58f04cc5bb2f8d23c6ef82e0fbed20525 -> FETCH_HEAD
2022-10-17T21:33:27.7259185Z Submodule path 'scripts/packages/JSON': checked out '4b3913d58f04cc5bb2f8d23c6ef82e0fbed20525'
2022-10-17T21:33:28.7268012Z From https://github.com/julia-vscode/JSONRPC.jl
2022-10-17T21:33:28.7269202Z  * branch            982acfdb112b7198a025edcf3930c6a6a27913e1 -> FETCH_HEAD
2022-10-17T21:33:28.7270440Z Submodule path 'scripts/packages/JSONRPC': checked out '982acfdb112b7198a025edcf3930c6a6a27913e1'
2022-10-17T21:33:29.0543653Z From https://github.com/domluna/JuliaFormatter.jl
2022-10-17T21:33:29.0544880Z  * branch            6c0f94468eaef63405fbcbb11943314a164262d6 -> FETCH_HEAD
2022-10-17T21:33:29.1524371Z Submodule path 'scripts/packages/JuliaFormatter': checked out '6c0f94468eaef63405fbcbb11943314a164262d6'
2022-10-17T21:33:30.3429942Z From https://github.com/JuliaDebug/JuliaInterpreter.jl
2022-10-17T21:33:31.2392844Z  * branch            a840f1ad085e7606bb3a7cdc705d863f3c49ab92 -> FETCH_HEAD
2022-10-17T21:33:31.2393568Z Submodule path 'scripts/packages/JuliaInterpreter': checked out 'a840f1ad085e7606bb3a7cdc705d863f3c49ab92'
2022-10-17T21:33:31.2394152Z From https://github.com/julia-vscode/LanguageServer.jl
2022-10-17T21:33:31.2394695Z  * branch            fe1ae60fdf795218b82dba4ba35028adab0bd348 -> FETCH_HEAD
2022-10-17T21:33:32.2509699Z Submodule path 'scripts/packages/LanguageServer': checked out 'fe1ae60fdf795218b82dba4ba35028adab0bd348'
2022-10-17T21:33:32.2510455Z Submodule path 'scripts/packages/LoweredCodeUtils': checked out 'b71c05b0d28cb5b3ad0301b816e0a1c4e531ea0d'
2022-10-17T21:33:32.2687345Z From https://github.com/JuliaCollections/OrderedCollections.jl
2022-10-17T21:33:32.2688599Z  * branch            adb9415570faeba7e8c6d800cd743de06104e97e -> FETCH_HEAD
2022-10-17T21:33:32.3241552Z Submodule path 'scripts/packages/OrderedCollections': checked out 'adb9415570faeba7e8c6d800cd743de06104e97e'
2022-10-17T21:33:33.0854366Z From https://github.com/JuliaLang/PackageCompiler.jl
2022-10-17T21:33:33.0855575Z  * branch            78f4d52026c4895fa08c8ee0d61905a6914ea8c3 -> FETCH_HEAD
2022-10-17T21:33:33.1515048Z Submodule path 'scripts/packages/PackageCompiler': checked out '78f4d52026c4895fa08c8ee0d61905a6914ea8c3'
2022-10-17T21:33:33.8088512Z From https://github.com/timholy/Revise.jl
2022-10-17T21:33:33.8089416Z  * branch            ca3b5cffd26325e3a3fd69932f5dc827ff156a3b -> FETCH_HEAD
2022-10-17T21:33:33.8810357Z Submodule path 'scripts/packages/Revise': checked out 'ca3b5cffd26325e3a3fd69932f5dc827ff156a3b'
2022-10-17T21:33:34.6175778Z From https://github.com/julia-vscode/StaticLint.jl
2022-10-17T21:33:34.6176832Z  * branch            6235a532ff6b51a33ef56955286b7d0602912fd6 -> FETCH_HEAD
2022-10-17T21:33:34.6788548Z Submodule path 'scripts/packages/StaticLint': checked out '6235a532ff6b51a33ef56955286b7d0602912fd6'
2022-10-17T21:33:35.3869283Z From https://github.com/julia-vscode/SymbolServer.jl
2022-10-17T21:33:35.3870260Z  * branch            99500d621b17cca5a46232808e8ad388370d2ae8 -> FETCH_HEAD
2022-10-17T21:33:35.4478081Z Submodule path 'scripts/packages/SymbolServer': checked out '99500d621b17cca5a46232808e8ad388370d2ae8'
2022-10-17T21:33:36.1043961Z From https://github.com/davidanthoff/TestEnv.jl
2022-10-17T21:33:36.1045232Z  * branch            14dd0d9a3df31dcd29bb6434dd9b287fe4a2803b -> FETCH_HEAD
2022-10-17T21:33:36.1651846Z Submodule path 'scripts/packages/TestEnv': checked out '14dd0d9a3df31dcd29bb6434dd9b287fe4a2803b'
2022-10-17T21:33:36.8878133Z From https://github.com/julia-vscode/TestItemDetection.jl
2022-10-17T21:33:36.8878970Z  * branch            d9db8c5707c5e7a6e167e0e583eb06261ef5408b -> FETCH_HEAD
2022-10-17T21:33:36.9372955Z Submodule path 'scripts/packages/TestItemDetection': checked out 'd9db8c5707c5e7a6e167e0e583eb06261ef5408b'
2022-10-17T21:33:37.6260912Z From https://github.com/JuliaLang/Tokenize.jl
2022-10-17T21:33:37.6262166Z  * branch            49b112248e846040c13f28e223493f90cc717fa5 -> FETCH_HEAD
2022-10-17T21:33:37.6814256Z Submodule path 'scripts/packages/Tokenize': checked out '49b112248e846040c13f28e223493f90cc717fa5'
2022-10-17T21:33:38.4773064Z From https://github.com/JuliaWeb/URIParser.jl
2022-10-17T21:33:38.4773999Z  * branch            1d3532dfe5330f567a8eb64a37a37b1b8c536628 -> FETCH_HEAD
2022-10-17T21:33:38.5258029Z Submodule path 'scripts/packages/URIParser': checked out '1d3532dfe5330f567a8eb64a37a37b1b8c536628'
2022-10-17T21:33:39.2096188Z From https://github.com/JuliaWeb/URIs.jl
2022-10-17T21:33:39.2097241Z  * branch            0ce3d89b81dadaae52b104353843ef67ceecd176 -> FETCH_HEAD
2022-10-17T21:33:39.2591595Z Submodule path 'scripts/packages/URIs': checked out '0ce3d89b81dadaae52b104353843ef67ceecd176'
2022-10-17T21:33:39.2679342Z [command]"C:\Program Files\Git\bin\git.exe" submodule foreach "git config --local gc.auto 0"
2022-10-17T21:33:39.8183140Z Entering 'libs/jl-profile'
2022-10-17T21:33:39.8874391Z Entering 'scripts/packages-old/JuliaInterpreter'
2022-10-17T21:33:39.9329654Z Entering 'scripts/packages/CSTParser'
2022-10-17T21:33:39.9769690Z Entering 'scripts/packages/CodeTracking'
2022-10-17T21:33:40.0211678Z Entering 'scripts/packages/CommonMark'
2022-10-17T21:33:40.0657512Z Entering 'scripts/packages/Compat'
2022-10-17T21:33:40.1107023Z Entering 'scripts/packages/CoverageTools'
2022-10-17T21:33:40.1549831Z Entering 'scripts/packages/Crayons'
2022-10-17T21:33:40.2002773Z Entering 'scripts/packages/DataStructures'
2022-10-17T21:33:40.2451037Z Entering 'scripts/packages/DebugAdapter'
2022-10-17T21:33:40.2890886Z Entering 'scripts/packages/FilePathsBase'
2022-10-17T21:33:40.3335179Z Entering 'scripts/packages/IJuliaCore'
2022-10-17T21:33:40.3799628Z Entering 'scripts/packages/JSON'
2022-10-17T21:33:40.4254995Z Entering 'scripts/packages/JSONRPC'
2022-10-17T21:33:40.4728359Z Entering 'scripts/packages/JuliaFormatter'
2022-10-17T21:33:40.5174745Z Entering 'scripts/packages/JuliaInterpreter'
2022-10-17T21:33:40.5615840Z Entering 'scripts/packages/LanguageServer'
2022-10-17T21:33:40.6066036Z Entering 'scripts/packages/LoweredCodeUtils'
2022-10-17T21:33:40.6549026Z Entering 'scripts/packages/OrderedCollections'
2022-10-17T21:33:40.6986099Z Entering 'scripts/packages/PackageCompiler'
2022-10-17T21:33:40.7485151Z Entering 'scripts/packages/Revise'
2022-10-17T21:33:40.8028726Z Entering 'scripts/packages/StaticLint'
2022-10-17T21:33:40.8475968Z Entering 'scripts/packages/SymbolServer'
2022-10-17T21:33:40.8922281Z Entering 'scripts/packages/TestEnv'
2022-10-17T21:33:40.9366370Z Entering 'scripts/packages/TestItemDetection'
2022-10-17T21:33:40.9806086Z Entering 'scripts/packages/Tokenize'
2022-10-17T21:33:41.0244273Z Entering 'scripts/packages/URIParser'
2022-10-17T21:33:41.0680193Z Entering 'scripts/packages/URIs'
2022-10-17T21:33:41.1205467Z ##[endgroup]
2022-10-17T21:33:41.1206335Z ##[group]Persisting credentials for submodules
2022-10-17T21:33:41.1220926Z [command]"C:\Program Files\Git\bin\git.exe" submodule foreach --recursive "git config --local --name-only --get-regexp 'url\.https\:\/\/github\.com\/\.insteadOf' && git config --local --unset-all 'url.https://github.com/.insteadOf' || :"
2022-10-17T21:33:41.7813003Z Entering 'libs/jl-profile'
2022-10-17T21:33:41.8548304Z Entering 'scripts/packages-old/JuliaInterpreter'
2022-10-17T21:33:41.9318631Z Entering 'scripts/packages/CSTParser'
2022-10-17T21:33:42.0027275Z Entering 'scripts/packages/CodeTracking'
2022-10-17T21:33:42.0772415Z Entering 'scripts/packages/CommonMark'
2022-10-17T21:33:42.1500609Z Entering 'scripts/packages/Compat'
2022-10-17T21:33:42.2228714Z Entering 'scripts/packages/CoverageTools'
2022-10-17T21:33:42.2984608Z Entering 'scripts/packages/Crayons'
2022-10-17T21:33:42.3691099Z Entering 'scripts/packages/DataStructures'
2022-10-17T21:33:42.4412792Z Entering 'scripts/packages/DebugAdapter'
2022-10-17T21:33:42.5133483Z Entering 'scripts/packages/FilePathsBase'
2022-10-17T21:33:42.5854503Z Entering 'scripts/packages/IJuliaCore'
2022-10-17T21:33:42.6585991Z Entering 'scripts/packages/JSON'
2022-10-17T21:33:42.7316298Z Entering 'scripts/packages/JSONRPC'
2022-10-17T21:33:42.8027053Z Entering 'scripts/packages/JuliaFormatter'
2022-10-17T21:33:42.8735716Z Entering 'scripts/packages/JuliaInterpreter'
2022-10-17T21:33:42.9442810Z Entering 'scripts/packages/LanguageServer'
2022-10-17T21:33:43.0157284Z Entering 'scripts/packages/LoweredCodeUtils'
2022-10-17T21:33:43.0879117Z Entering 'scripts/packages/OrderedCollections'
2022-10-17T21:33:43.1688227Z Entering 'scripts/packages/PackageCompiler'
2022-10-17T21:33:43.2390781Z Entering 'scripts/packages/Revise'
2022-10-17T21:33:43.3110052Z Entering 'scripts/packages/StaticLint'
2022-10-17T21:33:43.3808776Z Entering 'scripts/packages/SymbolServer'
2022-10-17T21:33:43.4567177Z Entering 'scripts/packages/TestEnv'
2022-10-17T21:33:43.5289769Z Entering 'scripts/packages/TestItemDetection'
2022-10-17T21:33:43.5981980Z Entering 'scripts/packages/Tokenize'
2022-10-17T21:33:43.6765093Z Entering 'scripts/packages/URIParser'
2022-10-17T21:33:43.7466173Z Entering 'scripts/packages/URIs'
2022-10-17T21:33:43.8244342Z [command]"C:\Program Files\Git\bin\git.exe" submodule foreach "git config --local 'http.https://github.com/.extraheader' 'AUTHORIZATION: basic ***' && git config --local --show-origin --name-only --get-regexp remote.origin.url"
2022-10-17T21:33:44.4583018Z Entering 'libs/jl-profile'
2022-10-17T21:33:44.5351707Z file:D:/a/julia-vscode-microprint-test/julia-vscode-microprint-test/.git/modules/libs/jl-profile/config	remote.origin.url
2022-10-17T21:33:44.5403557Z Entering 'scripts/packages-old/JuliaInterpreter'
2022-10-17T21:33:44.6185201Z file:D:/a/julia-vscode-microprint-test/julia-vscode-microprint-test/.git/modules/scripts/packages-old/JuliaInterpreter/config	remote.origin.url
2022-10-17T21:33:44.6229554Z Entering 'scripts/packages/CSTParser'
2022-10-17T21:33:44.6989692Z file:D:/a/julia-vscode-microprint-test/julia-vscode-microprint-test/.git/modules/scripts/packages/CSTParser/config	remote.origin.url
2022-10-17T21:33:44.7033771Z Entering 'scripts/packages/CodeTracking'
2022-10-17T21:33:44.7814421Z file:D:/a/julia-vscode-microprint-test/julia-vscode-microprint-test/.git/modules/scripts/packages/CodeTracking/config	remote.origin.url
2022-10-17T21:33:44.7859051Z Entering 'scripts/packages/CommonMark'
2022-10-17T21:33:44.8623738Z file:D:/a/julia-vscode-microprint-test/julia-vscode-microprint-test/.git/modules/scripts/packages/CommonMark/config	remote.origin.url
2022-10-17T21:33:44.8671447Z Entering 'scripts/packages/Compat'
2022-10-17T21:33:44.9465969Z file:D:/a/julia-vscode-microprint-test/julia-vscode-microprint-test/.git/modules/scripts/packages/Compat/config	remote.origin.url
2022-10-17T21:33:44.9509566Z Entering 'scripts/packages/CoverageTools'
2022-10-17T21:33:45.0365281Z file:D:/a/julia-vscode-microprint-test/julia-vscode-microprint-test/.git/modules/scripts/packages/CoverageTools/config	remote.origin.url
2022-10-17T21:33:45.0413779Z Entering 'scripts/packages/Crayons'
2022-10-17T21:33:45.1213774Z file:D:/a/julia-vscode-microprint-test/julia-vscode-microprint-test/.git/modules/scripts/packages/Crayons/config	remote.origin.url
2022-10-17T21:33:45.8798844Z Entering 'scripts/packages/DataStructures'
2022-10-17T21:33:45.8799646Z file:D:/a/julia-vscode-microprint-test/julia-vscode-microprint-test/.git/modules/scripts/packages/DataStructures/config	remote.origin.url
2022-10-17T21:33:45.8800245Z Entering 'scripts/packages/DebugAdapter'
2022-10-17T21:33:45.8800973Z file:D:/a/julia-vscode-microprint-test/julia-vscode-microprint-test/.git/modules/scripts/packages/DebugAdapter/config	remote.origin.url
2022-10-17T21:33:45.8801806Z Entering 'scripts/packages/FilePathsBase'
2022-10-17T21:33:45.8802483Z file:D:/a/julia-vscode-microprint-test/julia-vscode-microprint-test/.git/modules/scripts/packages/FilePathsBase/config	remote.origin.url
2022-10-17T21:33:45.8803086Z Entering 'scripts/packages/IJuliaCore'
2022-10-17T21:33:45.8803768Z file:D:/a/julia-vscode-microprint-test/julia-vscode-microprint-test/.git/modules/scripts/packages/IJuliaCore/config	remote.origin.url
2022-10-17T21:33:45.8804348Z Entering 'scripts/packages/JSON'
2022-10-17T21:33:45.8804977Z file:D:/a/julia-vscode-microprint-test/julia-vscode-microprint-test/.git/modules/scripts/packages/JSON/config	remote.origin.url
2022-10-17T21:33:45.8805545Z Entering 'scripts/packages/JSONRPC'
2022-10-17T21:33:45.8806209Z file:D:/a/julia-vscode-microprint-test/julia-vscode-microprint-test/.git/modules/scripts/packages/JSONRPC/config	remote.origin.url
2022-10-17T21:33:45.8806802Z Entering 'scripts/packages/JuliaFormatter'
2022-10-17T21:33:45.8807501Z file:D:/a/julia-vscode-microprint-test/julia-vscode-microprint-test/.git/modules/scripts/packages/JuliaFormatter/config	remote.origin.url
2022-10-17T21:33:45.8808124Z Entering 'scripts/packages/JuliaInterpreter'
2022-10-17T21:33:45.8808831Z file:D:/a/julia-vscode-microprint-test/julia-vscode-microprint-test/.git/modules/scripts/packages/JuliaInterpreter/config	remote.origin.url
2022-10-17T21:33:45.8809421Z Entering 'scripts/packages/LanguageServer'
2022-10-17T21:33:45.8810115Z file:D:/a/julia-vscode-microprint-test/julia-vscode-microprint-test/.git/modules/scripts/packages/LanguageServer/config	remote.origin.url
2022-10-17T21:33:45.8810731Z Entering 'scripts/packages/LoweredCodeUtils'
2022-10-17T21:33:45.9449960Z file:D:/a/julia-vscode-microprint-test/julia-vscode-microprint-test/.git/modules/scripts/packages/LoweredCodeUtils/config	remote.origin.url
2022-10-17T21:33:45.9494607Z Entering 'scripts/packages/OrderedCollections'
2022-10-17T21:33:46.0247130Z file:D:/a/julia-vscode-microprint-test/julia-vscode-microprint-test/.git/modules/scripts/packages/OrderedCollections/config	remote.origin.url
2022-10-17T21:33:46.0291432Z Entering 'scripts/packages/PackageCompiler'
2022-10-17T21:33:46.1069809Z file:D:/a/julia-vscode-microprint-test/julia-vscode-microprint-test/.git/modules/scripts/packages/PackageCompiler/config	remote.origin.url
2022-10-17T21:33:46.1115200Z Entering 'scripts/packages/Revise'
2022-10-17T21:33:46.1887717Z file:D:/a/julia-vscode-microprint-test/julia-vscode-microprint-test/.git/modules/scripts/packages/Revise/config	remote.origin.url
2022-10-17T21:33:46.1931365Z Entering 'scripts/packages/StaticLint'
2022-10-17T21:33:46.2695413Z file:D:/a/julia-vscode-microprint-test/julia-vscode-microprint-test/.git/modules/scripts/packages/StaticLint/config	remote.origin.url
2022-10-17T21:33:46.2740561Z Entering 'scripts/packages/SymbolServer'
2022-10-17T21:33:46.3515678Z file:D:/a/julia-vscode-microprint-test/julia-vscode-microprint-test/.git/modules/scripts/packages/SymbolServer/config	remote.origin.url
2022-10-17T21:33:46.3560978Z Entering 'scripts/packages/TestEnv'
2022-10-17T21:33:46.4358164Z file:D:/a/julia-vscode-microprint-test/julia-vscode-microprint-test/.git/modules/scripts/packages/TestEnv/config	remote.origin.url
2022-10-17T21:33:46.4403772Z Entering 'scripts/packages/TestItemDetection'
2022-10-17T21:33:46.5196719Z file:D:/a/julia-vscode-microprint-test/julia-vscode-microprint-test/.git/modules/scripts/packages/TestItemDetection/config	remote.origin.url
2022-10-17T21:33:46.5240257Z Entering 'scripts/packages/Tokenize'
2022-10-17T21:33:46.6073758Z file:D:/a/julia-vscode-microprint-test/julia-vscode-microprint-test/.git/modules/scripts/packages/Tokenize/config	remote.origin.url
2022-10-17T21:33:46.6118525Z Entering 'scripts/packages/URIParser'
2022-10-17T21:33:46.6897198Z file:D:/a/julia-vscode-microprint-test/julia-vscode-microprint-test/.git/modules/scripts/packages/URIParser/config	remote.origin.url
2022-10-17T21:33:46.6941613Z Entering 'scripts/packages/URIs'
2022-10-17T21:33:46.7733771Z file:D:/a/julia-vscode-microprint-test/julia-vscode-microprint-test/.git/modules/scripts/packages/URIs/config	remote.origin.url
2022-10-17T21:33:46.8047542Z [command]"C:\Program Files\Git\bin\git.exe" submodule foreach "git config --local --add 'url.https://github.com/.insteadOf' 'git@github.com:'"
2022-10-17T21:33:47.5599921Z Entering 'libs/jl-profile'
2022-10-17T21:33:47.6235892Z Entering 'scripts/packages-old/JuliaInterpreter'
2022-10-17T21:33:47.7123405Z Entering 'scripts/packages/CSTParser'
2022-10-17T21:33:47.7939396Z Entering 'scripts/packages/CodeTracking'
2022-10-17T21:33:47.8401775Z Entering 'scripts/packages/CommonMark'
2022-10-17T21:33:47.8923373Z Entering 'scripts/packages/Compat'
2022-10-17T21:33:47.9405079Z Entering 'scripts/packages/CoverageTools'
2022-10-17T21:33:47.9862427Z Entering 'scripts/packages/Crayons'
2022-10-17T21:33:48.0322058Z Entering 'scripts/packages/DataStructures'
2022-10-17T21:33:48.0827222Z Entering 'scripts/packages/DebugAdapter'
2022-10-17T21:33:48.1356320Z Entering 'scripts/packages/FilePathsBase'
2022-10-17T21:33:48.1815883Z Entering 'scripts/packages/IJuliaCore'
2022-10-17T21:33:48.2277748Z Entering 'scripts/packages/JSON'
2022-10-17T21:33:48.2740126Z Entering 'scripts/packages/JSONRPC'
2022-10-17T21:33:48.3193893Z Entering 'scripts/packages/JuliaFormatter'
2022-10-17T21:33:48.3662717Z Entering 'scripts/packages/JuliaInterpreter'
2022-10-17T21:33:48.4123501Z Entering 'scripts/packages/LanguageServer'
2022-10-17T21:33:48.4591092Z Entering 'scripts/packages/LoweredCodeUtils'
2022-10-17T21:33:48.5067986Z Entering 'scripts/packages/OrderedCollections'
2022-10-17T21:33:48.5562794Z Entering 'scripts/packages/PackageCompiler'
2022-10-17T21:33:48.6042169Z Entering 'scripts/packages/Revise'
2022-10-17T21:33:48.6528957Z Entering 'scripts/packages/StaticLint'
2022-10-17T21:33:48.7005119Z Entering 'scripts/packages/SymbolServer'
2022-10-17T21:33:48.7484056Z Entering 'scripts/packages/TestEnv'
2022-10-17T21:33:48.7945605Z Entering 'scripts/packages/TestItemDetection'
2022-10-17T21:33:48.8412001Z Entering 'scripts/packages/Tokenize'
2022-10-17T21:33:48.8871715Z Entering 'scripts/packages/URIParser'
2022-10-17T21:33:48.9316175Z Entering 'scripts/packages/URIs'
2022-10-17T21:33:48.9838963Z [command]"C:\Program Files\Git\bin\git.exe" submodule foreach "git config --local --add 'url.https://github.com/.insteadOf' 'org-30818940@github.com:'"
2022-10-17T21:33:49.5216220Z Entering 'libs/jl-profile'
2022-10-17T21:33:49.5661283Z Entering 'scripts/packages-old/JuliaInterpreter'
2022-10-17T21:33:49.6112379Z Entering 'scripts/packages/CSTParser'
2022-10-17T21:33:49.6564951Z Entering 'scripts/packages/CodeTracking'
2022-10-17T21:33:49.7020399Z Entering 'scripts/packages/CommonMark'
2022-10-17T21:33:49.7475188Z Entering 'scripts/packages/Compat'
2022-10-17T21:33:49.7926829Z Entering 'scripts/packages/CoverageTools'
2022-10-17T21:33:49.8375061Z Entering 'scripts/packages/Crayons'
2022-10-17T21:33:49.8816270Z Entering 'scripts/packages/DataStructures'
2022-10-17T21:33:49.9257185Z Entering 'scripts/packages/DebugAdapter'
2022-10-17T21:33:49.9699266Z Entering 'scripts/packages/FilePathsBase'
2022-10-17T21:33:50.0144148Z Entering 'scripts/packages/IJuliaCore'
2022-10-17T21:33:50.0622402Z Entering 'scripts/packages/JSON'
2022-10-17T21:33:50.1074886Z Entering 'scripts/packages/JSONRPC'
2022-10-17T21:33:50.1538702Z Entering 'scripts/packages/JuliaFormatter'
2022-10-17T21:33:50.2027056Z Entering 'scripts/packages/JuliaInterpreter'
2022-10-17T21:33:50.2490931Z Entering 'scripts/packages/LanguageServer'
2022-10-17T21:33:50.2954270Z Entering 'scripts/packages/LoweredCodeUtils'
2022-10-17T21:33:50.3437133Z Entering 'scripts/packages/OrderedCollections'
2022-10-17T21:33:50.3929114Z Entering 'scripts/packages/PackageCompiler'
2022-10-17T21:33:50.4407019Z Entering 'scripts/packages/Revise'
2022-10-17T21:33:50.4867611Z Entering 'scripts/packages/StaticLint'
2022-10-17T21:33:50.5388841Z Entering 'scripts/packages/SymbolServer'
2022-10-17T21:33:50.5882973Z Entering 'scripts/packages/TestEnv'
2022-10-17T21:33:50.6331807Z Entering 'scripts/packages/TestItemDetection'
2022-10-17T21:33:50.6808090Z Entering 'scripts/packages/Tokenize'
2022-10-17T21:33:50.7279165Z Entering 'scripts/packages/URIParser'
2022-10-17T21:33:50.7786035Z Entering 'scripts/packages/URIs'
2022-10-17T21:33:50.8314371Z ##[endgroup]
2022-10-17T21:33:50.8643000Z [command]"C:\Program Files\Git\bin\git.exe" log -1 --format='%H'
2022-10-17T21:33:50.8885686Z '0a90084c83ea8545c41ea54222dab088948ce417'
2022-10-17T21:33:50.9484270Z ##[group]Run julia-actions/setup-julia@v1
2022-10-17T21:33:50.9484718Z with:
2022-10-17T21:33:50.9484987Z   version: 1.8
2022-10-17T21:33:50.9485285Z   arch: X64
2022-10-17T21:33:50.9485594Z   show-versioninfo: false
2022-10-17T21:33:50.9485846Z env:
2022-10-17T21:33:50.9486127Z   NODE_VERSION: 16
2022-10-17T21:33:50.9486428Z ##[endgroup]
2022-10-17T21:33:56.6444253Z [command]powershell -Command "Start-Process -FilePath D:\a\_temp\74985186-509e-49c1-be4c-9a5feabb80e2 -ArgumentList \"/SILENT /dir=D:\a\julia-vscode-microprint-test\julia-vscode-microprint-test\julia-x64-1.8.2-p0gsX2\" -NoNewWindow -Wait"
2022-10-17T21:34:41.3874959Z [command]julia --version
2022-10-17T21:34:41.3976354Z (node:948) [DEP0147] DeprecationWarning: In future versions of Node.js, fs.rmdir(path, { recursive: true }) will be removed. Use fs.rm(path, { recursive: true }) instead
2022-10-17T21:34:41.3977699Z (Use `node --trace-deprecation ...` to show where the warning was created)
2022-10-17T21:34:41.4507235Z julia version 1.8.2
2022-10-17T21:34:41.5080507Z ##[group]Run julia -e 'using InteractiveUtils; versioninfo()'
2022-10-17T21:34:41.5081096Z [36;1mjulia -e 'using InteractiveUtils; versioninfo()'[0m
2022-10-17T21:34:41.5081645Z [36;1mjulia --project=./scripts/environments/languageserver/v1.8 -e 'using Pkg; Pkg.resolve()'[0m
2022-10-17T21:34:41.5082261Z [36;1mjulia --project=./scripts/environments/languageserver/v1.8 -e 'using Pkg; Pkg.test("CSTParser", coverage=true)'[0m
2022-10-17T21:34:41.5082896Z [36;1mjulia --project=./scripts/environments/languageserver/v1.8 -e 'using Pkg; Pkg.test("JSONRPC", coverage=true)'[0m
2022-10-17T21:34:41.5083483Z [36;1mjulia --project=./scripts/environments/languageserver/v1.8 -e 'using Pkg; Pkg.test("LanguageServer", coverage=true)'[0m
2022-10-17T21:34:41.5084126Z [36;1mjulia --project=./scripts/environments/languageserver/v1.8 -e 'using Pkg; Pkg.test("StaticLint", coverage=true)'[0m
2022-10-17T21:34:41.5084814Z [36;1mjulia --project=./scripts/environments/languageserver/v1.8 -e 'using Pkg; Pkg.test("SymbolServer", coverage=true)'[0m
2022-10-17T21:34:41.5085460Z [36;1mjulia --project=./scripts/testenvironments/debugadapter/v1.8 -e 'using Pkg; Pkg.test("DebugAdapter", coverage=true)'[0m
2022-10-17T21:34:41.5086120Z [36;1mjulia --project=./scripts/testenvironments/vscodedebugger/v1.8 -e 'using Pkg; Pkg.test("VSCodeDebugger", coverage=true)'[0m
2022-10-17T21:34:41.5086781Z [36;1mjulia --project=./scripts/testenvironments/vscodeserver/v1.8 -e 'using Pkg; Pkg.test("VSCodeServer", coverage=true)'[0m
2022-10-17T21:34:41.5107051Z shell: C:\Program Files\Git\bin\bash.EXE --noprofile --norc -e -o pipefail {0}
2022-10-17T21:34:41.5107428Z env:
2022-10-17T21:34:41.5107694Z   NODE_VERSION: 16
2022-10-17T21:34:41.5107956Z ##[endgroup]
2022-10-17T21:34:43.8294379Z Julia Version 1.8.2
2022-10-17T21:34:43.8296337Z Commit 36034abf26 (2022-09-29 15:21 UTC)
2022-10-17T21:34:43.8297139Z Platform Info:
2022-10-17T21:34:43.8298429Z   OS: Windows (x86_64-w64-mingw32)
2022-10-17T21:34:43.8494957Z   CPU: 2  Intel(R) Xeon(R) Platinum 8171M CPU @ 2.60GHz
2022-10-17T21:34:43.8495561Z   WORD_SIZE: 64
2022-10-17T21:34:43.8495803Z   LIBM: libopenlibm
2022-10-17T21:34:43.8577189Z   LLVM: libLLVM-13.0.1 (ORCJIT, skylake-avx512)
2022-10-17T21:34:43.8577641Z   Threads: 1 on 2 virtual cores
2022-10-17T21:34:45.9813954Z   No Changes to `D:\a\julia-vscode-microprint-test\julia-vscode-microprint-test\scripts\environments\languageserver\v1.8\Project.toml`
2022-10-17T21:34:46.0192762Z   No Changes to `D:\a\julia-vscode-microprint-test\julia-vscode-microprint-test\scripts\environments\languageserver\v1.8\Manifest.toml`
2022-10-17T21:34:47.5837953Z   Installing known registries into `C:\Users\runneradmin\.julia`
2022-10-17T21:34:48.9835239Z      Testing CSTParser
2022-10-17T21:34:50.9301956Z       Status `C:\Users\runneradmin\AppData\Local\Temp\jl_bykyRy\Project.toml`
2022-10-17T21:34:50.9541795Z   [00ebfdb7] CSTParser v3.3.7-DEV `D:\a\julia-vscode-microprint-test\julia-vscode-microprint-test\scripts\packages\CSTParser`
2022-10-17T21:34:50.9542691Z   [0796e94c] Tokenize v0.5.24 `D:\a\julia-vscode-microprint-test\julia-vscode-microprint-test\scripts\packages\Tokenize`
2022-10-17T21:34:50.9543743Z   [8dfed614] Test `@stdlib/Test`
2022-10-17T21:34:50.9754818Z       Status `C:\Users\runneradmin\AppData\Local\Temp\jl_bykyRy\Manifest.toml`
2022-10-17T21:34:50.9813061Z   [00ebfdb7] CSTParser v3.3.7-DEV `D:\a\julia-vscode-microprint-test\julia-vscode-microprint-test\scripts\packages\CSTParser`
2022-10-17T21:34:50.9813945Z   [0796e94c] Tokenize v0.5.24 `D:\a\julia-vscode-microprint-test\julia-vscode-microprint-test\scripts\packages\Tokenize`
2022-10-17T21:34:50.9815320Z   [2a0f44e3] Base64 `@stdlib/Base64`
2022-10-17T21:34:50.9817371Z   [b77e0a4c] InteractiveUtils `@stdlib/InteractiveUtils`
2022-10-17T21:34:50.9818343Z   [56ddb016] Logging `@stdlib/Logging`
2022-10-17T21:34:50.9820067Z   [d6f4376e] Markdown `@stdlib/Markdown`
2022-10-17T21:34:50.9821174Z   [9a3f8284] Random `@stdlib/Random`
2022-10-17T21:34:50.9824554Z   [ea8e919c] SHA v0.7.0 `@stdlib/SHA`
2022-10-17T21:34:50.9824908Z   [9e88b42a] Serialization `@stdlib/Serialization`
2022-10-17T21:34:50.9826045Z   [8dfed614] Test `@stdlib/Test`
2022-10-17T21:34:51.5295117Z Precompiling project...
2022-10-17T21:34:53.9566899Z [32m   [39mTokenize
2022-10-17T21:34:58.1886454Z [32m   [39mCSTParser
2022-10-17T21:34:58.1886892Z   2 dependencies successfully precompiled in 7 seconds
2022-10-17T21:34:58.1887230Z      Testing Running tests...
2022-10-17T21:36:05.8034809Z [ Info: checking check_err_parse against ..\docs\make.jl
2022-10-17T21:36:06.0341208Z [ Info: checking check_err_parse against ..\src\CSTParser.jl
2022-10-17T21:36:07.4718012Z [ Info: checking check_err_parse against ..\src\conversion.jl
2022-10-17T21:36:09.2602185Z [ Info: checking check_err_parse against ..\src\display.jl
2022-10-17T21:36:09.3036909Z [ Info: checking check_err_parse against ..\src\interface.jl
2022-10-17T21:36:11.0279032Z [ Info: checking check_err_parse against ..\src\iterate.jl
2022-10-17T21:36:18.3645576Z [ Info: checking check_err_parse against ..\src\lexer.jl
2022-10-17T21:36:18.9256451Z [ Info: checking check_err_parse against ..\src\precompile.jl
2022-10-17T21:36:19.4659655Z [ Info: checking check_err_parse against ..\src\recovery.jl
2022-10-17T21:36:19.5198401Z [ Info: checking check_err_parse against ..\src\spec.jl
2022-10-17T21:36:21.7578166Z [ Info: checking check_err_parse against ..\src\utils.jl
2022-10-17T21:36:27.7070298Z [ Info: checking check_err_parse against ..\src\components\internals.jl
2022-10-17T21:36:30.9121599Z [ Info: checking check_err_parse against ..\src\components\keywords.jl
2022-10-17T21:36:34.1028671Z [ Info: checking check_err_parse against ..\src\components\lists.jl
2022-10-17T21:36:35.8193174Z [ Info: checking check_err_parse against ..\src\components\operators.jl
2022-10-17T21:36:50.9100511Z [ Info: checking check_err_parse against ..\src\components\strings.jl
2022-10-17T21:36:53.8645494Z [ Info: checking check_err_parse against ..\test\check_base.jl
2022-10-17T21:36:54.2010589Z [ Info: checking check_err_parse against ..\test\display.jl
2022-10-17T21:36:54.2029834Z [ Info: checking check_err_parse against ..\test\errparse.jl
2022-10-17T21:36:54.4792844Z [ Info: checking check_err_parse against ..\test\interface.jl
2022-10-17T21:36:54.7253165Z [ Info: checking check_err_parse against ..\test\iterate.jl
2022-10-17T21:37:10.0160571Z [ Info: checking check_err_parse against ..\test\parser.jl
2022-10-17T21:37:37.3857604Z [ Info: checking check_err_parse against ..\test\runtests.jl
2022-10-17T21:37:37.3890654Z [ Info: checking check_err_parse against ..\test\spec.jl
2022-10-17T21:37:38.9494036Z [ Info: checking check_reparse against ..\docs\make.jl
2022-10-17T21:37:39.1000219Z [ Info: checking check_reparse against ..\src\CSTParser.jl
2022-10-17T21:37:39.1875797Z [ Info: checking check_reparse against ..\src\conversion.jl
2022-10-17T21:37:39.2102851Z [ Info: checking check_reparse against ..\src\display.jl
2022-10-17T21:37:39.2128194Z [ Info: checking check_reparse against ..\src\interface.jl
2022-10-17T21:37:39.2589010Z [ Info: checking check_reparse against ..\src\iterate.jl
2022-10-17T21:37:39.3243371Z [ Info: checking check_reparse against ..\src\lexer.jl
2022-10-17T21:37:39.3391546Z [ Info: checking check_reparse against ..\src\precompile.jl
2022-10-17T21:37:39.3456512Z [ Info: checking check_reparse against ..\src\recovery.jl
2022-10-17T21:37:39.3586026Z [ Info: checking check_reparse against ..\src\spec.jl
2022-10-17T21:37:39.3722668Z [ Info: checking check_reparse against ..\src\utils.jl
2022-10-17T21:37:39.4149313Z [ Info: checking check_reparse against ..\src\components\internals.jl
2022-10-17T21:37:39.4649316Z [ Info: checking check_reparse against ..\src\components\keywords.jl
2022-10-17T21:37:39.4859018Z [ Info: checking check_reparse against ..\src\components\lists.jl
2022-10-17T21:37:39.5015003Z [ Info: checking check_reparse against ..\src\components\operators.jl
2022-10-17T21:37:39.6045593Z [ Info: checking check_reparse against ..\src\components\strings.jl
2022-10-17T21:37:39.7814453Z [ Info: checking check_reparse against ..\test\check_base.jl
2022-10-17T21:37:39.7898559Z [ Info: checking check_reparse against ..\test\display.jl
2022-10-17T21:37:39.7905739Z [ Info: checking check_reparse against ..\test\errparse.jl
2022-10-17T21:37:39.7983950Z [ Info: checking check_reparse against ..\test\interface.jl
2022-10-17T21:37:39.8026772Z [ Info: checking check_reparse against ..\test\iterate.jl
2022-10-17T21:37:39.8547649Z [ Info: checking check_reparse against ..\test\parser.jl
2022-10-17T21:37:39.9749015Z [ Info: checking check_reparse against ..\test\runtests.jl
2022-10-17T21:37:39.9765234Z [ Info: checking check_reparse against ..\test\spec.jl
2022-10-17T21:37:40.0528284Z Test Summary: |  Pass  Broken  Total     Time
2022-10-17T21:37:40.0586315Z CSTParser     | 87100       2  87102  2m40.8s
2022-10-17T21:37:40.1418219Z      Testing CSTParser tests passed 
2022-10-17T21:37:42.8495432Z      Testing JSONRPC
2022-10-17T21:37:45.0890654Z       Status `C:\Users\runneradmin\AppData\Local\Temp\jl_QMQLgf\Project.toml`
2022-10-17T21:37:45.0891841Z   [682c06a0] JSON v0.20.1 `D:\a\julia-vscode-microprint-test\julia-vscode-microprint-test\scripts\packages\JSON`
2022-10-17T21:37:45.0895681Z   [b9b8584e] JSONRPC v1.3.5-DEV `D:\a\julia-vscode-microprint-test\julia-vscode-microprint-test\scripts\packages\JSONRPC`
2022-10-17T21:37:45.0896424Z   [6462fe0b] Sockets `@stdlib/Sockets`
2022-10-17T21:37:45.0896797Z   [8dfed614] Test `@stdlib/Test`
2022-10-17T21:37:45.0897196Z   [cf7118a7] UUIDs `@stdlib/UUIDs`
2022-10-17T21:37:45.0897716Z       Status `C:\Users\runneradmin\AppData\Local\Temp\jl_QMQLgf\Manifest.toml`
2022-10-17T21:37:45.0898503Z   [682c06a0] JSON v0.20.1 `D:\a\julia-vscode-microprint-test\julia-vscode-microprint-test\scripts\packages\JSON`
2022-10-17T21:37:45.0899449Z   [b9b8584e] JSONRPC v1.3.5-DEV `D:\a\julia-vscode-microprint-test\julia-vscode-microprint-test\scripts\packages\JSONRPC`
2022-10-17T21:37:45.0900047Z   [2a0f44e3] Base64 `@stdlib/Base64`
2022-10-17T21:37:45.0900457Z   [ade2ca70] Dates `@stdlib/Dates`
2022-10-17T21:37:45.0900872Z   [b77e0a4c] InteractiveUtils `@stdlib/InteractiveUtils`
2022-10-17T21:37:45.0901336Z   [56ddb016] Logging `@stdlib/Logging`
2022-10-17T21:37:45.0901746Z   [d6f4376e] Markdown `@stdlib/Markdown`
2022-10-17T21:37:45.0902296Z   [a63ad114] Mmap `@stdlib/Mmap`
2022-10-17T21:37:45.0902653Z   [de0858da] Printf `@stdlib/Printf`
2022-10-17T21:37:45.0903053Z   [9a3f8284] Random `@stdlib/Random`
2022-10-17T21:37:45.0903454Z   [ea8e919c] SHA v0.7.0 `@stdlib/SHA`
2022-10-17T21:37:45.0903852Z   [9e88b42a] Serialization `@stdlib/Serialization`
2022-10-17T21:37:45.0904296Z   [6462fe0b] Sockets `@stdlib/Sockets`
2022-10-17T21:37:45.0904692Z   [8dfed614] Test `@stdlib/Test`
2022-10-17T21:37:45.0905084Z   [cf7118a7] UUIDs `@stdlib/UUIDs`
2022-10-17T21:37:45.0905436Z   [4ec0a83e] Unicode `@stdlib/Unicode`
2022-10-17T21:37:45.1595042Z Precompiling project...
2022-10-17T21:37:46.3286325Z [32m   [39mJSON
2022-10-17T21:37:46.8500999Z [32m   [39mJSONRPC
2022-10-17T21:37:46.8685699Z   2 dependencies successfully precompiled in 2 seconds
2022-10-17T21:37:46.8686535Z      Testing Running tests...
2022-10-17T21:37:52.3322681Z Test Summary: | Pass  Total  Time
2022-10-17T21:37:52.3375001Z JSONRPC       |   39     39  4.0s
2022-10-17T21:37:52.3696580Z      Testing JSONRPC tests passed 
2022-10-17T21:37:54.9170395Z      Testing LanguageServer
2022-10-17T21:37:57.3662682Z       Status `C:\Users\runneradmin\AppData\Local\Temp\jl_XqqUDa\Project.toml`
2022-10-17T21:37:57.3995227Z   [00ebfdb7] CSTParser v3.3.7-DEV `D:\a\julia-vscode-microprint-test\julia-vscode-microprint-test\scripts\packages\CSTParser`
2022-10-17T21:37:57.3996492Z   [682c06a0] JSON v0.20.1 `D:\a\julia-vscode-microprint-test\julia-vscode-microprint-test\scripts\packages\JSON`
2022-10-17T21:37:57.3998225Z   [b9b8584e] JSONRPC v1.3.5-DEV `D:\a\julia-vscode-microprint-test\julia-vscode-microprint-test\scripts\packages\JSONRPC`
2022-10-17T21:37:57.3999723Z   [98e50ef6] JuliaFormatter v1.0.10 `D:\a\julia-vscode-microprint-test\julia-vscode-microprint-test\scripts\packages\JuliaFormatter`
2022-10-17T21:37:57.4001384Z   [2b0e0bc5] LanguageServer v4.3.2-DEV `D:\a\julia-vscode-microprint-test\julia-vscode-microprint-test\scripts\packages\LanguageServer`
2022-10-17T21:37:57.4002945Z   [b3cc710f] StaticLint v8.1.1-DEV `D:\a\julia-vscode-microprint-test\julia-vscode-microprint-test\scripts\packages\StaticLint`
2022-10-17T21:37:57.4004520Z   [cf896787] SymbolServer v7.2.2-DEV `D:\a\julia-vscode-microprint-test\julia-vscode-microprint-test\scripts\packages\SymbolServer`
2022-10-17T21:37:57.4006178Z   [76b0de8b] TestItemDetection v0.1.2-DEV `D:\a\julia-vscode-microprint-test\julia-vscode-microprint-test\scripts\packages\TestItemDetection`
2022-10-17T21:37:57.4007124Z   [f8b46487] TestItemRunner v0.2.1
2022-10-17T21:37:57.4009662Z   [0796e94c] Tokenize v0.5.24 `D:\a\julia-vscode-microprint-test\julia-vscode-microprint-test\scripts\packages\Tokenize`
2022-10-17T21:37:57.4010823Z   [5c2747f8] URIs v1.4.0 `D:\a\julia-vscode-microprint-test\julia-vscode-microprint-test\scripts\packages\URIs`
2022-10-17T21:37:57.4012205Z   [76f85450] LibGit2 `@stdlib/LibGit2`
2022-10-17T21:37:57.4013870Z   [d6f4376e] Markdown `@stdlib/Markdown`
2022-10-17T21:37:57.4015208Z   [44cfe95a] Pkg v1.8.0 `@stdlib/Pkg`
2022-10-17T21:37:57.4017067Z   [3fa0cd96] REPL `@stdlib/REPL`
2022-10-17T21:37:57.4018539Z   [ea8e919c] SHA v0.7.0 `@stdlib/SHA`
2022-10-17T21:37:57.4020236Z   [9e88b42a] Serialization `@stdlib/Serialization`
2022-10-17T21:37:57.4022317Z   [6462fe0b] Sockets `@stdlib/Sockets`
2022-10-17T21:37:57.4024365Z   [8dfed614] Test `@stdlib/Test`
2022-10-17T21:37:57.4026604Z   [cf7118a7] UUIDs `@stdlib/UUIDs`
2022-10-17T21:37:57.4247376Z       Status `C:\Users\runneradmin\AppData\Local\Temp\jl_XqqUDa\Manifest.toml`
2022-10-17T21:37:57.4628416Z   [00ebfdb7] CSTParser v3.3.7-DEV `D:\a\julia-vscode-microprint-test\julia-vscode-microprint-test\scripts\packages\CSTParser`
2022-10-17T21:37:57.4629386Z   [a80b9123] CommonMark v0.8.6 `D:\a\julia-vscode-microprint-test\julia-vscode-microprint-test\scripts\packages\CommonMark`
2022-10-17T21:37:57.4631521Z   [34da2185] Compat v3.43.0 `D:\a\julia-vscode-microprint-test\julia-vscode-microprint-test\scripts\packages\Compat`
2022-10-17T21:37:57.4633249Z   [a8cc5b0e] Crayons v4.0.4 `D:\a\julia-vscode-microprint-test\julia-vscode-microprint-test\scripts\packages\Crayons`
2022-10-17T21:37:57.4634937Z   [864edb3b] DataStructures v0.18.13 `D:\a\julia-vscode-microprint-test\julia-vscode-microprint-test\scripts\packages\DataStructures`
2022-10-17T21:37:57.4636428Z   [682c06a0] JSON v0.20.1 `D:\a\julia-vscode-microprint-test\julia-vscode-microprint-test\scripts\packages\JSON`
2022-10-17T21:37:57.4638072Z   [b9b8584e] JSONRPC v1.3.5-DEV `D:\a\julia-vscode-microprint-test\julia-vscode-microprint-test\scripts\packages\JSONRPC`
2022-10-17T21:37:57.4639813Z   [98e50ef6] JuliaFormatter v1.0.10 `D:\a\julia-vscode-microprint-test\julia-vscode-microprint-test\scripts\packages\JuliaFormatter`
2022-10-17T21:37:57.4641279Z   [2b0e0bc5] LanguageServer v4.3.2-DEV `D:\a\julia-vscode-microprint-test\julia-vscode-microprint-test\scripts\packages\LanguageServer`
2022-10-17T21:37:57.4642731Z   [bac558e1] OrderedCollections v1.4.1 `D:\a\julia-vscode-microprint-test\julia-vscode-microprint-test\scripts\packages\OrderedCollections`
2022-10-17T21:37:57.4644343Z   [b3cc710f] StaticLint v8.1.1-DEV `D:\a\julia-vscode-microprint-test\julia-vscode-microprint-test\scripts\packages\StaticLint`
2022-10-17T21:37:57.4645838Z   [cf896787] SymbolServer v7.2.2-DEV `D:\a\julia-vscode-microprint-test\julia-vscode-microprint-test\scripts\packages\SymbolServer`
2022-10-17T21:37:57.4650424Z   [76b0de8b] TestItemDetection v0.1.2-DEV `D:\a\julia-vscode-microprint-test\julia-vscode-microprint-test\scripts\packages\TestItemDetection`
2022-10-17T21:37:57.4651039Z   [f8b46487] TestItemRunner v0.2.1
2022-10-17T21:37:57.4652046Z   [1c621080] TestItems v0.1.0
2022-10-17T21:37:57.4652803Z   [0796e94c] Tokenize v0.5.24 `D:\a\julia-vscode-microprint-test\julia-vscode-microprint-test\scripts\packages\Tokenize`
2022-10-17T21:37:57.4654260Z   [5c2747f8] URIs v1.4.0 `D:\a\julia-vscode-microprint-test\julia-vscode-microprint-test\scripts\packages\URIs`
2022-10-17T21:37:57.4655757Z   [0dad84c5] ArgTools v1.1.1 `@stdlib/ArgTools`
2022-10-17T21:37:57.4657648Z   [56f22d72] Artifacts `@stdlib/Artifacts`
2022-10-17T21:37:57.4658988Z   [2a0f44e3] Base64 `@stdlib/Base64`
2022-10-17T21:37:57.4660748Z   [ade2ca70] Dates `@stdlib/Dates`
2022-10-17T21:37:57.4662086Z   [8bb1440f] DelimitedFiles `@stdlib/DelimitedFiles`
2022-10-17T21:37:57.4663936Z   [8ba89e20] Distributed `@stdlib/Distributed`
2022-10-17T21:37:57.4665224Z   [f43a241f] Downloads v1.6.0 `@stdlib/Downloads`
2022-10-17T21:37:57.4666956Z   [7b1f6079] FileWatching `@stdlib/FileWatching`
2022-10-17T21:37:57.4668354Z   [b77e0a4c] InteractiveUtils `@stdlib/InteractiveUtils`
2022-10-17T21:37:57.4671259Z   [b27032c2] LibCURL v0.6.3 `@stdlib/LibCURL`
2022-10-17T21:37:57.4675505Z   [76f85450] LibGit2 `@stdlib/LibGit2`
2022-10-17T21:37:57.4678417Z   [8f399da3] Libdl `@stdlib/Libdl`
2022-10-17T21:37:57.4679632Z   [37e2e46d] LinearAlgebra `@stdlib/LinearAlgebra`
2022-10-17T21:37:57.4685224Z   [56ddb016] Logging `@stdlib/Logging`
2022-10-17T21:37:57.4687595Z   [d6f4376e] Markdown `@stdlib/Markdown`
2022-10-17T21:37:57.4688615Z   [a63ad114] Mmap `@stdlib/Mmap`
2022-10-17T21:37:57.4690964Z   [ca575930] NetworkOptions v1.2.0 `@stdlib/NetworkOptions`
2022-10-17T21:37:57.4692266Z   [44cfe95a] Pkg v1.8.0 `@stdlib/Pkg`
2022-10-17T21:37:57.4694099Z   [de0858da] Printf `@stdlib/Printf`
2022-10-17T21:37:57.4695231Z   [3fa0cd96] REPL `@stdlib/REPL`
2022-10-17T21:37:57.4696999Z   [9a3f8284] Random `@stdlib/Random`
2022-10-17T21:37:57.4698219Z   [ea8e919c] SHA v0.7.0 `@stdlib/SHA`
2022-10-17T21:37:57.4700792Z   [9e88b42a] Serialization `@stdlib/Serialization`
2022-10-17T21:37:57.4702374Z   [1a1011a3] SharedArrays `@stdlib/SharedArrays`
2022-10-17T21:37:57.4704050Z   [6462fe0b] Sockets `@stdlib/Sockets`
2022-10-17T21:37:57.4705337Z   [2f01184e] SparseArrays `@stdlib/SparseArrays`
2022-10-17T21:37:57.4707025Z   [10745b16] Statistics `@stdlib/Statistics`
2022-10-17T21:37:57.4708374Z   [fa267f1f] TOML v1.0.0 `@stdlib/TOML`
2022-10-17T21:37:57.4710199Z   [a4e569a6] Tar v1.10.1 `@stdlib/Tar`
2022-10-17T21:37:57.4711439Z   [8dfed614] Test `@stdlib/Test`
2022-10-17T21:37:57.4713227Z   [cf7118a7] UUIDs `@stdlib/UUIDs`
2022-10-17T21:37:57.4714487Z   [4ec0a83e] Unicode `@stdlib/Unicode`
2022-10-17T21:37:57.4716408Z   [e66e0078] CompilerSupportLibraries_jll v0.5.2+0 `@stdlib/CompilerSupportLibraries_jll`
2022-10-17T21:37:57.4717445Z   [deac9b47] LibCURL_jll v7.84.0+0 `@stdlib/LibCURL_jll`
2022-10-17T21:37:57.4719373Z   [29816b5a] LibSSH2_jll v1.10.2+0 `@stdlib/LibSSH2_jll`
2022-10-17T21:37:57.4720478Z   [c8ffd9c3] MbedTLS_jll v2.28.0+0 `@stdlib/MbedTLS_jll`
2022-10-17T21:37:57.4722445Z   [14a3606d] MozillaCACerts_jll v2022.2.1 `@stdlib/MozillaCACerts_jll`
2022-10-17T21:37:57.4723542Z   [4536629a] OpenBLAS_jll v0.3.20+0 `@stdlib/OpenBLAS_jll`
2022-10-17T21:37:57.4725458Z   [83775a58] Zlib_jll v1.2.12+3 `@stdlib/Zlib_jll`
2022-10-17T21:37:57.4726816Z   [8e850b90] libblastrampoline_jll v5.1.1+0 `@stdlib/libblastrampoline_jll`
2022-10-17T21:37:57.4728692Z   [8e850ede] nghttp2_jll v1.48.0+0 `@stdlib/nghttp2_jll`
2022-10-17T21:37:57.4730189Z   [3f19e933] p7zip_jll v17.4.0+0 `@stdlib/p7zip_jll`
2022-10-17T21:37:58.1043607Z Precompiling project...
2022-10-17T21:37:58.8003149Z [32m   [39mURIs
2022-10-17T21:37:59.6605423Z [32m   [39m[90mCompat[39m
2022-10-17T21:38:00.1020104Z [32m   [39m[90mCompilerSupportLibraries_jll[39m
2022-10-17T21:38:01.1616965Z [32m   [39m[90mCrayons[39m
2022-10-17T21:38:01.8835675Z [32m   [39m[90mOrderedCollections[39m
2022-10-17T21:38:02.3607985Z [32m   [39m[90mMbedTLS_jll[39m
2022-10-17T21:38:02.7668580Z [32m   [39m[90mZlib_jll[39m
2022-10-17T21:38:03.1465536Z [32m   [39m[90mTestItems[39m
2022-10-17T21:38:04.1189943Z [32m   [39mTestItemDetection
2022-10-17T21:38:04.5364582Z [32m   [39m[90mOpenBLAS_jll[39m
2022-10-17T21:38:07.0420412Z [32m   [39m[90mCommonMark[39m
2022-10-17T21:38:09.3323538Z [32m   [39m[90mDataStructures[39m
2022-10-17T21:38:09.7375995Z [32m   [39m[90mLibSSH2_jll[39m
2022-10-17T21:38:11.0328441Z [32m   [39mSymbolServer
2022-10-17T21:38:11.4391017Z [32m   [39m[90mlibblastrampoline_jll[39m
2022-10-17T21:38:15.3310964Z [32m   [39mTestItemRunner
2022-10-17T21:38:15.8705148Z [32m   [39mJuliaFormatter
2022-10-17T21:38:17.7817176Z [32m   [39mStaticLint
2022-10-17T21:38:22.3159389Z [32m   [39mLanguageServer
2022-10-17T21:38:22.3347805Z   19 dependencies successfully precompiled in 25 seconds. 4 already precompiled.
2022-10-17T21:38:22.3349039Z      Testing Running tests...
2022-10-17T21:39:10.6554567Z [ Info: Self-parse test
2022-10-17T21:39:11.8557395Z ERROR: InvalidStateException: Channel is closed.
2022-10-17T21:39:11.8559218Z Stacktrace:
2022-10-17T21:39:11.9654044Z  [1] try_yieldto(undo::typeof(Base.ensure_rescheduled))
2022-10-17T21:39:12.0261603Z    @ Base .\task.jl:871
2022-10-17T21:39:12.1669219Z  [2] wait()
2022-10-17T21:39:12.2293406Z    @ Base .\task.jl:931
2022-10-17T21:39:12.3700043Z  [3] wait(c::Base.GenericCondition{ReentrantLock})
2022-10-17T21:39:12.4196296Z    @ Base .\condition.jl:124
2022-10-17T21:39:12.5265692Z  [4] take_buffered(c::Channel{Any})
2022-10-17T21:39:12.5735865Z    @ Base .\channels.jl:416
2022-10-17T21:39:17.2478802Z  [5] take!
2022-10-17T21:39:17.2479154Z    @ .\channels.jl:410 [inlined]
2022-10-17T21:39:17.2479484Z  [6] get_next_message
2022-10-17T21:39:17.2480447Z    @ D:\a\julia-vscode-microprint-test\julia-vscode-microprint-test\scripts\packages\JSONRPC\src\core.jl:202 [inlined]
2022-10-17T21:39:17.2480934Z  [7] macro expansion
2022-10-17T21:39:17.2481740Z    @ D:\a\julia-vscode-microprint-test\julia-vscode-microprint-test\scripts\packages\LanguageServer\src\languageserverinstance.jl:288 [inlined]
2022-10-17T21:39:17.2482499Z  [8] (::LanguageServer.var"#111#114"{LanguageServer.LanguageServerInstance})()
2022-10-17T21:39:17.2482916Z    @ LanguageServer .\task.jl:484
2022-10-17T21:39:17.2483377Z [ Info: skipping brute-force tests on CI
2022-10-17T21:39:17.2483757Z [ Info: Shutting down server instance.
2022-10-17T21:40:33.7471128Z [ Info: Processing Pkg...
2022-10-17T21:40:34.4942094Z ERROR: InvalidStateException: Channel is closed.
2022-10-17T21:40:34.4942875Z Stacktrace:
2022-10-17T21:40:34.4943302Z  [1] check_channel_state
2022-10-17T21:40:34.4943798Z    @ .\channels.jl:174 [inlined]
2022-10-17T21:40:34.4944451Z  [2] put!(c::Channel{Any}, v::NamedTuple{(:type, :msg), Tuple{Symbol, Dict{Symbol, SymbolServer.ModuleStore}}})
2022-10-17T21:40:34.4945459Z    @ Base .\channels.jl:319
2022-10-17T21:40:34.4945855Z  [3] macro expansion
2022-10-17T21:40:34.4947045Z    @ D:\a\julia-vscode-microprint-test\julia-vscode-microprint-test\scripts\packages\LanguageServer\src\languageserverinstance.jl:312 [inlined]
2022-10-17T21:40:34.4947930Z  [4] (::LanguageServer.var"#112#115"{LanguageServer.LanguageServerInstance})()
2022-10-17T21:40:34.4948528Z    @ LanguageServer .\task.jl:484
2022-10-17T21:41:03.2691169Z Test Summary: | Pass  Broken  Total     Time
2022-10-17T21:41:03.2748754Z Package       |  419      11    430  2m30.0s
2022-10-17T21:41:04.4635176Z      Testing LanguageServer tests passed 
2022-10-17T21:41:07.3232688Z      Testing StaticLint
2022-10-17T21:41:09.2156484Z       Status `C:\Users\runneradmin\AppData\Local\Temp\jl_7xoPBT\Project.toml`
2022-10-17T21:41:09.2470938Z   [00ebfdb7] CSTParser v3.3.7-DEV `D:\a\julia-vscode-microprint-test\julia-vscode-microprint-test\scripts\packages\CSTParser`
2022-10-17T21:41:09.2471890Z   [b3cc710f] StaticLint v8.1.1-DEV `D:\a\julia-vscode-microprint-test\julia-vscode-microprint-test\scripts\packages\StaticLint`
2022-10-17T21:41:09.2473687Z   [cf896787] SymbolServer v7.2.2-DEV `D:\a\julia-vscode-microprint-test\julia-vscode-microprint-test\scripts\packages\SymbolServer`
2022-10-17T21:41:09.2474548Z   [76f85450] LibGit2 `@stdlib/LibGit2`
2022-10-17T21:41:09.2476303Z   [44cfe95a] Pkg v1.8.0 `@stdlib/Pkg`
2022-10-17T21:41:09.2477661Z   [ea8e919c] SHA v0.7.0 `@stdlib/SHA`
2022-10-17T21:41:09.2479794Z   [9e88b42a] Serialization `@stdlib/Serialization`
2022-10-17T21:41:09.2481866Z   [8dfed614] Test `@stdlib/Test`
2022-10-17T21:41:09.2693370Z       Status `C:\Users\runneradmin\AppData\Local\Temp\jl_7xoPBT\Manifest.toml`
2022-10-17T21:41:09.2880798Z   [00ebfdb7] CSTParser v3.3.7-DEV `D:\a\julia-vscode-microprint-test\julia-vscode-microprint-test\scripts\packages\CSTParser`
2022-10-17T21:41:09.2881809Z   [b3cc710f] StaticLint v8.1.1-DEV `D:\a\julia-vscode-microprint-test\julia-vscode-microprint-test\scripts\packages\StaticLint`
2022-10-17T21:41:09.2883668Z   [cf896787] SymbolServer v7.2.2-DEV `D:\a\julia-vscode-microprint-test\julia-vscode-microprint-test\scripts\packages\SymbolServer`
2022-10-17T21:41:09.2913324Z   [0796e94c] Tokenize v0.5.24 `D:\a\julia-vscode-microprint-test\julia-vscode-microprint-test\scripts\packages\Tokenize`
2022-10-17T21:41:09.2914081Z   [0dad84c5] ArgTools v1.1.1 `@stdlib/ArgTools`
2022-10-17T21:41:09.2914474Z   [56f22d72] Artifacts `@stdlib/Artifacts`
2022-10-17T21:41:09.2914843Z   [2a0f44e3] Base64 `@stdlib/Base64`
2022-10-17T21:41:09.2915161Z   [ade2ca70] Dates `@stdlib/Dates`
2022-10-17T21:41:09.2915536Z   [f43a241f] Downloads v1.6.0 `@stdlib/Downloads`
2022-10-17T21:41:09.2915938Z   [7b1f6079] FileWatching `@stdlib/FileWatching`
2022-10-17T21:41:09.2916315Z   [b77e0a4c] InteractiveUtils `@stdlib/InteractiveUtils`
2022-10-17T21:41:09.2916957Z   [b27032c2] LibCURL v0.6.3 `@stdlib/LibCURL`
2022-10-17T21:41:09.2917490Z   [76f85450] LibGit2 `@stdlib/LibGit2`
2022-10-17T21:41:09.2917792Z   [8f399da3] Libdl `@stdlib/Libdl`
2022-10-17T21:41:09.2918137Z   [56ddb016] Logging `@stdlib/Logging`
2022-10-17T21:41:09.2918512Z   [d6f4376e] Markdown `@stdlib/Markdown`
2022-10-17T21:41:09.2918886Z   [ca575930] NetworkOptions v1.2.0 `@stdlib/NetworkOptions`
2022-10-17T21:41:09.2919287Z   [44cfe95a] Pkg v1.8.0 `@stdlib/Pkg`
2022-10-17T21:41:09.2919638Z   [de0858da] Printf `@stdlib/Printf`
2022-10-17T21:41:09.2919937Z   [3fa0cd96] REPL `@stdlib/REPL`
2022-10-17T21:41:09.2920275Z   [9a3f8284] Random `@stdlib/Random`
2022-10-17T21:41:09.2920849Z   [ea8e919c] SHA v0.7.0 `@stdlib/SHA`
2022-10-17T21:41:09.2921253Z   [9e88b42a] Serialization `@stdlib/Serialization`
2022-10-17T21:41:09.2921600Z   [6462fe0b] Sockets `@stdlib/Sockets`
2022-10-17T21:41:09.2924210Z   [fa267f1f] TOML v1.0.0 `@stdlib/TOML`
2022-10-17T21:41:09.2926407Z   [a4e569a6] Tar v1.10.1 `@stdlib/Tar`
2022-10-17T21:41:09.2928653Z   [8dfed614] Test `@stdlib/Test`
2022-10-17T21:41:09.2930860Z   [cf7118a7] UUIDs `@stdlib/UUIDs`
2022-10-17T21:41:09.2932938Z   [4ec0a83e] Unicode `@stdlib/Unicode`
2022-10-17T21:41:09.2935167Z   [deac9b47] LibCURL_jll v7.84.0+0 `@stdlib/LibCURL_jll`
2022-10-17T21:41:09.2937549Z   [29816b5a] LibSSH2_jll v1.10.2+0 `@stdlib/LibSSH2_jll`
2022-10-17T21:41:09.2938291Z   [c8ffd9c3] MbedTLS_jll v2.28.0+0 `@stdlib/MbedTLS_jll`
2022-10-17T21:41:09.2940620Z   [14a3606d] MozillaCACerts_jll v2022.2.1 `@stdlib/MozillaCACerts_jll`
2022-10-17T21:41:09.2942703Z   [83775a58] Zlib_jll v1.2.12+3 `@stdlib/Zlib_jll`
2022-10-17T21:41:09.2944011Z   [8e850ede] nghttp2_jll v1.48.0+0 `@stdlib/nghttp2_jll`
2022-10-17T21:41:09.2945457Z   [3f19e933] p7zip_jll v17.4.0+0 `@stdlib/p7zip_jll`
2022-10-17T21:41:09.9750650Z      Testing Running tests...
2022-10-17T21:41:35.2473802Z Test Summary: | Pass  Total   Time
2022-10-17T21:41:35.2527496Z StaticLint    |  342    342  21.9s
2022-10-17T21:41:35.2580043Z Test Summary:                             | Pass  Total  Time
2022-10-17T21:41:35.2582256Z add eval method to modules/toplevel scope |    2      2  0.0s
2022-10-17T21:41:36.1820034Z Test Summary: | Pass  Total  Time
2022-10-17T21:41:36.1820447Z reparse       |    3      3  0.2s
2022-10-17T21:41:36.1820985Z Test Summary:               | Pass  Total  Time
2022-10-17T21:41:36.1821384Z duplicate function argument |    1      1  0.0s
2022-10-17T21:41:36.1821758Z Test Summary:       | Pass  Total  Time
2022-10-17T21:41:36.1822070Z type alias bindings |    2      2  0.0s
2022-10-17T21:41:36.1822451Z Test Summary:                       | Pass  Total  Time
2022-10-17T21:41:36.1822869Z :call w/ :parameters traverse order |    1      1  0.0s
2022-10-17T21:41:36.1823218Z Test Summary:                    | Pass  Total  Time
2022-10-17T21:41:36.1823606Z handle shadow bindings on method |    1      1  0.0s
2022-10-17T21:41:36.1823990Z Test Summary:               | Pass  Total  Time
2022-10-17T21:41:36.1824318Z documented symbol resolving |    2      2  0.0s
2022-10-17T21:41:36.1824678Z Test Summary:   | Pass  Total  Time
2022-10-17T21:41:36.1825021Z unused bindings |    6      6  0.1s
2022-10-17T21:41:36.1825312Z Test Summary: | Pass  Total  Time
2022-10-17T21:41:36.1825649Z unwrap sig    |    4      4  0.0s
2022-10-17T21:41:36.1825986Z Test Summary:    | Pass  Total  Time
2022-10-17T21:41:36.1826328Z clear .type refs |    2      2  0.0s
2022-10-17T21:41:36.1826621Z Test Summary:    | Pass  Total  Time
2022-10-17T21:41:36.1826955Z clear .type refs |    2      2  0.0s
2022-10-17T21:41:36.1827298Z Test Summary:         | Pass  Total  Time
2022-10-17T21:41:36.1827608Z type inference by use |    6      6  0.0s
2022-10-17T21:41:36.1827965Z Test Summary:           | Pass  Total  Time
2022-10-17T21:41:36.1828335Z loop iterator inference |    8      8  0.0s
2022-10-17T21:41:36.1828634Z Test Summary:   | Pass  Total  Time
2022-10-17T21:41:36.1828973Z Vector{T} infer |    1      1  0.0s
2022-10-17T21:41:36.1829320Z Test Summary:          | Pass  Total  Time
2022-10-17T21:41:36.1829636Z where type param infer |    2      2  0.0s
2022-10-17T21:41:36.1829999Z Test Summary:          | Pass  Total  Time
2022-10-17T21:41:36.1830352Z where type param infer |    4      4  0.0s
2022-10-17T21:41:36.1830649Z Test Summary: | Pass  Total  Time
2022-10-17T21:41:36.1830982Z softscope     |   12     12  0.0s
2022-10-17T21:41:36.1831312Z Test Summary: | Pass  Total  Time
2022-10-17T21:41:36.1831586Z #1218         |    4      4  0.0s
2022-10-17T21:41:36.1831900Z Test Summary: | Pass  Total  Time
2022-10-17T21:41:36.1832228Z import as ... |    2      2  0.0s
2022-10-17T21:41:36.1832628Z Test Summary: | Pass  Total  Time
2022-10-17T21:41:36.1832943Z #1218         |    1      1  0.0s
2022-10-17T21:41:36.1833279Z Test Summary:             | Pass  Total  Time
2022-10-17T21:41:36.1833642Z macrocall bindings: #2187 |    1      1  0.0s
2022-10-17T21:41:36.1833951Z Test Summary:        | Pass  Total  Time
2022-10-17T21:41:36.1834309Z aliased import: #974 |    2      2  0.0s
2022-10-17T21:41:36.1834653Z Test Summary: | Pass  Total  Time
2022-10-17T21:41:36.1834933Z kwarg refs    |   12     12  0.0s
2022-10-17T21:41:36.1835280Z Test Summary:                | Pass  Total  Time
2022-10-17T21:41:36.1835657Z iteration over 1:length(...) |   15     15  0.1s
2022-10-17T21:41:36.1835981Z Test Summary:                    | Pass  Total  Time
2022-10-17T21:41:36.1836370Z assigned but not used with loops |    2      2  0.0s
2022-10-17T21:41:36.2009892Z      Testing StaticLint tests passed 
2022-10-17T21:41:38.7976451Z      Testing SymbolServer
2022-10-17T21:41:40.5155058Z       Status `C:\Users\runneradmin\AppData\Local\Temp\jl_lrlMI9\Project.toml`
2022-10-17T21:41:40.5392025Z   [cf896787] SymbolServer v7.2.2-DEV `D:\a\julia-vscode-microprint-test\julia-vscode-microprint-test\scripts\packages\SymbolServer`
2022-10-17T21:41:40.5392759Z   [b77e0a4c] InteractiveUtils `@stdlib/InteractiveUtils`
2022-10-17T21:41:40.5395300Z   [76f85450] LibGit2 `@stdlib/LibGit2`
2022-10-17T21:41:40.5396490Z   [d6f4376e] Markdown `@stdlib/Markdown`
2022-10-17T21:41:40.5398377Z   [44cfe95a] Pkg v1.8.0 `@stdlib/Pkg`
2022-10-17T21:41:40.5399580Z   [3fa0cd96] REPL `@stdlib/REPL`
2022-10-17T21:41:40.5401804Z   [ea8e919c] SHA v0.7.0 `@stdlib/SHA`
2022-10-17T21:41:40.5403532Z   [9e88b42a] Serialization `@stdlib/Serialization`
2022-10-17T21:41:40.5406977Z   [6462fe0b] Sockets `@stdlib/Sockets`
2022-10-17T21:41:40.5408817Z   [8dfed614] Test `@stdlib/Test`
2022-10-17T21:41:40.5410446Z   [cf7118a7] UUIDs `@stdlib/UUIDs`
2022-10-17T21:41:40.5622780Z       Status `C:\Users\runneradmin\AppData\Local\Temp\jl_lrlMI9\Manifest.toml`
2022-10-17T21:41:40.5791616Z   [cf896787] SymbolServer v7.2.2-DEV `D:\a\julia-vscode-microprint-test\julia-vscode-microprint-test\scripts\packages\SymbolServer`
2022-10-17T21:41:40.5792288Z   [0dad84c5] ArgTools v1.1.1 `@stdlib/ArgTools`
2022-10-17T21:41:40.5793516Z   [56f22d72] Artifacts `@stdlib/Artifacts`
2022-10-17T21:41:40.5795714Z   [2a0f44e3] Base64 `@stdlib/Base64`
2022-10-17T21:41:40.5796674Z   [ade2ca70] Dates `@stdlib/Dates`
2022-10-17T21:41:40.5798399Z   [f43a241f] Downloads v1.6.0 `@stdlib/Downloads`
2022-10-17T21:41:40.5799632Z   [7b1f6079] FileWatching `@stdlib/FileWatching`
2022-10-17T21:41:40.5801378Z   [b77e0a4c] InteractiveUtils `@stdlib/InteractiveUtils`
2022-10-17T21:41:40.5802269Z   [b27032c2] LibCURL v0.6.3 `@stdlib/LibCURL`
2022-10-17T21:41:40.5804164Z   [76f85450] LibGit2 `@stdlib/LibGit2`
2022-10-17T21:41:40.5805361Z   [8f399da3] Libdl `@stdlib/Libdl`
2022-10-17T21:41:40.5807135Z   [56ddb016] Logging `@stdlib/Logging`
2022-10-17T21:41:40.5808262Z   [d6f4376e] Markdown `@stdlib/Markdown`
2022-10-17T21:41:40.5809987Z   [ca575930] NetworkOptions v1.2.0 `@stdlib/NetworkOptions`
2022-10-17T21:41:40.5811642Z   [44cfe95a] Pkg v1.8.0 `@stdlib/Pkg`
2022-10-17T21:41:40.5812921Z   [de0858da] Printf `@stdlib/Printf`
2022-10-17T21:41:40.5815374Z   [3fa0cd96] REPL `@stdlib/REPL`
2022-10-17T21:41:40.5815731Z   [9a3f8284] Random `@stdlib/Random`
2022-10-17T21:41:40.5816672Z   [ea8e919c] SHA v0.7.0 `@stdlib/SHA`
2022-10-17T21:41:40.5818761Z   [9e88b42a] Serialization `@stdlib/Serialization`
2022-10-17T21:41:40.5819990Z   [6462fe0b] Sockets `@stdlib/Sockets`
2022-10-17T21:41:40.5821959Z   [fa267f1f] TOML v1.0.0 `@stdlib/TOML`
2022-10-17T21:41:40.5823301Z   [a4e569a6] Tar v1.10.1 `@stdlib/Tar`
2022-10-17T21:41:40.5825129Z   [8dfed614] Test `@stdlib/Test`
2022-10-17T21:41:40.5826376Z   [cf7118a7] UUIDs `@stdlib/UUIDs`
2022-10-17T21:41:40.5828137Z   [4ec0a83e] Unicode `@stdlib/Unicode`
2022-10-17T21:41:40.5829605Z   [deac9b47] LibCURL_jll v7.84.0+0 `@stdlib/LibCURL_jll`
2022-10-17T21:41:40.5831495Z   [29816b5a] LibSSH2_jll v1.10.2+0 `@stdlib/LibSSH2_jll`
2022-10-17T21:41:40.5833096Z   [c8ffd9c3] MbedTLS_jll v2.28.0+0 `@stdlib/MbedTLS_jll`
2022-10-17T21:41:40.5834301Z   [14a3606d] MozillaCACerts_jll v2022.2.1 `@stdlib/MozillaCACerts_jll`
2022-10-17T21:41:40.5835873Z   [83775a58] Zlib_jll v1.2.12+3 `@stdlib/Zlib_jll`
2022-10-17T21:41:40.5837619Z   [8e850ede] nghttp2_jll v1.48.0+0 `@stdlib/nghttp2_jll`
2022-10-17T21:41:40.5839078Z   [3f19e933] p7zip_jll v17.4.0+0 `@stdlib/p7zip_jll`
2022-10-17T21:41:42.1306617Z      Testing Running tests...
2022-10-17T21:42:02.6512192Z  Warning: The active manifest file is an older format with no julia version entry. Dependencies may have been resolved with a different julia version.
2022-10-17T21:42:04.1161379Z  @ C:\Users\runneradmin\AppData\Local\Temp\jl_KqgETH\Manifest.toml:0
2022-10-17T21:42:04.1162110Z    Installed IteratorInterfaceExtensions  v1.0.0
2022-10-17T21:42:04.1162547Z Precompiling project...
2022-10-17T21:42:04.1163015Z [32m   [39mIteratorInterfaceExtensions
2022-10-17T21:42:04.1163464Z   1 dependency successfully precompiled in 1 seconds
2022-10-17T21:42:04.1164174Z   [91m1[39m dependency errored. To see a full report either run `import Pkg; Pkg.precompile()` or load the package
2022-10-17T21:42:23.7506948Z  Warning: TableTraits not stored on disc
2022-10-17T21:42:24.7124265Z  @ SymbolServer D:\a\julia-vscode-microprint-test\julia-vscode-microprint-test\scripts\packages\SymbolServer\src\SymbolServer.jl:247
2022-10-17T21:42:24.7124942Z Test Summary: | Pass  Total   Time
2022-10-17T21:42:24.7125254Z SymbolServer  | 8056   8056  37.5s
2022-10-17T21:42:24.7126560Z Test Summary: | Pass  Total  Time
2022-10-17T21:42:24.7126939Z TypeofVararg  |   30     30  0.5s
2022-10-17T21:42:24.7127236Z Test Summary: | Pass  Total  Time
2022-10-17T21:42:24.7127573Z Pipe names    |    1      1  0.0s
2022-10-17T21:42:24.7127903Z Test Summary: | Pass  Total  Time
2022-10-17T21:42:24.7128185Z Intrinsics`   |    1      1  0.0s
2022-10-17T21:42:24.7128563Z      Testing SymbolServer tests passed 
2022-10-17T21:42:27.0864353Z      Testing DebugAdapter
2022-10-17T21:42:29.0744828Z       Status `C:\Users\runneradmin\AppData\Local\Temp\jl_gE977m\Project.toml`
2022-10-17T21:42:29.0978387Z   [17994d07] DebugAdapter v1.0.1-DEV `D:\a\julia-vscode-microprint-test\julia-vscode-microprint-test\scripts\packages\DebugAdapter`
2022-10-17T21:42:29.0980746Z   [682c06a0] JSON v0.20.1 `D:\a\julia-vscode-microprint-test\julia-vscode-microprint-test\scripts\packages\JSON`
2022-10-17T21:42:29.0982312Z   [b9b8584e] JSONRPC v1.3.5-DEV `D:\a\julia-vscode-microprint-test\julia-vscode-microprint-test\scripts\packages\JSONRPC`
2022-10-17T21:42:29.0984037Z   [aa1ae85d] JuliaInterpreter v0.9.15 `D:\a\julia-vscode-microprint-test\julia-vscode-microprint-test\scripts\packages\JuliaInterpreter`
2022-10-17T21:42:29.0985277Z   [2a0f44e3] Base64 `@stdlib/Base64`
2022-10-17T21:42:29.0985921Z   [6462fe0b] Sockets `@stdlib/Sockets`
2022-10-17T21:42:29.0986483Z   [8dfed614] Test `@stdlib/Test`
2022-10-17T21:42:29.0987362Z   [cf7118a7] UUIDs `@stdlib/UUIDs`
2022-10-17T21:42:29.1186793Z       Status `C:\Users\runneradmin\AppData\Local\Temp\jl_gE977m\Manifest.toml`
2022-10-17T21:42:29.1287945Z   [da1fd8a2] CodeTracking v1.1.0 `D:\a\julia-vscode-microprint-test\julia-vscode-microprint-test\scripts\packages\CodeTracking`
2022-10-17T21:42:29.1290244Z   [17994d07] DebugAdapter v1.0.1-DEV `D:\a\julia-vscode-microprint-test\julia-vscode-microprint-test\scripts\packages\DebugAdapter`
2022-10-17T21:42:29.1291931Z   [682c06a0] JSON v0.20.1 `D:\a\julia-vscode-microprint-test\julia-vscode-microprint-test\scripts\packages\JSON`
2022-10-17T21:42:29.1293518Z   [b9b8584e] JSONRPC v1.3.5-DEV `D:\a\julia-vscode-microprint-test\julia-vscode-microprint-test\scripts\packages\JSONRPC`
2022-10-17T21:42:29.1295224Z   [aa1ae85d] JuliaInterpreter v0.9.15 `D:\a\julia-vscode-microprint-test\julia-vscode-microprint-test\scripts\packages\JuliaInterpreter`
2022-10-17T21:42:29.1296814Z   [2a0f44e3] Base64 `@stdlib/Base64`
2022-10-17T21:42:29.1297374Z   [ade2ca70] Dates `@stdlib/Dates`
2022-10-17T21:42:29.1298119Z   [b77e0a4c] InteractiveUtils `@stdlib/InteractiveUtils`
2022-10-17T21:42:29.1298837Z   [56ddb016] Logging `@stdlib/Logging`
2022-10-17T21:42:29.1299408Z   [d6f4376e] Markdown `@stdlib/Markdown`
2022-10-17T21:42:29.1300044Z   [a63ad114] Mmap `@stdlib/Mmap`
2022-10-17T21:42:29.1300665Z   [de0858da] Printf `@stdlib/Printf`
2022-10-17T21:42:29.1302622Z   [9a3f8284] Random `@stdlib/Random`
2022-10-17T21:42:29.1304397Z   [ea8e919c] SHA v0.7.0 `@stdlib/SHA`
2022-10-17T21:42:29.1305676Z   [9e88b42a] Serialization `@stdlib/Serialization`
2022-10-17T21:42:29.1307492Z   [6462fe0b] Sockets `@stdlib/Sockets`
2022-10-17T21:42:29.1308139Z   [8dfed614] Test `@stdlib/Test`
2022-10-17T21:42:29.1309862Z   [cf7118a7] UUIDs `@stdlib/UUIDs`
2022-10-17T21:42:29.1311532Z   [4ec0a83e] Unicode `@stdlib/Unicode`
2022-10-17T21:42:29.7144713Z Precompiling project...
2022-10-17T21:42:30.7182141Z [32m   [39m[90mCodeTracking[39m
2022-10-17T21:42:37.3743310Z [32m   [39mJuliaInterpreter
2022-10-17T21:42:39.5224746Z [32m   [39mDebugAdapter
2022-10-17T21:42:39.5405507Z   3 dependencies successfully precompiled in 10 seconds. 2 already precompiled.
2022-10-17T21:42:39.5406300Z      Testing Running tests...
2022-10-17T21:42:40.7025638Z Test Summary: |Time
2022-10-17T21:42:40.7097096Z DebugAdapter  | None  0.0s
2022-10-17T21:42:40.7374066Z      Testing DebugAdapter tests passed 
2022-10-17T21:42:43.1723089Z      Testing VSCodeDebugger
2022-10-17T21:42:45.0305120Z       Status `C:\Users\runneradmin\AppData\Local\Temp\jl_7d65M4\Project.toml`
2022-10-17T21:42:45.0377888Z   [a80fdaa1] VSCodeDebugger v0.1.0 `D:\a\julia-vscode-microprint-test\julia-vscode-microprint-test\scripts\packages\VSCodeDebugger`
2022-10-17T21:42:45.0378638Z   [2a0f44e3] Base64 `@stdlib/Base64`
2022-10-17T21:42:45.0380332Z   [ade2ca70] Dates `@stdlib/Dates`
2022-10-17T21:42:45.0382299Z   [b77e0a4c] InteractiveUtils `@stdlib/InteractiveUtils`
2022-10-17T21:42:45.0383595Z   [a63ad114] Mmap `@stdlib/Mmap`
2022-10-17T21:42:45.0385493Z   [3fa0cd96] REPL `@stdlib/REPL`
2022-10-17T21:42:45.0387180Z   [9a3f8284] Random `@stdlib/Random`
2022-10-17T21:42:45.0388805Z   [6462fe0b] Sockets `@stdlib/Sockets`
2022-10-17T21:42:45.0390058Z   [8dfed614] Test `@stdlib/Test`
2022-10-17T21:42:45.0391972Z   [cf7118a7] UUIDs `@stdlib/UUIDs`
2022-10-17T21:42:45.0393144Z   [4ec0a83e] Unicode `@stdlib/Unicode`
2022-10-17T21:42:45.0612506Z       Status `C:\Users\runneradmin\AppData\Local\Temp\jl_7d65M4\Manifest.toml`
2022-10-17T21:42:45.0700109Z   [a80fdaa1] VSCodeDebugger v0.1.0 `D:\a\julia-vscode-microprint-test\julia-vscode-microprint-test\scripts\packages\VSCodeDebugger`
2022-10-17T21:42:45.0700957Z   [2a0f44e3] Base64 `@stdlib/Base64`
2022-10-17T21:42:45.0702642Z   [ade2ca70] Dates `@stdlib/Dates`
2022-10-17T21:42:45.0704326Z   [b77e0a4c] InteractiveUtils `@stdlib/InteractiveUtils`
2022-10-17T21:42:45.0705291Z   [56ddb016] Logging `@stdlib/Logging`
2022-10-17T21:42:45.0707033Z   [d6f4376e] Markdown `@stdlib/Markdown`
2022-10-17T21:42:45.0708407Z   [a63ad114] Mmap `@stdlib/Mmap`
2022-10-17T21:42:45.0710353Z   [de0858da] Printf `@stdlib/Printf`
2022-10-17T21:42:45.0711610Z   [3fa0cd96] REPL `@stdlib/REPL`
2022-10-17T21:42:45.0713314Z   [9a3f8284] Random `@stdlib/Random`
2022-10-17T21:42:45.0714895Z   [ea8e919c] SHA v0.7.0 `@stdlib/SHA`
2022-10-17T21:42:45.0716167Z   [9e88b42a] Serialization `@stdlib/Serialization`
2022-10-17T21:42:45.0718030Z   [6462fe0b] Sockets `@stdlib/Sockets`
2022-10-17T21:42:45.0718942Z   [8dfed614] Test `@stdlib/Test`
2022-10-17T21:42:45.0720776Z   [cf7118a7] UUIDs `@stdlib/UUIDs`
2022-10-17T21:42:45.0722114Z   [4ec0a83e] Unicode `@stdlib/Unicode`
2022-10-17T21:42:45.8510068Z Precompiling project...
2022-10-17T21:42:54.5973613Z [32m   [39mVSCodeDebugger
2022-10-17T21:42:54.6171491Z   1 dependency successfully precompiled in 10 seconds
2022-10-17T21:42:54.6172542Z      Testing Running tests...
2022-10-17T21:42:55.1645078Z Test Summary:  |Time
2022-10-17T21:42:55.1705483Z VSCodeDebugger | None  0.0s
2022-10-17T21:42:55.1923921Z      Testing VSCodeDebugger tests passed 
2022-10-17T21:42:57.7125737Z      Testing VSCodeServer
2022-10-17T21:42:59.5964024Z       Status `C:\Users\runneradmin\AppData\Local\Temp\jl_AcPw62\Project.toml`
2022-10-17T21:42:59.6051051Z   [9f5989ce] VSCodeServer v0.0.0 `D:\a\julia-vscode-microprint-test\julia-vscode-microprint-test\scripts\packages\VSCodeServer`
2022-10-17T21:42:59.6051666Z   [2a0f44e3] Base64 `@stdlib/Base64`
2022-10-17T21:42:59.6053785Z   [ade2ca70] Dates `@stdlib/Dates`
2022-10-17T21:42:59.6055392Z   [b77e0a4c] InteractiveUtils `@stdlib/InteractiveUtils`
2022-10-17T21:42:59.6056366Z   [56ddb016] Logging `@stdlib/Logging`
2022-10-17T21:42:59.6058151Z   [d6f4376e] Markdown `@stdlib/Markdown`
2022-10-17T21:42:59.6059359Z   [a63ad114] Mmap `@stdlib/Mmap`
2022-10-17T21:42:59.6061120Z   [44cfe95a] Pkg v1.8.0 `@stdlib/Pkg`
2022-10-17T21:42:59.6062455Z   [de0858da] Printf `@stdlib/Printf`
2022-10-17T21:42:59.6064258Z   [9abbd945] Profile `@stdlib/Profile`
2022-10-17T21:42:59.6065456Z   [3fa0cd96] REPL `@stdlib/REPL`
2022-10-17T21:42:59.6066951Z   [9a3f8284] Random `@stdlib/Random`
2022-10-17T21:42:59.6068203Z   [6462fe0b] Sockets `@stdlib/Sockets`
2022-10-17T21:42:59.6070014Z   [8dfed614] Test `@stdlib/Test`
2022-10-17T21:42:59.6071778Z   [cf7118a7] UUIDs `@stdlib/UUIDs`
2022-10-17T21:42:59.6073843Z   [4ec0a83e] Unicode `@stdlib/Unicode`
2022-10-17T21:42:59.6277868Z       Status `C:\Users\runneradmin\AppData\Local\Temp\jl_AcPw62\Manifest.toml`
2022-10-17T21:42:59.6464654Z   [9f5989ce] VSCodeServer v0.0.0 `D:\a\julia-vscode-microprint-test\julia-vscode-microprint-test\scripts\packages\VSCodeServer`
2022-10-17T21:42:59.6465326Z   [0dad84c5] ArgTools v1.1.1 `@stdlib/ArgTools`
2022-10-17T21:42:59.6467071Z   [56f22d72] Artifacts `@stdlib/Artifacts`
2022-10-17T21:42:59.6468894Z   [2a0f44e3] Base64 `@stdlib/Base64`
2022-10-17T21:42:59.6469994Z   [ade2ca70] Dates `@stdlib/Dates`
2022-10-17T21:42:59.6472190Z   [f43a241f] Downloads v1.6.0 `@stdlib/Downloads`
2022-10-17T21:42:59.6473032Z   [7b1f6079] FileWatching `@stdlib/FileWatching`
2022-10-17T21:42:59.6474768Z   [b77e0a4c] InteractiveUtils `@stdlib/InteractiveUtils`
2022-10-17T21:42:59.6476092Z   [b27032c2] LibCURL v0.6.3 `@stdlib/LibCURL`
2022-10-17T21:42:59.6477718Z   [76f85450] LibGit2 `@stdlib/LibGit2`
2022-10-17T21:42:59.6479007Z   [8f399da3] Libdl `@stdlib/Libdl`
2022-10-17T21:42:59.6481290Z   [56ddb016] Logging `@stdlib/Logging`
2022-10-17T21:42:59.6481881Z   [d6f4376e] Markdown `@stdlib/Markdown`
2022-10-17T21:42:59.6483422Z   [a63ad114] Mmap `@stdlib/Mmap`
2022-10-17T21:42:59.6485258Z   [ca575930] NetworkOptions v1.2.0 `@stdlib/NetworkOptions`
2022-10-17T21:42:59.6486593Z   [44cfe95a] Pkg v1.8.0 `@stdlib/Pkg`
2022-10-17T21:42:59.6488163Z   [de0858da] Printf `@stdlib/Printf`
2022-10-17T21:42:59.6489389Z   [9abbd945] Profile `@stdlib/Profile`
2022-10-17T21:42:59.6491090Z   [3fa0cd96] REPL `@stdlib/REPL`
2022-10-17T21:42:59.6492364Z   [9a3f8284] Random `@stdlib/Random`
2022-10-17T21:42:59.6494074Z   [ea8e919c] SHA v0.7.0 `@stdlib/SHA`
2022-10-17T21:42:59.6495690Z   [9e88b42a] Serialization `@stdlib/Serialization`
2022-10-17T21:42:59.6497613Z   [6462fe0b] Sockets `@stdlib/Sockets`
2022-10-17T21:42:59.6499899Z   [fa267f1f] TOML v1.0.0 `@stdlib/TOML`
2022-10-17T21:42:59.6500996Z   [a4e569a6] Tar v1.10.1 `@stdlib/Tar`
2022-10-17T21:42:59.6502932Z   [8dfed614] Test `@stdlib/Test`
2022-10-17T21:42:59.6504328Z   [cf7118a7] UUIDs `@stdlib/UUIDs`
2022-10-17T21:42:59.6505958Z   [4ec0a83e] Unicode `@stdlib/Unicode`
2022-10-17T21:42:59.6507179Z   [deac9b47] LibCURL_jll v7.84.0+0 `@stdlib/LibCURL_jll`
2022-10-17T21:42:59.6509003Z   [29816b5a] LibSSH2_jll v1.10.2+0 `@stdlib/LibSSH2_jll`
2022-10-17T21:42:59.6510339Z   [c8ffd9c3] MbedTLS_jll v2.28.0+0 `@stdlib/MbedTLS_jll`
2022-10-17T21:42:59.6512136Z   [14a3606d] MozillaCACerts_jll v2022.2.1 `@stdlib/MozillaCACerts_jll`
2022-10-17T21:42:59.6513401Z   [83775a58] Zlib_jll v1.2.12+3 `@stdlib/Zlib_jll`
2022-10-17T21:42:59.6515279Z   [8e850ede] nghttp2_jll v1.48.0+0 `@stdlib/nghttp2_jll`
2022-10-17T21:42:59.6516764Z   [3f19e933] p7zip_jll v17.4.0+0 `@stdlib/p7zip_jll`
2022-10-17T21:43:00.1687074Z Precompiling project...
2022-10-17T21:43:11.4888274Z [32m   [39mVSCodeServer
2022-10-17T21:43:11.5075826Z   1 dependency successfully precompiled in 12 seconds. 3 already precompiled.
2022-10-17T21:43:11.5076352Z      Testing Running tests...
2022-10-17T21:43:12.0237571Z Test Summary: |Time
2022-10-17T21:43:12.0298939Z VSCodeServer  | None  0.0s
2022-10-17T21:43:12.1087773Z      Testing VSCodeServer tests passed 
2022-10-17T21:43:12.1377788Z Post job cleanup.
2022-10-17T21:43:15.3590275Z [command]"C:\Program Files\Git\bin\git.exe" version
2022-10-17T21:43:15.3890832Z git version 2.37.3.windows.1
2022-10-17T21:43:15.3982140Z Temporarily overriding HOME='D:\a\_temp\06bc99dd-a382-4419-bbfa-ff7dbd037612' before making global git config changes
2022-10-17T21:43:15.3982965Z Adding repository directory to the temporary git global config as a safe directory
2022-10-17T21:43:15.3996125Z [command]"C:\Program Files\Git\bin\git.exe" config --global --add safe.directory D:\a\julia-vscode-microprint-test\julia-vscode-microprint-test
2022-10-17T21:43:15.4298285Z [command]"C:\Program Files\Git\bin\git.exe" config --local --name-only --get-regexp core\.sshCommand
2022-10-17T21:43:15.4589976Z [command]"C:\Program Files\Git\bin\git.exe" submodule foreach --recursive "git config --local --name-only --get-regexp 'core\.sshCommand' && git config --local --unset-all 'core.sshCommand' || :"
2022-10-17T21:43:16.0377471Z Entering 'libs/jl-profile'
2022-10-17T21:43:16.1113356Z Entering 'scripts/packages-old/JuliaInterpreter'
2022-10-17T21:43:16.1838479Z Entering 'scripts/packages/CSTParser'
2022-10-17T21:43:16.2541106Z Entering 'scripts/packages/CodeTracking'
2022-10-17T21:43:16.3254876Z Entering 'scripts/packages/CommonMark'
2022-10-17T21:43:16.3992479Z Entering 'scripts/packages/Compat'
2022-10-17T21:43:16.4718459Z Entering 'scripts/packages/CoverageTools'
2022-10-17T21:43:16.5452081Z Entering 'scripts/packages/Crayons'
2022-10-17T21:43:16.6234849Z Entering 'scripts/packages/DataStructures'
2022-10-17T21:43:16.7018011Z Entering 'scripts/packages/DebugAdapter'
2022-10-17T21:43:16.7778958Z Entering 'scripts/packages/FilePathsBase'
2022-10-17T21:43:16.8488376Z Entering 'scripts/packages/IJuliaCore'
2022-10-17T21:43:16.9206301Z Entering 'scripts/packages/JSON'
2022-10-17T21:43:16.9918201Z Entering 'scripts/packages/JSONRPC'
2022-10-17T21:43:17.0625330Z Entering 'scripts/packages/JuliaFormatter'
2022-10-17T21:43:17.1337009Z Entering 'scripts/packages/JuliaInterpreter'
2022-10-17T21:43:17.2029283Z Entering 'scripts/packages/LanguageServer'
2022-10-17T21:43:17.2732811Z Entering 'scripts/packages/LoweredCodeUtils'
2022-10-17T21:43:17.3507502Z Entering 'scripts/packages/OrderedCollections'
2022-10-17T21:43:17.4302557Z Entering 'scripts/packages/PackageCompiler'
2022-10-17T21:43:17.5043898Z Entering 'scripts/packages/Revise'
2022-10-17T21:43:17.5770933Z Entering 'scripts/packages/StaticLint'
2022-10-17T21:43:17.6473853Z Entering 'scripts/packages/SymbolServer'
2022-10-17T21:43:17.7159929Z Entering 'scripts/packages/TestEnv'
2022-10-17T21:43:17.7846368Z Entering 'scripts/packages/TestItemDetection'
2022-10-17T21:43:17.8555238Z Entering 'scripts/packages/Tokenize'
2022-10-17T21:43:17.9279626Z Entering 'scripts/packages/URIParser'
2022-10-17T21:43:17.9972692Z Entering 'scripts/packages/URIs'
2022-10-17T21:43:18.0790949Z [command]"C:\Program Files\Git\bin\git.exe" config --local --name-only --get-regexp http\.https\:\/\/github\.com\/\.extraheader
2022-10-17T21:43:18.1029791Z http.https://github.com/.extraheader
2022-10-17T21:43:18.1067417Z [command]"C:\Program Files\Git\bin\git.exe" config --local --unset-all http.https://github.com/.extraheader
2022-10-17T21:43:18.1348553Z [command]"C:\Program Files\Git\bin\git.exe" submodule foreach --recursive "git config --local --name-only --get-regexp 'http\.https\:\/\/github\.com\/\.extraheader' && git config --local --unset-all 'http.https://github.com/.extraheader' || :"
2022-10-17T21:43:18.6747349Z Entering 'libs/jl-profile'
2022-10-17T21:43:18.7268813Z http.https://github.com/.extraheader
2022-10-17T21:43:18.7719556Z Entering 'scripts/packages-old/JuliaInterpreter'
2022-10-17T21:43:18.8252556Z http.https://github.com/.extraheader
2022-10-17T21:43:18.8739398Z Entering 'scripts/packages/CSTParser'
2022-10-17T21:43:18.9271708Z http.https://github.com/.extraheader
2022-10-17T21:43:18.9748682Z Entering 'scripts/packages/CodeTracking'
2022-10-17T21:43:19.0290549Z http.https://github.com/.extraheader
2022-10-17T21:43:19.0748640Z Entering 'scripts/packages/CommonMark'
2022-10-17T21:43:19.1293794Z http.https://github.com/.extraheader
2022-10-17T21:43:19.1763798Z Entering 'scripts/packages/Compat'
2022-10-17T21:43:19.2296091Z http.https://github.com/.extraheader
2022-10-17T21:43:19.2805273Z Entering 'scripts/packages/CoverageTools'
2022-10-17T21:43:19.3357933Z http.https://github.com/.extraheader
2022-10-17T21:43:19.3833934Z Entering 'scripts/packages/Crayons'
2022-10-17T21:43:19.4386721Z http.https://github.com/.extraheader
2022-10-17T21:43:19.4914881Z Entering 'scripts/packages/DataStructures'
2022-10-17T21:43:19.5464240Z http.https://github.com/.extraheader
2022-10-17T21:43:19.5947291Z Entering 'scripts/packages/DebugAdapter'
2022-10-17T21:43:19.6481460Z http.https://github.com/.extraheader
2022-10-17T21:43:19.6951756Z Entering 'scripts/packages/FilePathsBase'
2022-10-17T21:43:19.7481743Z http.https://github.com/.extraheader
2022-10-17T21:43:19.7954259Z Entering 'scripts/packages/IJuliaCore'
2022-10-17T21:43:19.8511375Z http.https://github.com/.extraheader
2022-10-17T21:43:19.8999188Z Entering 'scripts/packages/JSON'
2022-10-17T21:43:19.9544776Z http.https://github.com/.extraheader
2022-10-17T21:43:20.0020338Z Entering 'scripts/packages/JSONRPC'
2022-10-17T21:43:20.0555865Z http.https://github.com/.extraheader
2022-10-17T21:43:20.1086937Z Entering 'scripts/packages/JuliaFormatter'
2022-10-17T21:43:20.1629091Z http.https://github.com/.extraheader
2022-10-17T21:43:20.2096819Z Entering 'scripts/packages/JuliaInterpreter'
2022-10-17T21:43:20.2630768Z http.https://github.com/.extraheader
2022-10-17T21:43:20.3082800Z Entering 'scripts/packages/LanguageServer'
2022-10-17T21:43:20.3605013Z http.https://github.com/.extraheader
2022-10-17T21:43:20.4063268Z Entering 'scripts/packages/LoweredCodeUtils'
2022-10-17T21:43:20.4594830Z http.https://github.com/.extraheader
2022-10-17T21:43:20.5144155Z Entering 'scripts/packages/OrderedCollections'
2022-10-17T21:43:20.5694863Z http.https://github.com/.extraheader
2022-10-17T21:43:20.6225485Z Entering 'scripts/packages/PackageCompiler'
2022-10-17T21:43:20.6764790Z http.https://github.com/.extraheader
2022-10-17T21:43:20.7218205Z Entering 'scripts/packages/Revise'
2022-10-17T21:43:20.7757308Z http.https://github.com/.extraheader
2022-10-17T21:43:20.8256697Z Entering 'scripts/packages/StaticLint'
2022-10-17T21:43:20.8812650Z http.https://github.com/.extraheader
2022-10-17T21:43:20.9277514Z Entering 'scripts/packages/SymbolServer'
2022-10-17T21:43:20.9795531Z http.https://github.com/.extraheader
2022-10-17T21:43:21.0243550Z Entering 'scripts/packages/TestEnv'
2022-10-17T21:43:21.0801915Z http.https://github.com/.extraheader
2022-10-17T21:43:21.1271649Z Entering 'scripts/packages/TestItemDetection'
2022-10-17T21:43:21.1794076Z http.https://github.com/.extraheader
2022-10-17T21:43:21.2298880Z Entering 'scripts/packages/Tokenize'
2022-10-17T21:43:21.2844801Z http.https://github.com/.extraheader
2022-10-17T21:43:21.3297191Z Entering 'scripts/packages/URIParser'
2022-10-17T21:43:21.3808619Z http.https://github.com/.extraheader
2022-10-17T21:43:21.4263195Z Entering 'scripts/packages/URIs'
2022-10-17T21:43:21.4843081Z http.https://github.com/.extraheader
2022-10-17T21:43:21.5794708Z Cleaning up orphan processes
